[    0.000000][    T0] Booting Linux on physical CPU 0x0000000000 [0x411fd070]
[    0.000000][    T0] Linux version 6.1.23-gf818e9d9e953-dirty (legion@hpelitebook840g5) (aarch64-linux-musl-gcc (GCC) 11.2.1 20211120, GNU ld (GNU Binutils) 2.37) #4 SMP PREEMPT Mon Sep  7 11:41:12 IST 2026
[    0.000000][    T0] random: crng init done
[    0.000000][    T0] Machine model: linux,dummy-virt
[    0.000000][    T0] Stack Depot is disabled
[    0.000000][    T0] KVM is not available. Ignoring kvm-arm.mode
[    0.000000][    T0] earlycon: pl11 at MMIO 0x0000000009000000 (options '')
[    0.000000][    T0] printk: bootconsole [pl11] enabled
[    0.000000][    T0] efi: UEFI not found.
[    0.000000][    T0] Zone ranges:
[    0.000000][    T0]   DMA32    [mem 0x0000000040000000-0x00000000bfffffff]
[    0.000000][    T0]   Normal   empty
[    0.000000][    T0]   Device   empty
[    0.000000][    T0] Movable zone start for each node
[    0.000000][    T0] Early memory node ranges
[    0.000000][    T0]   node   0: [mem 0x0000000040000000-0x00000000bfffffff]
[    0.000000][    T0] Initmem setup node 0 [mem 0x0000000040000000-0x00000000bfffffff]
[    0.000000][    T0] cma: Reserved 16 MiB at 0x00000000bc800000
[    0.000000][    T0] psci: probing for conduit method from DT.
[    0.000000][    T0] psci: PSCIv1.1 detected in firmware.
[    0.000000][    T0] psci: Using standard PSCI v0.2 function IDs
[    0.000000][    T0] psci: Trusted OS migration not required
[    0.000000][    T0] psci: SMC Calling Convention v1.0
[    0.000000][    T0] 'bootconfig' found on command line, but no bootconfig found
[    0.000000][    T0] percpu: Embedded 29 pages/cpu s80808 r8192 d29784 u118784
[    0.000000][    T0] Detected PIPT I-cache on CPU0
[    0.000000][    T0] CPU features: SYS_ID_AA64MMFR1_EL1[11:8]: already set to 0
[    0.000000][    T0] CPU features: detected: Spectre-v2
[    0.000000][    T0] CPU features: detected: Spectre-v3a
[    0.000000][    T0] CPU features: detected: Spectre-v4
[    0.000000][    T0] CPU features: detected: Spectre-BHB
[    0.000000][    T0] CPU features: detected: ARM erratum 834220
[    0.000000][    T0] CPU features: detected: ARM erratum 1742098
[    0.000000][    T0] CPU features: detected: ARM erratum 832075
[    0.000000][    T0] CPU features: detected: ARM errata 1165522, 1319367, or 1530923
[    0.000000][    T0] alternatives: applying boot alternatives
[    0.000000][    T0] Built 1 zonelists, mobility grouping on.  Total pages: 516096
[    0.000000][    T0] Kernel command line: console=ttynull stack_depot_disable=on cgroup_disable=pressure kasan.page_alloc.sample=10 kasan.stacktrace=off kvm-arm.mode=protected bootconfig ioremap_guard console=ttyAMA0 root=/dev/ram0 kasan=off nokaslr earlycon=pl011,0x09000000 printk.devkmsg=on isolcpus=1 nohz_full=1 rcu_nocbs=1 rw
[    0.000000][    T0] cgroup: Disabling pressure control group feature
[    0.000000][    T0] Housekeeping: nohz unsupported. Build with CONFIG_NO_HZ_FULL
[    0.000000][    T0] Unknown kernel command line parameters "nokaslr nohz_full=1", will be passed to user space.
[    0.000000][    T0] Dentry cache hash table entries: 262144 (order: 9, 2097152 bytes, linear)
[    0.000000][    T0] Inode-cache hash table entries: 131072 (order: 8, 1048576 bytes, linear)
[    0.000000][    T0] mem auto-init: stack:off, heap alloc:on, heap free:off
[    0.000000][    T0] Memory: 1988936K/2097152K available (15296K kernel code, 1850K rwdata, 14860K rodata, 3136K init, 598K bss, 91832K reserved, 16384K cma-reserved)
[    0.000000][    T0] SLUB: HWalign=64, Order=0-3, MinObjects=0, CPUs=2, Nodes=1
[    0.000000][    T0] trace event string verifier disabled
[    0.000000][    T0] rcu: Preemptible hierarchical RCU implementation.
[    0.000000][    T0] rcu: 	RCU event tracing is enabled.
[    0.000000][    T0] rcu: 	RCU restricting CPUs from NR_CPUS=32 to nr_cpu_ids=2.
[    0.000000][    T0] rcu: 	RCU priority boosting: priority 1 delay 500 ms.
[    0.000000][    T0] 	Trampoline variant of Tasks RCU enabled.
[    0.000000][    T0] 	Tracing variant of Tasks RCU enabled.
[    0.000000][    T0] rcu: RCU calculated value of scheduler-enlistment delay is 25 jiffies.
[    0.000000][    T0] rcu: Adjusting geometry for rcu_fanout_leaf=16, nr_cpu_ids=2
[    0.000000][    T0] NR_IRQS: 64, nr_irqs: 64, preallocated irqs: 0
[    0.000000][    T0] Root IRQ handler: gic_handle_irq
[    0.000000][    T0] GICv2m: range[mem 0x08020000-0x08020fff], SPI[80:143]
[    0.000000][    T0] rcu: 	Offload RCU callbacks from CPUs: 1.
[    0.000000][    T0] rcu: srcu_init: Setting srcu_struct sizes based on contention.
[    0.000000][    T0] arch_timer: cp15 timer(s) running at 62.50MHz (virt).
[    0.000000][    T0] clocksource: arch_sys_counter: mask: 0x1ffffffffffffff max_cycles: 0x1cd42e208c, max_idle_ns: 881590405314 ns
[    0.000107][    T0] sched_clock: 57 bits at 63MHz, resolution 16ns, wraps every 4398046511096ns
[    0.003484][    T0] kfence: initialized - using 524288 bytes for 63 objects at 0x(____ptrval____)-0x(____ptrval____)
[    0.012935][    T0] Calibrating delay loop (skipped), value calculated using timer frequency.. 125.00 BogoMIPS (lpj=250000)
[    0.013503][    T0] pid_max: default: 32768 minimum: 301
[    0.015418][    T0] LSM: Security Framework initializing
[    0.016703][    T0] SELinux:  Initializing.
[    0.020524][    T0] Mount-cache hash table entries: 4096 (order: 3, 32768 bytes, linear)
[    0.020875][    T0] Mountpoint-cache hash table entries: 4096 (order: 3, 32768 bytes, linear)
[    0.067463][    T1] cacheinfo: Unable to detect cache hierarchy for CPU 0
[    0.083813][    T1] cblist_init_generic: Setting adjustable number of callback queues.
[    0.084341][    T1] cblist_init_generic: Setting shift to 1 and lim to 1.
[    0.085583][    T1] cblist_init_generic: Setting shift to 1 and lim to 1.
[    0.088801][    T1] rcu: Hierarchical SRCU implementation.
[    0.089053][    T1] rcu: 	Max phase no-delay instances is 1000.
[    0.103385][    T1] dyndbg: Ignore empty _ddebug table in a CONFIG_DYNAMIC_DEBUG_CORE build
[    0.104450][    T1] EFI services will not be available.
[    0.109760][    T1] smp: Bringing up secondary CPUs ...
[    0.116108][    T0] Detected PIPT I-cache on CPU1
[    0.116946][    T0] cacheinfo: Unable to detect cache hierarchy for CPU 1
[    0.117532][    T0] CPU1: Booted secondary processor 0x0000000001 [0x411fd070]
[    0.122163][    T1] smp: Brought up 1 node, 2 CPUs
[    0.122852][    T1] SMP: Total of 2 processors activated.
[    0.123100][    T1] CPU features: detected: 32-bit EL0 Support
[    0.123280][    T1] CPU features: detected: 32-bit EL1 Support
[    0.123501][    T1] CPU features: detected: CRC32 instructions
[    0.126434][    T1] CPU features: emulated: Privileged Access Never (PAN) using TTBR0_EL1 switching
[    0.127105][    T1] CPU: All CPU(s) started at EL1
[    0.127474][    T1] alternatives: applying system-wide alternatives
[    0.160463][    T1] Registered cp15_barrier emulation handler
[    0.160870][    T1] Registered setend emulation handler
[    0.163622][    T1] clocksource: jiffies: mask: 0xffffffff max_cycles: 0xffffffff, max_idle_ns: 7645041785100000 ns
[    0.165351][    T1] futex hash table entries: 512 (order: 3, 32768 bytes, linear)
[    0.178020][    T1] pinctrl core: initialized pinctrl subsystem
[    0.203916][    T1] NET: Registered PF_NETLINK/PF_ROUTE protocol family
[    0.230850][    T1] DMA: preallocated 256 KiB GFP_KERNEL pool for atomic allocations
[    0.232288][    T1] DMA: preallocated 256 KiB GFP_KERNEL|GFP_DMA32 pool for atomic allocations
[    0.233219][    T1] audit: initializing netlink subsys (disabled)
[    0.241546][   T30] audit: type=2000 audit(0.208:1): state=initialized audit_enabled=0 res=1
[    0.245547][    T1] thermal_sys: Registered thermal governor 'step_wise'
[    0.245624][    T1] thermal_sys: Registered thermal governor 'user_space'
[    0.245995][    T1] thermal_sys: Registered thermal governor 'power_allocator'
[    0.246719][    T1] cpuidle: using governor menu
[    0.249388][    T1] hw-breakpoint: found 6 breakpoint and 4 watchpoint registers.
[    0.250573][    T1] ASID allocator initialised with 65536 entries
[    0.252331][    T1] Serial: AMBA PL011 UART driver
[    0.285831][    T1] 9000000.pl011: ttyAMA0 at MMIO 0x9000000 (irq = 13, base_baud = 0) is a PL011 rev1
[    0.287964][    T1] printk: console [ttyAMA0] enabled
[    0.287964][    T1] printk: console [ttyAMA0] enabled
[    0.288599][    T1] printk: bootconsole [pl11] disabled
[    0.288599][    T1] printk: bootconsole [pl11] disabled
[    0.298243][    T1] KASLR disabled on command line
[    0.366442][    T1] iommu: Default domain type: Translated 
[    0.366772][    T1] iommu: DMA domain TLB invalidation policy: strict mode 
[    0.371307][    T1] SCSI subsystem initialized
[    0.373100][    T1] usbcore: registered new interface driver usbfs
[    0.373625][    T1] usbcore: registered new interface driver hub
[    0.374006][    T1] usbcore: registered new device driver usb
[    0.375233][    T1] mc: Linux media interface: v0.10
[    0.375571][    T1] videodev: Linux video capture interface: v2.00
[    0.376662][    T1] pps_core: LinuxPPS API ver. 1 registered
[    0.376878][    T1] pps_core: Software ver. 5.3.6 - Copyright 2005-2007 Rodolfo Giometti <giometti@linux.it>
[    0.385686][    T1] PTP clock support registered
[    0.386247][    T1] EDAC MC: Ver: 3.0.0
[    0.398664][    T1] Advanced Linux Sound Architecture Driver Initialized.
[    0.428988][    T1] clocksource: Switched to clocksource arch_sys_counter
[    0.436311][    T1] VFS: Disk quotas dquot_6.6.0
[    0.436893][    T1] VFS: Dquot-cache hash table entries: 512 (order 0, 4096 bytes)
[    0.450228][    T1] NET: Registered PF_INET protocol family
[    0.462741][    T1] IP idents hash table entries: 32768 (order: 6, 262144 bytes, linear)
[    0.483303][    T1] tcp_listen_portaddr_hash hash table entries: 1024 (order: 2, 16384 bytes, linear)
[    0.484039][    T1] Table-perturb hash table entries: 65536 (order: 6, 262144 bytes, linear)
[    0.485085][    T1] TCP established hash table entries: 16384 (order: 5, 131072 bytes, linear)
[    0.486337][    T1] TCP bind hash table entries: 16384 (order: 7, 524288 bytes, linear)
[    0.486971][    T1] TCP: Hash tables configured (established 16384 bind 16384)
[    0.497106][    T1] UDP hash table entries: 1024 (order: 3, 32768 bytes, linear)
[    0.497715][    T1] UDP-Lite hash table entries: 1024 (order: 3, 32768 bytes, linear)
[    0.499726][    T1] NET: Registered PF_UNIX/PF_LOCAL protocol family
[    0.501524][    T1] NET: Registered PF_XDP protocol family
[    0.502080][    T1] PCI: CLS 0 bytes, default 64
[    0.520608][   T41] Trying to unpack rootfs image as initramfs...
[    0.533132][    T1] hw perfevents: enabled with armv8_pmuv3 PMU driver, 7 counters available
[    0.534446][    T1] kvm [1]: HYP mode not available
[    0.547976][    T1] Initialise system trusted keyrings
[    0.558045][    T1] workingset: timestamp_bits=46 max_order=19 bucket_order=0
[    0.644050][    T1] fuse: init (API version 7.37)
[    0.841452][    T1] Key type asymmetric registered
[    0.841949][    T1] Asymmetric key parser 'x509' registered
[    0.842560][    T1] Block layer SCSI generic (bsg) driver version 0.4 loaded (major 239)
[    0.847408][    T1] io scheduler mq-deadline registered
[    0.847710][    T1] io scheduler kyber registered
[    0.848624][    T1] io scheduler bfq registered
[    0.856926][    T1] pl061_gpio 9030000.pl061: PL061 GPIO chip registered
[    0.859168][    T1] pci-host-generic 4010000000.pcie: host bridge /pcie@10000000 ranges:
[    0.860287][    T1] pci-host-generic 4010000000.pcie:       IO 0x003eff0000..0x003effffff -> 0x0000000000
[    0.865912][    T1] pci-host-generic 4010000000.pcie:      MEM 0x0010000000..0x003efeffff -> 0x0010000000
[    0.866336][    T1] pci-host-generic 4010000000.pcie:      MEM 0x8000000000..0xffffffffff -> 0x8000000000
[    0.867282][    T1] pci-host-generic 4010000000.pcie: Memory resource size exceeds max for 32 bits
[    0.868382][    T1] pci-host-generic 4010000000.pcie: ECAM at [mem 0x4010000000-0x401fffffff] for [bus 00-ff]
[    0.874642][    T1] pci-host-generic 4010000000.pcie: PCI host bridge to bus 0000:00
[    0.875253][    T1] pci_bus 0000:00: root bus resource [bus 00-ff]
[    0.875560][    T1] pci_bus 0000:00: root bus resource [io  0x0000-0xffff]
[    0.875851][    T1] pci_bus 0000:00: root bus resource [mem 0x10000000-0x3efeffff]
[    0.876075][    T1] pci_bus 0000:00: root bus resource [mem 0x8000000000-0xffffffffff]
[    0.882665][    T1] pci 0000:00:00.0: [1b36:0008] type 00 class 0x060000
[    0.888117][    T1] pci 0000:00:01.0: [1af4:1000] type 00 class 0x020000
[    0.888652][    T1] pci 0000:00:01.0: reg 0x10: [io  0x0000-0x001f]
[    0.896995][    T1] pci 0000:00:01.0: reg 0x14: [mem 0x00000000-0x00000fff]
[    0.897367][    T1] pci 0000:00:01.0: reg 0x20: [mem 0x00000000-0x00003fff 64bit pref]
[    0.897744][    T1] pci 0000:00:01.0: reg 0x30: [mem 0x00000000-0x0003ffff pref]
[    0.901691][    T1] pci 0000:00:01.0: BAR 6: assigned [mem 0x10000000-0x1003ffff pref]
[    0.902390][    T1] pci 0000:00:01.0: BAR 4: assigned [mem 0x8000000000-0x8000003fff 64bit pref]
[    0.902810][    T1] pci 0000:00:01.0: BAR 1: assigned [mem 0x10040000-0x10040fff]
[    0.903088][    T1] pci 0000:00:01.0: BAR 0: assigned [io  0x1000-0x101f]
[    0.929231][    T1] printk: console [ttynull0] enabled
[    0.931231][   T22] cacheinfo: Unable to detect cache hierarchy for CPU 0
[    0.941924][   T41] Freeing initrd memory: 14048K
[    0.974269][    T1] brd: module loaded
[    1.007949][    T1] loop: module loaded
[    1.014351][    T1] wireguard: WireGuard 1.0.0 loaded. See www.wireguard.com for information.
[    1.014696][    T1] wireguard: Copyright (C) 2015-2019 Jason A. Donenfeld <Jason@zx2c4.com>. All Rights Reserved.
[    1.018152][    T1] MACsec IEEE 802.1AE
[    1.021683][    T1] tun: Universal TUN/TAP device driver, 1.6
[    1.022329][    T1] usbcore: registered new interface driver rtl8150
[    1.022644][    T1] usbcore: registered new interface driver r8152
[    1.022951][    T1] usbcore: registered new interface driver asix
[    1.023246][    T1] usbcore: registered new interface driver ax88179_178a
[    1.023538][    T1] usbcore: registered new interface driver cdc_ether
[    1.023819][    T1] usbcore: registered new interface driver cdc_eem
[    1.024179][    T1] usbcore: registered new interface driver cdc_ncm
[    1.024459][    T1] usbcore: registered new interface driver aqc111
[    1.025021][    T1] usbcore: registered new interface driver r8153_ecm
[    1.028155][    T1] usbcore: registered new interface driver uas
[    1.028655][    T1] usbcore: registered new interface driver usb-storage
[    1.032509][    T1] usbcore: registered new interface driver xpad
[    1.038199][    T1] rtc-pl031 9010000.pl031: registered as rtc0
[    1.039197][    T1] rtc-pl031 9010000.pl031: setting system clock to 2026-09-07T09:33:54 UTC (1788773634)
[    1.040589][    T1] gspca_main: v2.14.0 registered
[    1.041302][    T1] usbcore: registered new interface driver uvcvideo
[    1.042675][    T1] device-mapper: uevent: version 1.0.3
[    1.046187][    T1] device-mapper: ioctl: 4.47.0-ioctl (2022-07-28) initialised: dm-devel@redhat.com
[    1.050402][    T1] sdhci: Secure Digital Host Controller Interface driver
[    1.050657][    T1] sdhci: Copyright(c) Pierre Ossman
[    1.050826][    T1] sdhci-pltfm: SDHCI platform and OF driver helper
[    1.052572][    T1] hid: raw HID events driver (C) Jiri Kosina
[    1.058388][    T1] usbcore: registered new interface driver usbhid
[    1.058708][    T1] usbhid: USB HID core driver
[    1.060267][    T1] ashmem: initialized
[    1.062340][    T1] gnss: GNSS driver registered with major 506
[    1.065933][    T1] usbcore: registered new interface driver snd-usb-audio
[    1.069334][    T1] GACT probability NOT on
[    1.069863][    T1] Mirror/redirect action on
[    1.070536][    T1] netem: version 1.3
[    1.070966][    T1] u32 classifier
[    1.071095][    T1]     input device check on
[    1.071241][    T1]     Actions configured
[    1.189715][    T1] xt_time: kernel timezone is -0000
[    1.190440][    T1] ipip: IPv4 and MPLS over IPv4 tunneling driver
[    1.193490][    T1] gre: GRE over IPv4 demultiplexor driver
[    1.193773][    T1] ip_gre: GRE over IPv4 tunneling driver
[    1.197919][    T1] IPv4 over IPsec tunneling driver
[    1.202150][    T1] Initializing XFRM netlink socket
[    1.202746][    T1] IPsec XFRM device driver
[    1.205121][    T1] NET: Registered PF_INET6 protocol family
[    1.219476][    T1] Segment Routing with IPv6
[    1.219915][    T1] In-situ OAM (IOAM) with IPv6
[    1.221483][    T1] mip6: Mobile IPv6
[    1.225547][    T1] sit: IPv6, IPv4 and MPLS over IPv4 tunneling driver
[    1.230084][    T1] ip6_gre: GRE over IPv6 tunneling driver
[    1.233032][    T1] NET: Registered PF_PACKET protocol family
[    1.233468][    T1] NET: Registered PF_KEY protocol family
[    1.234904][    T1] NET: Registered PF_VSOCK protocol family
[    1.238746][    T1] registered taskstats version 1
[    1.239364][    T1] Loading compiled-in X.509 certificates
[    1.265307][    T1] Loaded X.509 cert 'Build time autogenerated kernel key: 14e41adaf06b936a10f02b8132e23651e6ae330c'
[    1.266605][    T1] page_owner is disabled
[    1.268018][    T1] Key type .fscrypt registered
[    1.268372][    T1] Key type fscrypt-provisioning registered
[    1.269712][   T54] cryptomgr_probe (54) used greatest stack depth: 15024 bytes left
[    1.283757][    T1] input: gpio-keys as /devices/platform/gpio-keys/input/input0
[    1.295528][    T1] ALSA device list:
[    1.295872][    T1]   No soundcards found.
[    1.303025][    T1] uart-pl011 9000000.pl011: no DMA platform data
[    1.364428][    T1] Freeing unused kernel memory: 3136K
[    1.365813][    T1] Run /init as init process
[    1.414796][    T1] request_module fs-devtmpfs succeeded, but still no fs?
[*] Init: Starting harness on virtio console...
=========================================================
=== HYP-010 Part C: First Honest Natural Stage-1 Race ===
=========================================================
[+] Timerfd interrupt widening queue configured.
[*] Starting N=5000 natural two-stage race iterations...
[*] Completed 1000 / 5000 iterations (2855 ms, hits=0)...
[    8.048348][   T60] epoll_uaf: UAF DETECTED in __ep_remove! inner_ep=ffffff8003045300 freed before hlist_del_rcu
[+] NATURAL RACE HIT! Iteration 1914: Survivor detected in ep_uaf_waiter (fd=6)
[    8.052330][   T57] epoll_uaf: STRUCT FILE UAF DETECTED in __ep_remove! file=ffffff800523d400 (f_count=0, f_version=0xdeadf11e)
[*] Completed 2000 / 5000 iterations (5980 ms, hits=1)...
[    8.614046][   T60] epoll_uaf: UAF DETECTED in __ep_remove! inner_ep=ffffff8003045300 freed before hlist_del_rcu
[+] NATURAL RACE HIT! Iteration 2032: Survivor detected in ep_uaf_waiter (fd=6)
[    8.616521][   T57] epoll_uaf: STRUCT FILE UAF DETECTED in __ep_remove! file=ffffff800522f800 (f_count=0, f_version=0xdeadf11e)
[*] Completed 3000 / 5000 iterations (11266 ms, hits=2)...
[*] Completed 4000 / 5000 iterations (14605 ms, hits=2)...
[*] Completed 5000 / 5000 iterations (17458 ms, hits=2)...
[   19.943033][   T60] harness (60) used greatest stack depth: 14032 bytes left

=========================================================
=== HYP-010 Part C: Natural Race Results Summary ===
=========================================================
[*] Total Iterations: 5000
[*] Total Execution Time: 17465 ms (avg 3493.00 us/iter)
[*] Setup Failures: 0
[*] Natural Survivor Wins (Stage 1+2 Hit Count): 2 / 5000 (0.0400%)

--- Kernel-Side Custom Telemetry ---
[*] fep_cleared (Stage 1 window entered): 9998
[*] uaf_detected (hlist_del into freed epoll): 2
[*] file_fcount_zero (unpinned struct file access): 5400
[*] uaf_file_detected (struct file UAF): 2

[*] Natural race experiment completed. Powering off safely.
[   19.963269][   T57] reboot: Power down
