[HYP-012-GDB] Connected to QEMU on :1234

This GDB supports auto-downloading debuginfo from the following URLs:
  <https://debuginfod.archlinux.org>
Debuginfod has been disabled.
To make this setting permanent, add 'set debuginfod enabled off' to .gdbinit.
Breakpoint 1 at 0xffffffc00839ffe8: file out/android14-6.1/common/fs/file_table.c, line 309.Breakpoint 2 at 0xffffffc008408eb4: file out/android14-6.1/common/fs/eventpoll.c, line 969.Breakpoint 3 at 0xffffffc008358610: file out/android14-6.1/common/mm/swapfile.c, line 2566.[HYP-012-GDB] Breakpoints installed. Continuing execution...
[HYP-012-GDB] =================================================================
[HYP-012-GDB] [HYP-012] Thread B entered __fput(file=0xffffff80044b4b00)
[HYP-012-GDB]   Current state: f_count=0, f_ep=0xffffff8003df2a60, f_inode=0xffffff8002059758, f_version=0x0
[HYP-012-GDB]   Simulating Stage-2 fast-path bypass on victim inner_file...
[HYP-012-GDB]   [SIMULATION SUCCESS] file->f_ep is now 0x0
[HYP-012-GDB] =================================================================
[HYP-012-GDB] [HYP-012] Hit ep_show_fdinfo (invocation #1), ep_file=0xffffff80044b2600
[HYP-012-GDB]   AAR Oracle Read: watched file=0xffffff80044b4b00, f_inode=0xffffff8004010cf8, i_ino=0x9a
[HYP-012-GDB] [HYP-012] Hit ep_show_fdinfo (invocation #2), ep_file=0xffffff80044b2600
[HYP-012-GDB]   AAR Oracle Read: watched file=0xffffff80044b4b00, f_inode=0xffffff8004010cf8, i_ino=0x9a
[HYP-012-GDB] [HYP-012] Hit ep_show_fdinfo (invocation #3), ep_file=0xffffff80044b2600
[HYP-012-GDB]   AAR Oracle Read: watched file=0xffffff80044b4b00, f_inode=0xffffff8004010cf8, i_ino=0x9a
[HYP-012-GDB] [HYP-012] Hit ep_show_fdinfo (invocation #4), ep_file=0xffffff80044b2600
[HYP-012-GDB]   AAR Oracle Read: watched file=0xffffff80044b4b00, f_inode=0xffffff8004010cf8, i_ino=0x9a
[HYP-012-GDB] [HYP-012] Hit ep_show_fdinfo (invocation #5), ep_file=0xffffff80044b2600
[HYP-012-GDB]   AAR Oracle Read: watched file=0xffffff80044b4b00, f_inode=0xffffff8004010cf8, i_ino=0x9a
[HYP-012-GDB] [HYP-012] Hit ep_show_fdinfo (invocation #6), ep_file=0xffffff80044b2600
[HYP-012-GDB]   AAR Oracle Read: watched file=0xffffff80044b4b00, f_inode=0xffffff8004010cf8, i_ino=0x9a
[HYP-012-GDB] [HYP-012] Hit ep_show_fdinfo (invocation #7), ep_file=0xffffff80044b2600
[HYP-012-GDB]   AAR Oracle Read: watched file=0xffffff80044b4b00, f_inode=0xffffff8004010cf8, i_ino=0x9a
[HYP-012-GDB] [HYP-012] Hit ep_show_fdinfo (invocation #8), ep_file=0xffffff80044b2600
[HYP-012-GDB]   AAR Oracle Read: watched file=0xffffff80044b4b00, f_inode=0xffffff8004010cf8, i_ino=0x9a
[HYP-012-GDB] [HYP-012] Hit ep_show_fdinfo (invocation #9), ep_file=0xffffff80044b2600
[HYP-012-GDB]   AAR Oracle Read: watched file=0xffffff80044b4b00, f_inode=0xffffff8004010cf8, i_ino=0x9a
[HYP-012-GDB] [HYP-012] Hit ep_show_fdinfo (invocation #10), ep_file=0xffffff80044b2600
[HYP-012-GDB]   AAR Oracle Read: watched file=0xffffff80044b4b00, f_inode=0xffffff8004010cf8, i_ino=0x9a
[HYP-012-GDB] [HYP-012] Hit ep_show_fdinfo (invocation #11), ep_file=0xffffff80044b2600
[HYP-012-GDB]   AAR Oracle Read: watched file=0xffffff80044b4b00, f_inode=0xffffff8004010cf8, i_ino=0x9a
[HYP-012-GDB] [HYP-012] Hit ep_show_fdinfo (invocation #12), ep_file=0xffffff80044b2600
[HYP-012-GDB]   AAR Oracle Read: watched file=0xffffff80044b4b00, f_inode=0xffffff8004010cf8, i_ino=0x9a
[HYP-012-GDB] [HYP-012] Hit ep_show_fdinfo (invocation #13), ep_file=0xffffff80044b2600
[HYP-012-GDB]   AAR Oracle Read: watched file=0xffffff80044b4b00, f_inode=0xffffff8004010cf8, i_ino=0x9a
[HYP-012-GDB] [HYP-012] Hit ep_show_fdinfo (invocation #14), ep_file=0xffffff80044b2600
[HYP-012-GDB]   AAR Oracle Read: watched file=0xffffff80044b4b00, f_inode=0xffffff8004010cf8, i_ino=0x9a
[HYP-012-GDB] [HYP-012] Hit ep_show_fdinfo (invocation #15), ep_file=0xffffff80044b2600
[HYP-012-GDB]   AAR Oracle Read: watched file=0xffffff80044b4b00, f_inode=0xffffff8004010cf8, i_ino=0x9a
[HYP-012-GDB] [HYP-012] Hit ep_show_fdinfo (invocation #16), ep_file=0xffffff80044b2600
[HYP-012-GDB]   AAR Oracle Read: watched file=0xffffff80044b4b00, f_inode=0xffffff8004010cf8, i_ino=0x9a
[HYP-012-GDB] [HYP-012] Hit ep_show_fdinfo (invocation #17), ep_file=0xffffff80044b2600
[HYP-012-GDB]   AAR Oracle Read: watched file=0xffffff80044b4b00, f_inode=0xffffff8004010cf8, i_ino=0x9a
[HYP-012-GDB] [HYP-012] Hit ep_show_fdinfo (invocation #18), ep_file=0xffffff80044b2600
[HYP-012-GDB]   AAR Oracle Read: watched file=0xffffff80044b4b00, f_inode=0xffffff8004010cf8, i_ino=0x9a
[HYP-012-GDB] [HYP-012] Hit ep_show_fdinfo (invocation #19), ep_file=0xffffff80044b2600
[HYP-012-GDB]   AAR Oracle Read: watched file=0xffffff80044b4b00, f_inode=0xffffff8004010cf8, i_ino=0x9a
[HYP-012-GDB] [HYP-012] Hit ep_show_fdinfo (invocation #20), ep_file=0xffffff80044b2600
[HYP-012-GDB]   AAR Oracle Read: watched file=0xffffff80044b4b00, f_inode=0xffffff8004010cf8, i_ino=0x9a
[HYP-012-GDB] [HYP-012] Hit ep_show_fdinfo (invocation #21), ep_file=0xffffff80044b2600
[HYP-012-GDB]   AAR Oracle Read: watched file=0xffffff80044b4b00, f_inode=0xffffff8004010cf8, i_ino=0x9a
[HYP-012-GDB] [HYP-012] Hit ep_show_fdinfo (invocation #22), ep_file=0xffffff80044b2600
[HYP-012-GDB]   AAR Oracle Read: watched file=0xffffff80044b4b00, f_inode=0xffffff8004010cf8, i_ino=0x9a
[HYP-012-GDB] [HYP-012] Hit ep_show_fdinfo (invocation #23), ep_file=0xffffff80044b2600
[HYP-012-GDB]   AAR Oracle Read: watched file=0xffffff80044b4b00, f_inode=0xffffff8004010cf8, i_ino=0x9a
[HYP-012-GDB] [HYP-012] Hit ep_show_fdinfo (invocation #24), ep_file=0xffffff80044b2600
[HYP-012-GDB]   AAR Oracle Read: watched file=0xffffff80044b4b00, f_inode=0xffffff8004010cf8, i_ino=0x9a
[HYP-012-GDB] [HYP-012] Hit ep_show_fdinfo (invocation #25), ep_file=0xffffff80044b2600
[HYP-012-GDB]   AAR Oracle Read: watched file=0xffffff80044b4b00, f_inode=0xffffff8004010cf8, i_ino=0x9a
[HYP-012-GDB] [HYP-012] Hit ep_show_fdinfo (invocation #26), ep_file=0xffffff80044b2600
[HYP-012-GDB]   AAR Oracle Read: watched file=0xffffff80044b4b00, f_inode=0xffffff8004010cf8, i_ino=0x9a
[HYP-012-GDB] [HYP-012] Hit ep_show_fdinfo (invocation #27), ep_file=0xffffff80044b2600
[HYP-012-GDB]   AAR Oracle Read: watched file=0xffffff80044b4b00, f_inode=0xffffff8004010cf8, i_ino=0x9a
[HYP-012-GDB] [HYP-012] Hit ep_show_fdinfo (invocation #28), ep_file=0xffffff80044b2600
[HYP-012-GDB]   AAR Oracle Read: watched file=0xffffff80044b4b00, f_inode=0xffffff8004010cf8, i_ino=0x9a
[HYP-012-GDB] [HYP-012] Hit ep_show_fdinfo (invocation #29), ep_file=0xffffff80044b2600
[HYP-012-GDB]   AAR Oracle Read: watched file=0xffffff80044b4b00, f_inode=0xffffff8004010cf8, i_ino=0x9a
[HYP-012-GDB] [HYP-012] Hit ep_show_fdinfo (invocation #30), ep_file=0xffffff80044b2600
[HYP-012-GDB]   AAR Oracle Read: watched file=0xffffff80044b4b00, f_inode=0xffffff8004010cf8, i_ino=0x9a
[HYP-012-GDB] [HYP-012] Hit ep_show_fdinfo (invocation #31), ep_file=0xffffff80044b2600
[HYP-012-GDB]   AAR Oracle Read: watched file=0xffffff80044b4b00, f_inode=0xffffff8004010cf8, i_ino=0x9a
[HYP-012-GDB] [HYP-012] Hit ep_show_fdinfo (invocation #32), ep_file=0xffffff80044b2600
[HYP-012-GDB]   AAR Oracle Read: watched file=0xffffff80044b4b00, f_inode=0xffffff8004010cf8, i_ino=0x9a
[HYP-012-GDB] [HYP-012] Hit ep_show_fdinfo (invocation #33), ep_file=0xffffff80044b2600
[HYP-012-GDB]   AAR Oracle Read: watched file=0xffffff80044b4b00, f_inode=0xffffff8004010cf8, i_ino=0x9a
[HYP-012-GDB] [HYP-012] Hit ep_show_fdinfo (invocation #34), ep_file=0xffffff80044b2600
[HYP-012-GDB]   AAR Oracle Read: watched file=0xffffff80044b4b00, f_inode=0xffffff8004010cf8, i_ino=0x9a
[HYP-012-GDB] [HYP-012] Hit ep_show_fdinfo (invocation #35), ep_file=0xffffff80044b2600
[HYP-012-GDB]   AAR Oracle Read: watched file=0xffffff80044b4b00, f_inode=0xffffff8004010cf8, i_ino=0x9a
[HYP-012-GDB] [HYP-012] Hit ep_show_fdinfo (invocation #36), ep_file=0xffffff80044b2600
[HYP-012-GDB]   AAR Oracle Read: watched file=0xffffff80044b4b00, f_inode=0xffffff8004010cf8, i_ino=0x9a
[HYP-012-GDB] [HYP-012] Hit ep_show_fdinfo (invocation #37), ep_file=0xffffff80044b2600
[HYP-012-GDB]   AAR Oracle Read: watched file=0xffffff80044b4b00, f_inode=0xffffff8004010cf8, i_ino=0x9a
[HYP-012-GDB] [HYP-012] Hit ep_show_fdinfo (invocation #38), ep_file=0xffffff80044b2600
[HYP-012-GDB]   AAR Oracle Read: watched file=0xffffff80044b4b00, f_inode=0xffffff8004010cf8, i_ino=0x9a
[HYP-012-GDB] [HYP-012] Hit ep_show_fdinfo (invocation #39), ep_file=0xffffff80044b2600
[HYP-012-GDB]   AAR Oracle Read: watched file=0xffffff80044b4b00, f_inode=0xffffff8004010cf8, i_ino=0x9a
[HYP-012-GDB] [HYP-012] Hit ep_show_fdinfo (invocation #40), ep_file=0xffffff80044b2600
[HYP-012-GDB]   AAR Oracle Read: watched file=0xffffff80044b4b00, f_inode=0xffffff8004010cf8, i_ino=0x9a
[HYP-012-GDB] [HYP-012] Hit ep_show_fdinfo (invocation #41), ep_file=0xffffff80044b2600
[HYP-012-GDB]   AAR Oracle Read: watched file=0xffffff80044b4b00, f_inode=0xffffff8004010cf8, i_ino=0x9a
[HYP-012-GDB] [HYP-012] Hit ep_show_fdinfo (invocation #42), ep_file=0xffffff80044b2600
[HYP-012-GDB]   AAR Oracle Read: watched file=0xffffff80044b4b00, f_inode=0xffffff8004010cf8, i_ino=0x9a
[HYP-012-GDB] [HYP-012] Hit ep_show_fdinfo (invocation #43), ep_file=0xffffff80044b2600
[HYP-012-GDB]   AAR Oracle Read: watched file=0xffffff80044b4b00, f_inode=0xffffff8004010cf8, i_ino=0x9a
[HYP-012-GDB] [HYP-012] Hit ep_show_fdinfo (invocation #44), ep_file=0xffffff80044b2600
[HYP-012-GDB]   AAR Oracle Read: watched file=0xffffff80044b4b00, f_inode=0xffffff8004010cf8, i_ino=0x9a
[HYP-012-GDB] [HYP-012] Hit ep_show_fdinfo (invocation #45), ep_file=0xffffff80044b2600
[HYP-012-GDB]   AAR Oracle Read: watched file=0xffffff80044b4b00, f_inode=0xffffff8004010cf8, i_ino=0x9a
[HYP-012-GDB] [HYP-012] Hit ep_show_fdinfo (invocation #46), ep_file=0xffffff80044b2600
[HYP-012-GDB]   AAR Oracle Read: watched file=0xffffff80044b4b00, f_inode=0xffffff8004010cf8, i_ino=0x9a
[HYP-012-GDB] [HYP-012] Hit ep_show_fdinfo (invocation #47), ep_file=0xffffff80044b2600
[HYP-012-GDB]   AAR Oracle Read: watched file=0xffffff80044b4b00, f_inode=0xffffff8004010cf8, i_ino=0x9a
[HYP-012-GDB] [HYP-012] Hit ep_show_fdinfo (invocation #48), ep_file=0xffffff80044b2600
[HYP-012-GDB]   AAR Oracle Read: watched file=0xffffff80044b4b00, f_inode=0xffffff8004010cf8, i_ino=0x9a
[HYP-012-GDB] [HYP-012] Hit ep_show_fdinfo (invocation #49), ep_file=0xffffff80044b2600
[HYP-012-GDB]   AAR Oracle Read: watched file=0xffffff80044b4b00, f_inode=0xffffff8004010cf8, i_ino=0x9a
[HYP-012-GDB] [HYP-012] Hit ep_show_fdinfo (invocation #50), ep_file=0xffffff80044b2600
[HYP-012-GDB]   AAR Oracle Read: watched file=0xffffff80044b4b00, f_inode=0xffffff8004010cf8, i_ino=0x9a
[HYP-012-GDB] [HYP-012] Hit ep_show_fdinfo (invocation #51), ep_file=0xffffff80044b2600
[HYP-012-GDB]   AAR Oracle Read: watched file=0xffffff80044b4b00, f_inode=0xffffff8004010cf8, i_ino=0x9a
[HYP-012-GDB] [HYP-012] Hit ep_show_fdinfo (invocation #52), ep_file=0xffffff80044b2600
[HYP-012-GDB]   AAR Oracle Read: watched file=0xffffff80044b4b00, f_inode=0xffffff8004010cf8, i_ino=0x9a
[HYP-012-GDB] [HYP-012] Hit ep_show_fdinfo (invocation #53), ep_file=0xffffff80044b2600
[HYP-012-GDB]   AAR Oracle Read: watched file=0xffffff80044b4b00, f_inode=0xffffff8004010cf8, i_ino=0x9a
[HYP-012-GDB] [HYP-012] Hit ep_show_fdinfo (invocation #54), ep_file=0xffffff80044b2600
[HYP-012-GDB]   AAR Oracle Read: watched file=0xffffff80044b4b00, f_inode=0xffffff8004010cf8, i_ino=0x9a
[HYP-012-GDB] [HYP-012] Hit ep_show_fdinfo (invocation #55), ep_file=0xffffff80044b2600
[HYP-012-GDB]   AAR Oracle Read: watched file=0xffffff80044b4b00, f_inode=0xffffff8004010cf8, i_ino=0x9a
[HYP-012-GDB] [HYP-012] Hit ep_show_fdinfo (invocation #56), ep_file=0xffffff80044b2600
[HYP-012-GDB]   AAR Oracle Read: watched file=0xffffff80044b4b00, f_inode=0xffffff8004010cf8, i_ino=0x9a
[HYP-012-GDB] [HYP-012] Hit ep_show_fdinfo (invocation #57), ep_file=0xffffff80044b2600
[HYP-012-GDB]   AAR Oracle Read: watched file=0xffffff80044b4b00, f_inode=0xffffff8004010cf8, i_ino=0x9a
[HYP-012-GDB] [HYP-012] Hit ep_show_fdinfo (invocation #58), ep_file=0xffffff80044b2600
[HYP-012-GDB]   AAR Oracle Read: watched file=0xffffff80044b4b00, f_inode=0xffffff8004010cf8, i_ino=0x9a
[HYP-012-GDB] [HYP-012] Hit ep_show_fdinfo (invocation #59), ep_file=0xffffff80044b2600
[HYP-012-GDB]   AAR Oracle Read: watched file=0xffffff80044b4b00, f_inode=0xffffff8004010cf8, i_ino=0x9a
[HYP-012-GDB] [HYP-012] Hit ep_show_fdinfo (invocation #60), ep_file=0xffffff80044b2600
[HYP-012-GDB]   AAR Oracle Read: watched file=0xffffff80044b4b00, f_inode=0xffffff8004010cf8, i_ino=0x9a
[HYP-012-GDB] [HYP-012] Hit ep_show_fdinfo (invocation #61), ep_file=0xffffff80044b2600
[HYP-012-GDB]   AAR Oracle Read: watched file=0xffffff80044b4b00, f_inode=0xffffff8004010cf8, i_ino=0x9a
[HYP-012-GDB] [HYP-012] Hit ep_show_fdinfo (invocation #62), ep_file=0xffffff80044b2600
[HYP-012-GDB]   AAR Oracle Read: watched file=0xffffff80044b4b00, f_inode=0xffffff8004010cf8, i_ino=0x9a
[HYP-012-GDB] [HYP-012] Hit ep_show_fdinfo (invocation #63), ep_file=0xffffff80044b2600
[HYP-012-GDB]   AAR Oracle Read: watched file=0xffffff80044b4b00, f_inode=0xffffff8004010cf8, i_ino=0x9a
[HYP-012-GDB] [HYP-012] Hit ep_show_fdinfo (invocation #64), ep_file=0xffffff80044b2600
[HYP-012-GDB]   AAR Oracle Read: watched file=0xffffff80044b4b00, f_inode=0xffffff8004010cf8, i_ino=0x9a
[HYP-012-GDB] [HYP-012] Hit ep_show_fdinfo (invocation #65), ep_file=0xffffff80044b2600
[HYP-012-GDB]   AAR Oracle Read: watched file=0xffffff80044b4b00, f_inode=0xffffff8004010cf8, i_ino=0x9a
[HYP-012-GDB] [HYP-012] Hit ep_show_fdinfo (invocation #66), ep_file=0xffffff80044b2600
[HYP-012-GDB]   AAR Oracle Read: watched file=0xffffff80044b4b00, f_inode=0xffffff8004010cf8, i_ino=0x9a
[HYP-012-GDB] [HYP-012] Hit ep_show_fdinfo (invocation #67), ep_file=0xffffff80044b2600
[HYP-012-GDB]   AAR Oracle Read: watched file=0xffffff80044b4b00, f_inode=0xffffff8004010cf8, i_ino=0x9a
[HYP-012-GDB] [HYP-012] Hit ep_show_fdinfo (invocation #68), ep_file=0xffffff80044b2600
[HYP-012-GDB]   AAR Oracle Read: watched file=0xffffff80044b4b00, f_inode=0xffffff8004010cf8, i_ino=0x9a
[HYP-012-GDB] [HYP-012] Hit ep_show_fdinfo (invocation #69), ep_file=0xffffff80044b2600
[HYP-012-GDB]   AAR Oracle Read: watched file=0xffffff80044b4b00, f_inode=0xffffff8004010cf8, i_ino=0x9a
[HYP-012-GDB] [HYP-012] Hit ep_show_fdinfo (invocation #70), ep_file=0xffffff80044b2600
[HYP-012-GDB]   AAR Oracle Read: watched file=0xffffff80044b4b00, f_inode=0xffffff8004010cf8, i_ino=0x9a
[HYP-012-GDB] [HYP-012] Hit ep_show_fdinfo (invocation #71), ep_file=0xffffff80044b2600
[HYP-012-GDB]   AAR Oracle Read: watched file=0xffffff80044b4b00, f_inode=0xffffff8004010cf8, i_ino=0x9a
[HYP-012-GDB] [HYP-012] Hit ep_show_fdinfo (invocation #72), ep_file=0xffffff80044b2600
[HYP-012-GDB]   AAR Oracle Read: watched file=0xffffff80044b4b00, f_inode=0xffffff8004010cf8, i_ino=0x9a
[HYP-012-GDB] [HYP-012] Hit ep_show_fdinfo (invocation #73), ep_file=0xffffff80044b2600
[HYP-012-GDB]   AAR Oracle Read: watched file=0xffffff80044b4b00, f_inode=0xffffff8004010cf8, i_ino=0x9a
[HYP-012-GDB] [HYP-012] Hit ep_show_fdinfo (invocation #74), ep_file=0xffffff80044b2600
[HYP-012-GDB]   AAR Oracle Read: watched file=0xffffff80044b4b00, f_inode=0xffffff8004010cf8, i_ino=0x9a
[HYP-012-GDB] [HYP-012] Hit ep_show_fdinfo (invocation #75), ep_file=0xffffff80044b2600
[HYP-012-GDB]   AAR Oracle Read: watched file=0xffffff80044b4b00, f_inode=0xffffff8004010cf8, i_ino=0x9a
[HYP-012-GDB] [HYP-012] Hit ep_show_fdinfo (invocation #76), ep_file=0xffffff80044b2600
[HYP-012-GDB]   AAR Oracle Read: watched file=0xffffff80044b4b00, f_inode=0xffffff8004010cf8, i_ino=0x9a
[HYP-012-GDB] [HYP-012] Hit ep_show_fdinfo (invocation #77), ep_file=0xffffff80044b2600
[HYP-012-GDB]   AAR Oracle Read: watched file=0xffffff80044b4b00, f_inode=0xffffff8004010cf8, i_ino=0x9a
[HYP-012-GDB] [HYP-012] Hit ep_show_fdinfo (invocation #78), ep_file=0xffffff80044b2600
[HYP-012-GDB]   AAR Oracle Read: watched file=0xffffff80044b4b00, f_inode=0xffffff8004010cf8, i_ino=0x9a
[HYP-012-GDB] [HYP-012] Hit ep_show_fdinfo (invocation #79), ep_file=0xffffff80044b2600
[HYP-012-GDB]   AAR Oracle Read: watched file=0xffffff80044b4b00, f_inode=0xffffff8004010cf8, i_ino=0x9a
[HYP-012-GDB] [HYP-012] Hit ep_show_fdinfo (invocation #80), ep_file=0xffffff80044b2600
[HYP-012-GDB]   AAR Oracle Read: watched file=0xffffff80044b4b00, f_inode=0xffffff8004010cf8, i_ino=0x9a
[HYP-012-GDB] [HYP-012] Hit ep_show_fdinfo (invocation #81), ep_file=0xffffff80044b2600
[HYP-012-GDB]   AAR Oracle Read: watched file=0xffffff80044b4b00, f_inode=0xffffff8004010cf8, i_ino=0x9a
[HYP-012-GDB] [HYP-012] Hit ep_show_fdinfo (invocation #82), ep_file=0xffffff80044b2600
[HYP-012-GDB]   AAR Oracle Read: watched file=0xffffff80044b4b00, f_inode=0xffffff8004010cf8, i_ino=0x9a
[HYP-012-GDB] [HYP-012] Hit ep_show_fdinfo (invocation #83), ep_file=0xffffff80044b2600
[HYP-012-GDB]   AAR Oracle Read: watched file=0xffffff80044b4b00, f_inode=0xffffff8004010cf8, i_ino=0x9a
[HYP-012-GDB] [HYP-012] Hit ep_show_fdinfo (invocation #84), ep_file=0xffffff80044b2600
[HYP-012-GDB]   AAR Oracle Read: watched file=0xffffff80044b4b00, f_inode=0xffffff8004010cf8, i_ino=0x9a
[HYP-012-GDB] [HYP-012] Hit ep_show_fdinfo (invocation #85), ep_file=0xffffff80044b2600
[HYP-012-GDB]   AAR Oracle Read: watched file=0xffffff80044b4b00, f_inode=0xffffff8004010cf8, i_ino=0x9a
[HYP-012-GDB] [HYP-012] Hit ep_show_fdinfo (invocation #86), ep_file=0xffffff80044b2600
[HYP-012-GDB]   AAR Oracle Read: watched file=0xffffff80044b4b00, f_inode=0xffffff8004010cf8, i_ino=0x9a
[HYP-012-GDB] [HYP-012] Hit ep_show_fdinfo (invocation #87), ep_file=0xffffff80044b2600
[HYP-012-GDB]   AAR Oracle Read: watched file=0xffffff80044b4b00, f_inode=0xffffff8004010cf8, i_ino=0x9a
[HYP-012-GDB] [HYP-012] Hit ep_show_fdinfo (invocation #88), ep_file=0xffffff80044b2600
[HYP-012-GDB]   AAR Oracle Read: watched file=0xffffff80044b4b00, f_inode=0xffffff8004010cf8, i_ino=0x9a
[HYP-012-GDB] [HYP-012] Hit ep_show_fdinfo (invocation #89), ep_file=0xffffff80044b2600
[HYP-012-GDB]   AAR Oracle Read: watched file=0xffffff80044b4b00, f_inode=0xffffff8004010cf8, i_ino=0x9a
[HYP-012-GDB] [HYP-012] Hit ep_show_fdinfo (invocation #90), ep_file=0xffffff80044b2600
[HYP-012-GDB]   AAR Oracle Read: watched file=0xffffff80044b4b00, f_inode=0xffffff8004010cf8, i_ino=0x9a
[HYP-012-GDB] [HYP-012] Hit ep_show_fdinfo (invocation #91), ep_file=0xffffff80044b2600
[HYP-012-GDB]   AAR Oracle Read: watched file=0xffffff80044b4b00, f_inode=0xffffff8004010cf8, i_ino=0x9a
[HYP-012-GDB] [HYP-012] Hit ep_show_fdinfo (invocation #92), ep_file=0xffffff80044b2600
[HYP-012-GDB]   AAR Oracle Read: watched file=0xffffff80044b4b00, f_inode=0xffffff8004010cf8, i_ino=0x9a
[HYP-012-GDB] [HYP-012] Hit ep_show_fdinfo (invocation #93), ep_file=0xffffff80044b2600
[HYP-012-GDB]   AAR Oracle Read: watched file=0xffffff80044b4b00, f_inode=0xffffff8004010cf8, i_ino=0x9a
[HYP-012-GDB] [HYP-012] Hit ep_show_fdinfo (invocation #94), ep_file=0xffffff80044b2600
[HYP-012-GDB]   AAR Oracle Read: watched file=0xffffff80044b4b00, f_inode=0xffffff8004010cf8, i_ino=0x9a
[HYP-012-GDB] [HYP-012] Hit ep_show_fdinfo (invocation #95), ep_file=0xffffff80044b2600
[HYP-012-GDB]   AAR Oracle Read: watched file=0xffffff80044b4b00, f_inode=0xffffff8004010cf8, i_ino=0x9a
[HYP-012-GDB] [HYP-012] Hit ep_show_fdinfo (invocation #96), ep_file=0xffffff80044b2600
[HYP-012-GDB]   AAR Oracle Read: watched file=0xffffff80044b4b00, f_inode=0xffffff8004010cf8, i_ino=0x9a
[HYP-012-GDB] [HYP-012] Hit ep_show_fdinfo (invocation #97), ep_file=0xffffff80044b2600
[HYP-012-GDB]   AAR Oracle Read: watched file=0xffffff80044b4b00, f_inode=0xffffff8004010cf8, i_ino=0x9a
[HYP-012-GDB] [HYP-012] Hit ep_show_fdinfo (invocation #98), ep_file=0xffffff80044b2600
[HYP-012-GDB]   AAR Oracle Read: watched file=0xffffff80044b4b00, f_inode=0xffffff8004010cf8, i_ino=0x9a
[HYP-012-GDB] [HYP-012] Hit ep_show_fdinfo (invocation #99), ep_file=0xffffff80044b2600
[HYP-012-GDB]   AAR Oracle Read: watched file=0xffffff80044b4b00, f_inode=0xffffff8004010cf8, i_ino=0x9a
[HYP-012-GDB] [HYP-012] Hit ep_show_fdinfo (invocation #100), ep_file=0xffffff80044b2600
[HYP-012-GDB]   AAR Oracle Read: watched file=0xffffff80044b4b00, f_inode=0xffffff8004010cf8, i_ino=0x9a
[HYP-012-GDB] [HYP-012] Hit ep_show_fdinfo (invocation #101), ep_file=0xffffff80044b2600
[HYP-012-GDB]   AAR Oracle Read: watched file=0xffffff80044b4b00, f_inode=0xffffff8004010cf8, i_ino=0x9a
[HYP-012-GDB] [HYP-012] Hit ep_show_fdinfo (invocation #102), ep_file=0xffffff80044b2600
[HYP-012-GDB]   AAR Oracle Read: watched file=0xffffff80044b4b00, f_inode=0xffffff8004010cf8, i_ino=0x9a
[HYP-012-GDB] [HYP-012] Hit ep_show_fdinfo (invocation #103), ep_file=0xffffff80044b2600
[HYP-012-GDB]   AAR Oracle Read: watched file=0xffffff80044b4b00, f_inode=0xffffff8004010cf8, i_ino=0x9a
[HYP-012-GDB] [HYP-012] Hit ep_show_fdinfo (invocation #104), ep_file=0xffffff80044b2600
[HYP-012-GDB]   AAR Oracle Read: watched file=0xffffff80044b4b00, f_inode=0xffffff8004010cf8, i_ino=0x9a
[HYP-012-GDB] [HYP-012] Hit ep_show_fdinfo (invocation #105), ep_file=0xffffff80044b2600
[HYP-012-GDB]   AAR Oracle Read: watched file=0xffffff80044b4b00, f_inode=0xffffff8004010cf8, i_ino=0x9a
[HYP-012-GDB] [HYP-012] Hit ep_show_fdinfo (invocation #106), ep_file=0xffffff80044b2600
[HYP-012-GDB]   AAR Oracle Read: watched file=0xffffff80044b4b00, f_inode=0xffffff8004010cf8, i_ino=0x9a
[HYP-012-GDB] [HYP-012] Hit ep_show_fdinfo (invocation #107), ep_file=0xffffff80044b2600
[HYP-012-GDB]   AAR Oracle Read: watched file=0xffffff80044b4b00, f_inode=0xffffff8004010cf8, i_ino=0x9a
[HYP-012-GDB] [HYP-012] Hit ep_show_fdinfo (invocation #108), ep_file=0xffffff80044b2600
[HYP-012-GDB]   AAR Oracle Read: watched file=0xffffff80044b4b00, f_inode=0xffffff8004010cf8, i_ino=0x9a
[HYP-012-GDB] [HYP-012] Hit ep_show_fdinfo (invocation #109), ep_file=0xffffff80044b2600
[HYP-012-GDB]   AAR Oracle Read: watched file=0xffffff80044b4b00, f_inode=0xffffff8004010cf8, i_ino=0x9a
[HYP-012-GDB] [HYP-012] Hit ep_show_fdinfo (invocation #110), ep_file=0xffffff80044b2600
[HYP-012-GDB]   AAR Oracle Read: watched file=0xffffff80044b4b00, f_inode=0xffffff8004010cf8, i_ino=0x9a
[HYP-012-GDB] [HYP-012] Hit ep_show_fdinfo (invocation #111), ep_file=0xffffff80044b2600
[HYP-012-GDB]   AAR Oracle Read: watched file=0xffffff80044b4b00, f_inode=0xffffff8004010cf8, i_ino=0x9a
[HYP-012-GDB] [HYP-012] Hit ep_show_fdinfo (invocation #112), ep_file=0xffffff80044b2600
[HYP-012-GDB]   AAR Oracle Read: watched file=0xffffff80044b4b00, f_inode=0xffffff8004010cf8, i_ino=0x9a
[HYP-012-GDB] [HYP-012] Hit ep_show_fdinfo (invocation #113), ep_file=0xffffff80044b2600
[HYP-012-GDB]   AAR Oracle Read: watched file=0xffffff80044b4b00, f_inode=0xffffff8004010cf8, i_ino=0x9a
[HYP-012-GDB] [HYP-012] Hit ep_show_fdinfo (invocation #114), ep_file=0xffffff80044b2600
[HYP-012-GDB]   AAR Oracle Read: watched file=0xffffff80044b4b00, f_inode=0xffffff8004010cf8, i_ino=0x9a
[HYP-012-GDB] [HYP-012] Hit ep_show_fdinfo (invocation #115), ep_file=0xffffff80044b2600
[HYP-012-GDB]   AAR Oracle Read: watched file=0xffffff80044b4b00, f_inode=0xffffff8004010cf8, i_ino=0x9a
[HYP-012-GDB] [HYP-012] Hit ep_show_fdinfo (invocation #116), ep_file=0xffffff80044b2600
[HYP-012-GDB]   AAR Oracle Read: watched file=0xffffff80044b4b00, f_inode=0xffffff8004010cf8, i_ino=0x9a
[HYP-012-GDB] [HYP-012] Hit ep_show_fdinfo (invocation #117), ep_file=0xffffff80044b2600
[HYP-012-GDB]   AAR Oracle Read: watched file=0xffffff80044b4b00, f_inode=0xffffff8004010cf8, i_ino=0x9a
[HYP-012-GDB] [HYP-012] Hit ep_show_fdinfo (invocation #118), ep_file=0xffffff80044b2600
[HYP-012-GDB]   AAR Oracle Read: watched file=0xffffff80044b4b00, f_inode=0xffffff8004010cf8, i_ino=0x9a
[HYP-012-GDB] [HYP-012] Hit ep_show_fdinfo (invocation #119), ep_file=0xffffff80044b2600
[HYP-012-GDB]   AAR Oracle Read: watched file=0xffffff80044b4b00, f_inode=0xffffff8004010cf8, i_ino=0x9a
[HYP-012-GDB] [HYP-012] Hit ep_show_fdinfo (invocation #120), ep_file=0xffffff80044b2600
[HYP-012-GDB]   AAR Oracle Read: watched file=0xffffff80044b4b00, f_inode=0xffffff8004010cf8, i_ino=0x9a
[HYP-012-GDB] [HYP-012] Hit ep_show_fdinfo (invocation #121), ep_file=0xffffff80044b2600
[HYP-012-GDB]   AAR Oracle Read: watched file=0xffffff80044b4b00, f_inode=0xffffff8004010cf8, i_ino=0x9a
[HYP-012-GDB] [HYP-012] Hit ep_show_fdinfo (invocation #122), ep_file=0xffffff80044b2600
[HYP-012-GDB]   AAR Oracle Read: watched file=0xffffff80044b4b00, f_inode=0xffffff8004010cf8, i_ino=0x9a
[HYP-012-GDB] [HYP-012] Hit ep_show_fdinfo (invocation #123), ep_file=0xffffff80044b2600
[HYP-012-GDB]   AAR Oracle Read: watched file=0xffffff80044b4b00, f_inode=0xffffff8004010cf8, i_ino=0x9a
[HYP-012-GDB] [HYP-012] Hit ep_show_fdinfo (invocation #124), ep_file=0xffffff80044b2600
[HYP-012-GDB]   AAR Oracle Read: watched file=0xffffff80044b4b00, f_inode=0xffffff8004010cf8, i_ino=0x9a
[HYP-012-GDB] [HYP-012] Hit ep_show_fdinfo (invocation #125), ep_file=0xffffff80044b2600
[HYP-012-GDB]   AAR Oracle Read: watched file=0xffffff80044b4b00, f_inode=0xffffff8004010cf8, i_ino=0x9a
[HYP-012-GDB] [HYP-012] Hit ep_show_fdinfo (invocation #126), ep_file=0xffffff80044b2600
[HYP-012-GDB]   AAR Oracle Read: watched file=0xffffff80044b4b00, f_inode=0xffffff8004010cf8, i_ino=0x9a
[HYP-012-GDB] [HYP-012] Hit ep_show_fdinfo (invocation #127), ep_file=0xffffff80044b2600
[HYP-012-GDB]   AAR Oracle Read: watched file=0xffffff80044b4b00, f_inode=0xffffff8004010cf8, i_ino=0x9a
[HYP-012-GDB] [HYP-012] Hit ep_show_fdinfo (invocation #128), ep_file=0xffffff80044b2600
[HYP-012-GDB]   AAR Oracle Read: watched file=0xffffff80044b4b00, f_inode=0xffffff8004010cf8, i_ino=0x9a
[HYP-012-GDB] [HYP-012] Hit ep_show_fdinfo (invocation #129), ep_file=0xffffff80044b2600
[HYP-012-GDB]   AAR Oracle Read: watched file=0xffffff80044b4b00, f_inode=0xffffff8004010cf8, i_ino=0x9a
[HYP-012-GDB] [HYP-012] Hit ep_show_fdinfo (invocation #130), ep_file=0xffffff80044b2600
[HYP-012-GDB]   AAR Oracle Read: watched file=0xffffff80044b4b00, f_inode=0xffffff8004010cf8, i_ino=0x9a
[HYP-012-GDB] [HYP-012] Hit ep_show_fdinfo (invocation #131), ep_file=0xffffff80044b2600
[HYP-012-GDB]   AAR Oracle Read: watched file=0xffffff80044b4b00, f_inode=0xffffff8004010cf8, i_ino=0x9a
[HYP-012-GDB] [HYP-012] Hit ep_show_fdinfo (invocation #132), ep_file=0xffffff80044b2600
[HYP-012-GDB]   AAR Oracle Read: watched file=0xffffff80044b4b00, f_inode=0xffffff8004010cf8, i_ino=0x9a
[HYP-012-GDB] [HYP-012] Hit ep_show_fdinfo (invocation #133), ep_file=0xffffff80044b2600
[HYP-012-GDB]   AAR Oracle Read: watched file=0xffffff80044b4b00, f_inode=0xffffff8004010cf8, i_ino=0x9a
[HYP-012-GDB] [HYP-012] Hit ep_show_fdinfo (invocation #134), ep_file=0xffffff80044b2600
[HYP-012-GDB]   AAR Oracle Read: watched file=0xffffff80044b4b00, f_inode=0xffffff8004010cf8, i_ino=0x9a
[HYP-012-GDB] [HYP-012] Hit ep_show_fdinfo (invocation #135), ep_file=0xffffff80044b2600
[HYP-012-GDB]   AAR Oracle Read: watched file=0xffffff80044b4b00, f_inode=0xffffff8004010cf8, i_ino=0x9a
[HYP-012-GDB] [HYP-012] Hit ep_show_fdinfo (invocation #136), ep_file=0xffffff80044b2600
[HYP-012-GDB]   AAR Oracle Read: watched file=0xffffff80044b4b00, f_inode=0xffffff8004010cf8, i_ino=0x9a
[HYP-012-GDB] [HYP-012] Hit ep_show_fdinfo (invocation #137), ep_file=0xffffff80044b2600
[HYP-012-GDB]   AAR Oracle Read: watched file=0xffffff80044b4b00, f_inode=0xffffff8004010cf8, i_ino=0x9a
[HYP-012-GDB] [HYP-012] Hit ep_show_fdinfo (invocation #138), ep_file=0xffffff80044b2600
[HYP-012-GDB]   AAR Oracle Read: watched file=0xffffff80044b4b00, f_inode=0xffffff8004010cf8, i_ino=0x9a
[HYP-012-GDB] [HYP-012] Hit ep_show_fdinfo (invocation #139), ep_file=0xffffff80044b2600
[HYP-012-GDB]   AAR Oracle Read: watched file=0xffffff80044b4b00, f_inode=0xffffff8004010cf8, i_ino=0x9a
[HYP-012-GDB] [HYP-012] Hit ep_show_fdinfo (invocation #140), ep_file=0xffffff80044b2600
[HYP-012-GDB]   AAR Oracle Read: watched file=0xffffff80044b4b00, f_inode=0xffffff8004010cf8, i_ino=0x9a
[HYP-012-GDB] [HYP-012] Hit ep_show_fdinfo (invocation #141), ep_file=0xffffff80044b2600
[HYP-012-GDB]   AAR Oracle Read: watched file=0xffffff80044b4b00, f_inode=0xffffff8004010cf8, i_ino=0x9a
[HYP-012-GDB] [HYP-012] Hit ep_show_fdinfo (invocation #142), ep_file=0xffffff80044b2600
[HYP-012-GDB]   AAR Oracle Read: watched file=0xffffff80044b4b00, f_inode=0xffffff8004010cf8, i_ino=0x9a
[HYP-012-GDB] [HYP-012] Hit ep_show_fdinfo (invocation #143), ep_file=0xffffff80044b2600
[HYP-012-GDB]   AAR Oracle Read: watched file=0xffffff80044b4b00, f_inode=0xffffff8004010cf8, i_ino=0x9a
[HYP-012-GDB] [HYP-012] Hit ep_show_fdinfo (invocation #144), ep_file=0xffffff80044b2600
[HYP-012-GDB]   AAR Oracle Read: watched file=0xffffff80044b4b00, f_inode=0xffffff8004010cf8, i_ino=0x9a
[HYP-012-GDB] [HYP-012] Hit ep_show_fdinfo (invocation #145), ep_file=0xffffff80044b2600
[HYP-012-GDB]   AAR Oracle Read: watched file=0xffffff80044b4b00, f_inode=0xffffff8004010cf8, i_ino=0x9a
[HYP-012-GDB] [HYP-012] Hit ep_show_fdinfo (invocation #146), ep_file=0xffffff80044b2600
[HYP-012-GDB]   AAR Oracle Read: watched file=0xffffff80044b4b00, f_inode=0xffffff8004010cf8, i_ino=0x9a
[HYP-012-GDB] [HYP-012] Hit ep_show_fdinfo (invocation #147), ep_file=0xffffff80044b2600
[HYP-012-GDB]   AAR Oracle Read: watched file=0xffffff80044b4b00, f_inode=0xffffff8004010cf8, i_ino=0x9a
[HYP-012-GDB] [HYP-012] Hit ep_show_fdinfo (invocation #148), ep_file=0xffffff80044b2600
[HYP-012-GDB]   AAR Oracle Read: watched file=0xffffff80044b4b00, f_inode=0xffffff8004010cf8, i_ino=0x9a
[HYP-012-GDB] [HYP-012] Hit ep_show_fdinfo (invocation #149), ep_file=0xffffff80044b2600
[HYP-012-GDB]   AAR Oracle Read: watched file=0xffffff80044b4b00, f_inode=0xffffff8004010cf8, i_ino=0x9a
[HYP-012-GDB] [HYP-012] Hit ep_show_fdinfo (invocation #150), ep_file=0xffffff80044b2600
[HYP-012-GDB]   AAR Oracle Read: watched file=0xffffff80044b4b00, f_inode=0xffffff8004010cf8, i_ino=0x9a
[HYP-012-GDB] [HYP-012] Hit ep_show_fdinfo (invocation #151), ep_file=0xffffff80044b2600
[HYP-012-GDB]   AAR Oracle Read: watched file=0xffffff80044b4b00, f_inode=0xffffff8004010cf8, i_ino=0x9a
[HYP-012-GDB] [HYP-012] Hit ep_show_fdinfo (invocation #152), ep_file=0xffffff80044b2600
[HYP-012-GDB]   AAR Oracle Read: watched file=0xffffff80044b4b00, f_inode=0xffffff8004010cf8, i_ino=0x9a
[HYP-012-GDB] [HYP-012] Hit ep_show_fdinfo (invocation #153), ep_file=0xffffff80044b2600
[HYP-012-GDB]   AAR Oracle Read: watched file=0xffffff80044b4b00, f_inode=0xffffff8004010cf8, i_ino=0x9a
[HYP-012-GDB] [HYP-012] Hit ep_show_fdinfo (invocation #154), ep_file=0xffffff80044b2600
[HYP-012-GDB]   AAR Oracle Read: watched file=0xffffff80044b4b00, f_inode=0xffffff8004010cf8, i_ino=0x9a
[HYP-012-GDB] [HYP-012] Hit ep_show_fdinfo (invocation #155), ep_file=0xffffff80044b2600
[HYP-012-GDB]   AAR Oracle Read: watched file=0xffffff80044b4b00, f_inode=0xffffff8004010cf8, i_ino=0x9a
[HYP-012-GDB] [HYP-012] Hit ep_show_fdinfo (invocation #156), ep_file=0xffffff80044b2600
[HYP-012-GDB]   AAR Oracle Read: watched file=0xffffff80044b4b00, f_inode=0xffffff8004010cf8, i_ino=0x9a
[HYP-012-GDB] [HYP-012] Hit ep_show_fdinfo (invocation #157), ep_file=0xffffff80044b2600
[HYP-012-GDB]   AAR Oracle Read: watched file=0xffffff80044b4b00, f_inode=0xffffff8004010cf8, i_ino=0x9a
[HYP-012-GDB] [HYP-012] Hit ep_show_fdinfo (invocation #158), ep_file=0xffffff80044b2600
[HYP-012-GDB]   AAR Oracle Read: watched file=0xffffff80044b4b00, f_inode=0xffffff8004010cf8, i_ino=0x9a
[HYP-012-GDB] [HYP-012] Hit ep_show_fdinfo (invocation #159), ep_file=0xffffff80044b2600
[HYP-012-GDB]   AAR Oracle Read: watched file=0xffffff80044b4b00, f_inode=0xffffff8004010cf8, i_ino=0x9a
[HYP-012-GDB] [HYP-012] Hit ep_show_fdinfo (invocation #160), ep_file=0xffffff80044b2600
[HYP-012-GDB]   AAR Oracle Read: watched file=0xffffff80044b4b00, f_inode=0xffffff8004010cf8, i_ino=0x9a
[HYP-012-GDB] [HYP-012] Hit ep_show_fdinfo (invocation #161), ep_file=0xffffff80044b2600
[HYP-012-GDB]   AAR Oracle Read: watched file=0xffffff80044b4b00, f_inode=0xffffff8004010cf8, i_ino=0x9a
[HYP-012-GDB] [HYP-012] Hit ep_show_fdinfo (invocation #162), ep_file=0xffffff80044b2600
[HYP-012-GDB]   AAR Oracle Read: watched file=0xffffff80044b4b00, f_inode=0xffffff8004010cf8, i_ino=0x9a
[HYP-012-GDB] [HYP-012] Hit ep_show_fdinfo (invocation #163), ep_file=0xffffff80044b2600
[HYP-012-GDB]   AAR Oracle Read: watched file=0xffffff80044b4b00, f_inode=0xffffff8004010cf8, i_ino=0x9a
[HYP-012-GDB] [HYP-012] Hit ep_show_fdinfo (invocation #164), ep_file=0xffffff80044b2600
[HYP-012-GDB]   AAR Oracle Read: watched file=0xffffff80044b4b00, f_inode=0xffffff8004010cf8, i_ino=0x9a
[HYP-012-GDB] [HYP-012] Hit ep_show_fdinfo (invocation #165), ep_file=0xffffff80044b2600
[HYP-012-GDB]   AAR Oracle Read: watched file=0xffffff80044b4b00, f_inode=0xffffff8004010cf8, i_ino=0x9a
[HYP-012-GDB] [HYP-012] Hit ep_show_fdinfo (invocation #166), ep_file=0xffffff80044b2600
[HYP-012-GDB]   AAR Oracle Read: watched file=0xffffff80044b4b00, f_inode=0xffffff8004010cf8, i_ino=0x9a
[HYP-012-GDB] [HYP-012] Hit ep_show_fdinfo (invocation #167), ep_file=0xffffff80044b2600
[HYP-012-GDB]   AAR Oracle Read: watched file=0xffffff80044b4b00, f_inode=0xffffff8004010cf8, i_ino=0x9a
[HYP-012-GDB] [HYP-012] Hit ep_show_fdinfo (invocation #168), ep_file=0xffffff80044b2600
[HYP-012-GDB]   AAR Oracle Read: watched file=0xffffff80044b4b00, f_inode=0xffffff8004010cf8, i_ino=0x9a
[HYP-012-GDB] [HYP-012] Hit ep_show_fdinfo (invocation #169), ep_file=0xffffff80044b2600
[HYP-012-GDB]   AAR Oracle Read: watched file=0xffffff80044b4b00, f_inode=0xffffff8004010cf8, i_ino=0x9a
[HYP-012-GDB] [HYP-012] Hit ep_show_fdinfo (invocation #170), ep_file=0xffffff80044b2600
[HYP-012-GDB]   AAR Oracle Read: watched file=0xffffff80044b4b00, f_inode=0xffffff8004010cf8, i_ino=0x9a
[HYP-012-GDB] [HYP-012] Hit ep_show_fdinfo (invocation #171), ep_file=0xffffff80044b2600
[HYP-012-GDB]   AAR Oracle Read: watched file=0xffffff80044b4b00, f_inode=0xffffff8004010cf8, i_ino=0x9a
[HYP-012-GDB] [HYP-012] Hit ep_show_fdinfo (invocation #172), ep_file=0xffffff80044b2600
[HYP-012-GDB]   AAR Oracle Read: watched file=0xffffff80044b4b00, f_inode=0xffffff8004010cf8, i_ino=0x9a
[HYP-012-GDB] [HYP-012] Hit ep_show_fdinfo (invocation #173), ep_file=0xffffff80044b2600
[HYP-012-GDB]   AAR Oracle Read: watched file=0xffffff80044b4b00, f_inode=0xffffff8004010cf8, i_ino=0x9a
[HYP-012-GDB] [HYP-012] Hit ep_show_fdinfo (invocation #174), ep_file=0xffffff80044b2600
[HYP-012-GDB]   AAR Oracle Read: watched file=0xffffff80044b4b00, f_inode=0xffffff8004010cf8, i_ino=0x9a
[HYP-012-GDB] [HYP-012] Hit ep_show_fdinfo (invocation #175), ep_file=0xffffff80044b2600
[HYP-012-GDB]   AAR Oracle Read: watched file=0xffffff80044b4b00, f_inode=0xffffff8004010cf8, i_ino=0x9a
[HYP-012-GDB] [HYP-012] Hit ep_show_fdinfo (invocation #176), ep_file=0xffffff80044b2600
[HYP-012-GDB]   AAR Oracle Read: watched file=0xffffff80044b4b00, f_inode=0xffffff8004010cf8, i_ino=0x9a
[HYP-012-GDB] [HYP-012] Hit ep_show_fdinfo (invocation #177), ep_file=0xffffff80044b2600
[HYP-012-GDB]   AAR Oracle Read: watched file=0xffffff80044b4b00, f_inode=0xffffff8004010cf8, i_ino=0x9a
[HYP-012-GDB] [HYP-012] Hit ep_show_fdinfo (invocation #178), ep_file=0xffffff80044b2600
[HYP-012-GDB]   AAR Oracle Read: watched file=0xffffff80044b4b00, f_inode=0xffffff8004010cf8, i_ino=0x9a
[HYP-012-GDB] [HYP-012] Hit ep_show_fdinfo (invocation #179), ep_file=0xffffff80044b2600
[HYP-012-GDB]   AAR Oracle Read: watched file=0xffffff80044b4b00, f_inode=0xffffff8004010cf8, i_ino=0x9a
[HYP-012-GDB] [HYP-012] Hit ep_show_fdinfo (invocation #180), ep_file=0xffffff80044b2600
[HYP-012-GDB]   AAR Oracle Read: watched file=0xffffff80044b4b00, f_inode=0xffffff8004010cf8, i_ino=0x9a
[HYP-012-GDB] [HYP-012] Hit ep_show_fdinfo (invocation #181), ep_file=0xffffff80044b2600
[HYP-012-GDB]   AAR Oracle Read: watched file=0xffffff80044b4b00, f_inode=0xffffff8004010cf8, i_ino=0x9a
[HYP-012-GDB] [HYP-012] Hit ep_show_fdinfo (invocation #182), ep_file=0xffffff80044b2600
[HYP-012-GDB]   AAR Oracle Read: watched file=0xffffff80044b4b00, f_inode=0xffffff8004010cf8, i_ino=0x9a
[HYP-012-GDB] [HYP-012] Hit ep_show_fdinfo (invocation #183), ep_file=0xffffff80044b2600
[HYP-012-GDB]   AAR Oracle Read: watched file=0xffffff80044b4b00, f_inode=0xffffff8004010cf8, i_ino=0x9a
[HYP-012-GDB] [HYP-012] Hit ep_show_fdinfo (invocation #184), ep_file=0xffffff80044b2600
[HYP-012-GDB]   AAR Oracle Read: watched file=0xffffff80044b4b00, f_inode=0xffffff8004010cf8, i_ino=0x9a
[HYP-012-GDB] [HYP-012] Hit ep_show_fdinfo (invocation #185), ep_file=0xffffff80044b2600
[HYP-012-GDB]   AAR Oracle Read: watched file=0xffffff80044b4b00, f_inode=0xffffff8004010cf8, i_ino=0x9a
[HYP-012-GDB] [HYP-012] Hit ep_show_fdinfo (invocation #186), ep_file=0xffffff80044b2600
[HYP-012-GDB]   AAR Oracle Read: watched file=0xffffff80044b4b00, f_inode=0xffffff8004010cf8, i_ino=0x9a
[HYP-012-GDB] [HYP-012] Hit ep_show_fdinfo (invocation #187), ep_file=0xffffff80044b2600
[HYP-012-GDB]   AAR Oracle Read: watched file=0xffffff80044b4b00, f_inode=0xffffff8004010cf8, i_ino=0x9a
[HYP-012-GDB] [HYP-012] Hit ep_show_fdinfo (invocation #188), ep_file=0xffffff80044b2600
[HYP-012-GDB]   AAR Oracle Read: watched file=0xffffff80044b4b00, f_inode=0xffffff8004010cf8, i_ino=0x9a
[HYP-012-GDB] [HYP-012] Hit ep_show_fdinfo (invocation #189), ep_file=0xffffff80044b2600
[HYP-012-GDB]   AAR Oracle Read: watched file=0xffffff80044b4b00, f_inode=0xffffff8004010cf8, i_ino=0x9a
[HYP-012-GDB] [HYP-012] Hit ep_show_fdinfo (invocation #190), ep_file=0xffffff80044b2600
[HYP-012-GDB]   AAR Oracle Read: watched file=0xffffff80044b4b00, f_inode=0xffffff8004010cf8, i_ino=0x9a
[HYP-012-GDB] [HYP-012] Hit ep_show_fdinfo (invocation #191), ep_file=0xffffff80044b2600
[HYP-012-GDB]   AAR Oracle Read: watched file=0xffffff80044b4b00, f_inode=0xffffff8004010cf8, i_ino=0x9a
[HYP-012-GDB] [HYP-012] Hit ep_show_fdinfo (invocation #192), ep_file=0xffffff80044b2600
[HYP-012-GDB]   AAR Oracle Read: watched file=0xffffff80044b4b00, f_inode=0xffffff8004010cf8, i_ino=0x9a
[HYP-012-GDB] [HYP-012] Hit ep_show_fdinfo (invocation #193), ep_file=0xffffff80044b2600
[HYP-012-GDB]   AAR Oracle Read: watched file=0xffffff80044b4b00, f_inode=0xffffff8004010cf8, i_ino=0x9a
[HYP-012-GDB] [HYP-012] Hit ep_show_fdinfo (invocation #194), ep_file=0xffffff80044b2600
[HYP-012-GDB]   AAR Oracle Read: watched file=0xffffff80044b4b00, f_inode=0xffffff8004010cf8, i_ino=0x9a
[HYP-012-GDB] [HYP-012] Hit ep_show_fdinfo (invocation #195), ep_file=0xffffff80044b2600
[HYP-012-GDB]   AAR Oracle Read: watched file=0xffffff80044b4b00, f_inode=0xffffff8004010cf8, i_ino=0x9a
[HYP-012-GDB] [HYP-012] Hit ep_show_fdinfo (invocation #196), ep_file=0xffffff80044b2600
[HYP-012-GDB]   AAR Oracle Read: watched file=0xffffff80044b4b00, f_inode=0xffffff8004010cf8, i_ino=0x9a
[HYP-012-GDB] [HYP-012] Hit ep_show_fdinfo (invocation #197), ep_file=0xffffff80044b2600
[HYP-012-GDB]   AAR Oracle Read: watched file=0xffffff80044b4b00, f_inode=0xffffff8004010cf8, i_ino=0x9a
[HYP-012-GDB] [HYP-012] Hit ep_show_fdinfo (invocation #198), ep_file=0xffffff80044b2600
[HYP-012-GDB]   AAR Oracle Read: watched file=0xffffff80044b4b00, f_inode=0xffffff8004010cf8, i_ino=0x9a
[HYP-012-GDB] [HYP-012] Hit ep_show_fdinfo (invocation #199), ep_file=0xffffff80044b2600
[HYP-012-GDB]   AAR Oracle Read: watched file=0xffffff80044b4b00, f_inode=0xffffff8004010cf8, i_ino=0x9a
[HYP-012-GDB] [HYP-012] Hit ep_show_fdinfo (invocation #200), ep_file=0xffffff80044b2600
[HYP-012-GDB]   AAR Oracle Read: watched file=0xffffff80044b4b00, f_inode=0xffffff8004010cf8, i_ino=0x9a
[HYP-012-GDB] [HYP-012] Hit ep_show_fdinfo (invocation #201), ep_file=0xffffff80044b2600
[HYP-012-GDB]   AAR Oracle Read: watched file=0xffffff80044b4b00, f_inode=0xffffff8004010cf8, i_ino=0x9a
[HYP-012-GDB] [HYP-012] Hit ep_show_fdinfo (invocation #202), ep_file=0xffffff80044b2600
[HYP-012-GDB]   AAR Oracle Read: watched file=0xffffff80044b4b00, f_inode=0xffffff8004010cf8, i_ino=0x9a
[HYP-012-GDB] [HYP-012] Hit ep_show_fdinfo (invocation #203), ep_file=0xffffff80044b2600
[HYP-012-GDB]   AAR Oracle Read: watched file=0xffffff80044b4b00, f_inode=0xffffff8004010cf8, i_ino=0x9a
[HYP-012-GDB] [HYP-012] Hit ep_show_fdinfo (invocation #204), ep_file=0xffffff80044b2600
[HYP-012-GDB]   AAR Oracle Read: watched file=0xffffff80044b4b00, f_inode=0xffffff8004010cf8, i_ino=0x9a
[HYP-012-GDB] [HYP-012] Hit ep_show_fdinfo (invocation #205), ep_file=0xffffff80044b2600
[HYP-012-GDB]   AAR Oracle Read: watched file=0xffffff80044b4b00, f_inode=0xffffff8004010cf8, i_ino=0x9a
[HYP-012-GDB] [HYP-012] Hit ep_show_fdinfo (invocation #206), ep_file=0xffffff80044b2600
[HYP-012-GDB]   AAR Oracle Read: watched file=0xffffff80044b4b00, f_inode=0xffffff8004010cf8, i_ino=0x9a
[HYP-012-GDB] [HYP-012] Hit ep_show_fdinfo (invocation #207), ep_file=0xffffff80044b2600
[HYP-012-GDB]   AAR Oracle Read: watched file=0xffffff80044b4b00, f_inode=0xffffff8004010cf8, i_ino=0x9a
[HYP-012-GDB] [HYP-012] Hit ep_show_fdinfo (invocation #208), ep_file=0xffffff80044b2600
[HYP-012-GDB]   AAR Oracle Read: watched file=0xffffff80044b4b00, f_inode=0xffffff8004010cf8, i_ino=0x9a
[HYP-012-GDB] [HYP-012] Hit ep_show_fdinfo (invocation #209), ep_file=0xffffff80044b2600
[HYP-012-GDB]   AAR Oracle Read: watched file=0xffffff80044b4b00, f_inode=0xffffff8004010cf8, i_ino=0x9a
[HYP-012-GDB] [HYP-012] Hit ep_show_fdinfo (invocation #210), ep_file=0xffffff80044b2600
[HYP-012-GDB]   AAR Oracle Read: watched file=0xffffff80044b4b00, f_inode=0xffffff8004010cf8, i_ino=0x9a
[HYP-012-GDB] [HYP-012] Hit ep_show_fdinfo (invocation #211), ep_file=0xffffff80044b2600
[HYP-012-GDB]   AAR Oracle Read: watched file=0xffffff80044b4b00, f_inode=0xffffff8004010cf8, i_ino=0x9a
[HYP-012-GDB] [HYP-012] Hit ep_show_fdinfo (invocation #212), ep_file=0xffffff80044b2600
[HYP-012-GDB]   AAR Oracle Read: watched file=0xffffff80044b4b00, f_inode=0xffffff8004010cf8, i_ino=0x9a
[HYP-012-GDB] [HYP-012] Hit ep_show_fdinfo (invocation #213), ep_file=0xffffff80044b2600
[HYP-012-GDB]   AAR Oracle Read: watched file=0xffffff80044b4b00, f_inode=0xffffff8004010cf8, i_ino=0x9a
[HYP-012-GDB] [HYP-012] Hit ep_show_fdinfo (invocation #214), ep_file=0xffffff80044b2600
[HYP-012-GDB]   AAR Oracle Read: watched file=0xffffff80044b4b00, f_inode=0xffffff8004010cf8, i_ino=0x9a
[HYP-012-GDB] [HYP-012] Hit ep_show_fdinfo (invocation #215), ep_file=0xffffff80044b2600
[HYP-012-GDB]   AAR Oracle Read: watched file=0xffffff80044b4b00, f_inode=0xffffff8004010cf8, i_ino=0x9a
[HYP-012-GDB] [HYP-012] Hit ep_show_fdinfo (invocation #216), ep_file=0xffffff80044b2600
[HYP-012-GDB]   AAR Oracle Read: watched file=0xffffff80044b4b00, f_inode=0xffffff8004010cf8, i_ino=0x9a
[HYP-012-GDB] [HYP-012] Hit ep_show_fdinfo (invocation #217), ep_file=0xffffff80044b2600
[HYP-012-GDB]   AAR Oracle Read: watched file=0xffffff80044b4b00, f_inode=0xffffff8004010cf8, i_ino=0x9a
[HYP-012-GDB] [HYP-012] Hit ep_show_fdinfo (invocation #218), ep_file=0xffffff80044b2600
[HYP-012-GDB]   AAR Oracle Read: watched file=0xffffff80044b4b00, f_inode=0xffffff8004010cf8, i_ino=0x9a
[HYP-012-GDB] [HYP-012] Hit ep_show_fdinfo (invocation #219), ep_file=0xffffff80044b2600
[HYP-012-GDB]   AAR Oracle Read: watched file=0xffffff80044b4b00, f_inode=0xffffff8004010cf8, i_ino=0x9a
[HYP-012-GDB] [HYP-012] Hit ep_show_fdinfo (invocation #220), ep_file=0xffffff80044b2600
[HYP-012-GDB]   AAR Oracle Read: watched file=0xffffff80044b4b00, f_inode=0xffffff8004010cf8, i_ino=0x9a
[HYP-012-GDB] [HYP-012] Hit ep_show_fdinfo (invocation #221), ep_file=0xffffff80044b2600
[HYP-012-GDB]   AAR Oracle Read: watched file=0xffffff80044b4b00, f_inode=0xffffff8004010cf8, i_ino=0x9a
[HYP-012-GDB] [HYP-012] Hit ep_show_fdinfo (invocation #222), ep_file=0xffffff80044b2600
[HYP-012-GDB]   AAR Oracle Read: watched file=0xffffff80044b4b00, f_inode=0xffffff8004010cf8, i_ino=0x9a
[HYP-012-GDB] [HYP-012] Hit ep_show_fdinfo (invocation #223), ep_file=0xffffff80044b2600
[HYP-012-GDB]   AAR Oracle Read: watched file=0xffffff80044b4b00, f_inode=0xffffff8004010cf8, i_ino=0x9a
[HYP-012-GDB] [HYP-012] Hit ep_show_fdinfo (invocation #224), ep_file=0xffffff80044b2600
[HYP-012-GDB]   AAR Oracle Read: watched file=0xffffff80044b4b00, f_inode=0xffffff8004010cf8, i_ino=0x9a
[HYP-012-GDB] [HYP-012] Hit ep_show_fdinfo (invocation #225), ep_file=0xffffff80044b2600
[HYP-012-GDB]   AAR Oracle Read: watched file=0xffffff80044b4b00, f_inode=0xffffff8004010cf8, i_ino=0x9a
[HYP-012-GDB] [HYP-012] Hit ep_show_fdinfo (invocation #226), ep_file=0xffffff80044b2600
[HYP-012-GDB]   AAR Oracle Read: watched file=0xffffff80044b4b00, f_inode=0xffffff8004010cf8, i_ino=0x9a
[HYP-012-GDB] [HYP-012] Hit ep_show_fdinfo (invocation #227), ep_file=0xffffff80044b2600
[HYP-012-GDB]   AAR Oracle Read: watched file=0xffffff80044b4b00, f_inode=0xffffff8004010cf8, i_ino=0x9a
[HYP-012-GDB] [HYP-012] Hit ep_show_fdinfo (invocation #228), ep_file=0xffffff80044b2600
[HYP-012-GDB]   AAR Oracle Read: watched file=0xffffff80044b4b00, f_inode=0xffffff8004010cf8, i_ino=0x9a
[HYP-012-GDB] [HYP-012] Hit ep_show_fdinfo (invocation #229), ep_file=0xffffff80044b2600
[HYP-012-GDB]   AAR Oracle Read: watched file=0xffffff80044b4b00, f_inode=0xffffff8004010cf8, i_ino=0x9a
[HYP-012-GDB] [HYP-012] Hit ep_show_fdinfo (invocation #230), ep_file=0xffffff80044b2600
[HYP-012-GDB]   AAR Oracle Read: watched file=0xffffff80044b4b00, f_inode=0xffffff8004010cf8, i_ino=0x9a
[HYP-012-GDB] [HYP-012] Hit ep_show_fdinfo (invocation #231), ep_file=0xffffff80044b2600
[HYP-012-GDB]   AAR Oracle Read: watched file=0xffffff80044b4b00, f_inode=0xffffff8004010cf8, i_ino=0x9a
[HYP-012-GDB] [HYP-012] Hit ep_show_fdinfo (invocation #232), ep_file=0xffffff80044b2600
[HYP-012-GDB]   AAR Oracle Read: watched file=0xffffff80044b4b00, f_inode=0xffffff8004010cf8, i_ino=0x9a
[HYP-012-GDB] [HYP-012] Hit ep_show_fdinfo (invocation #233), ep_file=0xffffff80044b2600
[HYP-012-GDB]   AAR Oracle Read: watched file=0xffffff80044b4b00, f_inode=0xffffff8004010cf8, i_ino=0x9a
[HYP-012-GDB] [HYP-012] Hit ep_show_fdinfo (invocation #234), ep_file=0xffffff80044b2600
[HYP-012-GDB]   AAR Oracle Read: watched file=0xffffff80044b4b00, f_inode=0xffffff8004010cf8, i_ino=0x9a
[HYP-012-GDB] [HYP-012] Hit ep_show_fdinfo (invocation #235), ep_file=0xffffff80044b2600
[HYP-012-GDB]   AAR Oracle Read: watched file=0xffffff80044b4b00, f_inode=0xffffff8004010cf8, i_ino=0x9a
[HYP-012-GDB] [HYP-012] Hit ep_show_fdinfo (invocation #236), ep_file=0xffffff80044b2600
[HYP-012-GDB]   AAR Oracle Read: watched file=0xffffff80044b4b00, f_inode=0xffffff8004010cf8, i_ino=0x9a
[HYP-012-GDB] [HYP-012] Hit ep_show_fdinfo (invocation #237), ep_file=0xffffff80044b2600
[HYP-012-GDB]   AAR Oracle Read: watched file=0xffffff80044b4b00, f_inode=0xffffff8004010cf8, i_ino=0x9a
[HYP-012-GDB] [HYP-012] Hit ep_show_fdinfo (invocation #238), ep_file=0xffffff80044b2600
[HYP-012-GDB]   AAR Oracle Read: watched file=0xffffff80044b4b00, f_inode=0xffffff8004010cf8, i_ino=0x9a
[HYP-012-GDB] [HYP-012] Hit ep_show_fdinfo (invocation #239), ep_file=0xffffff80044b2600
[HYP-012-GDB]   AAR Oracle Read: watched file=0xffffff80044b4b00, f_inode=0xffffff8004010cf8, i_ino=0x9a
[HYP-012-GDB] [HYP-012] Hit ep_show_fdinfo (invocation #240), ep_file=0xffffff80044b2600
[HYP-012-GDB]   AAR Oracle Read: watched file=0xffffff80044b4b00, f_inode=0xffffff8004010cf8, i_ino=0x9a
[HYP-012-GDB] [HYP-012] Hit ep_show_fdinfo (invocation #241), ep_file=0xffffff80044b2600
[HYP-012-GDB]   AAR Oracle Read: watched file=0xffffff80044b4b00, f_inode=0xffffff8004010cf8, i_ino=0x9a
[HYP-012-GDB] [HYP-012] Hit ep_show_fdinfo (invocation #242), ep_file=0xffffff80044b2600
[HYP-012-GDB]   AAR Oracle Read: watched file=0xffffff80044b4b00, f_inode=0xffffff8004010cf8, i_ino=0x9a
[HYP-012-GDB] [HYP-012] Hit ep_show_fdinfo (invocation #243), ep_file=0xffffff80044b2600
[HYP-012-GDB]   AAR Oracle Read: watched file=0xffffff80044b4b00, f_inode=0xffffff8004010cf8, i_ino=0x9a
[HYP-012-GDB] [HYP-012] Hit ep_show_fdinfo (invocation #244), ep_file=0xffffff80044b2600
[HYP-012-GDB]   AAR Oracle Read: watched file=0xffffff80044b4b00, f_inode=0xffffff8004010cf8, i_ino=0x9a
[HYP-012-GDB] [HYP-012] Hit ep_show_fdinfo (invocation #245), ep_file=0xffffff80044b2600
[HYP-012-GDB]   AAR Oracle Read: watched file=0xffffff80044b4b00, f_inode=0xffffff8004010cf8, i_ino=0x9a
[HYP-012-GDB] [HYP-012] Hit ep_show_fdinfo (invocation #246), ep_file=0xffffff80044b2600
[HYP-012-GDB]   AAR Oracle Read: watched file=0xffffff80044b4b00, f_inode=0xffffff8004010cf8, i_ino=0x9a
[HYP-012-GDB] [HYP-012] Hit ep_show_fdinfo (invocation #247), ep_file=0xffffff80044b2600
[HYP-012-GDB]   AAR Oracle Read: watched file=0xffffff80044b4b00, f_inode=0xffffff8004010cf8, i_ino=0x9a
[HYP-012-GDB] [HYP-012] Hit ep_show_fdinfo (invocation #248), ep_file=0xffffff80044b2600
[HYP-012-GDB]   AAR Oracle Read: watched file=0xffffff80044b4b00, f_inode=0xffffff8004010cf8, i_ino=0x9a
[HYP-012-GDB] [HYP-012] Hit ep_show_fdinfo (invocation #249), ep_file=0xffffff80044b2600
[HYP-012-GDB]   AAR Oracle Read: watched file=0xffffff80044b4b00, f_inode=0xffffff8004010cf8, i_ino=0x9a
[HYP-012-GDB] [HYP-012] Hit ep_show_fdinfo (invocation #250), ep_file=0xffffff80044b2600
[HYP-012-GDB]   AAR Oracle Read: watched file=0xffffff80044b4b00, f_inode=0xffffff8004010cf8, i_ino=0x9a
[HYP-012-GDB] [HYP-012] Hit ep_show_fdinfo (invocation #251), ep_file=0xffffff80044b2600
[HYP-012-GDB]   AAR Oracle Read: watched file=0xffffff80044b4b00, f_inode=0xffffff8004010cf8, i_ino=0x9a
[HYP-012-GDB] [HYP-012] Hit ep_show_fdinfo (invocation #252), ep_file=0xffffff80044b2600
[HYP-012-GDB]   AAR Oracle Read: watched file=0xffffff80044b4b00, f_inode=0xffffff8004010cf8, i_ino=0x9a
[HYP-012-GDB] [HYP-012] Hit ep_show_fdinfo (invocation #253), ep_file=0xffffff80044b2600
[HYP-012-GDB]   AAR Oracle Read: watched file=0xffffff80044b4b00, f_inode=0xffffff8004010cf8, i_ino=0x9a
[HYP-012-GDB] [HYP-012] Hit ep_show_fdinfo (invocation #254), ep_file=0xffffff80044b2600
[HYP-012-GDB]   AAR Oracle Read: watched file=0xffffff80044b4b00, f_inode=0xffffff8004010cf8, i_ino=0x9a
[HYP-012-GDB] [HYP-012] Hit ep_show_fdinfo (invocation #255), ep_file=0xffffff80044b2600
[HYP-012-GDB]   AAR Oracle Read: watched file=0xffffff80044b4b00, f_inode=0xffffff8004010cf8, i_ino=0x9a
[HYP-012-GDB] [HYP-012] Hit ep_show_fdinfo (invocation #256), ep_file=0xffffff80044b2600
[HYP-012-GDB]   AAR Oracle Read: watched file=0xffffff80044b4b00, f_inode=0xffffff8004010cf8, i_ino=0x9a
[HYP-012-GDB] Execution completed. Summary:
[HYP-012-GDB]   fdinfo_count=256
[HYP-012-GDB]   swaps_poll_count=0
