==========================================================
[*] Launching QEMU Android ARM64 Runtime
    Kernel:  /mnt/work/company/cyphermatrix/repos/bad-epoll-lab/tier2/android/artifacts/Image
    Ramdisk: /mnt/work/company/cyphermatrix/repos/bad-epoll-lab/tier2/initramfs.cpio
    CPUs: 2 | RAM: 2048
    Cmdline: console=ttyAMA0 root=/dev/ram0 kasan=on earlycon=pl011,0x09000000 printk.devkmsg=on rw
==========================================================
    To exit QEMU at any time, press: Ctrl-a then x
==========================================================

[    0.000000][    T0] Booting Linux on physical CPU 0x0000000000 [0x411fd070]
[    0.000000][    T0] Linux version 6.1.23-android14-4-maybe-dirty (build-user@build-host) (Android (10087095, +pgo, +bolt, +lto, -mlgo, based on r487747c) clang version 17.0.2 (https://android.googlesource.com/toolchain/llvm-project d9f89f4d16663d5012e5c09495f3b30ece3d2362), LLD 17.0.2) #1 SMP PREEMPT Thu Jan  1 00:00:00 UTC 1970
[    0.000000][    T0] random: crng init done
[    0.000000][    T0] Machine model: linux,dummy-virt
[    0.000000][    T0] Stack Depot is disabled
[    0.000000][    T0] KVM is not available. Ignoring kvm-arm.mode
[    0.000000][    T0] earlycon: pl11 at MMIO 0x0000000009000000 (options '')
[    0.000000][    T0] printk: bootconsole [pl11] enabled
[    0.000000][    T0] efi: UEFI not found.
[    0.000000][    T0] Zone ranges:
[    0.000000][    T0]   DMA32    [mem 0x0000000040000000-0x00000000bfffffff]
[    0.000000][    T0]   Normal   empty
[    0.000000][    T0]   Device   empty
[    0.000000][    T0] Movable zone start for each node
[    0.000000][    T0] Early memory node ranges
[    0.000000][    T0]   node   0: [mem 0x0000000040000000-0x00000000bfffffff]
[    0.000000][    T0] Initmem setup node 0 [mem 0x0000000040000000-0x00000000bfffffff]
[    0.000000][    T0] cma: Reserved 16 MiB at 0x00000000bc800000
[    0.000000][    T0] psci: probing for conduit method from DT.
[    0.000000][    T0] psci: PSCIv1.1 detected in firmware.
[    0.000000][    T0] psci: Using standard PSCI v0.2 function IDs
[    0.000000][    T0] psci: Trusted OS migration not required
[    0.000000][    T0] psci: SMC Calling Convention v1.0
[    0.000000][    T0] 'bootconfig' found on command line, but no bootconfig found
[    0.000000][    T0] percpu: Embedded 29 pages/cpu s80936 r8192 d29656 u118784
[    0.000000][    T0] Detected PIPT I-cache on CPU0
[    0.000000][    T0] CPU features: SYS_ID_AA64MMFR1_EL1[11:8]: already set to 0
[    0.000000][    T0] CPU features: detected: Spectre-v2
[    0.000000][    T0] CPU features: detected: Spectre-v3a
[    0.000000][    T0] CPU features: detected: Spectre-v4
[    0.000000][    T0] CPU features: detected: Spectre-BHB
[    0.000000][    T0] CPU features: kernel page table isolation forced ON by KASLR
[    0.000000][    T0] CPU features: detected: Kernel page table isolation (KPTI)
[    0.000000][    T0] CPU features: detected: ARM erratum 834220
[    0.000000][    T0] CPU features: detected: ARM erratum 1742098
[    0.000000][    T0] CPU features: detected: ARM erratum 832075
[    0.000000][    T0] CPU features: detected: ARM errata 1165522, 1319367, or 1530923
[    0.000000][    T0] alternatives: applying boot alternatives
[    0.000000][    T0] Built 1 zonelists, mobility grouping on.  Total pages: 516096
[    0.000000][    T0] Kernel command line: console=ttynull stack_depot_disable=on cgroup_disable=pressure kasan.page_alloc.sample=10 kasan.stacktrace=off kvm-arm.mode=protected bootconfig ioremap_guard console=ttyAMA0 root=/dev/ram0 kasan=on earlycon=pl011,0x09000000 printk.devkmsg=on rw
[    0.000000][    T0] cgroup: Disabling pressure control group feature
[    0.000000][    T0] Dentry cache hash table entries: 262144 (order: 9, 2097152 bytes, linear)
[    0.000000][    T0] Inode-cache hash table entries: 131072 (order: 8, 1048576 bytes, linear)
[    0.000000][    T0] mem auto-init: stack:all(zero), heap alloc:on, heap free:off
[    0.000000][    T0] Memory: 2006396K/2097152K available (16768K kernel code, 1878K rwdata, 10648K rodata, 1344K init, 600K bss, 74372K reserved, 16384K cma-reserved)
[    0.000000][    T0] SLUB: HWalign=64, Order=0-3, MinObjects=0, CPUs=2, Nodes=1
[    0.000000][    T0] trace event string verifier disabled
[    0.000000][    T0] rcu: Preemptible hierarchical RCU implementation.
[    0.000000][    T0] rcu: 	RCU event tracing is enabled.
[    0.000000][    T0] rcu: 	RCU restricting CPUs from NR_CPUS=32 to nr_cpu_ids=2.
[    0.000000][    T0] rcu: 	RCU priority boosting: priority 1 delay 500 ms.
[    0.000000][    T0] 	Trampoline variant of Tasks RCU enabled.
[    0.000000][    T0] 	Tracing variant of Tasks RCU enabled.
[    0.000000][    T0] rcu: RCU calculated value of scheduler-enlistment delay is 25 jiffies.
[    0.000000][    T0] rcu: Adjusting geometry for rcu_fanout_leaf=16, nr_cpu_ids=2
[    0.000000][    T0] NR_IRQS: 64, nr_irqs: 64, preallocated irqs: 0
[    0.000000][    T0] Root IRQ handler: gic_handle_irq
[    0.000000][    T0] GICv2m: range[mem 0x08020000-0x08020fff], SPI[80:143]
[    0.000000][    T0] rcu: srcu_init: Setting srcu_struct sizes based on contention.
[    0.000000][    T0] arch_timer: cp15 timer(s) running at 62.50MHz (virt).
[    0.000000][    T0] clocksource: arch_sys_counter: mask: 0x1ffffffffffffff max_cycles: 0x1cd42e208c, max_idle_ns: 881590405314 ns
[    0.000258][    T0] sched_clock: 57 bits at 63MHz, resolution 16ns, wraps every 4398046511096ns
[    0.016039][    T0] kfence: initialized - using 524288 bytes for 63 objects at 0x(____ptrval____)-0x(____ptrval____)
[    0.107823][    T0] Calibrating delay loop (skipped), value calculated using timer frequency.. 125.00 BogoMIPS (lpj=250000)
[    0.109431][    T0] pid_max: default: 32768 minimum: 301
[    0.132443][    T0] LSM: Security Framework initializing
[    0.139064][    T0] SELinux:  Initializing.
[    0.185430][    T0] Mount-cache hash table entries: 4096 (order: 3, 32768 bytes, linear)
[    0.187633][    T0] Mountpoint-cache hash table entries: 4096 (order: 3, 32768 bytes, linear)
[    0.379077][    T1] cacheinfo: Unable to detect cache hierarchy for CPU 0
[    0.416718][    T1] cblist_init_generic: Setting adjustable number of callback queues.
[    0.423396][    T1] cblist_init_generic: Setting shift to 1 and lim to 1.
[    0.443892][    T1] cblist_init_generic: Setting shift to 1 and lim to 1.
[    0.493829][    T1] rcu: Hierarchical SRCU implementation.
[    0.494592][    T1] rcu: 	Max phase no-delay instances is 1000.
[    0.555183][    T1] dyndbg: Ignore empty _ddebug table in a CONFIG_DYNAMIC_DEBUG_CORE build
[    0.559738][    T1] EFI services will not be available.
[    0.618237][    T1] smp: Bringing up secondary CPUs ...
[    0.734850][    T0] Detected PIPT I-cache on CPU1
[    0.743341][    T0] cacheinfo: Unable to detect cache hierarchy for CPU 1
[    0.749598][    T0] CPU1: Booted secondary processor 0x0000000001 [0x411fd070]
[    0.813439][    T1] smp: Brought up 1 node, 2 CPUs
[    0.816918][    T1] SMP: Total of 2 processors activated.
[    0.817731][    T1] CPU features: detected: 32-bit EL0 Support
[    0.819303][    T1] CPU features: detected: 32-bit EL1 Support
[    0.820918][    T1] CPU features: detected: CRC32 instructions
[    0.884710][    T1] CPU features: emulated: Privileged Access Never (PAN) using TTBR0_EL1 switching
[    0.887901][    T1] CPU: All CPU(s) started at EL1
[    0.889293][    T1] alternatives: applying system-wide alternatives
[    1.868160][    T1] Registered cp15_barrier emulation handler
[    1.885834][    T1] Registered setend emulation handler
[    1.935139][    T1] clocksource: jiffies: mask: 0xffffffff max_cycles: 0xffffffff, max_idle_ns: 7645041785100000 ns
[    1.943093][    T1] futex hash table entries: 512 (order: 3, 32768 bytes, linear)
[    2.074905][    T1] pinctrl core: initialized pinctrl subsystem
[    2.321652][    T1] NET: Registered PF_NETLINK/PF_ROUTE protocol family
[    2.506504][    T1] DMA: preallocated 256 KiB GFP_KERNEL pool for atomic allocations
[    2.517066][    T1] DMA: preallocated 256 KiB GFP_KERNEL|GFP_DMA32 pool for atomic allocations
[    2.521873][    T1] audit: initializing netlink subsys (disabled)
[    2.562394][   T27] audit: type=2000 audit(1.028:1): state=initialized audit_enabled=0 res=1
[    2.634195][    T1] thermal_sys: Registered thermal governor 'step_wise'
[    2.635630][    T1] thermal_sys: Registered thermal governor 'user_space'
[    2.640157][    T1] thermal_sys: Registered thermal governor 'power_allocator'
[    2.682122][    T1] cpuidle: using governor menu
[    2.719306][    T1] hw-breakpoint: found 6 breakpoint and 4 watchpoint registers.
[    2.747567][    T1] ASID allocator initialised with 32768 entries
[    2.771151][    T1] Serial: AMBA PL011 UART driver
[    3.382736][    T1] 9000000.pl011: ttyAMA0 at MMIO 0x9000000 (irq = 13, base_baud = 0) is a PL011 rev1
[    3.392683][    T1] printk: console [ttyAMA0] enabled
[    3.392683][    T1] printk: console [ttyAMA0] enabled
[    3.396083][    T1] printk: bootconsole [pl11] disabled
[    3.396083][    T1] printk: bootconsole [pl11] disabled
[    3.483108][    T1] KASLR enabled
[    5.462661][    T1] iommu: Default domain type: Translated 
[    5.464482][    T1] iommu: DMA domain TLB invalidation policy: strict mode 
[    5.506544][    T1] SCSI subsystem initialized
[    5.519401][    T1] usbcore: registered new interface driver usbfs
[    5.529926][    T1] usbcore: registered new interface driver hub
[    5.535847][    T1] usbcore: registered new device driver usb
[    5.568685][    T1] mc: Linux media interface: v0.10
[    5.572174][    T1] videodev: Linux video capture interface: v2.00
[    5.583314][    T1] pps_core: LinuxPPS API ver. 1 registered
[    5.586492][    T1] pps_core: Software ver. 5.3.6 - Copyright 2005-2007 Rodolfo Giometti <giometti@linux.it>
[    5.592231][    T1] PTP clock support registered
[    5.594986][    T1] EDAC MC: Ver: 3.0.0
[    5.654220][    T1] Advanced Linux Sound Architecture Driver Initialized.
[    5.743396][    T1] clocksource: Switched to clocksource arch_sys_counter
[    6.307929][    T1] VFS: Disk quotas dquot_6.6.0
[    6.309329][    T1] VFS: Dquot-cache hash table entries: 512 (order 0, 4096 bytes)
[    6.326798][    T1] NET: Registered PF_INET protocol family
[    6.339078][    T1] IP idents hash table entries: 32768 (order: 6, 262144 bytes, linear)
[    6.399589][    T1] tcp_listen_portaddr_hash hash table entries: 1024 (order: 2, 16384 bytes, linear)
[    6.402394][    T1] Table-perturb hash table entries: 65536 (order: 6, 262144 bytes, linear)
[    6.411350][    T1] TCP established hash table entries: 16384 (order: 5, 131072 bytes, linear)
[    6.423491][    T1] TCP bind hash table entries: 16384 (order: 7, 524288 bytes, linear)
[    6.429253][    T1] TCP: Hash tables configured (established 16384 bind 16384)
[    6.440907][    T1] UDP hash table entries: 1024 (order: 3, 32768 bytes, linear)
[    6.442940][    T1] UDP-Lite hash table entries: 1024 (order: 3, 32768 bytes, linear)
[    6.454873][    T1] NET: Registered PF_UNIX/PF_LOCAL protocol family
[    6.458514][    T1] NET: Registered PF_XDP protocol family
[    6.460051][    T1] PCI: CLS 0 bytes, default 64
[    6.511599][    T1] hw perfevents: enabled with armv8_pmuv3 PMU driver, 7 counters available
[    6.527560][    T1] kvm [1]: HYP mode not available
[    6.564706][    T8] Trying to unpack rootfs image as initramfs...
[    6.599322][    T1] Initialise system trusted keyrings
[    6.626154][    T1] workingset: timestamp_bits=46 max_order=19 bucket_order=0
[    7.021989][    T8] Freeing initrd memory: 1136K
[    7.442560][    T1] fuse: init (API version 7.37)
qemu-system-aarch64: terminating on signal 15 from pid 158164 (<unknown process>)
