0.093097 69
0.002472 257
0.000087 53
0.000915 69
0.000266 8
0.000054 125
9.625261 28
0.648009 234
0.000450 36
0.000156 83
0.000100 62
0.003455 271
0.000161 53
0.001280 83
0.000158 147
6.853078 27
0.637579 311
0.005047 83
0.000036 62
0.002977 271
0.000129 53
0.000929 83
0.000102 8
0.000011 139
9.565559 35
0.558206 274
0.000008 9
0.000099 36
0.004202 510
0.555279 16
0.000073 12
0.000030 4
0.000041 4
0.000004 1
0.000025 2
0.000006 2
0.000014 2
0.000014 2
0.000014 2
0.000020 1
0.000013 2
0.000014 1
0.000321 3
0.000655 5
0.000006 2
0.000019 3
0.000877 11
0.021920 16
0.000107 10
0.000018 2
0.000563 18
0.000015 4
0.000014 2
0.000004 1
0.000004 1
0.000017 2
0.000004 2
0.000010 1
0.000010 2
0.000004 1
0.000023 3
0.000011 2
0.000012 2
0.000003 1
0.000011 1
0.000005 2
0.000010 2
0.000011 2
0.000012 1
0.000013 3
0.000004 1
0.000047 1
0.000023 2
0.726830 16
0.000045 9
0.000456 3
0.005671 22
0.000010 3
0.000016 2
0.000023 5
0.000029 5
0.000012 2
0.000004 1
0.000016 3
0.000011 2
0.000038 3
0.000081 16
0.000017 3
0.000021 3
0.000033 3
0.000099 3
0.000128 3
0.000006 1
0.000013 3
0.000012 1
0.000013 1
0.000005 2
0.000012 1
0.000011 2
0.000012 2
0.000020 2
0.000005 1
0.000014 3
0.000012 2
0.000018 3
0.000022 3
0.000021 2
0.000015 2
0.000005 1
0.000015 3
0.000014 2
0.000012 2
0.000016 3
0.000012 2
0.000015 1
0.000013 2
0.000012 2
0.000017 2
0.000005 1
0.000013 3
0.000005 1
0.000012 1
0.000012 3
0.000013 1
0.000014 2
0.000033 3
0.000009 1
0.000004 3
0.000027 2
0.000017 5
0.000036 2
0.000013 1
0.000044 2
0.000015 2
0.000041 1
0.000011 2
0.000012 1
0.000145 3
0.000503 11
0.000017 2
0.000005 2
0.000012 1
0.000016 3
0.000012 1
0.000012 3
0.000043 5
0.000019 4
0.000041 3
0.000018 3
0.000021 2
0.000017 3
0.000015 3
0.000035 2
0.000026 4
0.000033 2
0.000011 2
0.000015 3
0.000004 1
0.000018 3
0.000011 1
0.000030 1
0.000003 1
0.000011 1
0.000120 3
0.000141 1
0.000003 1
0.000016 3
0.000017 4
0.000017 3
0.000004 2
0.000010 1
0.000014 1
0.000014 2
0.000003 1
0.000009 2
0.000016 2
0.000018 3
0.000020 1
0.000011 4
0.000012 1
0.000014 2
0.000048 3
0.015936 10
0.000008 4
0.000057 9
0.000008 3
0.000028 3
0.000017 2
0.000004 1
0.000020 3
0.000013 2
0.000011 3
0.000012 1
0.000054 2
0.000008 8
0.000033 4
0.000027 3
0.000141 3
0.000191 8
0.000006 4
0.000017 1
0.000183 3
5.002122 16
0.000020 4
0.000014 2
0.000003 1
0.000019 3
0.000005 2
0.000208 3
0.003625 16
0.000019 5
0.001018 3
0.001268 10
0.000012 3
0.000021 3
0.000040 3
0.000014 4
0.000021 2
0.000013 2
0.000020 5
0.000015 1
0.000111 3
0.000221 4
0.000012 3
0.000012 2
0.000012 3
0.000016 2
0.000011 2
0.000019 3
0.000011 1
0.000015 3
0.000006 1
0.000003 1
0.000018 4
0.000011 1
0.000011 2
0.000018 3
0.000061 3
0.000311 11
0.000019 2
0.000014 2
0.000031 1
0.000014 3
0.000004 3
0.000015 4
0.000015 5
0.000013 1
0.000012 2
0.000024 3
0.000016 1
0.000190 3
0.001581 16
0.000044 1
0.000022 9
0.000005 2
0.000016 4
0.000026 5
0.000006 1
0.000003 1
0.000011 3
0.000010 3
0.000011 2
0.000003 2
0.000010 4
0.000011 5
0.000012 4
0.000016 2
0.000025 8
0.000014 5
0.000005 2
0.000010 2
0.000012 3
0.000011 2
0.000051 1
0.000015 2
0.000877 2
0.000020 7
0.000015 3
0.000004 1
0.000004 1
0.000025 4
0.000003 3
0.000013 4
0.000013 2
0.000005 1
0.000004 2
0.000021 4
0.000006 1
0.000020 5
0.000011 2
0.000012 5
0.000011 1
0.000013 3
0.000010 4
0.000010 2
0.000004 1
0.000010 1
0.000011 3
0.000004 2
0.000017 2
0.000003 1
0.000004 2
0.000010 2
0.000010 4
0.000143 5
0.000014 2
0.000026 8
0.000050 18
0.000004 1
0.000026 5
0.000017 3
0.000006 2
0.000006 2
0.000022 2
0.000004 5
0.000027 5
0.000003 1
0.000003 1
0.000015 4
0.000004 1
0.000011 1
0.000010 5
0.000011 2
0.000011 1
0.000004 5
0.000010 1
0.000011 3
0.000006 1
0.000003 2
0.000015 3
0.000004 2
0.000004 1
0.000017 4
0.000010 2
0.000018 5
0.000355 2
0.000012 3
0.000003 1
0.000003 2
0.000010 1
0.000011 5
0.000011 1
0.000012 3
0.000003 1
0.000003 1
0.000019 4
0.000004 1
0.000016 4
0.001187 10
0.000017 3
0.000024 2
0.000004 1
0.000028 1
0.000007 8
0.000807 12
0.000008 2
0.000016 4
0.000004 2
0.000013 2
0.000012 2
0.000020 3
0.000012 3
0.000032 4
0.000005 1
0.000011 2
0.000004 2
0.000004 1
0.000011 3
0.000267 18
0.000005 1
0.000019 3
0.000015 3
0.000005 4
0.000040 3
0.000014 4
0.000150 12
0.000005 1
0.000017 3
0.000017 2
0.000024 4
0.000011 2
0.000013 4
0.000013 2
0.000013 3
0.000019 6
0.000014 2
0.000011 2
0.000004 1
0.000010 3
0.000004 1
0.000012 2
0.000003 2
0.000124 3
0.000017 2
0.000004 2
0.000004 1
0.000010 3
0.000010 2
0.000014 3
0.000003 1
0.000010 2
0.000012 2
0.000003 2
0.000003 1
0.000011 2
0.000015 3
0.000004 1
0.000010 3
0.000003 1
0.000003 1
0.000010 1
0.000003 2
0.000010 3
0.000183 14
0.000016 3
0.000009 2
0.000011 1
0.000004 3
0.000011 2
0.000003 1
0.000016 3
0.000011 2
0.000011 4
0.000012 2
0.000012 2
0.000004 3
0.000214 12
0.000006 2
0.000016 2
0.000015 4
0.000012 2
0.000087 19
0.000136 26
0.000007 2
0.000005 3
0.000013 1
0.000012 3
0.000004 2
0.000010 4
0.000014 4
0.000077 6
0.000004 1
0.000004 1
0.000010 3
0.000011 2
0.000010 3
0.000011 5
0.000012 5
0.000014 6
0.000014 6
0.000020 3
0.000006 1
0.000004 1
0.000010 2
0.000018 2
0.000012 5
0.000014 3
0.000090 6
0.000004 3
0.000011 3
0.000004 2
0.000011 3
0.000011 3
0.000013 4
0.000010 4
0.000010 4
0.000011 3
0.000011 3
0.000016 3
0.000004 1
0.000003 1
0.000004 2
0.000029 3
0.000005 1
0.000015 3
0.000017 2
0.000086 7
0.000008 1
0.000008 3
0.000012 2
0.000036 8
0.000005 1
0.000015 3
0.000006 2
0.000012 3
0.000011 2
0.000012 3
0.000004 1
0.000011 2
0.000011 3
0.000011 2
0.000078 4
0.000013 3
0.000005 1
0.000004 1
0.000011 3
0.000004 1
0.000011 2
0.000012 2
0.000003 2
0.000012 2
0.000011 3
0.000004 1
0.000010 2
0.000012 3
0.000004 1
0.000011 2
0.000005 1
0.000005 1
0.000004 1
0.000011 2
0.000004 2
0.000011 2
0.000004 2
0.000010 2
0.000011 2
0.000003 1
0.000010 2
0.000004 1
0.000005 1
0.000011 3
0.000010 3
0.000713 36
0.000393 55
0.000011 2
0.000016 1
0.000131 22
0.000011 3
0.000029 6
0.000007 2
0.000005 1
0.000004 1
0.000018 4
0.000038 4
0.000007 2
0.000003 1
0.000016 2
0.000020 1
0.000008 2
0.000004 1
0.000004 1
0.000031 2
0.000025 1
0.000015 3
0.000029 2
0.000019 3
0.000013 1
0.000012 2
0.000030 3
0.000017 3
0.000005 1
0.000019 5
0.000012 1
0.000023 2
0.000014 3
0.000004 1
0.000046 4
0.000003 2
0.000017 2
0.000011 3
0.000016 4
0.000005 2
0.000003 1
0.000013 1
0.000003 3
0.000004 2
0.000025 4
0.000004 4
0.000020 4
0.000005 1
0.000022 5
0.000018 2
0.000007 1
0.000004 2
0.000024 1
0.000015 4
0.000021 2
0.000004 2
0.000011 1
0.000017 4
0.000020 4
0.000013 1
0.000035 2
0.000030 5
0.000317 3
0.000015 1
0.000023 4
0.000004 1
0.000012 3
0.000024 4
0.000032 3
0.000020 2
0.000314 67
0.000101 5
0.000014 5
0.000014 3
0.000006 1
0.000012 3
0.000011 3
0.000011 2
0.000004 1
0.000015 5
0.000011 2
0.000011 2
0.000014 4
0.000042 6
0.000005 1
0.000004 1
0.000016 4
0.000066 9
0.000005 2
0.000013 2
0.000010 3
0.000009 1
0.000004 2
0.000004 1
0.000011 3
0.000003 1
0.000009 2
0.000012 2
0.000004 1
0.000009 3
0.000004 1
0.000009 2
0.000117 6
0.000004 1
0.000015 2
0.000015 3
0.000014 3
0.000010 1
0.000010 2
0.000014 3
0.000056 7
0.000006 1
0.000004 2
0.000004 1
0.000004 1
0.000021 4
0.000061 3
0.000014 1
0.000015 2
0.000015 1
0.000004 2
0.000011 2
0.000010 1
0.000010 2
0.000004 1
0.000013 2
0.000011 3
0.000009 1
0.000013 3
0.000009 1
0.000011 2
0.000008 1
0.000011 3
0.000009 1
0.000011 2
0.000013 2
0.000035 6
0.000034 4
0.000101 5
0.000013 3
0.000003 1
0.000004 1
0.000004 1
0.000010 3
0.000014 1
0.000004 1
0.000017 3
0.000005 2
0.000012 3
0.000005 1
0.000003 1
0.000011 3
0.000004 1
0.000009 2
0.000017 3
0.000004 1
0.000004 2
0.000003 1
0.000011 3
0.000011 2
0.000003 1
0.000010 2
0.000004 1
0.000003 1
0.000010 1
0.000004 1
0.000004 2
0.000003 1
0.000004 1
0.000011 2
0.000004 2
0.000011 1
0.000003 2
0.000004 1
0.000009 2
0.000004 1
0.000010 2
0.000009 3
0.000010 2
0.000011 3
0.000025 2
0.000023 2
0.000015 3
0.000089 3
0.000004 2
0.000004 2
0.000003 1
0.000011 2
0.000010 2
0.000029 4
0.000016 4
0.000012 3
0.000009 2
0.000010 3
0.000004 1
0.000011 2
0.000011 3
0.000004 1
0.000004 1
0.000010 3
0.000009 2
0.000004 1
0.000010 1
0.000004 3
0.000010 2
0.000004 1
0.000010 2
0.000004 1
0.000009 2
0.000010 2
0.000012 3
0.000004 2
0.000014 2
0.000004 2
0.000012 2
0.000004 2
0.000013 1
0.000030 9
0.000004 1
0.000014 1
0.000010 2
0.000085 3
0.000006 4
0.000010 3
0.000004 1
0.000011 3
0.000004 1
0.000010 2
0.000010 3
0.000010 2
0.000003 1
0.000010 1
0.000004 1
0.000004 3
0.000011 2
0.000009 2
0.000004 1
0.000010 2
0.000010 2
0.000010 3
0.000004 1
0.000009 1
0.000009 3
0.000022 3
0.000011 1
0.000011 2
0.000005 3
0.000010 1
0.000003 1
0.000004 1
0.000009 3
0.000011 2
0.000004 1
0.000010 2
0.000010 3
0.000003 1
0.000010 2
0.000009 2
0.000010 2
0.000009 3
0.000010 2
0.000009 3
0.000168 4
0.000004 4
0.000004 1
0.000010 3
0.000011 3
0.000003 1
0.000010 2
0.000003 1
0.000010 2
0.000010 3
0.000009 2
0.001180 14
0.000008 3
0.000023 5
0.000011 2
0.000003 1
0.000004 1
0.000010 2
0.000016 4
0.000018 3
0.000004 1
0.000009 3
0.000009 2
0.000533 13
0.000006 3
0.000036 4
0.000016 4
0.000004 1
0.000013 4
0.000009 2
0.000004 1
0.000010 2
0.000019 4
0.000005 1
0.000012 3
52.924318 2
5.871784 2
0.000819 2
0.000401 83
0.000809 87
0.002869 271
0.000040 28
0.000020 25
0.000917 83
0.000090 8
0.000008 141
6.649606 16
0.801327 264
0.000117 42
