native_irq_enable () at ./arch/x86/include/asm/irqflags.h:42
42		asm volatile("sti": : :"memory");
Breakpoint 1 at 0xffffffff81340690: file fs/eventpoll.c, line 1018.
[Switching to Thread 1.2]

Thread 2 hit Breakpoint 1, ep_item_poll (epi=epi@entry=0xffff888005cfcf80, pt=pt@entry=0xffffc9000025beb0, depth=1) at fs/eventpoll.c:1018
1018		struct file *file = epi_fget(epi);

--- EP_ITEM_POLL HIT ---
rax            0x1                 1
rbx            0xffff888006048001  -131391538561023
rcx            0x3                 3
rdx            0x0                 0
rsi            0xffffc9000025beb0  -60473137054032
rdi            0xffff888005cfcf80  -131391542014080
rbp            0xffffc9000025bef8  0xffffc9000025bef8
rsp            0xffffc9000025be78  0xffffc9000025be78
r8             0xffff888005cc7ba8  -131391542232152
r9             0x0                 0
r10            0xffff888005cfcf80  -131391542014080
r11            0x10                16
r12            0xffff888005cfcf80  -131391542014080
r13            0x0                 0
r14            0xffffffffffffffff  -1
r15            0xffff8880060480c0  -131391538560832
rip            0xffffffff81340690  0xffffffff81340690 <ep_item_poll>
eflags         0x246               [ IOPL=0 IF ZF PF ]
cs             0x10                16
ss             0x18                24
ds             0x0                 0
es             0x0                 0
fs             0x0                 0
gs             0x0                 0
fs_base        0x34a2d400          883086336
gs_base        0xffff88807cb00000  -131389547610112
k_gs_base      0x0                 0
cr0            0x80050033          [ PG AM WP NE ET MP PE ]
cr2            0x7f5f8ac40ff8      140048326725624
cr3            0x3e04000           [ PDBR=15876 PCID=0 ]
cr4            0x3006f0            [ SMAP SMEP OSXMMEXCPT OSFXSR PGE MCE PAE PSE ]
cr8            0x1                 1
efer           0xd01               [ NXE LMA LME SCE ]
xmm0           {v4_float = {0x6c6aa3, 0x0, 0x0, 0x0}, v2_double = {0x6c6aa3, 0x0}, v16_int8 = {0xa3, 0x6a, 0x6c, 0x0 <repeats 13 times>}, v8_int16 = {0x6aa3, 0x6c, 0x0, 0x0, 0x0, 0x0, 0x0, 0x0}, v4_int32 = {0x6c6aa3, 0x0, 0x0, 0x0}, v2_int64 = {0x6c6aa3, 0x0}, uint128 = 0x6c6aa3}
xmm1           {v4_float = {0x6c6aa3, 0x0, 0x6c6aa3, 0x0}, v2_double = {0x6c6aa3, 0x6c6aa3}, v16_int8 = {0xa3, 0x6a, 0x6c, 0x0, 0x0, 0x0, 0x0, 0x0, 0xa3, 0x6a, 0x6c, 0x0, 0x0, 0x0, 0x0, 0x0}, v8_int16 = {0x6aa3, 0x6c, 0x0, 0x0, 0x6aa3, 0x6c, 0x0, 0x0}, v4_int32 = {0x6c6aa3, 0x0, 0x6c6aa3, 0x0}, v2_int64 = {0x6c6aa3, 0x6c6aa3}, uint128 = 0x6c6aa300000000006c6aa3}
xmm2           {v4_float = {0x0, 0xff, 0x0, 0x0}, v2_double = {0xff00000000, 0x0}, v16_int8 = {0x0, 0x0, 0x0, 0x0, 0xff, 0x0 <repeats 11 times>}, v8_int16 = {0x0, 0x0, 0xff, 0x0, 0x0, 0x0, 0x0, 0x0}, v4_int32 = {0x0, 0xff, 0x0, 0x0}, v2_int64 = {0xff00000000, 0x0}, uint128 = 0xff00000000}
xmm3           {v4_float = {0x0, 0xff000000, 0x0, 0x0}, v2_double = {0xff00000000000000, 0x0}, v16_int8 = {0x0, 0x0, 0x0, 0x0, 0x0, 0x0, 0x0, 0xff, 0x0, 0x0, 0x0, 0x0, 0x0, 0x0, 0x0, 0x0}, v8_int16 = {0x0, 0x0, 0x0, 0xff00, 0x0, 0x0, 0x0, 0x0}, v4_int32 = {0x0, 0xff000000, 0x0, 0x0}, v2_int64 = {0xff00000000000000, 0x0}, uint128 = 0xff00000000000000}
xmm4           {v4_float = {0x0, 0x0, 0x0, 0x0}, v2_double = {0x0, 0x0}, v16_int8 = {0x0 <repeats 16 times>}, v8_int16 = {0x0, 0x0, 0x0, 0x0, 0x0, 0x0, 0x0, 0x0}, v4_int32 = {0x0, 0x0, 0x0, 0x0}, v2_int64 = {0x0, 0x0}, uint128 = 0x0}
xmm5           {v4_float = {0x65a120, 0x0, 0x6d0760, 0x0}, v2_double = {0x65a120, 0x6d0760}, v16_int8 = {0x20, 0xa1, 0x65, 0x0, 0x0, 0x0, 0x0, 0x0, 0x60, 0x7, 0x6d, 0x0, 0x0, 0x0, 0x0, 0x0}, v8_int16 = {0xa120, 0x65, 0x0, 0x0, 0x760, 0x6d, 0x0, 0x0}, v4_int32 = {0x65a120, 0x0, 0x6d0760, 0x0}, v2_int64 = {0x65a120, 0x6d0760}, uint128 = 0x6d0760000000000065a120}
xmm6           {v4_float = {0x65d120, 0x0, 0x65da20, 0x0}, v2_double = {0x65d120, 0x65da20}, v16_int8 = {0x20, 0xd1, 0x65, 0x0, 0x0, 0x0, 0x0, 0x0, 0x20, 0xda, 0x65, 0x0, 0x0, 0x0, 0x0, 0x0}, v8_int16 = {0xd120, 0x65, 0x0, 0x0, 0xda20, 0x65, 0x0, 0x0}, v4_int32 = {0x65d120, 0x0, 0x65da20, 0x0}, v2_int64 = {0x65d120, 0x65da20}, uint128 = 0x65da20000000000065d120}
xmm7           {v4_float = {0x6c6660, 0x0, 0x65cb20, 0x0}, v2_double = {0x6c6660, 0x65cb20}, v16_int8 = {0x60, 0x66, 0x6c, 0x0, 0x0, 0x0, 0x0, 0x0, 0x20, 0xcb, 0x65, 0x0, 0x0, 0x0, 0x0, 0x0}, v8_int16 = {0x6660, 0x6c, 0x0, 0x0, 0xcb20, 0x65, 0x0, 0x0}, v4_int32 = {0x6c6660, 0x0, 0x65cb20, 0x0}, v2_int64 = {0x6c6660, 0x65cb20}, uint128 = 0x65cb2000000000006c6660}
xmm8           {v4_float = {0x6c66b0, 0x0, 0x6c6670, 0x0}, v2_double = {0x6c66b0, 0x6c6670}, v16_int8 = {0xb0, 0x66, 0x6c, 0x0, 0x0, 0x0, 0x0, 0x0, 0x70, 0x66, 0x6c, 0x0, 0x0, 0x0, 0x0, 0x0}, v8_int16 = {0x66b0, 0x6c, 0x0, 0x0, 0x6670, 0x6c, 0x0, 0x0}, v4_int32 = {0x6c66b0, 0x0, 0x6c6670, 0x0}, v2_int64 = {0x6c66b0, 0x6c6670}, uint128 = 0x6c667000000000006c66b0}
xmm9           {v4_float = {0x6, 0x0, 0x6, 0x0}, v2_double = {0x6, 0x6}, v16_int8 = {0x6, 0x0, 0x0, 0x0, 0x0, 0x0, 0x0, 0x0, 0x6, 0x0, 0x0, 0x0, 0x0, 0x0, 0x0, 0x0}, v8_int16 = {0x6, 0x0, 0x0, 0x0, 0x6, 0x0, 0x0, 0x0}, v4_int32 = {0x6, 0x0, 0x6, 0x0}, v2_int64 = {0x6, 0x6}, uint128 = 0x60000000000000006}
xmm10          {v4_float = {0x4, 0x0, 0x4, 0x0}, v2_double = {0x4, 0x4}, v16_int8 = {0x4, 0x0, 0x0, 0x0, 0x0, 0x0, 0x0, 0x0, 0x4, 0x0, 0x0, 0x0, 0x0, 0x0, 0x0, 0x0}, v8_int16 = {0x4, 0x0, 0x0, 0x0, 0x4, 0x0, 0x0, 0x0}, v4_int32 = {0x4, 0x0, 0x4, 0x0}, v2_int64 = {0x4, 0x4}, uint128 = 0x40000000000000004}
xmm11          {v4_float = {0x2, 0x0, 0x2, 0x0}, v2_double = {0x2, 0x2}, v16_int8 = {0x2, 0x0, 0x0, 0x0, 0x0, 0x0, 0x0, 0x0, 0x2, 0x0, 0x0, 0x0, 0x0, 0x0, 0x0, 0x0}, v8_int16 = {0x2, 0x0, 0x0, 0x0, 0x2, 0x0, 0x0, 0x0}, v4_int32 = {0x2, 0x0, 0x2, 0x0}, v2_int64 = {0x2, 0x2}, uint128 = 0x20000000000000002}
xmm12          {v4_float = {0xfb00f9, 0xff00fd, 0x0, 0x0}, v2_double = {0xff00fd00fb00f9, 0x0}, v16_int8 = {0xf9, 0x0, 0xfb, 0x0, 0xfd, 0x0, 0xff, 0x0, 0x0, 0x0, 0x0, 0x0, 0x0, 0x0, 0x0, 0x0}, v8_int16 = {0xf9, 0xfb, 0xfd, 0xff, 0x0, 0x0, 0x0, 0x0}, v4_int32 = {0xfb00f9, 0xff00fd, 0x0, 0x0}, v2_int64 = {0xff00fd00fb00f9, 0x0}, uint128 = 0xff00fd00fb00f9}
xmm13          {v4_float = {0xfe00fa, 0x0, 0xff00fb, 0x0}, v2_double = {0xfe00fa, 0xff00fb}, v16_int8 = {0xfa, 0x0, 0xfe, 0x0, 0x0, 0x0, 0x0, 0x0, 0xfb, 0x0, 0xff, 0x0, 0x0, 0x0, 0x0, 0x0}, v8_int16 = {0xfa, 0xfe, 0x0, 0x0, 0xfb, 0xff, 0x0, 0x0}, v4_int32 = {0xfe00fa, 0x0, 0xff00fb, 0x0}, v2_int64 = {0xfe00fa, 0xff00fb}, uint128 = 0xff00fb0000000000fe00fa}
xmm14          {v4_float = {0x0, 0x0, 0x0, 0x0}, v2_double = {0x0, 0x0}, v16_int8 = {0x0 <repeats 16 times>}, v8_int16 = {0x0, 0x0, 0x0, 0x0, 0x0, 0x0, 0x0, 0x0}, v4_int32 = {0x0, 0x0, 0x0, 0x0}, v2_int64 = {0x0, 0x0}, uint128 = 0x0}
xmm15          {v4_float = {0x0, 0x0, 0x0, 0x0}, v2_double = {0x0, 0x0}, v16_int8 = {0x0 <repeats 16 times>}, v8_int16 = {0x0, 0x0, 0x0, 0x0, 0x0, 0x0, 0x0, 0x0}, v4_int32 = {0x0, 0x0, 0x0, 0x0}, v2_int64 = {0x0, 0x0}, uint128 = 0x0}
mxcsr          0x1f80              [ IM DM ZM OM UM PM ]
Breakpoint 2 at 0xffffffff810358a6: file ./include/linux/irqdesc.h, line 173.

Thread 2 hit Breakpoint 1, ep_item_poll (epi=epi@entry=0xffff888005cfcf00, pt=pt@entry=0xffffc9000025beb0, depth=1) at fs/eventpoll.c:1018
1018		struct file *file = epi_fget(epi);

--- PIVOT1 HIT ---
rax            0x1                 1
rbx            0xffff888005c97a81  -131391542429055
rcx            0x3                 3
rdx            0x0                 0
rsi            0xffffc9000025beb0  -60473137054032
rdi            0xffff888005cfcf00  -131391542014208
rbp            0xffffc9000025bef8  0xffffc9000025bef8
rsp            0xffffc9000025be78  0xffffc9000025be78
r8             0xffff888005c96de8  -131391542432280
r9             0x0                 0
r10            0xffff888005cfcf00  -131391542014208
r11            0x10                16
r12            0xffff888005cfcf00  -131391542014208
r13            0x0                 0
r14            0xffffffffffffffff  -1
r15            0xffff888005cc80c0  -131391542230848
rip            0xffffffff81340690  0xffffffff81340690 <ep_item_poll>
eflags         0x246               [ IOPL=0 IF ZF PF ]
cs             0x10                16
ss             0x18                24
ds             0x0                 0
es             0x0                 0
fs             0x0                 0
gs             0x0                 0
fs_base        0x34a2d400          883086336
gs_base        0xffff88807cb00000  -131389547610112
k_gs_base      0x0                 0
cr0            0x80050033          [ PG AM WP NE ET MP PE ]
cr2            0x7f5f8ac40ff8      140048326725624
cr3            0x3e04000           [ PDBR=15876 PCID=0 ]
cr4            0x3006f0            [ SMAP SMEP OSXMMEXCPT OSFXSR PGE MCE PAE PSE ]
cr8            0x1                 1
efer           0xd01               [ NXE LMA LME SCE ]
xmm0           {v4_float = {0x6c6aa3, 0x0, 0x0, 0x0}, v2_double = {0x6c6aa3, 0x0}, v16_int8 = {0xa3, 0x6a, 0x6c, 0x0 <repeats 13 times>}, v8_int16 = {0x6aa3, 0x6c, 0x0, 0x0, 0x0, 0x0, 0x0, 0x0}, v4_int32 = {0x6c6aa3, 0x0, 0x0, 0x0}, v2_int64 = {0x6c6aa3, 0x0}, uint128 = 0x6c6aa3}
xmm1           {v4_float = {0x6c6aa3, 0x0, 0x6c6aa3, 0x0}, v2_double = {0x6c6aa3, 0x6c6aa3}, v16_int8 = {0xa3, 0x6a, 0x6c, 0x0, 0x0, 0x0, 0x0, 0x0, 0xa3, 0x6a, 0x6c, 0x0, 0x0, 0x0, 0x0, 0x0}, v8_int16 = {0x6aa3, 0x6c, 0x0, 0x0, 0x6aa3, 0x6c, 0x0, 0x0}, v4_int32 = {0x6c6aa3, 0x0, 0x6c6aa3, 0x0}, v2_int64 = {0x6c6aa3, 0x6c6aa3}, uint128 = 0x6c6aa300000000006c6aa3}
xmm2           {v4_float = {0x0, 0xff, 0x0, 0x0}, v2_double = {0xff00000000, 0x0}, v16_int8 = {0x0, 0x0, 0x0, 0x0, 0xff, 0x0 <repeats 11 times>}, v8_int16 = {0x0, 0x0, 0xff, 0x0, 0x0, 0x0, 0x0, 0x0}, v4_int32 = {0x0, 0xff, 0x0, 0x0}, v2_int64 = {0xff00000000, 0x0}, uint128 = 0xff00000000}
xmm3           {v4_float = {0x0, 0xff000000, 0x0, 0x0}, v2_double = {0xff00000000000000, 0x0}, v16_int8 = {0x0, 0x0, 0x0, 0x0, 0x0, 0x0, 0x0, 0xff, 0x0, 0x0, 0x0, 0x0, 0x0, 0x0, 0x0, 0x0}, v8_int16 = {0x0, 0x0, 0x0, 0xff00, 0x0, 0x0, 0x0, 0x0}, v4_int32 = {0x0, 0xff000000, 0x0, 0x0}, v2_int64 = {0xff00000000000000, 0x0}, uint128 = 0xff00000000000000}
xmm4           {v4_float = {0x0, 0x0, 0x0, 0x0}, v2_double = {0x0, 0x0}, v16_int8 = {0x0 <repeats 16 times>}, v8_int16 = {0x0, 0x0, 0x0, 0x0, 0x0, 0x0, 0x0, 0x0}, v4_int32 = {0x0, 0x0, 0x0, 0x0}, v2_int64 = {0x0, 0x0}, uint128 = 0x0}
xmm5           {v4_float = {0x65a120, 0x0, 0x6d0760, 0x0}, v2_double = {0x65a120, 0x6d0760}, v16_int8 = {0x20, 0xa1, 0x65, 0x0, 0x0, 0x0, 0x0, 0x0, 0x60, 0x7, 0x6d, 0x0, 0x0, 0x0, 0x0, 0x0}, v8_int16 = {0xa120, 0x65, 0x0, 0x0, 0x760, 0x6d, 0x0, 0x0}, v4_int32 = {0x65a120, 0x0, 0x6d0760, 0x0}, v2_int64 = {0x65a120, 0x6d0760}, uint128 = 0x6d0760000000000065a120}
xmm6           {v4_float = {0x65d120, 0x0, 0x65da20, 0x0}, v2_double = {0x65d120, 0x65da20}, v16_int8 = {0x20, 0xd1, 0x65, 0x0, 0x0, 0x0, 0x0, 0x0, 0x20, 0xda, 0x65, 0x0, 0x0, 0x0, 0x0, 0x0}, v8_int16 = {0xd120, 0x65, 0x0, 0x0, 0xda20, 0x65, 0x0, 0x0}, v4_int32 = {0x65d120, 0x0, 0x65da20, 0x0}, v2_int64 = {0x65d120, 0x65da20}, uint128 = 0x65da20000000000065d120}
xmm7           {v4_float = {0x6c6660, 0x0, 0x65cb20, 0x0}, v2_double = {0x6c6660, 0x65cb20}, v16_int8 = {0x60, 0x66, 0x6c, 0x0, 0x0, 0x0, 0x0, 0x0, 0x20, 0xcb, 0x65, 0x0, 0x0, 0x0, 0x0, 0x0}, v8_int16 = {0x6660, 0x6c, 0x0, 0x0, 0xcb20, 0x65, 0x0, 0x0}, v4_int32 = {0x6c6660, 0x0, 0x65cb20, 0x0}, v2_int64 = {0x6c6660, 0x65cb20}, uint128 = 0x65cb2000000000006c6660}
xmm8           {v4_float = {0x6c66b0, 0x0, 0x6c6670, 0x0}, v2_double = {0x6c66b0, 0x6c6670}, v16_int8 = {0xb0, 0x66, 0x6c, 0x0, 0x0, 0x0, 0x0, 0x0, 0x70, 0x66, 0x6c, 0x0, 0x0, 0x0, 0x0, 0x0}, v8_int16 = {0x66b0, 0x6c, 0x0, 0x0, 0x6670, 0x6c, 0x0, 0x0}, v4_int32 = {0x6c66b0, 0x0, 0x6c6670, 0x0}, v2_int64 = {0x6c66b0, 0x6c6670}, uint128 = 0x6c667000000000006c66b0}
xmm9           {v4_float = {0x6, 0x0, 0x6, 0x0}, v2_double = {0x6, 0x6}, v16_int8 = {0x6, 0x0, 0x0, 0x0, 0x0, 0x0, 0x0, 0x0, 0x6, 0x0, 0x0, 0x0, 0x0, 0x0, 0x0, 0x0}, v8_int16 = {0x6, 0x0, 0x0, 0x0, 0x6, 0x0, 0x0, 0x0}, v4_int32 = {0x6, 0x0, 0x6, 0x0}, v2_int64 = {0x6, 0x6}, uint128 = 0x60000000000000006}
xmm10          {v4_float = {0x4, 0x0, 0x4, 0x0}, v2_double = {0x4, 0x4}, v16_int8 = {0x4, 0x0, 0x0, 0x0, 0x0, 0x0, 0x0, 0x0, 0x4, 0x0, 0x0, 0x0, 0x0, 0x0, 0x0, 0x0}, v8_int16 = {0x4, 0x0, 0x0, 0x0, 0x4, 0x0, 0x0, 0x0}, v4_int32 = {0x4, 0x0, 0x4, 0x0}, v2_int64 = {0x4, 0x4}, uint128 = 0x40000000000000004}
xmm11          {v4_float = {0x2, 0x0, 0x2, 0x0}, v2_double = {0x2, 0x2}, v16_int8 = {0x2, 0x0, 0x0, 0x0, 0x0, 0x0, 0x0, 0x0, 0x2, 0x0, 0x0, 0x0, 0x0, 0x0, 0x0, 0x0}, v8_int16 = {0x2, 0x0, 0x0, 0x0, 0x2, 0x0, 0x0, 0x0}, v4_int32 = {0x2, 0x0, 0x2, 0x0}, v2_int64 = {0x2, 0x2}, uint128 = 0x20000000000000002}
xmm12          {v4_float = {0xfb00f9, 0xff00fd, 0x0, 0x0}, v2_double = {0xff00fd00fb00f9, 0x0}, v16_int8 = {0xf9, 0x0, 0xfb, 0x0, 0xfd, 0x0, 0xff, 0x0, 0x0, 0x0, 0x0, 0x0, 0x0, 0x0, 0x0, 0x0}, v8_int16 = {0xf9, 0xfb, 0xfd, 0xff, 0x0, 0x0, 0x0, 0x0}, v4_int32 = {0xfb00f9, 0xff00fd, 0x0, 0x0}, v2_int64 = {0xff00fd00fb00f9, 0x0}, uint128 = 0xff00fd00fb00f9}
xmm13          {v4_float = {0xfe00fa, 0x0, 0xff00fb, 0x0}, v2_double = {0xfe00fa, 0xff00fb}, v16_int8 = {0xfa, 0x0, 0xfe, 0x0, 0x0, 0x0, 0x0, 0x0, 0xfb, 0x0, 0xff, 0x0, 0x0, 0x0, 0x0, 0x0}, v8_int16 = {0xfa, 0xfe, 0x0, 0x0, 0xfb, 0xff, 0x0, 0x0}, v4_int32 = {0xfe00fa, 0x0, 0xff00fb, 0x0}, v2_int64 = {0xfe00fa, 0xff00fb}, uint128 = 0xff00fb0000000000fe00fa}
xmm14          {v4_float = {0x0, 0x0, 0x0, 0x0}, v2_double = {0x0, 0x0}, v16_int8 = {0x0 <repeats 16 times>}, v8_int16 = {0x0, 0x0, 0x0, 0x0, 0x0, 0x0, 0x0, 0x0}, v4_int32 = {0x0, 0x0, 0x0, 0x0}, v2_int64 = {0x0, 0x0}, uint128 = 0x0}
xmm15          {v4_float = {0x0, 0x0, 0x0, 0x0}, v2_double = {0x0, 0x0}, v16_int8 = {0x0 <repeats 16 times>}, v8_int16 = {0x0, 0x0, 0x0, 0x0, 0x0, 0x0, 0x0, 0x0}, v4_int32 = {0x0, 0x0, 0x0, 0x0}, v2_int64 = {0x0, 0x0}, uint128 = 0x0}
mxcsr          0x1f80              [ IM DM ZM OM UM PM ]
Breakpoint 3 at 0xffffffff8111a4d6: file kernel/irq/irqdomain.c, line 1938.

Thread 2 hit Breakpoint 1, ep_item_poll (epi=epi@entry=0xffff888005cfce80, pt=pt@entry=0xffffc9000025beb0, depth=1) at fs/eventpoll.c:1018
1018		struct file *file = epi_fget(epi);

--- PIVOT2 HIT ---
rax            0x1                 1
rbx            0xffff888005f53e41  -131391539560895
rcx            0x3                 3
rdx            0x0                 0
rsi            0xffffc9000025beb0  -60473137054032
rdi            0xffff888005cfce80  -131391542014336
rbp            0xffffc9000025bef8  0xffffc9000025bef8
rsp            0xffffc9000025be78  0xffffc9000025be78
r8             0xffff888005cc78a8  -131391542232920
r9             0x0                 0
r10            0xffff888005cfce80  -131391542014336
r11            0x10                16
r12            0xffff888005cfce80  -131391542014336
r13            0x0                 0
r14            0xffffffffffffffff  -1
r15            0xffff888005f53f00  -131391539560704
rip            0xffffffff81340690  0xffffffff81340690 <ep_item_poll>
eflags         0x246               [ IOPL=0 IF ZF PF ]
cs             0x10                16
ss             0x18                24
ds             0x0                 0
es             0x0                 0
fs             0x0                 0
gs             0x0                 0
fs_base        0x34a2d400          883086336
gs_base        0xffff88807cb00000  -131389547610112
k_gs_base      0x0                 0
cr0            0x80050033          [ PG AM WP NE ET MP PE ]
cr2            0x7f5f8ac40ff8      140048326725624
cr3            0x3e04000           [ PDBR=15876 PCID=0 ]
cr4            0x3006f0            [ SMAP SMEP OSXMMEXCPT OSFXSR PGE MCE PAE PSE ]
cr8            0x1                 1
efer           0xd01               [ NXE LMA LME SCE ]
xmm0           {v4_float = {0x6c6aa3, 0x0, 0x0, 0x0}, v2_double = {0x6c6aa3, 0x0}, v16_int8 = {0xa3, 0x6a, 0x6c, 0x0 <repeats 13 times>}, v8_int16 = {0x6aa3, 0x6c, 0x0, 0x0, 0x0, 0x0, 0x0, 0x0}, v4_int32 = {0x6c6aa3, 0x0, 0x0, 0x0}, v2_int64 = {0x6c6aa3, 0x0}, uint128 = 0x6c6aa3}
xmm1           {v4_float = {0x6c6aa3, 0x0, 0x6c6aa3, 0x0}, v2_double = {0x6c6aa3, 0x6c6aa3}, v16_int8 = {0xa3, 0x6a, 0x6c, 0x0, 0x0, 0x0, 0x0, 0x0, 0xa3, 0x6a, 0x6c, 0x0, 0x0, 0x0, 0x0, 0x0}, v8_int16 = {0x6aa3, 0x6c, 0x0, 0x0, 0x6aa3, 0x6c, 0x0, 0x0}, v4_int32 = {0x6c6aa3, 0x0, 0x6c6aa3, 0x0}, v2_int64 = {0x6c6aa3, 0x6c6aa3}, uint128 = 0x6c6aa300000000006c6aa3}
xmm2           {v4_float = {0x0, 0xff, 0x0, 0x0}, v2_double = {0xff00000000, 0x0}, v16_int8 = {0x0, 0x0, 0x0, 0x0, 0xff, 0x0 <repeats 11 times>}, v8_int16 = {0x0, 0x0, 0xff, 0x0, 0x0, 0x0, 0x0, 0x0}, v4_int32 = {0x0, 0xff, 0x0, 0x0}, v2_int64 = {0xff00000000, 0x0}, uint128 = 0xff00000000}
xmm3           {v4_float = {0x0, 0xff000000, 0x0, 0x0}, v2_double = {0xff00000000000000, 0x0}, v16_int8 = {0x0, 0x0, 0x0, 0x0, 0x0, 0x0, 0x0, 0xff, 0x0, 0x0, 0x0, 0x0, 0x0, 0x0, 0x0, 0x0}, v8_int16 = {0x0, 0x0, 0x0, 0xff00, 0x0, 0x0, 0x0, 0x0}, v4_int32 = {0x0, 0xff000000, 0x0, 0x0}, v2_int64 = {0xff00000000000000, 0x0}, uint128 = 0xff00000000000000}
xmm4           {v4_float = {0x0, 0x0, 0x0, 0x0}, v2_double = {0x0, 0x0}, v16_int8 = {0x0 <repeats 16 times>}, v8_int16 = {0x0, 0x0, 0x0, 0x0, 0x0, 0x0, 0x0, 0x0}, v4_int32 = {0x0, 0x0, 0x0, 0x0}, v2_int64 = {0x0, 0x0}, uint128 = 0x0}
xmm5           {v4_float = {0x65a120, 0x0, 0x6d0760, 0x0}, v2_double = {0x65a120, 0x6d0760}, v16_int8 = {0x20, 0xa1, 0x65, 0x0, 0x0, 0x0, 0x0, 0x0, 0x60, 0x7, 0x6d, 0x0, 0x0, 0x0, 0x0, 0x0}, v8_int16 = {0xa120, 0x65, 0x0, 0x0, 0x760, 0x6d, 0x0, 0x0}, v4_int32 = {0x65a120, 0x0, 0x6d0760, 0x0}, v2_int64 = {0x65a120, 0x6d0760}, uint128 = 0x6d0760000000000065a120}
xmm6           {v4_float = {0x65d120, 0x0, 0x65da20, 0x0}, v2_double = {0x65d120, 0x65da20}, v16_int8 = {0x20, 0xd1, 0x65, 0x0, 0x0, 0x0, 0x0, 0x0, 0x20, 0xda, 0x65, 0x0, 0x0, 0x0, 0x0, 0x0}, v8_int16 = {0xd120, 0x65, 0x0, 0x0, 0xda20, 0x65, 0x0, 0x0}, v4_int32 = {0x65d120, 0x0, 0x65da20, 0x0}, v2_int64 = {0x65d120, 0x65da20}, uint128 = 0x65da20000000000065d120}
xmm7           {v4_float = {0x6c6660, 0x0, 0x65cb20, 0x0}, v2_double = {0x6c6660, 0x65cb20}, v16_int8 = {0x60, 0x66, 0x6c, 0x0, 0x0, 0x0, 0x0, 0x0, 0x20, 0xcb, 0x65, 0x0, 0x0, 0x0, 0x0, 0x0}, v8_int16 = {0x6660, 0x6c, 0x0, 0x0, 0xcb20, 0x65, 0x0, 0x0}, v4_int32 = {0x6c6660, 0x0, 0x65cb20, 0x0}, v2_int64 = {0x6c6660, 0x65cb20}, uint128 = 0x65cb2000000000006c6660}
xmm8           {v4_float = {0x6c66b0, 0x0, 0x6c6670, 0x0}, v2_double = {0x6c66b0, 0x6c6670}, v16_int8 = {0xb0, 0x66, 0x6c, 0x0, 0x0, 0x0, 0x0, 0x0, 0x70, 0x66, 0x6c, 0x0, 0x0, 0x0, 0x0, 0x0}, v8_int16 = {0x66b0, 0x6c, 0x0, 0x0, 0x6670, 0x6c, 0x0, 0x0}, v4_int32 = {0x6c66b0, 0x0, 0x6c6670, 0x0}, v2_int64 = {0x6c66b0, 0x6c6670}, uint128 = 0x6c667000000000006c66b0}
xmm9           {v4_float = {0x6, 0x0, 0x6, 0x0}, v2_double = {0x6, 0x6}, v16_int8 = {0x6, 0x0, 0x0, 0x0, 0x0, 0x0, 0x0, 0x0, 0x6, 0x0, 0x0, 0x0, 0x0, 0x0, 0x0, 0x0}, v8_int16 = {0x6, 0x0, 0x0, 0x0, 0x6, 0x0, 0x0, 0x0}, v4_int32 = {0x6, 0x0, 0x6, 0x0}, v2_int64 = {0x6, 0x6}, uint128 = 0x60000000000000006}
xmm10          {v4_float = {0x4, 0x0, 0x4, 0x0}, v2_double = {0x4, 0x4}, v16_int8 = {0x4, 0x0, 0x0, 0x0, 0x0, 0x0, 0x0, 0x0, 0x4, 0x0, 0x0, 0x0, 0x0, 0x0, 0x0, 0x0}, v8_int16 = {0x4, 0x0, 0x0, 0x0, 0x4, 0x0, 0x0, 0x0}, v4_int32 = {0x4, 0x0, 0x4, 0x0}, v2_int64 = {0x4, 0x4}, uint128 = 0x40000000000000004}
xmm11          {v4_float = {0x2, 0x0, 0x2, 0x0}, v2_double = {0x2, 0x2}, v16_int8 = {0x2, 0x0, 0x0, 0x0, 0x0, 0x0, 0x0, 0x0, 0x2, 0x0, 0x0, 0x0, 0x0, 0x0, 0x0, 0x0}, v8_int16 = {0x2, 0x0, 0x0, 0x0, 0x2, 0x0, 0x0, 0x0}, v4_int32 = {0x2, 0x0, 0x2, 0x0}, v2_int64 = {0x2, 0x2}, uint128 = 0x20000000000000002}
xmm12          {v4_float = {0xfb00f9, 0xff00fd, 0x0, 0x0}, v2_double = {0xff00fd00fb00f9, 0x0}, v16_int8 = {0xf9, 0x0, 0xfb, 0x0, 0xfd, 0x0, 0xff, 0x0, 0x0, 0x0, 0x0, 0x0, 0x0, 0x0, 0x0, 0x0}, v8_int16 = {0xf9, 0xfb, 0xfd, 0xff, 0x0, 0x0, 0x0, 0x0}, v4_int32 = {0xfb00f9, 0xff00fd, 0x0, 0x0}, v2_int64 = {0xff00fd00fb00f9, 0x0}, uint128 = 0xff00fd00fb00f9}
xmm13          {v4_float = {0xfe00fa, 0x0, 0xff00fb, 0x0}, v2_double = {0xfe00fa, 0xff00fb}, v16_int8 = {0xfa, 0x0, 0xfe, 0x0, 0x0, 0x0, 0x0, 0x0, 0xfb, 0x0, 0xff, 0x0, 0x0, 0x0, 0x0, 0x0}, v8_int16 = {0xfa, 0xfe, 0x0, 0x0, 0xfb, 0xff, 0x0, 0x0}, v4_int32 = {0xfe00fa, 0x0, 0xff00fb, 0x0}, v2_int64 = {0xfe00fa, 0xff00fb}, uint128 = 0xff00fb0000000000fe00fa}
xmm14          {v4_float = {0x0, 0x0, 0x0, 0x0}, v2_double = {0x0, 0x0}, v16_int8 = {0x0 <repeats 16 times>}, v8_int16 = {0x0, 0x0, 0x0, 0x0, 0x0, 0x0, 0x0, 0x0}, v4_int32 = {0x0, 0x0, 0x0, 0x0}, v2_int64 = {0x0, 0x0}, uint128 = 0x0}
xmm15          {v4_float = {0x0, 0x0, 0x0, 0x0}, v2_double = {0x0, 0x0}, v16_int8 = {0x0 <repeats 16 times>}, v8_int16 = {0x0, 0x0, 0x0, 0x0, 0x0, 0x0, 0x0, 0x0}, v4_int32 = {0x0, 0x0, 0x0, 0x0}, v2_int64 = {0x0, 0x0}, uint128 = 0x0}
mxcsr          0x1f80              [ IM DM ZM OM UM PM ]
Breakpoint 4 at 0xffffffff81ebd3b4: file net/sunrpc/auth.c, line 798.

Thread 2 hit Breakpoint 1, ep_item_poll (epi=epi@entry=0xffff888005cfcd80, pt=pt@entry=0xffffc9000025beb0, depth=1) at fs/eventpoll.c:1018
1018		struct file *file = epi_fget(epi);

--- PIVOT3 HIT ---
rax            0x1                 1
rbx            0xffff888005c97a81  -131391542429055
rcx            0x3                 3
rdx            0x0                 0
rsi            0xffffc9000025beb0  -60473137054032
rdi            0xffff888005cfcd80  -131391542014592
rbp            0xffffc9000025bef8  0xffffc9000025bef8
rsp            0xffffc9000025be78  0xffffc9000025be78
r8             0xffff888005c96de8  -131391542432280
r9             0x0                 0
r10            0xffff888005cfcd80  -131391542014592
r11            0x10                16
r12            0xffff888005cfcd80  -131391542014592
r13            0x0                 0
r14            0xffffffffffffffff  -1
r15            0xffff888005cc8e40  -131391542227392
rip            0xffffffff81340690  0xffffffff81340690 <ep_item_poll>
eflags         0x246               [ IOPL=0 IF ZF PF ]
cs             0x10                16
ss             0x18                24
ds             0x0                 0
es             0x0                 0
fs             0x0                 0
gs             0x0                 0
fs_base        0x34a2d400          883086336
gs_base        0xffff88807cb00000  -131389547610112
k_gs_base      0x0                 0
cr0            0x80050033          [ PG AM WP NE ET MP PE ]
cr2            0x7f5f8ac40ff8      140048326725624
cr3            0x3e04000           [ PDBR=15876 PCID=0 ]
cr4            0x3006f0            [ SMAP SMEP OSXMMEXCPT OSFXSR PGE MCE PAE PSE ]
cr8            0x1                 1
efer           0xd01               [ NXE LMA LME SCE ]
xmm0           {v4_float = {0x6c6aa3, 0x0, 0x0, 0x0}, v2_double = {0x6c6aa3, 0x0}, v16_int8 = {0xa3, 0x6a, 0x6c, 0x0 <repeats 13 times>}, v8_int16 = {0x6aa3, 0x6c, 0x0, 0x0, 0x0, 0x0, 0x0, 0x0}, v4_int32 = {0x6c6aa3, 0x0, 0x0, 0x0}, v2_int64 = {0x6c6aa3, 0x0}, uint128 = 0x6c6aa3}
xmm1           {v4_float = {0x6c6aa3, 0x0, 0x6c6aa3, 0x0}, v2_double = {0x6c6aa3, 0x6c6aa3}, v16_int8 = {0xa3, 0x6a, 0x6c, 0x0, 0x0, 0x0, 0x0, 0x0, 0xa3, 0x6a, 0x6c, 0x0, 0x0, 0x0, 0x0, 0x0}, v8_int16 = {0x6aa3, 0x6c, 0x0, 0x0, 0x6aa3, 0x6c, 0x0, 0x0}, v4_int32 = {0x6c6aa3, 0x0, 0x6c6aa3, 0x0}, v2_int64 = {0x6c6aa3, 0x6c6aa3}, uint128 = 0x6c6aa300000000006c6aa3}
xmm2           {v4_float = {0x0, 0xff, 0x0, 0x0}, v2_double = {0xff00000000, 0x0}, v16_int8 = {0x0, 0x0, 0x0, 0x0, 0xff, 0x0 <repeats 11 times>}, v8_int16 = {0x0, 0x0, 0xff, 0x0, 0x0, 0x0, 0x0, 0x0}, v4_int32 = {0x0, 0xff, 0x0, 0x0}, v2_int64 = {0xff00000000, 0x0}, uint128 = 0xff00000000}
xmm3           {v4_float = {0x0, 0xff000000, 0x0, 0x0}, v2_double = {0xff00000000000000, 0x0}, v16_int8 = {0x0, 0x0, 0x0, 0x0, 0x0, 0x0, 0x0, 0xff, 0x0, 0x0, 0x0, 0x0, 0x0, 0x0, 0x0, 0x0}, v8_int16 = {0x0, 0x0, 0x0, 0xff00, 0x0, 0x0, 0x0, 0x0}, v4_int32 = {0x0, 0xff000000, 0x0, 0x0}, v2_int64 = {0xff00000000000000, 0x0}, uint128 = 0xff00000000000000}
xmm4           {v4_float = {0x0, 0x0, 0x0, 0x0}, v2_double = {0x0, 0x0}, v16_int8 = {0x0 <repeats 16 times>}, v8_int16 = {0x0, 0x0, 0x0, 0x0, 0x0, 0x0, 0x0, 0x0}, v4_int32 = {0x0, 0x0, 0x0, 0x0}, v2_int64 = {0x0, 0x0}, uint128 = 0x0}
xmm5           {v4_float = {0x65a120, 0x0, 0x6d0760, 0x0}, v2_double = {0x65a120, 0x6d0760}, v16_int8 = {0x20, 0xa1, 0x65, 0x0, 0x0, 0x0, 0x0, 0x0, 0x60, 0x7, 0x6d, 0x0, 0x0, 0x0, 0x0, 0x0}, v8_int16 = {0xa120, 0x65, 0x0, 0x0, 0x760, 0x6d, 0x0, 0x0}, v4_int32 = {0x65a120, 0x0, 0x6d0760, 0x0}, v2_int64 = {0x65a120, 0x6d0760}, uint128 = 0x6d0760000000000065a120}
xmm6           {v4_float = {0x65d120, 0x0, 0x65da20, 0x0}, v2_double = {0x65d120, 0x65da20}, v16_int8 = {0x20, 0xd1, 0x65, 0x0, 0x0, 0x0, 0x0, 0x0, 0x20, 0xda, 0x65, 0x0, 0x0, 0x0, 0x0, 0x0}, v8_int16 = {0xd120, 0x65, 0x0, 0x0, 0xda20, 0x65, 0x0, 0x0}, v4_int32 = {0x65d120, 0x0, 0x65da20, 0x0}, v2_int64 = {0x65d120, 0x65da20}, uint128 = 0x65da20000000000065d120}
xmm7           {v4_float = {0x6c6660, 0x0, 0x65cb20, 0x0}, v2_double = {0x6c6660, 0x65cb20}, v16_int8 = {0x60, 0x66, 0x6c, 0x0, 0x0, 0x0, 0x0, 0x0, 0x20, 0xcb, 0x65, 0x0, 0x0, 0x0, 0x0, 0x0}, v8_int16 = {0x6660, 0x6c, 0x0, 0x0, 0xcb20, 0x65, 0x0, 0x0}, v4_int32 = {0x6c6660, 0x0, 0x65cb20, 0x0}, v2_int64 = {0x6c6660, 0x65cb20}, uint128 = 0x65cb2000000000006c6660}
xmm8           {v4_float = {0x6c66b0, 0x0, 0x6c6670, 0x0}, v2_double = {0x6c66b0, 0x6c6670}, v16_int8 = {0xb0, 0x66, 0x6c, 0x0, 0x0, 0x0, 0x0, 0x0, 0x70, 0x66, 0x6c, 0x0, 0x0, 0x0, 0x0, 0x0}, v8_int16 = {0x66b0, 0x6c, 0x0, 0x0, 0x6670, 0x6c, 0x0, 0x0}, v4_int32 = {0x6c66b0, 0x0, 0x6c6670, 0x0}, v2_int64 = {0x6c66b0, 0x6c6670}, uint128 = 0x6c667000000000006c66b0}
xmm9           {v4_float = {0x6, 0x0, 0x6, 0x0}, v2_double = {0x6, 0x6}, v16_int8 = {0x6, 0x0, 0x0, 0x0, 0x0, 0x0, 0x0, 0x0, 0x6, 0x0, 0x0, 0x0, 0x0, 0x0, 0x0, 0x0}, v8_int16 = {0x6, 0x0, 0x0, 0x0, 0x6, 0x0, 0x0, 0x0}, v4_int32 = {0x6, 0x0, 0x6, 0x0}, v2_int64 = {0x6, 0x6}, uint128 = 0x60000000000000006}
xmm10          {v4_float = {0x4, 0x0, 0x4, 0x0}, v2_double = {0x4, 0x4}, v16_int8 = {0x4, 0x0, 0x0, 0x0, 0x0, 0x0, 0x0, 0x0, 0x4, 0x0, 0x0, 0x0, 0x0, 0x0, 0x0, 0x0}, v8_int16 = {0x4, 0x0, 0x0, 0x0, 0x4, 0x0, 0x0, 0x0}, v4_int32 = {0x4, 0x0, 0x4, 0x0}, v2_int64 = {0x4, 0x4}, uint128 = 0x40000000000000004}
xmm11          {v4_float = {0x2, 0x0, 0x2, 0x0}, v2_double = {0x2, 0x2}, v16_int8 = {0x2, 0x0, 0x0, 0x0, 0x0, 0x0, 0x0, 0x0, 0x2, 0x0, 0x0, 0x0, 0x0, 0x0, 0x0, 0x0}, v8_int16 = {0x2, 0x0, 0x0, 0x0, 0x2, 0x0, 0x0, 0x0}, v4_int32 = {0x2, 0x0, 0x2, 0x0}, v2_int64 = {0x2, 0x2}, uint128 = 0x20000000000000002}
xmm12          {v4_float = {0xfb00f9, 0xff00fd, 0x0, 0x0}, v2_double = {0xff00fd00fb00f9, 0x0}, v16_int8 = {0xf9, 0x0, 0xfb, 0x0, 0xfd, 0x0, 0xff, 0x0, 0x0, 0x0, 0x0, 0x0, 0x0, 0x0, 0x0, 0x0}, v8_int16 = {0xf9, 0xfb, 0xfd, 0xff, 0x0, 0x0, 0x0, 0x0}, v4_int32 = {0xfb00f9, 0xff00fd, 0x0, 0x0}, v2_int64 = {0xff00fd00fb00f9, 0x0}, uint128 = 0xff00fd00fb00f9}
xmm13          {v4_float = {0xfe00fa, 0x0, 0xff00fb, 0x0}, v2_double = {0xfe00fa, 0xff00fb}, v16_int8 = {0xfa, 0x0, 0xfe, 0x0, 0x0, 0x0, 0x0, 0x0, 0xfb, 0x0, 0xff, 0x0, 0x0, 0x0, 0x0, 0x0}, v8_int16 = {0xfa, 0xfe, 0x0, 0x0, 0xfb, 0xff, 0x0, 0x0}, v4_int32 = {0xfe00fa, 0x0, 0xff00fb, 0x0}, v2_int64 = {0xfe00fa, 0xff00fb}, uint128 = 0xff00fb0000000000fe00fa}
xmm14          {v4_float = {0x0, 0x0, 0x0, 0x0}, v2_double = {0x0, 0x0}, v16_int8 = {0x0 <repeats 16 times>}, v8_int16 = {0x0, 0x0, 0x0, 0x0, 0x0, 0x0, 0x0, 0x0}, v4_int32 = {0x0, 0x0, 0x0, 0x0}, v2_int64 = {0x0, 0x0}, uint128 = 0x0}
xmm15          {v4_float = {0x0, 0x0, 0x0, 0x0}, v2_double = {0x0, 0x0}, v16_int8 = {0x0 <repeats 16 times>}, v8_int16 = {0x0, 0x0, 0x0, 0x0, 0x0, 0x0, 0x0, 0x0}, v4_int32 = {0x0, 0x0, 0x0, 0x0}, v2_int64 = {0x0, 0x0}, uint128 = 0x0}
mxcsr          0x1f80              [ IM DM ZM OM UM PM ]
Breakpoint 5 at 0xffffffff82052ad4: file arch/x86/kernel/time.c, line 109.

Thread 2 hit Breakpoint 1, ep_item_poll (epi=epi@entry=0xffff888005cfcc80, pt=pt@entry=0xffffc9000025beb0, depth=1) at fs/eventpoll.c:1018
1018		struct file *file = epi_fget(epi);

--- PIVOT4 HIT ---
rax            0x1                 1
rbx            0xffff888005f53f01  -131391539560703
rcx            0x3                 3
rdx            0x0                 0
rsi            0xffffc9000025beb0  -60473137054032
rdi            0xffff888005cfcc80  -131391542014848
rbp            0xffffc9000025bef8  0xffffc9000025bef8
rsp            0xffffc9000025be78  0xffffc9000025be78
r8             0xffff888005cc7ba8  -131391542232152
r9             0x0                 0
r10            0xffff888005cfcc80  -131391542014848
r11            0x10                16
r12            0xffff888005cfcc80  -131391542014848
r13            0x0                 0
r14            0xffffffffffffffff  -1
r15            0xffff888005f53e40  -131391539560896
rip            0xffffffff81340690  0xffffffff81340690 <ep_item_poll>
eflags         0x246               [ IOPL=0 IF ZF PF ]
cs             0x10                16
ss             0x18                24
ds             0x0                 0
es             0x0                 0
fs             0x0                 0
gs             0x0                 0
fs_base        0x34a2d400          883086336
gs_base        0xffff88807cb00000  -131389547610112
k_gs_base      0x0                 0
cr0            0x80050033          [ PG AM WP NE ET MP PE ]
cr2            0x7f5f8ac40ff8      140048326725624
cr3            0x3e04000           [ PDBR=15876 PCID=0 ]
cr4            0x3006f0            [ SMAP SMEP OSXMMEXCPT OSFXSR PGE MCE PAE PSE ]
cr8            0x1                 1
efer           0xd01               [ NXE LMA LME SCE ]
xmm0           {v4_float = {0x6c6aa3, 0x0, 0x0, 0x0}, v2_double = {0x6c6aa3, 0x0}, v16_int8 = {0xa3, 0x6a, 0x6c, 0x0 <repeats 13 times>}, v8_int16 = {0x6aa3, 0x6c, 0x0, 0x0, 0x0, 0x0, 0x0, 0x0}, v4_int32 = {0x6c6aa3, 0x0, 0x0, 0x0}, v2_int64 = {0x6c6aa3, 0x0}, uint128 = 0x6c6aa3}
xmm1           {v4_float = {0x6c6aa3, 0x0, 0x6c6aa3, 0x0}, v2_double = {0x6c6aa3, 0x6c6aa3}, v16_int8 = {0xa3, 0x6a, 0x6c, 0x0, 0x0, 0x0, 0x0, 0x0, 0xa3, 0x6a, 0x6c, 0x0, 0x0, 0x0, 0x0, 0x0}, v8_int16 = {0x6aa3, 0x6c, 0x0, 0x0, 0x6aa3, 0x6c, 0x0, 0x0}, v4_int32 = {0x6c6aa3, 0x0, 0x6c6aa3, 0x0}, v2_int64 = {0x6c6aa3, 0x6c6aa3}, uint128 = 0x6c6aa300000000006c6aa3}
xmm2           {v4_float = {0x0, 0xff, 0x0, 0x0}, v2_double = {0xff00000000, 0x0}, v16_int8 = {0x0, 0x0, 0x0, 0x0, 0xff, 0x0 <repeats 11 times>}, v8_int16 = {0x0, 0x0, 0xff, 0x0, 0x0, 0x0, 0x0, 0x0}, v4_int32 = {0x0, 0xff, 0x0, 0x0}, v2_int64 = {0xff00000000, 0x0}, uint128 = 0xff00000000}
xmm3           {v4_float = {0x0, 0xff000000, 0x0, 0x0}, v2_double = {0xff00000000000000, 0x0}, v16_int8 = {0x0, 0x0, 0x0, 0x0, 0x0, 0x0, 0x0, 0xff, 0x0, 0x0, 0x0, 0x0, 0x0, 0x0, 0x0, 0x0}, v8_int16 = {0x0, 0x0, 0x0, 0xff00, 0x0, 0x0, 0x0, 0x0}, v4_int32 = {0x0, 0xff000000, 0x0, 0x0}, v2_int64 = {0xff00000000000000, 0x0}, uint128 = 0xff00000000000000}
xmm4           {v4_float = {0x0, 0x0, 0x0, 0x0}, v2_double = {0x0, 0x0}, v16_int8 = {0x0 <repeats 16 times>}, v8_int16 = {0x0, 0x0, 0x0, 0x0, 0x0, 0x0, 0x0, 0x0}, v4_int32 = {0x0, 0x0, 0x0, 0x0}, v2_int64 = {0x0, 0x0}, uint128 = 0x0}
xmm5           {v4_float = {0x65a120, 0x0, 0x6d0760, 0x0}, v2_double = {0x65a120, 0x6d0760}, v16_int8 = {0x20, 0xa1, 0x65, 0x0, 0x0, 0x0, 0x0, 0x0, 0x60, 0x7, 0x6d, 0x0, 0x0, 0x0, 0x0, 0x0}, v8_int16 = {0xa120, 0x65, 0x0, 0x0, 0x760, 0x6d, 0x0, 0x0}, v4_int32 = {0x65a120, 0x0, 0x6d0760, 0x0}, v2_int64 = {0x65a120, 0x6d0760}, uint128 = 0x6d0760000000000065a120}
xmm6           {v4_float = {0x65d120, 0x0, 0x65da20, 0x0}, v2_double = {0x65d120, 0x65da20}, v16_int8 = {0x20, 0xd1, 0x65, 0x0, 0x0, 0x0, 0x0, 0x0, 0x20, 0xda, 0x65, 0x0, 0x0, 0x0, 0x0, 0x0}, v8_int16 = {0xd120, 0x65, 0x0, 0x0, 0xda20, 0x65, 0x0, 0x0}, v4_int32 = {0x65d120, 0x0, 0x65da20, 0x0}, v2_int64 = {0x65d120, 0x65da20}, uint128 = 0x65da20000000000065d120}
xmm7           {v4_float = {0x6c6660, 0x0, 0x65cb20, 0x0}, v2_double = {0x6c6660, 0x65cb20}, v16_int8 = {0x60, 0x66, 0x6c, 0x0, 0x0, 0x0, 0x0, 0x0, 0x20, 0xcb, 0x65, 0x0, 0x0, 0x0, 0x0, 0x0}, v8_int16 = {0x6660, 0x6c, 0x0, 0x0, 0xcb20, 0x65, 0x0, 0x0}, v4_int32 = {0x6c6660, 0x0, 0x65cb20, 0x0}, v2_int64 = {0x6c6660, 0x65cb20}, uint128 = 0x65cb2000000000006c6660}
xmm8           {v4_float = {0x6c66b0, 0x0, 0x6c6670, 0x0}, v2_double = {0x6c66b0, 0x6c6670}, v16_int8 = {0xb0, 0x66, 0x6c, 0x0, 0x0, 0x0, 0x0, 0x0, 0x70, 0x66, 0x6c, 0x0, 0x0, 0x0, 0x0, 0x0}, v8_int16 = {0x66b0, 0x6c, 0x0, 0x0, 0x6670, 0x6c, 0x0, 0x0}, v4_int32 = {0x6c66b0, 0x0, 0x6c6670, 0x0}, v2_int64 = {0x6c66b0, 0x6c6670}, uint128 = 0x6c667000000000006c66b0}
xmm9           {v4_float = {0x6, 0x0, 0x6, 0x0}, v2_double = {0x6, 0x6}, v16_int8 = {0x6, 0x0, 0x0, 0x0, 0x0, 0x0, 0x0, 0x0, 0x6, 0x0, 0x0, 0x0, 0x0, 0x0, 0x0, 0x0}, v8_int16 = {0x6, 0x0, 0x0, 0x0, 0x6, 0x0, 0x0, 0x0}, v4_int32 = {0x6, 0x0, 0x6, 0x0}, v2_int64 = {0x6, 0x6}, uint128 = 0x60000000000000006}
xmm10          {v4_float = {0x4, 0x0, 0x4, 0x0}, v2_double = {0x4, 0x4}, v16_int8 = {0x4, 0x0, 0x0, 0x0, 0x0, 0x0, 0x0, 0x0, 0x4, 0x0, 0x0, 0x0, 0x0, 0x0, 0x0, 0x0}, v8_int16 = {0x4, 0x0, 0x0, 0x0, 0x4, 0x0, 0x0, 0x0}, v4_int32 = {0x4, 0x0, 0x4, 0x0}, v2_int64 = {0x4, 0x4}, uint128 = 0x40000000000000004}
xmm11          {v4_float = {0x2, 0x0, 0x2, 0x0}, v2_double = {0x2, 0x2}, v16_int8 = {0x2, 0x0, 0x0, 0x0, 0x0, 0x0, 0x0, 0x0, 0x2, 0x0, 0x0, 0x0, 0x0, 0x0, 0x0, 0x0}, v8_int16 = {0x2, 0x0, 0x0, 0x0, 0x2, 0x0, 0x0, 0x0}, v4_int32 = {0x2, 0x0, 0x2, 0x0}, v2_int64 = {0x2, 0x2}, uint128 = 0x20000000000000002}
xmm12          {v4_float = {0xfb00f9, 0xff00fd, 0x0, 0x0}, v2_double = {0xff00fd00fb00f9, 0x0}, v16_int8 = {0xf9, 0x0, 0xfb, 0x0, 0xfd, 0x0, 0xff, 0x0, 0x0, 0x0, 0x0, 0x0, 0x0, 0x0, 0x0, 0x0}, v8_int16 = {0xf9, 0xfb, 0xfd, 0xff, 0x0, 0x0, 0x0, 0x0}, v4_int32 = {0xfb00f9, 0xff00fd, 0x0, 0x0}, v2_int64 = {0xff00fd00fb00f9, 0x0}, uint128 = 0xff00fd00fb00f9}
xmm13          {v4_float = {0xfe00fa, 0x0, 0xff00fb, 0x0}, v2_double = {0xfe00fa, 0xff00fb}, v16_int8 = {0xfa, 0x0, 0xfe, 0x0, 0x0, 0x0, 0x0, 0x0, 0xfb, 0x0, 0xff, 0x0, 0x0, 0x0, 0x0, 0x0}, v8_int16 = {0xfa, 0xfe, 0x0, 0x0, 0xfb, 0xff, 0x0, 0x0}, v4_int32 = {0xfe00fa, 0x0, 0xff00fb, 0x0}, v2_int64 = {0xfe00fa, 0xff00fb}, uint128 = 0xff00fb0000000000fe00fa}
xmm14          {v4_float = {0x0, 0x0, 0x0, 0x0}, v2_double = {0x0, 0x0}, v16_int8 = {0x0 <repeats 16 times>}, v8_int16 = {0x0, 0x0, 0x0, 0x0, 0x0, 0x0, 0x0, 0x0}, v4_int32 = {0x0, 0x0, 0x0, 0x0}, v2_int64 = {0x0, 0x0}, uint128 = 0x0}
xmm15          {v4_float = {0x0, 0x0, 0x0, 0x0}, v2_double = {0x0, 0x0}, v16_int8 = {0x0 <repeats 16 times>}, v8_int16 = {0x0, 0x0, 0x0, 0x0, 0x0, 0x0, 0x0, 0x0}, v4_int32 = {0x0, 0x0, 0x0, 0x0}, v2_int64 = {0x0, 0x0}, uint128 = 0x0}
mxcsr          0x1f80              [ IM DM ZM OM UM PM ]
Breakpoint 6 at 0xffffffff820d6e70: file arch/x86/lib/retpoline.S, line 427.

Thread 2 hit Breakpoint 1, ep_item_poll (epi=epi@entry=0xffff888005cfcb80, pt=pt@entry=0xffffc9000025beb0, depth=1) at fs/eventpoll.c:1018
1018		struct file *file = epi_fget(epi);

--- RETURN THUNK HIT ---
rax            0x1                 1
rbx            0xffff888005c97a81  -131391542429055
rcx            0x3                 3
rdx            0x0                 0
rsi            0xffffc9000025beb0  -60473137054032
rdi            0xffff888005cfcb80  -131391542015104
rbp            0xffffc9000025bef8  0xffffc9000025bef8
rsp            0xffffc9000025be78  0xffffc9000025be78
r8             0xffff888005c96de8  -131391542432280
r9             0x0                 0
r10            0xffff888005cfcb80  -131391542015104
r11            0x10                16
r12            0xffff888005cfcb80  -131391542015104
r13            0x0                 0
r14            0xffffffffffffffff  -1
r15            0xffff888005cc80c0  -131391542230848
rip            0xffffffff81340690  0xffffffff81340690 <ep_item_poll>
eflags         0x246               [ IOPL=0 IF ZF PF ]
cs             0x10                16
ss             0x18                24
ds             0x0                 0
es             0x0                 0
fs             0x0                 0
gs             0x0                 0
fs_base        0x34a2d400          883086336
gs_base        0xffff88807cb00000  -131389547610112
k_gs_base      0x0                 0
cr0            0x80050033          [ PG AM WP NE ET MP PE ]
cr2            0x7f5f8ac40ff8      140048326725624
cr3            0x3e04000           [ PDBR=15876 PCID=0 ]
cr4            0x3006f0            [ SMAP SMEP OSXMMEXCPT OSFXSR PGE MCE PAE PSE ]
cr8            0x1                 1
efer           0xd01               [ NXE LMA LME SCE ]
xmm0           {v4_float = {0x6c6aa3, 0x0, 0x0, 0x0}, v2_double = {0x6c6aa3, 0x0}, v16_int8 = {0xa3, 0x6a, 0x6c, 0x0 <repeats 13 times>}, v8_int16 = {0x6aa3, 0x6c, 0x0, 0x0, 0x0, 0x0, 0x0, 0x0}, v4_int32 = {0x6c6aa3, 0x0, 0x0, 0x0}, v2_int64 = {0x6c6aa3, 0x0}, uint128 = 0x6c6aa3}
xmm1           {v4_float = {0x6c6aa3, 0x0, 0x6c6aa3, 0x0}, v2_double = {0x6c6aa3, 0x6c6aa3}, v16_int8 = {0xa3, 0x6a, 0x6c, 0x0, 0x0, 0x0, 0x0, 0x0, 0xa3, 0x6a, 0x6c, 0x0, 0x0, 0x0, 0x0, 0x0}, v8_int16 = {0x6aa3, 0x6c, 0x0, 0x0, 0x6aa3, 0x6c, 0x0, 0x0}, v4_int32 = {0x6c6aa3, 0x0, 0x6c6aa3, 0x0}, v2_int64 = {0x6c6aa3, 0x6c6aa3}, uint128 = 0x6c6aa300000000006c6aa3}
xmm2           {v4_float = {0x0, 0xff, 0x0, 0x0}, v2_double = {0xff00000000, 0x0}, v16_int8 = {0x0, 0x0, 0x0, 0x0, 0xff, 0x0 <repeats 11 times>}, v8_int16 = {0x0, 0x0, 0xff, 0x0, 0x0, 0x0, 0x0, 0x0}, v4_int32 = {0x0, 0xff, 0x0, 0x0}, v2_int64 = {0xff00000000, 0x0}, uint128 = 0xff00000000}
xmm3           {v4_float = {0x0, 0xff000000, 0x0, 0x0}, v2_double = {0xff00000000000000, 0x0}, v16_int8 = {0x0, 0x0, 0x0, 0x0, 0x0, 0x0, 0x0, 0xff, 0x0, 0x0, 0x0, 0x0, 0x0, 0x0, 0x0, 0x0}, v8_int16 = {0x0, 0x0, 0x0, 0xff00, 0x0, 0x0, 0x0, 0x0}, v4_int32 = {0x0, 0xff000000, 0x0, 0x0}, v2_int64 = {0xff00000000000000, 0x0}, uint128 = 0xff00000000000000}
xmm4           {v4_float = {0x0, 0x0, 0x0, 0x0}, v2_double = {0x0, 0x0}, v16_int8 = {0x0 <repeats 16 times>}, v8_int16 = {0x0, 0x0, 0x0, 0x0, 0x0, 0x0, 0x0, 0x0}, v4_int32 = {0x0, 0x0, 0x0, 0x0}, v2_int64 = {0x0, 0x0}, uint128 = 0x0}
xmm5           {v4_float = {0x65a120, 0x0, 0x6d0760, 0x0}, v2_double = {0x65a120, 0x6d0760}, v16_int8 = {0x20, 0xa1, 0x65, 0x0, 0x0, 0x0, 0x0, 0x0, 0x60, 0x7, 0x6d, 0x0, 0x0, 0x0, 0x0, 0x0}, v8_int16 = {0xa120, 0x65, 0x0, 0x0, 0x760, 0x6d, 0x0, 0x0}, v4_int32 = {0x65a120, 0x0, 0x6d0760, 0x0}, v2_int64 = {0x65a120, 0x6d0760}, uint128 = 0x6d0760000000000065a120}
xmm6           {v4_float = {0x65d120, 0x0, 0x65da20, 0x0}, v2_double = {0x65d120, 0x65da20}, v16_int8 = {0x20, 0xd1, 0x65, 0x0, 0x0, 0x0, 0x0, 0x0, 0x20, 0xda, 0x65, 0x0, 0x0, 0x0, 0x0, 0x0}, v8_int16 = {0xd120, 0x65, 0x0, 0x0, 0xda20, 0x65, 0x0, 0x0}, v4_int32 = {0x65d120, 0x0, 0x65da20, 0x0}, v2_int64 = {0x65d120, 0x65da20}, uint128 = 0x65da20000000000065d120}
xmm7           {v4_float = {0x6c6660, 0x0, 0x65cb20, 0x0}, v2_double = {0x6c6660, 0x65cb20}, v16_int8 = {0x60, 0x66, 0x6c, 0x0, 0x0, 0x0, 0x0, 0x0, 0x20, 0xcb, 0x65, 0x0, 0x0, 0x0, 0x0, 0x0}, v8_int16 = {0x6660, 0x6c, 0x0, 0x0, 0xcb20, 0x65, 0x0, 0x0}, v4_int32 = {0x6c6660, 0x0, 0x65cb20, 0x0}, v2_int64 = {0x6c6660, 0x65cb20}, uint128 = 0x65cb2000000000006c6660}
xmm8           {v4_float = {0x6c66b0, 0x0, 0x6c6670, 0x0}, v2_double = {0x6c66b0, 0x6c6670}, v16_int8 = {0xb0, 0x66, 0x6c, 0x0, 0x0, 0x0, 0x0, 0x0, 0x70, 0x66, 0x6c, 0x0, 0x0, 0x0, 0x0, 0x0}, v8_int16 = {0x66b0, 0x6c, 0x0, 0x0, 0x6670, 0x6c, 0x0, 0x0}, v4_int32 = {0x6c66b0, 0x0, 0x6c6670, 0x0}, v2_int64 = {0x6c66b0, 0x6c6670}, uint128 = 0x6c667000000000006c66b0}
xmm9           {v4_float = {0x6, 0x0, 0x6, 0x0}, v2_double = {0x6, 0x6}, v16_int8 = {0x6, 0x0, 0x0, 0x0, 0x0, 0x0, 0x0, 0x0, 0x6, 0x0, 0x0, 0x0, 0x0, 0x0, 0x0, 0x0}, v8_int16 = {0x6, 0x0, 0x0, 0x0, 0x6, 0x0, 0x0, 0x0}, v4_int32 = {0x6, 0x0, 0x6, 0x0}, v2_int64 = {0x6, 0x6}, uint128 = 0x60000000000000006}
xmm10          {v4_float = {0x4, 0x0, 0x4, 0x0}, v2_double = {0x4, 0x4}, v16_int8 = {0x4, 0x0, 0x0, 0x0, 0x0, 0x0, 0x0, 0x0, 0x4, 0x0, 0x0, 0x0, 0x0, 0x0, 0x0, 0x0}, v8_int16 = {0x4, 0x0, 0x0, 0x0, 0x4, 0x0, 0x0, 0x0}, v4_int32 = {0x4, 0x0, 0x4, 0x0}, v2_int64 = {0x4, 0x4}, uint128 = 0x40000000000000004}
xmm11          {v4_float = {0x2, 0x0, 0x2, 0x0}, v2_double = {0x2, 0x2}, v16_int8 = {0x2, 0x0, 0x0, 0x0, 0x0, 0x0, 0x0, 0x0, 0x2, 0x0, 0x0, 0x0, 0x0, 0x0, 0x0, 0x0}, v8_int16 = {0x2, 0x0, 0x0, 0x0, 0x2, 0x0, 0x0, 0x0}, v4_int32 = {0x2, 0x0, 0x2, 0x0}, v2_int64 = {0x2, 0x2}, uint128 = 0x20000000000000002}
xmm12          {v4_float = {0xfb00f9, 0xff00fd, 0x0, 0x0}, v2_double = {0xff00fd00fb00f9, 0x0}, v16_int8 = {0xf9, 0x0, 0xfb, 0x0, 0xfd, 0x0, 0xff, 0x0, 0x0, 0x0, 0x0, 0x0, 0x0, 0x0, 0x0, 0x0}, v8_int16 = {0xf9, 0xfb, 0xfd, 0xff, 0x0, 0x0, 0x0, 0x0}, v4_int32 = {0xfb00f9, 0xff00fd, 0x0, 0x0}, v2_int64 = {0xff00fd00fb00f9, 0x0}, uint128 = 0xff00fd00fb00f9}
xmm13          {v4_float = {0xfe00fa, 0x0, 0xff00fb, 0x0}, v2_double = {0xfe00fa, 0xff00fb}, v16_int8 = {0xfa, 0x0, 0xfe, 0x0, 0x0, 0x0, 0x0, 0x0, 0xfb, 0x0, 0xff, 0x0, 0x0, 0x0, 0x0, 0x0}, v8_int16 = {0xfa, 0xfe, 0x0, 0x0, 0xfb, 0xff, 0x0, 0x0}, v4_int32 = {0xfe00fa, 0x0, 0xff00fb, 0x0}, v2_int64 = {0xfe00fa, 0xff00fb}, uint128 = 0xff00fb0000000000fe00fa}
xmm14          {v4_float = {0x0, 0x0, 0x0, 0x0}, v2_double = {0x0, 0x0}, v16_int8 = {0x0 <repeats 16 times>}, v8_int16 = {0x0, 0x0, 0x0, 0x0, 0x0, 0x0, 0x0, 0x0}, v4_int32 = {0x0, 0x0, 0x0, 0x0}, v2_int64 = {0x0, 0x0}, uint128 = 0x0}
xmm15          {v4_float = {0x0, 0x0, 0x0, 0x0}, v2_double = {0x0, 0x0}, v16_int8 = {0x0 <repeats 16 times>}, v8_int16 = {0x0, 0x0, 0x0, 0x0, 0x0, 0x0, 0x0, 0x0}, v4_int32 = {0x0, 0x0, 0x0, 0x0}, v2_int64 = {0x0, 0x0}, uint128 = 0x0}
mxcsr          0x1f80              [ IM DM ZM OM UM PM ]
0xffffffff81340694	1018		struct file *file = epi_fget(epi);

--- FIRST ROP GADGET ---
rax            0x1                 1
rbx            0xffff888005c97a81  -131391542429055
rcx            0x3                 3
rdx            0x0                 0
rsi            0xffffc9000025beb0  -60473137054032
rdi            0xffff888005cfcb80  -131391542015104
rbp            0xffffc9000025bef8  0xffffc9000025bef8
rsp            0xffffc9000025be60  0xffffc9000025be60
r8             0xffff888005c96de8  -131391542432280
r9             0x0                 0
r10            0xffff888005cfcb80  -131391542015104
r11            0x10                16
r12            0xffff888005cfcb80  -131391542015104
r13            0x0                 0
r14            0xffffffffffffffff  -1
r15            0xffff888005cc80c0  -131391542230848
rip            0xffffffff81340694  0xffffffff81340694 <ep_item_poll+4>
eflags         0x286               [ IOPL=0 IF SF PF ]
cs             0x10                16
ss             0x18                24
ds             0x0                 0
es             0x0                 0
fs             0x0                 0
gs             0x0                 0
fs_base        0x34a2d400          883086336
gs_base        0xffff88807cb00000  -131389547610112
k_gs_base      0x0                 0
cr0            0x80050033          [ PG AM WP NE ET MP PE ]
cr2            0x7f5f8ac40ff8      140048326725624
cr3            0x3e04000           [ PDBR=15876 PCID=0 ]
cr4            0x3006f0            [ SMAP SMEP OSXMMEXCPT OSFXSR PGE MCE PAE PSE ]
cr8            0x1                 1
efer           0xd01               [ NXE LMA LME SCE ]
xmm0           {v4_float = {0x6c6aa3, 0x0, 0x0, 0x0}, v2_double = {0x6c6aa3, 0x0}, v16_int8 = {0xa3, 0x6a, 0x6c, 0x0 <repeats 13 times>}, v8_int16 = {0x6aa3, 0x6c, 0x0, 0x0, 0x0, 0x0, 0x0, 0x0}, v4_int32 = {0x6c6aa3, 0x0, 0x0, 0x0}, v2_int64 = {0x6c6aa3, 0x0}, uint128 = 0x6c6aa3}
xmm1           {v4_float = {0x6c6aa3, 0x0, 0x6c6aa3, 0x0}, v2_double = {0x6c6aa3, 0x6c6aa3}, v16_int8 = {0xa3, 0x6a, 0x6c, 0x0, 0x0, 0x0, 0x0, 0x0, 0xa3, 0x6a, 0x6c, 0x0, 0x0, 0x0, 0x0, 0x0}, v8_int16 = {0x6aa3, 0x6c, 0x0, 0x0, 0x6aa3, 0x6c, 0x0, 0x0}, v4_int32 = {0x6c6aa3, 0x0, 0x6c6aa3, 0x0}, v2_int64 = {0x6c6aa3, 0x6c6aa3}, uint128 = 0x6c6aa300000000006c6aa3}
xmm2           {v4_float = {0x0, 0xff, 0x0, 0x0}, v2_double = {0xff00000000, 0x0}, v16_int8 = {0x0, 0x0, 0x0, 0x0, 0xff, 0x0 <repeats 11 times>}, v8_int16 = {0x0, 0x0, 0xff, 0x0, 0x0, 0x0, 0x0, 0x0}, v4_int32 = {0x0, 0xff, 0x0, 0x0}, v2_int64 = {0xff00000000, 0x0}, uint128 = 0xff00000000}
xmm3           {v4_float = {0x0, 0xff000000, 0x0, 0x0}, v2_double = {0xff00000000000000, 0x0}, v16_int8 = {0x0, 0x0, 0x0, 0x0, 0x0, 0x0, 0x0, 0xff, 0x0, 0x0, 0x0, 0x0, 0x0, 0x0, 0x0, 0x0}, v8_int16 = {0x0, 0x0, 0x0, 0xff00, 0x0, 0x0, 0x0, 0x0}, v4_int32 = {0x0, 0xff000000, 0x0, 0x0}, v2_int64 = {0xff00000000000000, 0x0}, uint128 = 0xff00000000000000}
xmm4           {v4_float = {0x0, 0x0, 0x0, 0x0}, v2_double = {0x0, 0x0}, v16_int8 = {0x0 <repeats 16 times>}, v8_int16 = {0x0, 0x0, 0x0, 0x0, 0x0, 0x0, 0x0, 0x0}, v4_int32 = {0x0, 0x0, 0x0, 0x0}, v2_int64 = {0x0, 0x0}, uint128 = 0x0}
xmm5           {v4_float = {0x65a120, 0x0, 0x6d0760, 0x0}, v2_double = {0x65a120, 0x6d0760}, v16_int8 = {0x20, 0xa1, 0x65, 0x0, 0x0, 0x0, 0x0, 0x0, 0x60, 0x7, 0x6d, 0x0, 0x0, 0x0, 0x0, 0x0}, v8_int16 = {0xa120, 0x65, 0x0, 0x0, 0x760, 0x6d, 0x0, 0x0}, v4_int32 = {0x65a120, 0x0, 0x6d0760, 0x0}, v2_int64 = {0x65a120, 0x6d0760}, uint128 = 0x6d0760000000000065a120}
xmm6           {v4_float = {0x65d120, 0x0, 0x65da20, 0x0}, v2_double = {0x65d120, 0x65da20}, v16_int8 = {0x20, 0xd1, 0x65, 0x0, 0x0, 0x0, 0x0, 0x0, 0x20, 0xda, 0x65, 0x0, 0x0, 0x0, 0x0, 0x0}, v8_int16 = {0xd120, 0x65, 0x0, 0x0, 0xda20, 0x65, 0x0, 0x0}, v4_int32 = {0x65d120, 0x0, 0x65da20, 0x0}, v2_int64 = {0x65d120, 0x65da20}, uint128 = 0x65da20000000000065d120}
xmm7           {v4_float = {0x6c6660, 0x0, 0x65cb20, 0x0}, v2_double = {0x6c6660, 0x65cb20}, v16_int8 = {0x60, 0x66, 0x6c, 0x0, 0x0, 0x0, 0x0, 0x0, 0x20, 0xcb, 0x65, 0x0, 0x0, 0x0, 0x0, 0x0}, v8_int16 = {0x6660, 0x6c, 0x0, 0x0, 0xcb20, 0x65, 0x0, 0x0}, v4_int32 = {0x6c6660, 0x0, 0x65cb20, 0x0}, v2_int64 = {0x6c6660, 0x65cb20}, uint128 = 0x65cb2000000000006c6660}
xmm8           {v4_float = {0x6c66b0, 0x0, 0x6c6670, 0x0}, v2_double = {0x6c66b0, 0x6c6670}, v16_int8 = {0xb0, 0x66, 0x6c, 0x0, 0x0, 0x0, 0x0, 0x0, 0x70, 0x66, 0x6c, 0x0, 0x0, 0x0, 0x0, 0x0}, v8_int16 = {0x66b0, 0x6c, 0x0, 0x0, 0x6670, 0x6c, 0x0, 0x0}, v4_int32 = {0x6c66b0, 0x0, 0x6c6670, 0x0}, v2_int64 = {0x6c66b0, 0x6c6670}, uint128 = 0x6c667000000000006c66b0}
xmm9           {v4_float = {0x6, 0x0, 0x6, 0x0}, v2_double = {0x6, 0x6}, v16_int8 = {0x6, 0x0, 0x0, 0x0, 0x0, 0x0, 0x0, 0x0, 0x6, 0x0, 0x0, 0x0, 0x0, 0x0, 0x0, 0x0}, v8_int16 = {0x6, 0x0, 0x0, 0x0, 0x6, 0x0, 0x0, 0x0}, v4_int32 = {0x6, 0x0, 0x6, 0x0}, v2_int64 = {0x6, 0x6}, uint128 = 0x60000000000000006}
xmm10          {v4_float = {0x4, 0x0, 0x4, 0x0}, v2_double = {0x4, 0x4}, v16_int8 = {0x4, 0x0, 0x0, 0x0, 0x0, 0x0, 0x0, 0x0, 0x4, 0x0, 0x0, 0x0, 0x0, 0x0, 0x0, 0x0}, v8_int16 = {0x4, 0x0, 0x0, 0x0, 0x4, 0x0, 0x0, 0x0}, v4_int32 = {0x4, 0x0, 0x4, 0x0}, v2_int64 = {0x4, 0x4}, uint128 = 0x40000000000000004}
xmm11          {v4_float = {0x2, 0x0, 0x2, 0x0}, v2_double = {0x2, 0x2}, v16_int8 = {0x2, 0x0, 0x0, 0x0, 0x0, 0x0, 0x0, 0x0, 0x2, 0x0, 0x0, 0x0, 0x0, 0x0, 0x0, 0x0}, v8_int16 = {0x2, 0x0, 0x0, 0x0, 0x2, 0x0, 0x0, 0x0}, v4_int32 = {0x2, 0x0, 0x2, 0x0}, v2_int64 = {0x2, 0x2}, uint128 = 0x20000000000000002}
xmm12          {v4_float = {0xfb00f9, 0xff00fd, 0x0, 0x0}, v2_double = {0xff00fd00fb00f9, 0x0}, v16_int8 = {0xf9, 0x0, 0xfb, 0x0, 0xfd, 0x0, 0xff, 0x0, 0x0, 0x0, 0x0, 0x0, 0x0, 0x0, 0x0, 0x0}, v8_int16 = {0xf9, 0xfb, 0xfd, 0xff, 0x0, 0x0, 0x0, 0x0}, v4_int32 = {0xfb00f9, 0xff00fd, 0x0, 0x0}, v2_int64 = {0xff00fd00fb00f9, 0x0}, uint128 = 0xff00fd00fb00f9}
xmm13          {v4_float = {0xfe00fa, 0x0, 0xff00fb, 0x0}, v2_double = {0xfe00fa, 0xff00fb}, v16_int8 = {0xfa, 0x0, 0xfe, 0x0, 0x0, 0x0, 0x0, 0x0, 0xfb, 0x0, 0xff, 0x0, 0x0, 0x0, 0x0, 0x0}, v8_int16 = {0xfa, 0xfe, 0x0, 0x0, 0xfb, 0xff, 0x0, 0x0}, v4_int32 = {0xfe00fa, 0x0, 0xff00fb, 0x0}, v2_int64 = {0xfe00fa, 0xff00fb}, uint128 = 0xff00fb0000000000fe00fa}
xmm14          {v4_float = {0x0, 0x0, 0x0, 0x0}, v2_double = {0x0, 0x0}, v16_int8 = {0x0 <repeats 16 times>}, v8_int16 = {0x0, 0x0, 0x0, 0x0, 0x0, 0x0, 0x0, 0x0}, v4_int32 = {0x0, 0x0, 0x0, 0x0}, v2_int64 = {0x0, 0x0}, uint128 = 0x0}
xmm15          {v4_float = {0x0, 0x0, 0x0, 0x0}, v2_double = {0x0, 0x0}, v16_int8 = {0x0 <repeats 16 times>}, v8_int16 = {0x0, 0x0, 0x0, 0x0, 0x0, 0x0, 0x0, 0x0}, v4_int32 = {0x0, 0x0, 0x0, 0x0}, v2_int64 = {0x0, 0x0}, uint128 = 0x0}
mxcsr          0x1f80              [ IM DM ZM OM UM PM ]
0xffffc9000025be60:	0xffff888005c96d80	0xffffffff820d03dd
0xffffc9000025be70:	0xffff888005c97a81	0xffffffff81342292
0xffffc9000025be80:	0xffffffff812d7959	0xffff888005cfcb98
0xffffc9000025be90:	0xffff888005c96d80	0x0000000100000000
0xffffc9000025bea0:	0xffff888005cc80c8	0xffff888005cc80c1
0xffffc9000025beb0:	0xffffffff8133fd70	0x00000000ffffffff
0xffffc9000025bec0:	0xffff888005cfcb80	0xc510424eb8d4a000
0xffffc9000025bed0:	0x0000000000000107	0x0000000000000001
0xffffc9000025bee0:	0x0000000000000000	0x0000000000000000
0xffffc9000025bef0:	0x0000000000000000	0x000000000000000a
0xffffc9000025bf00:	0xffffffff8134271b	0x0000001981140ff1
0xffffc9000025bf10:	0x0000000000000000	0xc510424eb8d4a000
0xffffc9000025bf20:	0xffffc9000025bf58	0xffffc9000025bf48
0xffffc9000025bf30:	0x0000000000000000	0xffffffff820c4fbe
0xffffc9000025bf40:	0x0000000000000000	0x0000000000000000
0xffffc9000025bf50:	0xffffffff82200130	0x0000000034a433f0
0xffffc9000025bf60:	0x0000000034a43450	0x0000000000000108
0xffffc9000025bf70:	0x0000000000000107	0x0000000034a43448
0xffffc9000025bf80:	0x0000000034a433a0	0x0000000000000213
0xffffc9000025bf90:	0x00000000006c6148	0x0000000000000000
0xffffc9000025bfa0:	0x0000000000000000	0xffffffffffffffda
0xffffc9000025bfb0:	0x00000000005955ce	0x0000000000000107
0xffffc9000025bfc0:	0x0000000000000001	0x000000000000000a
0xffffc9000025bfd0:	0x00000000000000e9	0x00000000005955ce
0xffffc9000025bfe0:	0x0000000000000033	0x0000000000000213
0xffffc9000025bff0:	0x00007ffe1e64d0f8	0x000000000000002b
0xffffc9000025c000:	Cannot access memory at address 0xffffc9000025c000
0xffff888005cfcb80:	0x0000000000000001	0x0000000000000000
0xffff888005cfcb90:	0x0000000000000000	0xffff888005cfcb98
0xffff888005cfcba0:	0xffff888005cfcb98	0xffffffffffffffff
0xffff888005cfcbb0:	0xffff888005cc80c0	0x0000000000000107
0xffff888005cfcbc0:	0x0000000000000000	0xffff888005c96d80
0xffff888005cfcbd0:	0x0000000000000000	0xffff888005cc79a0
0xffff888005cfcbe0:	0x0000000000000000	0x0000000000000019
0xffff888005cfcbf0:	0x0000000000000000	0x0000000000000000
0x0 <fixed_percpu_data>:	Cannot access memory at address 0x0

Thread 2 hit Breakpoint 1, ep_item_poll (epi=epi@entry=0xffff888005cfca80, pt=pt@entry=0xffffc9000025beb0, depth=1) at fs/eventpoll.c:1018
1018		struct file *file = epi_fget(epi);

--- AFTER CONTINUE ---
rip            0xffffffff81340690  0xffffffff81340690 <ep_item_poll>
A debugging session is active.

	Inferior 1 [process 1] will be detached.

Quit anyway? (y or n) [answered Y; input not from terminal]
[Inferior 1 (process 1) detached]
