[    0.000000][    T0] Booting Linux on physical CPU 0x0000000000 [0x411fd070]
[    0.000000][    T0] Linux version 6.1.23-android14-4-maybe-dirty (build-user@build-host) (Android (10087095, +pgo, +bolt, +lto, -mlgo, based on r487747c) clang version 17.0.2 (https://android.googlesource.com/toolchain/llvm-project d9f89f4d16663d5012e5c09495f3b30ece3d2362), LLD 17.0.2) #1 SMP PREEMPT Thu Jan  1 00:00:00 UTC 1970
[    0.000000][    T0] random: crng init done
[    0.000000][    T0] Machine model: linux,dummy-virt
[    0.000000][    T0] Stack Depot is disabled
[    0.000000][    T0] KVM is not available. Ignoring kvm-arm.mode
[    0.000000][    T0] earlycon: pl11 at MMIO 0x0000000009000000 (options '')
[    0.000000][    T0] printk: bootconsole [pl11] enabled
[    0.000000][    T0] efi: UEFI not found.
[    0.000000][    T0] Zone ranges:
[    0.000000][    T0]   DMA32    [mem 0x0000000040000000-0x00000000bfffffff]
[    0.000000][    T0]   Normal   empty
[    0.000000][    T0]   Device   empty
[    0.000000][    T0] Movable zone start for each node
[    0.000000][    T0] Early memory node ranges
[    0.000000][    T0]   node   0: [mem 0x0000000040000000-0x00000000bfffffff]
[    0.000000][    T0] Initmem setup node 0 [mem 0x0000000040000000-0x00000000bfffffff]
[    0.000000][    T0] cma: Reserved 16 MiB at 0x00000000bc800000
[    0.000000][    T0] psci: probing for conduit method from DT.
[    0.000000][    T0] psci: PSCIv1.1 detected in firmware.
[    0.000000][    T0] psci: Using standard PSCI v0.2 function IDs
[    0.000000][    T0] psci: Trusted OS migration not required
[    0.000000][    T0] psci: SMC Calling Convention v1.0
[    0.000000][    T0] 'bootconfig' found on command line, but no bootconfig found
[    0.000000][    T0] percpu: Embedded 29 pages/cpu s80936 r8192 d29656 u118784
[    0.000000][    T0] Detected PIPT I-cache on CPU0
[    0.000000][    T0] CPU features: SYS_ID_AA64MMFR1_EL1[11:8]: already set to 0
[    0.000000][    T0] CPU features: detected: Spectre-v2
[    0.000000][    T0] CPU features: detected: Spectre-v3a
[    0.000000][    T0] CPU features: detected: Spectre-v4
[    0.000000][    T0] CPU features: detected: Spectre-BHB
[    0.000000][    T0] CPU features: detected: ARM erratum 834220
[    0.000000][    T0] CPU features: detected: ARM erratum 1742098
[    0.000000][    T0] CPU features: detected: ARM erratum 832075
[    0.000000][    T0] CPU features: detected: ARM errata 1165522, 1319367, or 1530923
[    0.000000][    T0] alternatives: applying boot alternatives
[    0.000000][    T0] Built 1 zonelists, mobility grouping on.  Total pages: 516096
[    0.000000][    T0] Kernel command line: console=ttynull stack_depot_disable=on cgroup_disable=pressure kasan.page_alloc.sample=10 kasan.stacktrace=off kvm-arm.mode=protected bootconfig ioremap_guard console=ttyAMA0 root=/dev/ram0 kasan=off nokaslr earlycon=pl011,0x09000000 printk.devkmsg=on isolcpus=1 nohz_full=1 rcu_nocbs=1 rw
[    0.000000][    T0] cgroup: Disabling pressure control group feature
[    0.000000][    T0] Housekeeping: nohz unsupported. Build with CONFIG_NO_HZ_FULL
[    0.000000][    T0] Unknown kernel command line parameters "nokaslr nohz_full=1", will be passed to user space.
[    0.000000][    T0] Dentry cache hash table entries: 262144 (order: 9, 2097152 bytes, linear)
[    0.000000][    T0] Inode-cache hash table entries: 131072 (order: 8, 1048576 bytes, linear)
[    0.000000][    T0] mem auto-init: stack:all(zero), heap alloc:on, heap free:off
[    0.000000][    T0] Memory: 1998316K/2097152K available (16768K kernel code, 1878K rwdata, 5432K rodata, 1344K init, 600K bss, 82452K reserved, 16384K cma-reserved)
[    0.000000][    T0] SLUB: HWalign=64, Order=0-3, MinObjects=0, CPUs=2, Nodes=1
[    0.000000][    T0] trace event string verifier disabled
[    0.000000][    T0] rcu: Preemptible hierarchical RCU implementation.
[    0.000000][    T0] rcu: 	RCU event tracing is enabled.
[    0.000000][    T0] rcu: 	RCU restricting CPUs from NR_CPUS=32 to nr_cpu_ids=2.
[    0.000000][    T0] rcu: 	RCU priority boosting: priority 1 delay 500 ms.
[    0.000000][    T0] 	Trampoline variant of Tasks RCU enabled.
[    0.000000][    T0] 	Tracing variant of Tasks RCU enabled.
[    0.000000][    T0] rcu: RCU calculated value of scheduler-enlistment delay is 25 jiffies.
[    0.000000][    T0] rcu: Adjusting geometry for rcu_fanout_leaf=16, nr_cpu_ids=2
[    0.000000][    T0] NR_IRQS: 64, nr_irqs: 64, preallocated irqs: 0
[    0.000000][    T0] Root IRQ handler: gic_handle_irq
[    0.000000][    T0] GICv2m: range[mem 0x08020000-0x08020fff], SPI[80:143]
[    0.000000][    T0] rcu: 	Offload RCU callbacks from CPUs: 1.
[    0.000000][    T0] rcu: srcu_init: Setting srcu_struct sizes based on contention.
[    0.000000][    T0] arch_timer: cp15 timer(s) running at 62.50MHz (virt).
[    0.000000][    T0] clocksource: arch_sys_counter: mask: 0x1ffffffffffffff max_cycles: 0x1cd42e208c, max_idle_ns: 881590405314 ns
[    0.000109][    T0] sched_clock: 57 bits at 63MHz, resolution 16ns, wraps every 4398046511096ns
[    0.005009][    T0] kfence: initialized - using 524288 bytes for 63 objects at 0x(____ptrval____)-0x(____ptrval____)
[    0.018284][    T0] Calibrating delay loop (skipped), value calculated using timer frequency.. 125.00 BogoMIPS (lpj=250000)
[    0.020124][    T0] pid_max: default: 32768 minimum: 301
[    0.022755][    T0] LSM: Security Framework initializing
[    0.026368][    T0] SELinux:  Initializing.
[    0.031861][    T0] Mount-cache hash table entries: 4096 (order: 3, 32768 bytes, linear)
[    0.032754][    T0] Mountpoint-cache hash table entries: 4096 (order: 3, 32768 bytes, linear)
[    0.103575][    T1] cacheinfo: Unable to detect cache hierarchy for CPU 0
[    0.124324][    T1] cblist_init_generic: Setting adjustable number of callback queues.
[    0.126418][    T1] cblist_init_generic: Setting shift to 1 and lim to 1.
[    0.128001][    T1] cblist_init_generic: Setting shift to 1 and lim to 1.
[    0.132244][    T1] rcu: Hierarchical SRCU implementation.
[    0.132875][    T1] rcu: 	Max phase no-delay instances is 1000.
[    0.153580][    T1] dyndbg: Ignore empty _ddebug table in a CONFIG_DYNAMIC_DEBUG_CORE build
[    0.155371][    T1] EFI services will not be available.
[    0.160172][    T1] smp: Bringing up secondary CPUs ...
[    0.168451][    T0] Detected PIPT I-cache on CPU1
[    0.170131][    T0] cacheinfo: Unable to detect cache hierarchy for CPU 1
[    0.171141][    T0] CPU1: Booted secondary processor 0x0000000001 [0x411fd070]
[    0.176959][    T1] smp: Brought up 1 node, 2 CPUs
[    0.179107][    T1] SMP: Total of 2 processors activated.
[    0.179787][    T1] CPU features: detected: 32-bit EL0 Support
[    0.180334][    T1] CPU features: detected: 32-bit EL1 Support
[    0.180952][    T1] CPU features: detected: CRC32 instructions
[    0.186526][    T1] CPU features: emulated: Privileged Access Never (PAN) using TTBR0_EL1 switching
[    0.187816][    T1] CPU: All CPU(s) started at EL1
[    0.188563][    T1] alternatives: applying system-wide alternatives
[    0.230634][    T1] Registered cp15_barrier emulation handler
[    0.231454][    T1] Registered setend emulation handler
[    0.234034][    T1] clocksource: jiffies: mask: 0xffffffff max_cycles: 0xffffffff, max_idle_ns: 7645041785100000 ns
[    0.235214][    T1] futex hash table entries: 512 (order: 3, 32768 bytes, linear)
[    0.246244][    T1] pinctrl core: initialized pinctrl subsystem
[    0.275425][    T1] NET: Registered PF_NETLINK/PF_ROUTE protocol family
[    0.298264][    T1] DMA: preallocated 256 KiB GFP_KERNEL pool for atomic allocations
[    0.300793][    T1] DMA: preallocated 256 KiB GFP_KERNEL|GFP_DMA32 pool for atomic allocations
[    0.302324][    T1] audit: initializing netlink subsys (disabled)
[    0.312961][   T30] audit: type=2000 audit(0.260:1): state=initialized audit_enabled=0 res=1
[    0.320424][    T1] thermal_sys: Registered thermal governor 'step_wise'
[    0.320547][    T1] thermal_sys: Registered thermal governor 'user_space'
[    0.321178][    T1] thermal_sys: Registered thermal governor 'power_allocator'
[    0.322551][    T1] cpuidle: using governor menu
[    0.327178][    T1] hw-breakpoint: found 6 breakpoint and 4 watchpoint registers.
[    0.329450][    T1] ASID allocator initialised with 65536 entries
[    0.332724][    T1] Serial: AMBA PL011 UART driver
[    0.385607][    T1] 9000000.pl011: ttyAMA0 at MMIO 0x9000000 (irq = 13, base_baud = 0) is a PL011 rev1
[    0.388728][    T1] printk: console [ttyAMA0] enabled
[    0.388728][    T1] printk: console [ttyAMA0] enabled
[    0.389994][    T1] printk: bootconsole [pl11] disabled
[    0.389994][    T1] printk: bootconsole [pl11] disabled
[    0.403468][    T1] KASLR disabled on command line
[    0.482321][    T1] iommu: Default domain type: Translated 
[    0.482699][    T1] iommu: DMA domain TLB invalidation policy: strict mode 
[    0.487582][    T1] SCSI subsystem initialized
[    0.489760][    T1] usbcore: registered new interface driver usbfs
[    0.491154][    T1] usbcore: registered new interface driver hub
[    0.491782][    T1] usbcore: registered new device driver usb
[    0.493570][    T1] mc: Linux media interface: v0.10
[    0.494052][    T1] videodev: Linux video capture interface: v2.00
[    0.503984][    T1] pps_core: LinuxPPS API ver. 1 registered
[    0.504346][    T1] pps_core: Software ver. 5.3.6 - Copyright 2005-2007 Rodolfo Giometti <giometti@linux.it>
[    0.505294][    T1] PTP clock support registered
[    0.505986][    T1] EDAC MC: Ver: 3.0.0
[    0.529931][    T1] Advanced Linux Sound Architecture Driver Initialized.
[    0.563422][    T1] clocksource: Switched to clocksource arch_sys_counter
[    0.572971][    T1] VFS: Disk quotas dquot_6.6.0
[    0.573551][    T1] VFS: Dquot-cache hash table entries: 512 (order 0, 4096 bytes)
[    0.588601][    T1] NET: Registered PF_INET protocol family
[    0.601564][    T1] IP idents hash table entries: 32768 (order: 6, 262144 bytes, linear)
[    0.634725][    T1] tcp_listen_portaddr_hash hash table entries: 1024 (order: 2, 16384 bytes, linear)
[    0.636231][    T1] Table-perturb hash table entries: 65536 (order: 6, 262144 bytes, linear)
[    0.637026][    T1] TCP established hash table entries: 16384 (order: 5, 131072 bytes, linear)
[    0.638480][    T1] TCP bind hash table entries: 16384 (order: 7, 524288 bytes, linear)
[    0.647506][    T1] TCP: Hash tables configured (established 16384 bind 16384)
[    0.651417][    T1] UDP hash table entries: 1024 (order: 3, 32768 bytes, linear)
[    0.652616][    T1] UDP-Lite hash table entries: 1024 (order: 3, 32768 bytes, linear)
[    0.664335][    T1] NET: Registered PF_UNIX/PF_LOCAL protocol family
[    0.665683][    T1] NET: Registered PF_XDP protocol family
[    0.666296][    T1] PCI: CLS 0 bytes, default 64
[    0.698502][   T41] Trying to unpack rootfs image as initramfs...
[    0.699908][    T1] hw perfevents: enabled with armv8_pmuv3 PMU driver, 7 counters available
[    0.701537][    T1] kvm [1]: HYP mode not available
[    0.708890][   T41] rootfs image is not initramfs (invalid magic at start of compressed archive); looks like an initrd
[    0.726122][    T1] Initialise system trusted keyrings
[    0.743763][    T1] workingset: timestamp_bits=46 max_order=19 bucket_order=0
[    0.850057][    T1] fuse: init (API version 7.37)
[    1.006724][   T41] Freeing initrd memory: 14448K
[    1.021445][    T1] Key type asymmetric registered
[    1.021967][    T1] Asymmetric key parser 'x509' registered
[    1.022694][    T1] Block layer SCSI generic (bsg) driver version 0.4 loaded (major 239)
[    1.031987][    T1] io scheduler mq-deadline registered
[    1.032427][    T1] io scheduler kyber registered
[    1.033518][    T1] io scheduler bfq registered
[    1.049177][    T1] pl061_gpio 9030000.pl061: PL061 GPIO chip registered
[    1.051828][    T1] pci-host-generic 4010000000.pcie: host bridge /pcie@10000000 ranges:
[    1.053297][    T1] pci-host-generic 4010000000.pcie:       IO 0x003eff0000..0x003effffff -> 0x0000000000
[    1.054528][    T1] pci-host-generic 4010000000.pcie:      MEM 0x0010000000..0x003efeffff -> 0x0010000000
[    1.055356][    T1] pci-host-generic 4010000000.pcie:      MEM 0x8000000000..0xffffffffff -> 0x8000000000
[    1.056458][    T1] pci-host-generic 4010000000.pcie: Memory resource size exceeds max for 32 bits
[    1.057554][    T1] pci-host-generic 4010000000.pcie: ECAM at [mem 0x4010000000-0x401fffffff] for [bus 00-ff]
[    1.059874][    T1] pci-host-generic 4010000000.pcie: PCI host bridge to bus 0000:00
[    1.061157][    T1] pci_bus 0000:00: root bus resource [bus 00-ff]
[    1.061849][    T1] pci_bus 0000:00: root bus resource [io  0x0000-0xffff]
[    1.062281][    T1] pci_bus 0000:00: root bus resource [mem 0x10000000-0x3efeffff]
[    1.062632][    T1] pci_bus 0000:00: root bus resource [mem 0x8000000000-0xffffffffff]
[    1.065835][    T1] pci 0000:00:00.0: [1b36:0008] type 00 class 0x060000
[    1.072629][    T1] pci 0000:00:01.0: [1af4:1000] type 00 class 0x020000
[    1.073374][    T1] pci 0000:00:01.0: reg 0x10: [io  0x0000-0x001f]
[    1.073786][    T1] pci 0000:00:01.0: reg 0x14: [mem 0x00000000-0x00000fff]
[    1.074250][    T1] pci 0000:00:01.0: reg 0x20: [mem 0x00000000-0x00003fff 64bit pref]
[    1.074956][    T1] pci 0000:00:01.0: reg 0x30: [mem 0x00000000-0x0003ffff pref]
[    1.083615][    T1] pci 0000:00:01.0: BAR 6: assigned [mem 0x10000000-0x1003ffff pref]
[    1.084587][    T1] pci 0000:00:01.0: BAR 4: assigned [mem 0x8000000000-0x8000003fff 64bit pref]
[    1.085227][    T1] pci 0000:00:01.0: BAR 1: assigned [mem 0x10040000-0x10040fff]
[    1.085639][    T1] pci 0000:00:01.0: BAR 0: assigned [io  0x1000-0x101f]
[    1.096900][    T1] printk: console [ttynull0] enabled
[    1.099318][   T22] cacheinfo: Unable to detect cache hierarchy for CPU 0
[    1.149196][    T1] brd: module loaded
[    1.189861][    T1] loop: module loaded
[    1.199237][    T1] wireguard: WireGuard 1.0.0 loaded. See www.wireguard.com for information.
[    1.199689][    T1] wireguard: Copyright (C) 2015-2019 Jason A. Donenfeld <Jason@zx2c4.com>. All Rights Reserved.
[    1.203506][    T1] MACsec IEEE 802.1AE
[    1.207924][    T1] tun: Universal TUN/TAP device driver, 1.6
[    1.208742][    T1] usbcore: registered new interface driver rtl8150
[    1.209258][    T1] usbcore: registered new interface driver r8152
[    1.209694][    T1] usbcore: registered new interface driver asix
[    1.210150][    T1] usbcore: registered new interface driver ax88179_178a
[    1.210580][    T1] usbcore: registered new interface driver cdc_ether
[    1.211195][    T1] usbcore: registered new interface driver cdc_eem
[    1.211690][    T1] usbcore: registered new interface driver cdc_ncm
[    1.212130][    T1] usbcore: registered new interface driver aqc111
[    1.212597][    T1] usbcore: registered new interface driver r8153_ecm
[    1.216763][    T1] usbcore: registered new interface driver uas
[    1.217411][    T1] usbcore: registered new interface driver usb-storage
[    1.223656][    T1] usbcore: registered new interface driver xpad
[    1.232008][    T1] rtc-pl031 9010000.pl031: registered as rtc0
[    1.233318][    T1] rtc-pl031 9010000.pl031: setting system clock to 2026-09-12T17:20:21 UTC (1789233621)
[    1.235165][    T1] gspca_main: v2.14.0 registered
[    1.235902][    T1] usbcore: registered new interface driver uvcvideo
[    1.237853][    T1] device-mapper: uevent: version 1.0.3
[    1.239561][    T1] device-mapper: ioctl: 4.47.0-ioctl (2022-07-28) initialised: dm-devel@redhat.com
[    1.244075][    T1] sdhci: Secure Digital Host Controller Interface driver
[    1.244449][    T1] sdhci: Copyright(c) Pierre Ossman
[    1.244709][    T1] sdhci-pltfm: SDHCI platform and OF driver helper
[    1.246679][    T1] hid: raw HID events driver (C) Jiri Kosina
[    1.254369][    T1] usbcore: registered new interface driver usbhid
[    1.255067][    T1] usbhid: USB HID core driver
[    1.256654][    T1] ashmem: initialized
[    1.259015][    T1] gnss: GNSS driver registered with major 506
[    1.261991][    T1] usbcore: registered new interface driver snd-usb-audio
[    1.265731][    T1] GACT probability NOT on
[    1.266386][    T1] Mirror/redirect action on
[    1.267372][    T1] netem: version 1.3
[    1.268215][    T1] u32 classifier
[    1.268556][    T1]     input device check on
[    1.268877][    T1]     Actions configured
[    1.283191][    T1] xt_time: kernel timezone is -0000
[    1.284819][    T1] ipip: IPv4 and MPLS over IPv4 tunneling driver
[    1.291910][    T1] gre: GRE over IPv4 demultiplexor driver
[    1.292639][    T1] ip_gre: GRE over IPv4 tunneling driver
[    1.303804][    T1] IPv4 over IPsec tunneling driver
[    1.314578][    T1] Initializing XFRM netlink socket
[    1.315822][    T1] IPsec XFRM device driver
[    1.322563][    T1] NET: Registered PF_INET6 protocol family
[    1.358134][    T1] Segment Routing with IPv6
[    1.359379][    T1] In-situ OAM (IOAM) with IPv6
[    1.363276][    T1] mip6: Mobile IPv6
[    1.373188][    T1] sit: IPv6, IPv4 and MPLS over IPv4 tunneling driver
[    1.384219][    T1] ip6_gre: GRE over IPv6 tunneling driver
[    1.387837][    T1] NET: Registered PF_PACKET protocol family
[    1.388451][    T1] NET: Registered PF_KEY protocol family
[    1.390255][    T1] NET: Registered PF_VSOCK protocol family
[    1.394660][    T1] registered taskstats version 1
[    1.395813][    T1] Loading compiled-in X.509 certificates
[    1.420586][   T53] cryptomgr_probe (53) used greatest stack depth: 15152 bytes left
[    1.424465][    T1] Loaded X.509 cert 'Build time autogenerated kernel key: 3d126cdde7d34f1fa54a4d10fe73f129512afbbc'
[    1.425732][    T1] page_owner is disabled
[    1.427098][    T1] Key type .fscrypt registered
[    1.427461][    T1] Key type fscrypt-provisioning registered
[    1.443550][    T1] input: gpio-keys as /devices/platform/gpio-keys/input/input0
[    1.453845][    T1] ALSA device list:
[    1.454235][    T1]   No soundcards found.
[    1.461053][    T1] uart-pl011 9000000.pl011: no DMA platform data
[    1.466598][    T1] RAMDISK: Couldn't find valid RAM disk image starting at 0.
[    1.477704][    T1] exFAT-fs (ram0): invalid boot record signature
[    1.478192][    T1] exFAT-fs (ram0): failed to read boot sector
[    1.478482][    T1] exFAT-fs (ram0): failed to recognize exfat type
[    1.481380][    T1] F2FS-fs (ram0): Magic Mismatch, valid(0xf2f52010) - read(0x0)
[    1.481792][    T1] F2FS-fs (ram0): Can't find valid F2FS filesystem in 1th superblock
[    1.482250][    T1] F2FS-fs (ram0): Magic Mismatch, valid(0xf2f52010) - read(0x0)
[    1.482552][    T1] F2FS-fs (ram0): Can't find valid F2FS filesystem in 2th superblock
[    1.484897][    T1] erofs: (device ram0): erofs_read_superblock: cannot find valid erofs superblock
[    1.487927][    T1] exFAT-fs (ram0): invalid boot record signature
[    1.488361][    T1] exFAT-fs (ram0): failed to read boot sector
[    1.488644][    T1] exFAT-fs (ram0): failed to recognize exfat type
[    1.489228][    T1] F2FS-fs (ram0): Magic Mismatch, valid(0xf2f52010) - read(0x0)
[    1.489521][    T1] F2FS-fs (ram0): Can't find valid F2FS filesystem in 1th superblock
[    1.489854][    T1] F2FS-fs (ram0): Magic Mismatch, valid(0xf2f52010) - read(0x0)
[    1.490443][    T1] F2FS-fs (ram0): Can't find valid F2FS filesystem in 2th superblock
[    1.491191][    T1] erofs: (device ram0): erofs_read_superblock: cannot find valid erofs superblock
[    1.491588][    T1] List of all partitions:
[    1.491998][    T1] 0100            8192 ram0 
[    1.492052][    T1]  (driver?)
[    1.492395][    T1] 0101            8192 ram1 
[    1.492410][    T1]  (driver?)
[    1.492703][    T1] 0102            8192 ram2 
[    1.492717][    T1]  (driver?)
[    1.493012][    T1] 0103            8192 ram3 
[    1.493025][    T1]  (driver?)
[    1.493312][    T1] 0104            8192 ram4 
[    1.493325][    T1]  (driver?)
[    1.493613][    T1] 0105            8192 ram5 
[    1.493626][    T1]  (driver?)
[    1.493913][    T1] 0106            8192 ram6 
[    1.493931][    T1]  (driver?)
[    1.494229][    T1] 0107            8192 ram7 
[    1.494242][    T1]  (driver?)
[    1.494529][    T1] 0108            8192 ram8 
[    1.494542][    T1]  (driver?)
[    1.495352][    T1] 0109            8192 ram9 
[    1.495384][    T1]  (driver?)
[    1.495947][    T1] 010a            8192 ram10 
[    1.495973][    T1]  (driver?)
[    1.496551][    T1] 010b            8192 ram11 
[    1.496579][    T1]  (driver?)
[    1.497195][    T1] 010c            8192 ram12 
[    1.497230][    T1]  (driver?)
[    1.497788][    T1] 010d            8192 ram13 
[    1.497816][    T1]  (driver?)
[    1.498196][    T1] 010e            8192 ram14 
[    1.498211][    T1]  (driver?)
[    1.498506][    T1] 010f            8192 ram15 
[    1.498519][    T1]  (driver?)
[    1.499405][    T1] No filesystem could mount root, tried: 
[    1.499451][    T1]  ext3
[    1.499899][    T1]  ext2
[    1.500123][    T1]  ext4
[    1.500330][    T1]  vfat
[    1.500566][    T1]  msdos
[    1.500705][    T1]  exfat
[    1.500820][    T1]  fuseblk
[    1.500945][    T1]  f2fs
[    1.501063][    T1]  erofs
[    1.501269][    T1] 
[    1.501970][    T1] Kernel panic - not syncing: VFS: Unable to mount root fs on unknown-block(1,0)
[    1.502580][    T1] CPU: 0 PID: 1 Comm: swapper/0 Not tainted 6.1.23-android14-4-maybe-dirty #1
[    1.503118][    T1] Hardware name: linux,dummy-virt (DT)
[    1.503583][    T1] Call trace:
[    1.503900][    T1]  dump_backtrace+0x104/0x128
[    1.504289][    T1]  show_stack+0x20/0x30
[    1.504515][    T1]  dump_stack_lvl+0x6c/0x8c
[    1.504755][    T1]  dump_stack+0x20/0x48
[    1.504986][    T1]  panic+0x174/0x398
[    1.505150][    T1]  mount_block_root+0x1a8/0x278
[    1.505382][    T1]  mount_root+0x6c/0x94
[    1.505557][    T1]  prepare_namespace+0x114/0x194
[    1.505786][    T1]  kernel_init_freeable+0x114/0x170
[    1.506003][    T1]  kernel_init+0x28/0x1b0
[    1.506205][    T1]  ret_from_fork+0x10/0x20
[    1.506612][    T1] SMP: stopping secondary CPUs
[    1.507501][    T1] Kernel Offset: disabled
[    1.507711][    T1] CPU features: 0x22000,2023c080,0000421b
[    1.508132][    T1] Memory Limit: none
