[    0.000000][    T0] Booting Linux on physical CPU 0x0000000000 [0x411fd070]
[    0.000000][    T0] Linux version 6.1.23-gf818e9d9e953-dirty (legion@hpelitebook840g5) (aarch64-linux-musl-gcc (GCC) 11.2.1 20211120, GNU ld (GNU Binutils) 2.37) #4 SMP PREEMPT Mon Sep  7 11:41:12 IST 2026
[    0.000000][    T0] random: crng init done
[    0.000000][    T0] Machine model: linux,dummy-virt
[    0.000000][    T0] Stack Depot is disabled
[    0.000000][    T0] KVM is not available. Ignoring kvm-arm.mode
[    0.000000][    T0] earlycon: pl11 at MMIO 0x0000000009000000 (options '')
[    0.000000][    T0] printk: bootconsole [pl11] enabled
[    0.000000][    T0] efi: UEFI not found.
[    0.000000][    T0] Zone ranges:
[    0.000000][    T0]   DMA32    [mem 0x0000000040000000-0x00000000bfffffff]
[    0.000000][    T0]   Normal   empty
[    0.000000][    T0]   Device   empty
[    0.000000][    T0] Movable zone start for each node
[    0.000000][    T0] Early memory node ranges
[    0.000000][    T0]   node   0: [mem 0x0000000040000000-0x00000000bfffffff]
[    0.000000][    T0] Initmem setup node 0 [mem 0x0000000040000000-0x00000000bfffffff]
[    0.000000][    T0] cma: Reserved 16 MiB at 0x00000000bc800000
[    0.000000][    T0] psci: probing for conduit method from DT.
[    0.000000][    T0] psci: PSCIv1.1 detected in firmware.
[    0.000000][    T0] psci: Using standard PSCI v0.2 function IDs
[    0.000000][    T0] psci: Trusted OS migration not required
[    0.000000][    T0] psci: SMC Calling Convention v1.0
[    0.000000][    T0] 'bootconfig' found on command line, but no bootconfig found
[    0.000000][    T0] percpu: Embedded 29 pages/cpu s80808 r8192 d29784 u118784
[    0.000000][    T0] Detected PIPT I-cache on CPU0
[    0.000000][    T0] CPU features: SYS_ID_AA64MMFR1_EL1[11:8]: already set to 0
[    0.000000][    T0] CPU features: detected: Spectre-v2
[    0.000000][    T0] CPU features: detected: Spectre-v3a
[    0.000000][    T0] CPU features: detected: Spectre-v4
[    0.000000][    T0] CPU features: detected: Spectre-BHB
[    0.000000][    T0] CPU features: detected: ARM erratum 834220
[    0.000000][    T0] CPU features: detected: ARM erratum 1742098
[    0.000000][    T0] CPU features: detected: ARM erratum 832075
[    0.000000][    T0] CPU features: detected: ARM errata 1165522, 1319367, or 1530923
[    0.000000][    T0] alternatives: applying boot alternatives
[    0.000000][    T0] Built 1 zonelists, mobility grouping on.  Total pages: 516096
[    0.000000][    T0] Kernel command line: console=ttynull stack_depot_disable=on cgroup_disable=pressure kasan.page_alloc.sample=10 kasan.stacktrace=off kvm-arm.mode=protected bootconfig ioremap_guard console=ttyAMA0 root=/dev/ram0 kasan=off nokaslr earlycon=pl011,0x09000000 printk.devkmsg=on isolcpus=1 nohz_full=1 rcu_nocbs=1 rw
[    0.000000][    T0] cgroup: Disabling pressure control group feature
[    0.000000][    T0] Housekeeping: nohz unsupported. Build with CONFIG_NO_HZ_FULL
[    0.000000][    T0] Unknown kernel command line parameters "nokaslr nohz_full=1", will be passed to user space.
[    0.000000][    T0] Dentry cache hash table entries: 262144 (order: 9, 2097152 bytes, linear)
[    0.000000][    T0] Inode-cache hash table entries: 131072 (order: 8, 1048576 bytes, linear)
[    0.000000][    T0] mem auto-init: stack:off, heap alloc:on, heap free:off
[    0.000000][    T0] Memory: 1988952K/2097152K available (15296K kernel code, 1850K rwdata, 14860K rodata, 3136K init, 598K bss, 91816K reserved, 16384K cma-reserved)
[    0.000000][    T0] SLUB: HWalign=64, Order=0-3, MinObjects=0, CPUs=2, Nodes=1
[    0.000000][    T0] trace event string verifier disabled
[    0.000000][    T0] rcu: Preemptible hierarchical RCU implementation.
[    0.000000][    T0] rcu: 	RCU event tracing is enabled.
[    0.000000][    T0] rcu: 	RCU restricting CPUs from NR_CPUS=32 to nr_cpu_ids=2.
[    0.000000][    T0] rcu: 	RCU priority boosting: priority 1 delay 500 ms.
[    0.000000][    T0] 	Trampoline variant of Tasks RCU enabled.
[    0.000000][    T0] 	Tracing variant of Tasks RCU enabled.
[    0.000000][    T0] rcu: RCU calculated value of scheduler-enlistment delay is 25 jiffies.
[    0.000000][    T0] rcu: Adjusting geometry for rcu_fanout_leaf=16, nr_cpu_ids=2
[    0.000000][    T0] NR_IRQS: 64, nr_irqs: 64, preallocated irqs: 0
[    0.000000][    T0] Root IRQ handler: gic_handle_irq
[    0.000000][    T0] GICv2m: range[mem 0x08020000-0x08020fff], SPI[80:143]
[    0.000000][    T0] rcu: 	Offload RCU callbacks from CPUs: 1.
[    0.000000][    T0] rcu: srcu_init: Setting srcu_struct sizes based on contention.
[    0.000000][    T0] arch_timer: cp15 timer(s) running at 62.50MHz (virt).
[    0.000000][    T0] clocksource: arch_sys_counter: mask: 0x1ffffffffffffff max_cycles: 0x1cd42e208c, max_idle_ns: 881590405314 ns
[    0.000109][    T0] sched_clock: 57 bits at 63MHz, resolution 16ns, wraps every 4398046511096ns
[    0.003165][    T0] kfence: initialized - using 524288 bytes for 63 objects at 0x(____ptrval____)-0x(____ptrval____)
[    0.012546][    T0] Calibrating delay loop (skipped), value calculated using timer frequency.. 125.00 BogoMIPS (lpj=250000)
[    0.013118][    T0] pid_max: default: 32768 minimum: 301
[    0.015119][    T0] LSM: Security Framework initializing
[    0.016424][    T0] SELinux:  Initializing.
[    0.021293][    T0] Mount-cache hash table entries: 4096 (order: 3, 32768 bytes, linear)
[    0.021708][    T0] Mountpoint-cache hash table entries: 4096 (order: 3, 32768 bytes, linear)
[    0.066536][    T1] cacheinfo: Unable to detect cache hierarchy for CPU 0
[    0.080411][    T1] cblist_init_generic: Setting adjustable number of callback queues.
[    0.080933][    T1] cblist_init_generic: Setting shift to 1 and lim to 1.
[    0.082580][    T1] cblist_init_generic: Setting shift to 1 and lim to 1.
[    0.085456][    T1] rcu: Hierarchical SRCU implementation.
[    0.085691][    T1] rcu: 	Max phase no-delay instances is 1000.
[    0.100257][    T1] dyndbg: Ignore empty _ddebug table in a CONFIG_DYNAMIC_DEBUG_CORE build
[    0.101311][    T1] EFI services will not be available.
[    0.104733][    T1] smp: Bringing up secondary CPUs ...
[    0.110846][    T0] Detected PIPT I-cache on CPU1
[    0.111638][    T0] cacheinfo: Unable to detect cache hierarchy for CPU 1
[    0.112235][    T0] CPU1: Booted secondary processor 0x0000000001 [0x411fd070]
[    0.116914][    T1] smp: Brought up 1 node, 2 CPUs
[    0.117959][    T1] SMP: Total of 2 processors activated.
[    0.118238][    T1] CPU features: detected: 32-bit EL0 Support
[    0.118435][    T1] CPU features: detected: 32-bit EL1 Support
[    0.118685][    T1] CPU features: detected: CRC32 instructions
[    0.122291][    T1] CPU features: emulated: Privileged Access Never (PAN) using TTBR0_EL1 switching
[    0.123006][    T1] CPU: All CPU(s) started at EL1
[    0.123384][    T1] alternatives: applying system-wide alternatives
[    0.156224][    T1] Registered cp15_barrier emulation handler
[    0.156647][    T1] Registered setend emulation handler
[    0.158482][    T1] clocksource: jiffies: mask: 0xffffffff max_cycles: 0xffffffff, max_idle_ns: 7645041785100000 ns
[    0.159087][    T1] futex hash table entries: 512 (order: 3, 32768 bytes, linear)
[    0.166868][    T1] pinctrl core: initialized pinctrl subsystem
[    0.190644][    T1] NET: Registered PF_NETLINK/PF_ROUTE protocol family
[    0.210646][    T1] DMA: preallocated 256 KiB GFP_KERNEL pool for atomic allocations
[    0.212048][    T1] DMA: preallocated 256 KiB GFP_KERNEL|GFP_DMA32 pool for atomic allocations
[    0.212886][    T1] audit: initializing netlink subsys (disabled)
[    0.220746][   T30] audit: type=2000 audit(0.192:1): state=initialized audit_enabled=0 res=1
[    0.224852][    T1] thermal_sys: Registered thermal governor 'step_wise'
[    0.224926][    T1] thermal_sys: Registered thermal governor 'user_space'
[    0.225179][    T1] thermal_sys: Registered thermal governor 'power_allocator'
[    0.225909][    T1] cpuidle: using governor menu
[    0.228675][    T1] hw-breakpoint: found 6 breakpoint and 4 watchpoint registers.
[    0.229881][    T1] ASID allocator initialised with 65536 entries
[    0.231351][    T1] Serial: AMBA PL011 UART driver
[    0.262822][    T1] 9000000.pl011: ttyAMA0 at MMIO 0x9000000 (irq = 13, base_baud = 0) is a PL011 rev1
[    0.265110][    T1] printk: console [ttyAMA0] enabled
[    0.265110][    T1] printk: console [ttyAMA0] enabled
[    0.266054][    T1] printk: bootconsole [pl11] disabled
[    0.266054][    T1] printk: bootconsole [pl11] disabled
[    0.275425][    T1] KASLR disabled on command line
[    0.347932][    T1] iommu: Default domain type: Translated 
[    0.348318][    T1] iommu: DMA domain TLB invalidation policy: strict mode 
[    0.360890][    T1] SCSI subsystem initialized
[    0.362739][    T1] usbcore: registered new interface driver usbfs
[    0.363286][    T1] usbcore: registered new interface driver hub
[    0.363804][    T1] usbcore: registered new device driver usb
[    0.365096][    T1] mc: Linux media interface: v0.10
[    0.365425][    T1] videodev: Linux video capture interface: v2.00
[    0.366549][    T1] pps_core: LinuxPPS API ver. 1 registered
[    0.366750][    T1] pps_core: Software ver. 5.3.6 - Copyright 2005-2007 Rodolfo Giometti <giometti@linux.it>
[    0.367156][    T1] PTP clock support registered
[    0.367618][    T1] EDAC MC: Ver: 3.0.0
[    0.382371][    T1] Advanced Linux Sound Architecture Driver Initialized.
[    0.411400][    T1] clocksource: Switched to clocksource arch_sys_counter
[    0.418189][    T1] VFS: Disk quotas dquot_6.6.0
[    0.418630][    T1] VFS: Dquot-cache hash table entries: 512 (order 0, 4096 bytes)
[    0.435923][    T1] NET: Registered PF_INET protocol family
[    0.452906][    T1] IP idents hash table entries: 32768 (order: 6, 262144 bytes, linear)
[    0.469366][    T1] tcp_listen_portaddr_hash hash table entries: 1024 (order: 2, 16384 bytes, linear)
[    0.470080][    T1] Table-perturb hash table entries: 65536 (order: 6, 262144 bytes, linear)
[    0.470652][    T1] TCP established hash table entries: 16384 (order: 5, 131072 bytes, linear)
[    0.472148][    T1] TCP bind hash table entries: 16384 (order: 7, 524288 bytes, linear)
[    0.472779][    T1] TCP: Hash tables configured (established 16384 bind 16384)
[    0.474667][    T1] UDP hash table entries: 1024 (order: 3, 32768 bytes, linear)
[    0.483369][    T1] UDP-Lite hash table entries: 1024 (order: 3, 32768 bytes, linear)
[    0.485555][    T1] NET: Registered PF_UNIX/PF_LOCAL protocol family
[    0.486420][    T1] NET: Registered PF_XDP protocol family
[    0.486911][    T1] PCI: CLS 0 bytes, default 64
[    0.497372][    T8] Trying to unpack rootfs image as initramfs...
[    0.519650][    T1] hw perfevents: enabled with armv8_pmuv3 PMU driver, 7 counters available
[    0.521030][    T1] kvm [1]: HYP mode not available
[    0.541147][    T1] Initialise system trusted keyrings
[    0.556103][    T1] workingset: timestamp_bits=46 max_order=19 bucket_order=0
[    0.778513][    T8] Freeing initrd memory: 14032K
[    0.780230][    T1] fuse: init (API version 7.37)
[    0.828141][    T1] Key type asymmetric registered
[    0.828604][    T1] Asymmetric key parser 'x509' registered
[    0.829208][    T1] Block layer SCSI generic (bsg) driver version 0.4 loaded (major 239)
[    0.830479][    T1] io scheduler mq-deadline registered
[    0.831024][    T1] io scheduler kyber registered
[    0.832125][    T1] io scheduler bfq registered
[    0.840310][    T1] pl061_gpio 9030000.pl061: PL061 GPIO chip registered
[    0.842526][    T1] pci-host-generic 4010000000.pcie: host bridge /pcie@10000000 ranges:
[    0.843797][    T1] pci-host-generic 4010000000.pcie:       IO 0x003eff0000..0x003effffff -> 0x0000000000
[    0.844736][    T1] pci-host-generic 4010000000.pcie:      MEM 0x0010000000..0x003efeffff -> 0x0010000000
[    0.845114][    T1] pci-host-generic 4010000000.pcie:      MEM 0x8000000000..0xffffffffff -> 0x8000000000
[    0.846044][    T1] pci-host-generic 4010000000.pcie: Memory resource size exceeds max for 32 bits
[    0.846959][    T1] pci-host-generic 4010000000.pcie: ECAM at [mem 0x4010000000-0x401fffffff] for [bus 00-ff]
[    0.848740][    T1] pci-host-generic 4010000000.pcie: PCI host bridge to bus 0000:00
[    0.849315][    T1] pci_bus 0000:00: root bus resource [bus 00-ff]
[    0.849635][    T1] pci_bus 0000:00: root bus resource [io  0x0000-0xffff]
[    0.849938][    T1] pci_bus 0000:00: root bus resource [mem 0x10000000-0x3efeffff]
[    0.850171][    T1] pci_bus 0000:00: root bus resource [mem 0x8000000000-0xffffffffff]
[    0.852699][    T1] pci 0000:00:00.0: [1b36:0008] type 00 class 0x060000
[    0.857880][    T1] pci 0000:00:01.0: [1af4:1000] type 00 class 0x020000
[    0.858424][    T1] pci 0000:00:01.0: reg 0x10: [io  0x0000-0x001f]
[    0.858673][    T1] pci 0000:00:01.0: reg 0x14: [mem 0x00000000-0x00000fff]
[    0.859007][    T1] pci 0000:00:01.0: reg 0x20: [mem 0x00000000-0x00003fff 64bit pref]
[    0.859470][    T1] pci 0000:00:01.0: reg 0x30: [mem 0x00000000-0x0003ffff pref]
[    0.864131][    T1] pci 0000:00:01.0: BAR 6: assigned [mem 0x10000000-0x1003ffff pref]
[    0.864822][    T1] pci 0000:00:01.0: BAR 4: assigned [mem 0x8000000000-0x8000003fff 64bit pref]
[    0.865268][    T1] pci 0000:00:01.0: BAR 1: assigned [mem 0x10040000-0x10040fff]
[    0.865539][    T1] pci 0000:00:01.0: BAR 0: assigned [io  0x1000-0x101f]
[    0.873778][    T1] printk: console [ttynull0] enabled
[    0.875653][   T22] cacheinfo: Unable to detect cache hierarchy for CPU 0
[    0.912266][    T1] brd: module loaded
[    0.950541][    T1] loop: module loaded
[    0.956777][    T1] wireguard: WireGuard 1.0.0 loaded. See www.wireguard.com for information.
[    0.957100][    T1] wireguard: Copyright (C) 2015-2019 Jason A. Donenfeld <Jason@zx2c4.com>. All Rights Reserved.
[    0.960120][    T1] MACsec IEEE 802.1AE
[    0.964165][    T1] tun: Universal TUN/TAP device driver, 1.6
[    0.964888][    T1] usbcore: registered new interface driver rtl8150
[    0.965223][    T1] usbcore: registered new interface driver r8152
[    0.965533][    T1] usbcore: registered new interface driver asix
[    0.965836][    T1] usbcore: registered new interface driver ax88179_178a
[    0.966133][    T1] usbcore: registered new interface driver cdc_ether
[    0.966418][    T1] usbcore: registered new interface driver cdc_eem
[    0.966758][    T1] usbcore: registered new interface driver cdc_ncm
[    0.967063][    T1] usbcore: registered new interface driver aqc111
[    0.967657][    T1] usbcore: registered new interface driver r8153_ecm
[    0.970872][    T1] usbcore: registered new interface driver uas
[    0.971491][    T1] usbcore: registered new interface driver usb-storage
[    0.974991][    T1] usbcore: registered new interface driver xpad
[    0.980082][    T1] rtc-pl031 9010000.pl031: registered as rtc0
[    0.981032][    T1] rtc-pl031 9010000.pl031: setting system clock to 2026-09-07T06:13:52 UTC (1788761632)
[    0.982429][    T1] gspca_main: v2.14.0 registered
[    0.982892][    T1] usbcore: registered new interface driver uvcvideo
[    0.984301][    T1] device-mapper: uevent: version 1.0.3
[    0.985437][    T1] device-mapper: ioctl: 4.47.0-ioctl (2022-07-28) initialised: dm-devel@redhat.com
[    0.991623][    T1] sdhci: Secure Digital Host Controller Interface driver
[    0.991903][    T1] sdhci: Copyright(c) Pierre Ossman
[    0.992090][    T1] sdhci-pltfm: SDHCI platform and OF driver helper
[    0.993663][    T1] hid: raw HID events driver (C) Jiri Kosina
[    0.998566][    T1] usbcore: registered new interface driver usbhid
[    0.998811][    T1] usbhid: USB HID core driver
[    1.000314][    T1] ashmem: initialized
[    1.002001][    T1] gnss: GNSS driver registered with major 506
[    1.004579][    T1] usbcore: registered new interface driver snd-usb-audio
[    1.007515][    T1] GACT probability NOT on
[    1.008041][    T1] Mirror/redirect action on
[    1.008748][    T1] netem: version 1.3
[    1.009204][    T1] u32 classifier
[    1.009343][    T1]     input device check on
[    1.009512][    T1]     Actions configured
[    1.114431][    T1] xt_time: kernel timezone is -0000
[    1.115010][    T1] ipip: IPv4 and MPLS over IPv4 tunneling driver
[    1.117946][    T1] gre: GRE over IPv4 demultiplexor driver
[    1.118188][    T1] ip_gre: GRE over IPv4 tunneling driver
[    1.122272][    T1] IPv4 over IPsec tunneling driver
[    1.127699][    T1] Initializing XFRM netlink socket
[    1.128934][    T1] IPsec XFRM device driver
[    1.133206][    T1] NET: Registered PF_INET6 protocol family
[    1.150075][    T1] Segment Routing with IPv6
[    1.150474][    T1] In-situ OAM (IOAM) with IPv6
[    1.153027][    T1] mip6: Mobile IPv6
[    1.157315][    T1] sit: IPv6, IPv4 and MPLS over IPv4 tunneling driver
[    1.161793][    T1] ip6_gre: GRE over IPv6 tunneling driver
[    1.165161][    T1] NET: Registered PF_PACKET protocol family
[    1.165655][    T1] NET: Registered PF_KEY protocol family
[    1.167018][    T1] NET: Registered PF_VSOCK protocol family
[    1.171034][    T1] registered taskstats version 1
[    1.171955][    T1] Loading compiled-in X.509 certificates
[    1.195012][    T1] Loaded X.509 cert 'Build time autogenerated kernel key: 14e41adaf06b936a10f02b8132e23651e6ae330c'
[    1.196161][    T1] page_owner is disabled
[    1.197129][    T1] Key type .fscrypt registered
[    1.197306][    T1] Key type fscrypt-provisioning registered
[    1.199949][   T54] cryptomgr_probe (54) used greatest stack depth: 14976 bytes left
[    1.212440][    T1] input: gpio-keys as /devices/platform/gpio-keys/input/input0
[    1.225151][    T1] ALSA device list:
[    1.225416][    T1]   No soundcards found.
[    1.230953][    T1] uart-pl011 9000000.pl011: no DMA platform data
[    1.296248][    T1] Freeing unused kernel memory: 3136K
[    1.297476][    T1] Run /init as init process
[    1.342068][    T1] request_module fs-devtmpfs succeeded, but still no fs?
[*] Init: Starting harness on virtio console...
=== HYP-007: Kernel-Side Struct File UAF Race Detection Test ===
[!] WARNING: Failed to mount debugfs.
[*] Debugfs interface verified: /sys/kernel/debug/epoll_uaf/
[    2.386484][   T57] epoll_uaf: counters reset
[*] Counters reset to zero.
[*] Starting 5000 race iterations (epoll-on-epoll)...
[    2.418891][   T59] harness (59) used greatest stack depth: 14160 bytes left
[*] Progress: 500/5000 | kernel_fep_cleared=500 | kernel_uaf_file=0 | kernel_fcnt_zero=480 | kernel_uaf_ep=0 | setup_fail=0
[*] Progress: 1000/5000 | kernel_fep_cleared=1000 | kernel_uaf_file=0 | kernel_fcnt_zero=978 | kernel_uaf_ep=0 | setup_fail=0
[*] Progress: 1500/5000 | kernel_fep_cleared=1500 | kernel_uaf_file=0 | kernel_fcnt_zero=1474 | kernel_uaf_ep=0 | setup_fail=0
[*] Progress: 2000/5000 | kernel_fep_cleared=2000 | kernel_uaf_file=0 | kernel_fcnt_zero=1972 | kernel_uaf_ep=0 | setup_fail=0
[*] Progress: 2500/5000 | kernel_fep_cleared=2500 | kernel_uaf_file=0 | kernel_fcnt_zero=2468 | kernel_uaf_ep=0 | setup_fail=0
[*] Progress: 3000/5000 | kernel_fep_cleared=3000 | kernel_uaf_file=0 | kernel_fcnt_zero=2959 | kernel_uaf_ep=0 | setup_fail=0
[*] Progress: 3500/5000 | kernel_fep_cleared=3500 | kernel_uaf_file=0 | kernel_fcnt_zero=3453 | kernel_uaf_ep=0 | setup_fail=0
[*] Progress: 4000/5000 | kernel_fep_cleared=4000 | kernel_uaf_file=0 | kernel_fcnt_zero=3947 | kernel_uaf_ep=0 | setup_fail=0
[*] Progress: 4500/5000 | kernel_fep_cleared=4500 | kernel_uaf_file=0 | kernel_fcnt_zero=4445 | kernel_uaf_ep=0 | setup_fail=0
[*] Progress: 5000/5000 | kernel_fep_cleared=5000 | kernel_uaf_file=0 | kernel_fcnt_zero=4941 | kernel_uaf_ep=0 | setup_fail=0

========================================
HYP-007 FINAL RESULTS
========================================
Iterations:              5000
Setup failures:          0
Kernel fep_cleared:      5000
Kernel uaf_file_detected:0
Kernel file_fcount_zero: 4941
Kernel uaf_ep_detected:  0
Kernel file_free_called: 10046
Kernel epfree_called:    10000

>>> PARTIAL HIT: file->f_count <= 0 observed before spin_lock, but file_free had not completed.
>>> 4941 occurrences of unpinned refcount drop detected.

--- Sanity Checks ---
[OK] fep_cleared=5000 (expected ~5000)
[OK] epfree_called=10000 (expected ~10000)
[OK] file_free_called=10046
========================================
HYP-007 test complete.
[  121.152855][   T57] reboot: Power down
