[    0.000000][    T0] Booting Linux on physical CPU 0x0000000000 [0x411fd070]
[    0.000000][    T0] Linux version 6.1.23-gcf24bd6cafa1 (legion@hpelitebook840g5) (aarch64-linux-musl-gcc (GCC) 11.2.1 20211120, GNU ld (GNU Binutils) 2.37) #2 SMP PREEMPT Sun Sep  6 12:58:57 IST 2026
[    0.000000][    T0] random: crng init done
[    0.000000][    T0] Machine model: linux,dummy-virt
[    0.000000][    T0] Stack Depot is disabled
[    0.000000][    T0] KVM is not available. Ignoring kvm-arm.mode
[    0.000000][    T0] earlycon: pl11 at MMIO 0x0000000009000000 (options '')
[    0.000000][    T0] printk: bootconsole [pl11] enabled
[    0.000000][    T0] efi: UEFI not found.
[    0.000000][    T0] Zone ranges:
[    0.000000][    T0]   DMA32    [mem 0x0000000040000000-0x00000000bfffffff]
[    0.000000][    T0]   Normal   empty
[    0.000000][    T0]   Device   empty
[    0.000000][    T0] Movable zone start for each node
[    0.000000][    T0] Early memory node ranges
[    0.000000][    T0]   node   0: [mem 0x0000000040000000-0x00000000bfffffff]
[    0.000000][    T0] Initmem setup node 0 [mem 0x0000000040000000-0x00000000bfffffff]
[    0.000000][    T0] cma: Reserved 16 MiB at 0x00000000bc800000
[    0.000000][    T0] psci: probing for conduit method from DT.
[    0.000000][    T0] psci: PSCIv1.1 detected in firmware.
[    0.000000][    T0] psci: Using standard PSCI v0.2 function IDs
[    0.000000][    T0] psci: Trusted OS migration not required
[    0.000000][    T0] psci: SMC Calling Convention v1.0
[    0.000000][    T0] 'bootconfig' found on command line, but no bootconfig found
[    0.000000][    T0] percpu: Embedded 29 pages/cpu s80808 r8192 d29784 u118784
[    0.000000][    T0] Detected PIPT I-cache on CPU0
[    0.000000][    T0] CPU features: SYS_ID_AA64MMFR1_EL1[11:8]: already set to 0
[    0.000000][    T0] CPU features: detected: Spectre-v2
[    0.000000][    T0] CPU features: detected: Spectre-v3a
[    0.000000][    T0] CPU features: detected: Spectre-v4
[    0.000000][    T0] CPU features: detected: Spectre-BHB
[    0.000000][    T0] CPU features: detected: ARM erratum 834220
[    0.000000][    T0] CPU features: detected: ARM erratum 1742098
[    0.000000][    T0] CPU features: detected: ARM erratum 832075
[    0.000000][    T0] CPU features: detected: ARM errata 1165522, 1319367, or 1530923
[    0.000000][    T0] alternatives: applying boot alternatives
[    0.000000][    T0] Built 1 zonelists, mobility grouping on.  Total pages: 516096
[    0.000000][    T0] Kernel command line: console=ttynull stack_depot_disable=on cgroup_disable=pressure kasan.page_alloc.sample=10 kasan.stacktrace=off kvm-arm.mode=protected bootconfig ioremap_guard console=ttyAMA0 root=/dev/ram0 kasan=off nokaslr earlycon=pl011,0x09000000 printk.devkmsg=on rw
[    0.000000][    T0] cgroup: Disabling pressure control group feature
[    0.000000][    T0] Unknown kernel command line parameters "nokaslr", will be passed to user space.
[    0.000000][    T0] Dentry cache hash table entries: 262144 (order: 9, 2097152 bytes, linear)
[    0.000000][    T0] Inode-cache hash table entries: 131072 (order: 8, 1048576 bytes, linear)
[    0.000000][    T0] mem auto-init: stack:off, heap alloc:on, heap free:off
[    0.000000][    T0] Memory: 1988908K/2097152K available (15360K kernel code, 1850K rwdata, 14860K rodata, 3136K init, 598K bss, 91860K reserved, 16384K cma-reserved)
[    0.000000][    T0] SLUB: HWalign=64, Order=0-3, MinObjects=0, CPUs=2, Nodes=1
[    0.000000][    T0] trace event string verifier disabled
[    0.000000][    T0] rcu: Preemptible hierarchical RCU implementation.
[    0.000000][    T0] rcu: 	RCU event tracing is enabled.
[    0.000000][    T0] rcu: 	RCU restricting CPUs from NR_CPUS=32 to nr_cpu_ids=2.
[    0.000000][    T0] rcu: 	RCU priority boosting: priority 1 delay 500 ms.
[    0.000000][    T0] 	Trampoline variant of Tasks RCU enabled.
[    0.000000][    T0] 	Tracing variant of Tasks RCU enabled.
[    0.000000][    T0] rcu: RCU calculated value of scheduler-enlistment delay is 25 jiffies.
[    0.000000][    T0] rcu: Adjusting geometry for rcu_fanout_leaf=16, nr_cpu_ids=2
[    0.000000][    T0] NR_IRQS: 64, nr_irqs: 64, preallocated irqs: 0
[    0.000000][    T0] Root IRQ handler: gic_handle_irq
[    0.000000][    T0] GICv2m: range[mem 0x08020000-0x08020fff], SPI[80:143]
[    0.000000][    T0] rcu: srcu_init: Setting srcu_struct sizes based on contention.
[    0.000000][    T0] arch_timer: cp15 timer(s) running at 62.50MHz (virt).
[    0.000000][    T0] clocksource: arch_sys_counter: mask: 0x1ffffffffffffff max_cycles: 0x1cd42e208c, max_idle_ns: 881590405314 ns
[    0.000347][    T0] sched_clock: 57 bits at 63MHz, resolution 16ns, wraps every 4398046511096ns
[    0.009913][    T0] kfence: initialized - using 524288 bytes for 63 objects at 0x(____ptrval____)-0x(____ptrval____)
[    0.035729][    T0] Calibrating delay loop (skipped), value calculated using timer frequency.. 125.00 BogoMIPS (lpj=250000)
[    0.038279][    T0] pid_max: default: 32768 minimum: 301
[    0.043701][    T0] LSM: Security Framework initializing
[    0.047618][    T0] SELinux:  Initializing.
[    0.057910][    T0] Mount-cache hash table entries: 4096 (order: 3, 32768 bytes, linear)
[    0.059486][    T0] Mountpoint-cache hash table entries: 4096 (order: 3, 32768 bytes, linear)
[    0.243373][    T1] cacheinfo: Unable to detect cache hierarchy for CPU 0
[    0.277082][    T1] cblist_init_generic: Setting adjustable number of callback queues.
[    0.278795][    T1] cblist_init_generic: Setting shift to 1 and lim to 1.
[    0.294167][    T1] cblist_init_generic: Setting shift to 1 and lim to 1.
[    0.304529][    T1] rcu: Hierarchical SRCU implementation.
[    0.305037][    T1] rcu: 	Max phase no-delay instances is 1000.
[    0.367395][    T1] dyndbg: Ignore empty _ddebug table in a CONFIG_DYNAMIC_DEBUG_CORE build
[    0.374796][    T1] EFI services will not be available.
[    0.389510][    T1] smp: Bringing up secondary CPUs ...
[    0.416657][    T0] Detected PIPT I-cache on CPU1
[    0.419006][    T0] cacheinfo: Unable to detect cache hierarchy for CPU 1
[    0.420253][    T0] CPU1: Booted secondary processor 0x0000000001 [0x411fd070]
[    0.434662][    T1] smp: Brought up 1 node, 2 CPUs
[    0.437551][    T1] SMP: Total of 2 processors activated.
[    0.438115][    T1] CPU features: detected: 32-bit EL0 Support
[    0.438457][    T1] CPU features: detected: 32-bit EL1 Support
[    0.438910][    T1] CPU features: detected: CRC32 instructions
[    0.451661][    T1] CPU features: emulated: Privileged Access Never (PAN) using TTBR0_EL1 switching
[    0.453677][    T1] CPU: All CPU(s) started at EL1
[    0.455232][    T1] alternatives: applying system-wide alternatives
[    0.563104][    T1] Registered cp15_barrier emulation handler
[    0.564975][    T1] Registered setend emulation handler
[    0.571546][    T1] clocksource: jiffies: mask: 0xffffffff max_cycles: 0xffffffff, max_idle_ns: 7645041785100000 ns
[    0.573338][    T1] futex hash table entries: 512 (order: 3, 32768 bytes, linear)
[    0.596624][    T1] pinctrl core: initialized pinctrl subsystem
[    0.717606][    T1] NET: Registered PF_NETLINK/PF_ROUTE protocol family
[    0.770703][    T1] DMA: preallocated 256 KiB GFP_KERNEL pool for atomic allocations
[    0.776323][    T1] DMA: preallocated 256 KiB GFP_KERNEL|GFP_DMA32 pool for atomic allocations
[    0.778896][    T1] audit: initializing netlink subsys (disabled)
[    0.787295][   T27] audit: type=2000 audit(0.616:1): state=initialized audit_enabled=0 res=1
[    0.806322][    T1] thermal_sys: Registered thermal governor 'step_wise'
[    0.806557][    T1] thermal_sys: Registered thermal governor 'user_space'
[    0.807422][    T1] thermal_sys: Registered thermal governor 'power_allocator'
[    0.810727][    T1] cpuidle: using governor menu
[    0.819796][    T1] hw-breakpoint: found 6 breakpoint and 4 watchpoint registers.
[    0.823068][    T1] ASID allocator initialised with 65536 entries
[    0.829758][    T1] Serial: AMBA PL011 UART driver
[    0.910165][    T1] 9000000.pl011: ttyAMA0 at MMIO 0x9000000 (irq = 13, base_baud = 0) is a PL011 rev1
[    0.917956][    T1] printk: console [ttyAMA0] enabled
[    0.917956][    T1] printk: console [ttyAMA0] enabled
[    0.919882][    T1] printk: bootconsole [pl11] disabled
[    0.919882][    T1] printk: bootconsole [pl11] disabled
[    0.936538][    T1] KASLR disabled on command line
[    1.236171][    T1] iommu: Default domain type: Translated 
[    1.237365][    T1] iommu: DMA domain TLB invalidation policy: strict mode 
[    1.247359][    T1] SCSI subsystem initialized
[    1.252969][    T1] usbcore: registered new interface driver usbfs
[    1.254454][    T1] usbcore: registered new interface driver hub
[    1.255850][    T1] usbcore: registered new device driver usb
[    1.259509][    T1] mc: Linux media interface: v0.10
[    1.260673][    T1] videodev: Linux video capture interface: v2.00
[    1.263189][    T1] pps_core: LinuxPPS API ver. 1 registered
[    1.263737][    T1] pps_core: Software ver. 5.3.6 - Copyright 2005-2007 Rodolfo Giometti <giometti@linux.it>
[    1.264946][    T1] PTP clock support registered
[    1.266016][    T1] EDAC MC: Ver: 3.0.0
[    1.286189][    T1] Advanced Linux Sound Architecture Driver Initialized.
[    1.327132][    T1] clocksource: Switched to clocksource arch_sys_counter
[    1.340628][    T1] VFS: Disk quotas dquot_6.6.0
[    1.341374][    T1] VFS: Dquot-cache hash table entries: 512 (order 0, 4096 bytes)
[    1.350339][    T1] NET: Registered PF_INET protocol family
[    1.354411][    T1] IP idents hash table entries: 32768 (order: 6, 262144 bytes, linear)
[    1.372807][    T1] tcp_listen_portaddr_hash hash table entries: 1024 (order: 2, 16384 bytes, linear)
[    1.374294][    T1] Table-perturb hash table entries: 65536 (order: 6, 262144 bytes, linear)
[    1.376317][    T1] TCP established hash table entries: 16384 (order: 5, 131072 bytes, linear)
[    1.378240][    T1] TCP bind hash table entries: 16384 (order: 7, 524288 bytes, linear)
[    1.379621][    T1] TCP: Hash tables configured (established 16384 bind 16384)
[    1.383721][    T1] UDP hash table entries: 1024 (order: 3, 32768 bytes, linear)
[    1.384597][    T1] UDP-Lite hash table entries: 1024 (order: 3, 32768 bytes, linear)
[    1.387869][    T1] NET: Registered PF_UNIX/PF_LOCAL protocol family
[    1.389148][    T1] NET: Registered PF_XDP protocol family
[    1.389875][    T1] PCI: CLS 0 bytes, default 64
[    1.416565][    T1] hw perfevents: enabled with armv8_pmuv3 PMU driver, 7 counters available
[    1.421468][   T38] Trying to unpack rootfs image as initramfs...
[    1.431322][    T1] kvm [1]: HYP mode not available
[    1.452080][    T1] Initialise system trusted keyrings
[    1.471887][    T1] workingset: timestamp_bits=46 max_order=19 bucket_order=0
[    1.764108][    T1] fuse: init (API version 7.37)
[    1.815922][   T38] Freeing initrd memory: 14016K
[    1.940227][    T1] Key type asymmetric registered
[    1.941382][    T1] Asymmetric key parser 'x509' registered
[    1.942990][    T1] Block layer SCSI generic (bsg) driver version 0.4 loaded (major 239)
[    1.948176][    T1] io scheduler mq-deadline registered
[    1.948745][    T1] io scheduler kyber registered
[    1.950932][    T1] io scheduler bfq registered
[    1.966721][    T1] pl061_gpio 9030000.pl061: PL061 GPIO chip registered
[    1.970284][    T1] pci-host-generic 4010000000.pcie: host bridge /pcie@10000000 ranges:
[    1.974422][    T1] pci-host-generic 4010000000.pcie:       IO 0x003eff0000..0x003effffff -> 0x0000000000
[    1.976848][    T1] pci-host-generic 4010000000.pcie:      MEM 0x0010000000..0x003efeffff -> 0x0010000000
[    1.977570][    T1] pci-host-generic 4010000000.pcie:      MEM 0x8000000000..0xffffffffff -> 0x8000000000
[    1.980141][    T1] pci-host-generic 4010000000.pcie: Memory resource size exceeds max for 32 bits
[    1.981796][    T1] pci-host-generic 4010000000.pcie: ECAM at [mem 0x4010000000-0x401fffffff] for [bus 00-ff]
[    1.985248][    T1] pci-host-generic 4010000000.pcie: PCI host bridge to bus 0000:00
[    1.986166][    T1] pci_bus 0000:00: root bus resource [bus 00-ff]
[    1.986838][    T1] pci_bus 0000:00: root bus resource [io  0x0000-0xffff]
[    1.987305][    T1] pci_bus 0000:00: root bus resource [mem 0x10000000-0x3efeffff]
[    1.987778][    T1] pci_bus 0000:00: root bus resource [mem 0x8000000000-0xffffffffff]
[    1.992329][    T1] pci 0000:00:00.0: [1b36:0008] type 00 class 0x060000
[    2.003754][    T1] pci 0000:00:01.0: [1af4:1000] type 00 class 0x020000
[    2.004612][    T1] pci 0000:00:01.0: reg 0x10: [io  0x0000-0x001f]
[    2.005048][    T1] pci 0000:00:01.0: reg 0x14: [mem 0x00000000-0x00000fff]
[    2.005680][    T1] pci 0000:00:01.0: reg 0x20: [mem 0x00000000-0x00003fff 64bit pref]
[    2.007054][    T1] pci 0000:00:01.0: reg 0x30: [mem 0x00000000-0x0003ffff pref]
[    2.013694][    T1] pci 0000:00:01.0: BAR 6: assigned [mem 0x10000000-0x1003ffff pref]
[    2.014964][    T1] pci 0000:00:01.0: BAR 4: assigned [mem 0x8000000000-0x8000003fff 64bit pref]
[    2.015630][    T1] pci 0000:00:01.0: BAR 1: assigned [mem 0x10040000-0x10040fff]
[    2.016069][    T1] pci 0000:00:01.0: BAR 0: assigned [io  0x1000-0x101f]
[    2.031271][    T1] printk: console [ttynull0] enabled
[    2.034246][   T20] cacheinfo: Unable to detect cache hierarchy for CPU 0
[    2.125417][    T1] brd: module loaded
[    2.218778][    T1] loop: module loaded
[    2.233093][    T1] wireguard: WireGuard 1.0.0 loaded. See www.wireguard.com for information.
[    2.233536][    T1] wireguard: Copyright (C) 2015-2019 Jason A. Donenfeld <Jason@zx2c4.com>. All Rights Reserved.
[    2.238164][    T1] MACsec IEEE 802.1AE
[    2.244921][    T1] tun: Universal TUN/TAP device driver, 1.6
[    2.246327][    T1] usbcore: registered new interface driver rtl8150
[    2.247557][    T1] usbcore: registered new interface driver r8152
[    2.248316][    T1] usbcore: registered new interface driver asix
[    2.249037][    T1] usbcore: registered new interface driver ax88179_178a
[    2.249775][    T1] usbcore: registered new interface driver cdc_ether
[    2.250444][    T1] usbcore: registered new interface driver cdc_eem
[    2.251181][    T1] usbcore: registered new interface driver cdc_ncm
[    2.251618][    T1] usbcore: registered new interface driver aqc111
[    2.252220][    T1] usbcore: registered new interface driver r8153_ecm
[    2.259501][    T1] usbcore: registered new interface driver uas
[    2.260344][    T1] usbcore: registered new interface driver usb-storage
[    2.269274][    T1] usbcore: registered new interface driver xpad
[    2.280031][    T1] rtc-pl031 9010000.pl031: registered as rtc0
[    2.281408][    T1] rtc-pl031 9010000.pl031: setting system clock to 2026-09-06T10:13:36 UTC (1788689616)
[    2.284078][    T1] gspca_main: v2.14.0 registered
[    2.284763][    T1] usbcore: registered new interface driver uvcvideo
[    2.286404][    T1] device-mapper: uevent: version 1.0.3
[    2.288292][    T1] device-mapper: ioctl: 4.47.0-ioctl (2022-07-28) initialised: dm-devel@redhat.com
[    2.297141][    T1] sdhci: Secure Digital Host Controller Interface driver
[    2.297816][    T1] sdhci: Copyright(c) Pierre Ossman
[    2.298312][    T1] sdhci-pltfm: SDHCI platform and OF driver helper
[    2.302731][    T1] hid: raw HID events driver (C) Jiri Kosina
[    2.311324][    T1] usbcore: registered new interface driver usbhid
[    2.311678][    T1] usbhid: USB HID core driver
[    2.313584][    T1] ashmem: initialized
[    2.316404][    T1] gnss: GNSS driver registered with major 506
[    2.320099][    T1] usbcore: registered new interface driver snd-usb-audio
[    2.325474][    T1] GACT probability NOT on
[    2.326384][    T1] Mirror/redirect action on
[    2.328017][    T1] netem: version 1.3
[    2.328924][    T1] u32 classifier
[    2.329264][    T1]     input device check on
[    2.329492][    T1]     Actions configured
[    2.552784][    T1] xt_time: kernel timezone is -0000
[    2.553565][    T1] ipip: IPv4 and MPLS over IPv4 tunneling driver
[    2.558070][    T1] gre: GRE over IPv4 demultiplexor driver
[    2.558442][    T1] ip_gre: GRE over IPv4 tunneling driver
[    2.565269][    T1] IPv4 over IPsec tunneling driver
[    2.570968][    T1] Initializing XFRM netlink socket
[    2.571651][    T1] IPsec XFRM device driver
[    2.575331][    T1] NET: Registered PF_INET6 protocol family
[    2.598354][    T1] Segment Routing with IPv6
[    2.599126][    T1] In-situ OAM (IOAM) with IPv6
[    2.601264][    T1] mip6: Mobile IPv6
[    2.610228][    T1] sit: IPv6, IPv4 and MPLS over IPv4 tunneling driver
[    2.617401][    T1] ip6_gre: GRE over IPv6 tunneling driver
[    2.621174][    T1] NET: Registered PF_PACKET protocol family
[    2.621692][    T1] NET: Registered PF_KEY protocol family
[    2.624328][    T1] NET: Registered PF_VSOCK protocol family
[    2.630957][    T1] registered taskstats version 1
[    2.631671][    T1] Loading compiled-in X.509 certificates
[    2.651383][   T53] cryptomgr_probe (53) used greatest stack depth: 15024 bytes left
[    2.663097][    T1] Loaded X.509 cert 'Build time autogenerated kernel key: 14e41adaf06b936a10f02b8132e23651e6ae330c'
[    2.664331][    T1] page_owner is disabled
[    2.665580][    T1] Key type .fscrypt registered
[    2.665845][    T1] Key type fscrypt-provisioning registered
[    2.685956][    T1] input: gpio-keys as /devices/platform/gpio-keys/input/input0
[    2.700613][    T1] ALSA device list:
[    2.700944][    T1]   No soundcards found.
[    2.709809][    T1] uart-pl011 9000000.pl011: no DMA platform data
[    2.795771][    T1] Freeing unused kernel memory: 3136K
[    2.797281][    T1] Run /init as init process
[    2.856094][    T1] request_module fs-devtmpfs succeeded, but still no fs?
[*] Init: Starting harness on virtio console...
=== HYP-004: Alternative Page Reclaim Audit ===
[+] memfd_create: order-0 buddy page allocated and live-editable via mmap at 0x7f8c9de000
[+] pipe write: allocated order-0 page from buddy allocator (4096 bytes)
[*] pipe mmap rejected as expected (errno=13: Permission denied) -> Not live-editable
================================================================
HYP-004 CONCLUSION:
1. CONFIG_DMABUF_HEAPS_SYSTEM=y can be rebuilt into GKI (system_heap.o compiles).
2. memfd_create provides unprivileged order-0 buddy pages that are live-editable via MAP_SHARED.
3. pipe_buffer provides order-0 buddy pages but cannot be mmap'd (no live in-place edits).
================================================================
[    3.928485][   T55] reboot: Power down
