==========================================================
[*] Launching QEMU Android ARM64 Runtime
    Kernel:  /mnt/work/company/cyphermatrix/repos/bad-epoll-lab/tier2/android/artifacts/Image
    Ramdisk: /mnt/work/company/cyphermatrix/repos/bad-epoll-lab/tier2/initramfs.cpio
    CPUs: 2 | RAM: 2048
    Cmdline: console=ttyAMA0 root=/dev/ram0 kasan=on earlycon=pl011,0x09000000 printk.devkmsg=on rw
==========================================================
    To exit QEMU at any time, press: Ctrl-a then x
==========================================================

[    0.000000][    T0] Booting Linux on physical CPU 0x0000000000 [0x411fd070]
[    0.000000][    T0] Linux version 6.1.23-android14-4-maybe-dirty (build-user@build-host) (Android (10087095, +pgo, +bolt, +lto, -mlgo, based on r487747c) clang version 17.0.2 (https://android.googlesource.com/toolchain/llvm-project d9f89f4d16663d5012e5c09495f3b30ece3d2362), LLD 17.0.2) #1 SMP PREEMPT Thu Jan  1 00:00:00 UTC 1970
[    0.000000][    T0] random: crng init done
[    0.000000][    T0] Machine model: linux,dummy-virt
[    0.000000][    T0] Stack Depot is disabled
[    0.000000][    T0] KVM is not available. Ignoring kvm-arm.mode
[    0.000000][    T0] earlycon: pl11 at MMIO 0x0000000009000000 (options '')
[    0.000000][    T0] printk: bootconsole [pl11] enabled
[    0.000000][    T0] efi: UEFI not found.
[    0.000000][    T0] Zone ranges:
[    0.000000][    T0]   DMA32    [mem 0x0000000040000000-0x00000000bfffffff]
[    0.000000][    T0]   Normal   empty
[    0.000000][    T0]   Device   empty
[    0.000000][    T0] Movable zone start for each node
[    0.000000][    T0] Early memory node ranges
[    0.000000][    T0]   node   0: [mem 0x0000000040000000-0x00000000bfffffff]
[    0.000000][    T0] Initmem setup node 0 [mem 0x0000000040000000-0x00000000bfffffff]
[    0.000000][    T0] cma: Reserved 16 MiB at 0x00000000bc800000
[    0.000000][    T0] psci: probing for conduit method from DT.
[    0.000000][    T0] psci: PSCIv1.1 detected in firmware.
[    0.000000][    T0] psci: Using standard PSCI v0.2 function IDs
[    0.000000][    T0] psci: Trusted OS migration not required
[    0.000000][    T0] psci: SMC Calling Convention v1.0
[    0.000000][    T0] 'bootconfig' found on command line, but no bootconfig found
[    0.000000][    T0] percpu: Embedded 29 pages/cpu s80936 r8192 d29656 u118784
[    0.000000][    T0] Detected PIPT I-cache on CPU0
[    0.000000][    T0] CPU features: SYS_ID_AA64MMFR1_EL1[11:8]: already set to 0
[    0.000000][    T0] CPU features: detected: Spectre-v2
[    0.000000][    T0] CPU features: detected: Spectre-v3a
[    0.000000][    T0] CPU features: detected: Spectre-v4
[    0.000000][    T0] CPU features: detected: Spectre-BHB
[    0.000000][    T0] CPU features: kernel page table isolation forced ON by KASLR
[    0.000000][    T0] CPU features: detected: Kernel page table isolation (KPTI)
[    0.000000][    T0] CPU features: detected: ARM erratum 834220
[    0.000000][    T0] CPU features: detected: ARM erratum 1742098
[    0.000000][    T0] CPU features: detected: ARM erratum 832075
[    0.000000][    T0] CPU features: detected: ARM errata 1165522, 1319367, or 1530923
[    0.000000][    T0] alternatives: applying boot alternatives
[    0.000000][    T0] Built 1 zonelists, mobility grouping on.  Total pages: 516096
[    0.000000][    T0] Kernel command line: console=ttynull stack_depot_disable=on cgroup_disable=pressure kasan.page_alloc.sample=10 kasan.stacktrace=off kvm-arm.mode=protected bootconfig ioremap_guard console=ttyAMA0 root=/dev/ram0 kasan=on earlycon=pl011,0x09000000 printk.devkmsg=on rw
[    0.000000][    T0] cgroup: Disabling pressure control group feature
[    0.000000][    T0] Dentry cache hash table entries: 262144 (order: 9, 2097152 bytes, linear)
[    0.000000][    T0] Inode-cache hash table entries: 131072 (order: 8, 1048576 bytes, linear)
[    0.000000][    T0] mem auto-init: stack:all(zero), heap alloc:on, heap free:off
[    0.000000][    T0] Memory: 2006400K/2097152K available (16768K kernel code, 1878K rwdata, 10648K rodata, 1344K init, 600K bss, 74368K reserved, 16384K cma-reserved)
[    0.000000][    T0] SLUB: HWalign=64, Order=0-3, MinObjects=0, CPUs=2, Nodes=1
[    0.000000][    T0] trace event string verifier disabled
[    0.000000][    T0] rcu: Preemptible hierarchical RCU implementation.
[    0.000000][    T0] rcu: 	RCU event tracing is enabled.
[    0.000000][    T0] rcu: 	RCU restricting CPUs from NR_CPUS=32 to nr_cpu_ids=2.
[    0.000000][    T0] rcu: 	RCU priority boosting: priority 1 delay 500 ms.
[    0.000000][    T0] 	Trampoline variant of Tasks RCU enabled.
[    0.000000][    T0] 	Tracing variant of Tasks RCU enabled.
[    0.000000][    T0] rcu: RCU calculated value of scheduler-enlistment delay is 25 jiffies.
[    0.000000][    T0] rcu: Adjusting geometry for rcu_fanout_leaf=16, nr_cpu_ids=2
[    0.000000][    T0] NR_IRQS: 64, nr_irqs: 64, preallocated irqs: 0
[    0.000000][    T0] Root IRQ handler: gic_handle_irq
[    0.000000][    T0] GICv2m: range[mem 0x08020000-0x08020fff], SPI[80:143]
[    0.000000][    T0] rcu: srcu_init: Setting srcu_struct sizes based on contention.
[    0.000000][    T0] arch_timer: cp15 timer(s) running at 62.50MHz (virt).
[    0.000000][    T0] clocksource: arch_sys_counter: mask: 0x1ffffffffffffff max_cycles: 0x1cd42e208c, max_idle_ns: 881590405314 ns
[    0.000195][    T0] sched_clock: 57 bits at 63MHz, resolution 16ns, wraps every 4398046511096ns
[    0.010274][    T0] kfence: initialized - using 524288 bytes for 63 objects at 0x(____ptrval____)-0x(____ptrval____)
[    0.029207][    T0] Calibrating delay loop (skipped), value calculated using timer frequency.. 125.00 BogoMIPS (lpj=250000)
[    0.030297][    T0] pid_max: default: 32768 minimum: 301
[    0.033363][    T0] LSM: Security Framework initializing
[    0.039468][    T0] SELinux:  Initializing.
[    0.048318][    T0] Mount-cache hash table entries: 4096 (order: 3, 32768 bytes, linear)
[    0.049347][    T0] Mountpoint-cache hash table entries: 4096 (order: 3, 32768 bytes, linear)
[    0.136153][    T1] cacheinfo: Unable to detect cache hierarchy for CPU 0
[    0.161682][    T1] cblist_init_generic: Setting adjustable number of callback queues.
[    0.163173][    T1] cblist_init_generic: Setting shift to 1 and lim to 1.
[    0.164701][    T1] cblist_init_generic: Setting shift to 1 and lim to 1.
[    0.168943][    T1] rcu: Hierarchical SRCU implementation.
[    0.169397][    T1] rcu: 	Max phase no-delay instances is 1000.
[    0.204259][    T1] dyndbg: Ignore empty _ddebug table in a CONFIG_DYNAMIC_DEBUG_CORE build
[    0.206950][    T1] EFI services will not be available.
[    0.220261][    T1] smp: Bringing up secondary CPUs ...
[    0.233762][    T0] Detected PIPT I-cache on CPU1
[    0.235119][    T0] cacheinfo: Unable to detect cache hierarchy for CPU 1
[    0.236701][    T0] CPU1: Booted secondary processor 0x0000000001 [0x411fd070]
[    0.249482][    T1] smp: Brought up 1 node, 2 CPUs
[    0.250743][    T1] SMP: Total of 2 processors activated.
[    0.251744][    T1] CPU features: detected: 32-bit EL0 Support
[    0.252211][    T1] CPU features: detected: 32-bit EL1 Support
[    0.252764][    T1] CPU features: detected: CRC32 instructions
[    0.267374][    T1] CPU features: emulated: Privileged Access Never (PAN) using TTBR0_EL1 switching
[    0.274355][    T1] CPU: All CPU(s) started at EL1
[    0.275581][    T1] alternatives: applying system-wide alternatives
[    0.881769][    T1] Registered cp15_barrier emulation handler
[    0.886332][    T1] Registered setend emulation handler
[    0.956108][    T1] clocksource: jiffies: mask: 0xffffffff max_cycles: 0xffffffff, max_idle_ns: 7645041785100000 ns
[    0.962988][    T1] futex hash table entries: 512 (order: 3, 32768 bytes, linear)
[    1.201375][    T1] pinctrl core: initialized pinctrl subsystem
[    1.468038][    T1] NET: Registered PF_NETLINK/PF_ROUTE protocol family
[    1.687587][    T1] DMA: preallocated 256 KiB GFP_KERNEL pool for atomic allocations
[    1.690922][    T1] DMA: preallocated 256 KiB GFP_KERNEL|GFP_DMA32 pool for atomic allocations
[    1.692657][    T1] audit: initializing netlink subsys (disabled)
[    1.700921][   T27] audit: type=2000 audit(1.020:1): state=initialized audit_enabled=0 res=1
[    1.728690][    T1] thermal_sys: Registered thermal governor 'step_wise'
[    1.728825][    T1] thermal_sys: Registered thermal governor 'user_space'
[    1.730009][    T1] thermal_sys: Registered thermal governor 'power_allocator'
[    1.731581][    T1] cpuidle: using governor menu
[    1.736775][    T1] hw-breakpoint: found 6 breakpoint and 4 watchpoint registers.
[    1.739705][    T1] ASID allocator initialised with 32768 entries
[    1.743224][    T1] Serial: AMBA PL011 UART driver
[    1.804548][    T1] 9000000.pl011: ttyAMA0 at MMIO 0x9000000 (irq = 13, base_baud = 0) is a PL011 rev1
[    1.810149][    T1] printk: console [ttyAMA0] enabled
[    1.810149][    T1] printk: console [ttyAMA0] enabled
[    1.811725][    T1] printk: bootconsole [pl11] disabled
[    1.811725][    T1] printk: bootconsole [pl11] disabled
[    1.845473][    T1] KASLR enabled
[    1.926719][    T1] iommu: Default domain type: Translated 
[    1.927193][    T1] iommu: DMA domain TLB invalidation policy: strict mode 
[    1.933896][    T1] SCSI subsystem initialized
[    1.937807][    T1] usbcore: registered new interface driver usbfs
[    1.939331][    T1] usbcore: registered new interface driver hub
[    1.940209][    T1] usbcore: registered new device driver usb
[    1.942257][    T1] mc: Linux media interface: v0.10
[    1.943101][    T1] videodev: Linux video capture interface: v2.00
[    1.944908][    T1] pps_core: LinuxPPS API ver. 1 registered
[    1.945287][    T1] pps_core: Software ver. 5.3.6 - Copyright 2005-2007 Rodolfo Giometti <giometti@linux.it>
[    1.945959][    T1] PTP clock support registered
[    1.946717][    T1] EDAC MC: Ver: 3.0.0
[    1.961277][    T1] Advanced Linux Sound Architecture Driver Initialized.
[    1.994828][    T1] clocksource: Switched to clocksource arch_sys_counter
[    2.021104][    T1] VFS: Disk quotas dquot_6.6.0
[    2.021866][    T1] VFS: Dquot-cache hash table entries: 512 (order 0, 4096 bytes)
[    2.030999][    T1] NET: Registered PF_INET protocol family
[    2.039868][    T1] IP idents hash table entries: 32768 (order: 6, 262144 bytes, linear)
[    2.067964][    T1] tcp_listen_portaddr_hash hash table entries: 1024 (order: 2, 16384 bytes, linear)
[    2.069685][    T1] Table-perturb hash table entries: 65536 (order: 6, 262144 bytes, linear)
[    2.072281][    T1] TCP established hash table entries: 16384 (order: 5, 131072 bytes, linear)
[    2.075145][    T1] TCP bind hash table entries: 16384 (order: 7, 524288 bytes, linear)
[    2.076788][    T1] TCP: Hash tables configured (established 16384 bind 16384)
[    2.086134][    T1] UDP hash table entries: 1024 (order: 3, 32768 bytes, linear)
[    2.088621][    T1] UDP-Lite hash table entries: 1024 (order: 3, 32768 bytes, linear)
[    2.094323][    T1] NET: Registered PF_UNIX/PF_LOCAL protocol family
[    2.097055][    T1] NET: Registered PF_XDP protocol family
[    2.098250][    T1] PCI: CLS 0 bytes, default 64
[    2.119963][    T1] hw perfevents: enabled with armv8_pmuv3 PMU driver, 7 counters available
[    2.122837][    T1] kvm [1]: HYP mode not available
[    2.135748][    T1] Initialise system trusted keyrings
[    2.140614][   T10] Trying to unpack rootfs image as initramfs...
[    2.157474][    T1] workingset: timestamp_bits=46 max_order=19 bucket_order=0
[    2.204463][   T10] Freeing initrd memory: 1132K
[    2.226030][    T1] fuse: init (API version 7.37)
[    2.296604][    T1] Key type asymmetric registered
[    2.297219][    T1] Asymmetric key parser 'x509' registered
[    2.298171][    T1] Block layer SCSI generic (bsg) driver version 0.4 loaded (major 239)
[    2.300465][    T1] io scheduler mq-deadline registered
[    2.300966][    T1] io scheduler kyber registered
[    2.303171][    T1] io scheduler bfq registered
[    2.323291][    T1] pl061_gpio 9030000.pl061: PL061 GPIO chip registered
[    2.326403][    T1] pci-host-generic 4010000000.pcie: host bridge /pcie@10000000 ranges:
[    2.328275][    T1] pci-host-generic 4010000000.pcie:       IO 0x003eff0000..0x003effffff -> 0x0000000000
[    2.329615][    T1] pci-host-generic 4010000000.pcie:      MEM 0x0010000000..0x003efeffff -> 0x0010000000
[    2.330101][    T1] pci-host-generic 4010000000.pcie:      MEM 0x8000000000..0xffffffffff -> 0x8000000000
[    2.331571][    T1] pci-host-generic 4010000000.pcie: Memory resource size exceeds max for 32 bits
[    2.332847][    T1] pci-host-generic 4010000000.pcie: ECAM at [mem 0x4010000000-0x401fffffff] for [bus 00-ff]
[    2.335743][    T1] pci-host-generic 4010000000.pcie: PCI host bridge to bus 0000:00
[    2.337435][    T1] pci_bus 0000:00: root bus resource [bus 00-ff]
[    2.338104][    T1] pci_bus 0000:00: root bus resource [io  0x0000-0xffff]
[    2.338674][    T1] pci_bus 0000:00: root bus resource [mem 0x10000000-0x3efeffff]
[    2.339000][    T1] pci_bus 0000:00: root bus resource [mem 0x8000000000-0xffffffffff]
[    2.343984][    T1] pci 0000:00:00.0: [1b36:0008] type 00 class 0x060000
[    2.351875][    T1] pci 0000:00:01.0: [1af4:1000] type 00 class 0x020000
[    2.352705][    T1] pci 0000:00:01.0: reg 0x10: [io  0x0000-0x001f]
[    2.353282][    T1] pci 0000:00:01.0: reg 0x14: [mem 0x00000000-0x00000fff]
[    2.354053][    T1] pci 0000:00:01.0: reg 0x20: [mem 0x00000000-0x00003fff 64bit pref]
[    2.355092][    T1] pci 0000:00:01.0: reg 0x30: [mem 0x00000000-0x0003ffff pref]
[    2.360645][    T1] pci 0000:00:01.0: BAR 6: assigned [mem 0x10000000-0x1003ffff pref]
[    2.361478][    T1] pci 0000:00:01.0: BAR 4: assigned [mem 0x8000000000-0x8000003fff 64bit pref]
[    2.362066][    T1] pci 0000:00:01.0: BAR 1: assigned [mem 0x10040000-0x10040fff]
[    2.362580][    T1] pci 0000:00:01.0: BAR 0: assigned [io  0x1000-0x101f]
[    2.375659][    T1] printk: console [ttynull0] enabled
[    2.379029][   T20] cacheinfo: Unable to detect cache hierarchy for CPU 0
[    2.439450][    T1] brd: module loaded
[    2.487593][    T1] loop: module loaded
[    2.497006][    T1] wireguard: WireGuard 1.0.0 loaded. See www.wireguard.com for information.
[    2.497397][    T1] wireguard: Copyright (C) 2015-2019 Jason A. Donenfeld <Jason@zx2c4.com>. All Rights Reserved.
[    2.501502][    T1] MACsec IEEE 802.1AE
[    2.507501][    T1] tun: Universal TUN/TAP device driver, 1.6
[    2.508436][    T1] usbcore: registered new interface driver rtl8150
[    2.508871][    T1] usbcore: registered new interface driver r8152
[    2.509278][    T1] usbcore: registered new interface driver asix
[    2.509648][    T1] usbcore: registered new interface driver ax88179_178a
[    2.510060][    T1] usbcore: registered new interface driver cdc_ether
[    2.510626][    T1] usbcore: registered new interface driver cdc_eem
[    2.511132][    T1] usbcore: registered new interface driver cdc_ncm
[    2.511501][    T1] usbcore: registered new interface driver aqc111
[    2.511868][    T1] usbcore: registered new interface driver r8153_ecm
[    2.516903][    T1] usbcore: registered new interface driver uas
[    2.517664][    T1] usbcore: registered new interface driver usb-storage
[    2.523437][    T1] usbcore: registered new interface driver xpad
[    2.530126][    T1] rtc-pl031 9010000.pl031: registered as rtc0
[    2.531799][    T1] rtc-pl031 9010000.pl031: setting system clock to 2026-07-17T10:01:25 UTC (1784282485)
[    2.533766][    T1] gspca_main: v2.14.0 registered
[    2.534601][    T1] usbcore: registered new interface driver uvcvideo
[    2.536956][    T1] device-mapper: uevent: version 1.0.3
[    2.538992][    T1] device-mapper: ioctl: 4.47.0-ioctl (2022-07-28) initialised: dm-devel@redhat.com
[    2.547295][    T1] sdhci: Secure Digital Host Controller Interface driver
[    2.547622][    T1] sdhci: Copyright(c) Pierre Ossman
[    2.547853][    T1] sdhci-pltfm: SDHCI platform and OF driver helper
[    2.549998][    T1] hid: raw HID events driver (C) Jiri Kosina
[    2.558091][    T1] usbcore: registered new interface driver usbhid
[    2.558471][    T1] usbhid: USB HID core driver
[    2.560145][    T1] ashmem: initialized
[    2.562381][    T1] gnss: GNSS driver registered with major 506
[    2.565658][    T1] usbcore: registered new interface driver snd-usb-audio
[    2.570276][    T1] GACT probability NOT on
[    2.571324][    T1] Mirror/redirect action on
[    2.572346][    T1] netem: version 1.3
[    2.573011][    T1] u32 classifier
[    2.573195][    T1]     input device check on
[    2.573369][    T1]     Actions configured
[    2.717917][    T1] xt_time: kernel timezone is -0000
[    2.719690][    T1] ipip: IPv4 and MPLS over IPv4 tunneling driver
[    2.724101][    T1] gre: GRE over IPv4 demultiplexor driver
[    2.724438][    T1] ip_gre: GRE over IPv4 tunneling driver
[    2.730344][    T1] IPv4 over IPsec tunneling driver
[    2.736786][    T1] Initializing XFRM netlink socket
[    2.737464][    T1] IPsec XFRM device driver
[    2.741031][    T1] NET: Registered PF_INET6 protocol family
[    2.784895][    T1] Segment Routing with IPv6
[    2.785933][    T1] In-situ OAM (IOAM) with IPv6
[    2.788482][    T1] mip6: Mobile IPv6
[    2.795442][    T1] sit: IPv6, IPv4 and MPLS over IPv4 tunneling driver
[    2.802033][    T1] ip6_gre: GRE over IPv6 tunneling driver
[    2.809032][    T1] NET: Registered PF_PACKET protocol family
[    2.809660][    T1] NET: Registered PF_KEY protocol family
[    2.812063][    T1] NET: Registered PF_VSOCK protocol family
[    2.817675][    T1] registered taskstats version 1
[    2.820599][    T1] Loading compiled-in X.509 certificates
[    2.840810][   T52] cryptomgr_probe (52) used greatest stack depth: 15072 bytes left
[    2.848149][    T1] Loaded X.509 cert 'Build time autogenerated kernel key: fd778e608f2e7e48897b286442f0a2dea1b922ec'
[    2.849293][    T1] page_owner is disabled
[    2.853122][    T1] Key type .fscrypt registered
[    2.853655][    T1] Key type fscrypt-provisioning registered
[    2.873666][    T1] input: gpio-keys as /devices/platform/gpio-keys/input/input0
[    2.892231][    T1] ALSA device list:
[    2.892922][    T1]   No soundcards found.
[    2.900160][    T1] uart-pl011 9000000.pl011: no DMA platform data
[    2.989897][    T1] Freeing unused kernel memory: 1344K
[    2.992904][    T1] Run /init as init process
[    3.123774][   T54] busybox (54) used greatest stack depth: 13232 bytes left
=====================================
  Tier 2 Android ARM64 RootFS Boot
=====================================
[*] Kernel Information:
Linux (none) 6.1.23-android14-4-maybe-dirty #1 SMP PREEMPT Thu Jan  1 00:00:00 UTC 1970 aarch64 GNU/Linux
[*] Kernel Version:
Linux version 6.1.23-android14-4-maybe-dirty (build-user@build-host) (Android (10087095, +pgo, +bolt, +lto, -mlgo, based on r487747c) clang version 17.0.2 (https://android.googlesource.com/toolchain/llvm-project d9f89f4d16663d5012e5c09495f3b30ece3d2362), LLD 17.0.2) #1 SMP PREEMPT Thu Jan  1 00:00:00 UTC 1970
[*] CPU Info:
processor	: 0
BogoMIPS	: 125.00
Features	: fp asimd evtstrm aes pmull sha1 sha2 crc32 cpuid
CPU implementer	: 0x41
CPU architecture: 8
CPU variant	: 0x1
CPU part	: 0xd07
CPU revision	: 0

processor	: 1
BogoMIPS	: 125.00
Features	: fp asimd evtstrm aes pmull sha1 sha2 crc32 cpuid
CPU implementer	: 0x41
CPU architecture: 8
CPU variant	: 0x1
CPU part	: 0xd07
CPU revision	: 0

[*] Kernel Command Line:
console=ttynull stack_depot_disable=on cgroup_disable=pressure kasan.page_alloc.sample=10 kasan.stacktrace=off kvm-arm.mode=protected bootconfig ioremap_guard console=ttyAMA0 root=/dev/ram0 kasan=on earlycon=pl011,0x09000000 printk.devkmsg=on rw
[*] Dmesg (last 20 lines):
[    2.812063][    T1] NET: Registered PF_VSOCK protocol family
[    2.817675][    T1] registered taskstats version 1
[    2.820599][    T1] Loading compiled-in X.509 certificates
[    2.840810][   T52] cryptomgr_probe (52) used greatest stack depth: 15072 bytes left
[    2.848149][    T1] Loaded X.509 cert 'Build time autogenerated kernel key: fd778e608f2e7e48897b286442f0a2dea1b922ec'
[    2.849293][    T1] page_owner is disabled
[    2.853122][    T1] Key type .fscrypt registered
[    2.853655][    T1] Key type fscrypt-provisioning registered
[    2.873666][    T1] input: gpio-keys as /devices/platform/gpio-keys/input/input0
[    2.892231][    T1] ALSA device list:
[    2.892922][    T1]   No soundcards found.
[    2.900160][    T1] uart-pl011 9000000.pl011: no DMA platform data
[    2.989897][    T1] Freeing unused kernel memory: 1344K
[    2.992904][    T1] Run /init as init process
[    2.993337][    T1]   with arguments:
[    2.993392][    T1]     /init
[    2.993436][    T1]   with environment:
[    2.993480][    T1]     HOME=/
[    2.993521][    T1]     TERM=linux
[    3.123774][   T54] busybox (54) used greatest stack depth: 13232 bytes left
=====================================
Executing CVE-2026-46242 Trigger Harness...
Segmentation fault
Trigger Execution Complete.
=====================================
Starting sh...
/ # qemu-system-aarch64: terminating on signal 15 from pid 156384 (<unknown process>)
