[    0.000000][    T0] Booting Linux on physical CPU 0x0000000000 [0x411fd070]
[    0.000000][    T0] Linux version 6.1.23-android14-4-maybe-dirty (build-user@build-host) (Android (10087095, +pgo, +bolt, +lto, -mlgo, based on r487747c) clang version 17.0.2 (https://android.googlesource.com/toolchain/llvm-project d9f89f4d16663d5012e5c09495f3b30ece3d2362), LLD 17.0.2) #1 SMP PREEMPT Thu Jan  1 00:00:00 UTC 1970
[    0.000000][    T0] random: crng init done
[    0.000000][    T0] Machine model: linux,dummy-virt
[    0.000000][    T0] Stack Depot is disabled
[    0.000000][    T0] KVM is not available. Ignoring kvm-arm.mode
[    0.000000][    T0] earlycon: pl11 at MMIO 0x0000000009000000 (options '')
[    0.000000][    T0] printk: bootconsole [pl11] enabled
[    0.000000][    T0] efi: UEFI not found.
[    0.000000][    T0] Zone ranges:
[    0.000000][    T0]   DMA32    [mem 0x0000000040000000-0x00000000bfffffff]
[    0.000000][    T0]   Normal   empty
[    0.000000][    T0]   Device   empty
[    0.000000][    T0] Movable zone start for each node
[    0.000000][    T0] Early memory node ranges
[    0.000000][    T0]   node   0: [mem 0x0000000040000000-0x00000000bfffffff]
[    0.000000][    T0] Initmem setup node 0 [mem 0x0000000040000000-0x00000000bfffffff]
[    0.000000][    T0] cma: Reserved 16 MiB at 0x00000000bc800000
[    0.000000][    T0] psci: probing for conduit method from DT.
[    0.000000][    T0] psci: PSCIv1.1 detected in firmware.
[    0.000000][    T0] psci: Using standard PSCI v0.2 function IDs
[    0.000000][    T0] psci: Trusted OS migration not required
[    0.000000][    T0] psci: SMC Calling Convention v1.0
[    0.000000][    T0] 'bootconfig' found on command line, but no bootconfig found
[    0.000000][    T0] percpu: Embedded 29 pages/cpu s80936 r8192 d29656 u118784
[    0.000000][    T0] Detected PIPT I-cache on CPU0
[    0.000000][    T0] CPU features: SYS_ID_AA64MMFR1_EL1[11:8]: already set to 0
[    0.000000][    T0] CPU features: detected: Spectre-v2
[    0.000000][    T0] CPU features: detected: Spectre-v3a
[    0.000000][    T0] CPU features: detected: Spectre-v4
[    0.000000][    T0] CPU features: detected: Spectre-BHB
[    0.000000][    T0] CPU features: detected: ARM erratum 834220
[    0.000000][    T0] CPU features: detected: ARM erratum 1742098
[    0.000000][    T0] CPU features: detected: ARM erratum 832075
[    0.000000][    T0] CPU features: detected: ARM errata 1165522, 1319367, or 1530923
[    0.000000][    T0] alternatives: applying boot alternatives
[    0.000000][    T0] Built 1 zonelists, mobility grouping on.  Total pages: 516096
[    0.000000][    T0] Kernel command line: console=ttynull stack_depot_disable=on cgroup_disable=pressure kasan.page_alloc.sample=10 kasan.stacktrace=off kvm-arm.mode=protected bootconfig ioremap_guard console=ttyAMA0 root=/dev/ram0 kasan=off nokaslr earlycon=pl011,0x09000000 printk.devkmsg=on isolcpus=1 nohz_full=1 rcu_nocbs=1 rw
[    0.000000][    T0] cgroup: Disabling pressure control group feature
[    0.000000][    T0] Housekeeping: nohz unsupported. Build with CONFIG_NO_HZ_FULL
[    0.000000][    T0] Unknown kernel command line parameters "nokaslr nohz_full=1", will be passed to user space.
[    0.000000][    T0] Dentry cache hash table entries: 262144 (order: 9, 2097152 bytes, linear)
[    0.000000][    T0] Inode-cache hash table entries: 131072 (order: 8, 1048576 bytes, linear)
[    0.000000][    T0] mem auto-init: stack:all(zero), heap alloc:on, heap free:off
[    0.000000][    T0] Memory: 1998744K/2097152K available (16768K kernel code, 1878K rwdata, 5432K rodata, 1344K init, 600K bss, 82024K reserved, 16384K cma-reserved)
[    0.000000][    T0] SLUB: HWalign=64, Order=0-3, MinObjects=0, CPUs=2, Nodes=1
[    0.000000][    T0] trace event string verifier disabled
[    0.000000][    T0] rcu: Preemptible hierarchical RCU implementation.
[    0.000000][    T0] rcu: 	RCU event tracing is enabled.
[    0.000000][    T0] rcu: 	RCU restricting CPUs from NR_CPUS=32 to nr_cpu_ids=2.
[    0.000000][    T0] rcu: 	RCU priority boosting: priority 1 delay 500 ms.
[    0.000000][    T0] 	Trampoline variant of Tasks RCU enabled.
[    0.000000][    T0] 	Tracing variant of Tasks RCU enabled.
[    0.000000][    T0] rcu: RCU calculated value of scheduler-enlistment delay is 25 jiffies.
[    0.000000][    T0] rcu: Adjusting geometry for rcu_fanout_leaf=16, nr_cpu_ids=2
[    0.000000][    T0] NR_IRQS: 64, nr_irqs: 64, preallocated irqs: 0
[    0.000000][    T0] Root IRQ handler: gic_handle_irq
[    0.000000][    T0] GICv2m: range[mem 0x08020000-0x08020fff], SPI[80:143]
[    0.000000][    T0] rcu: 	Offload RCU callbacks from CPUs: 1.
[    0.000000][    T0] rcu: srcu_init: Setting srcu_struct sizes based on contention.
[    0.000000][    T0] arch_timer: cp15 timer(s) running at 62.50MHz (virt).
[    0.000000][    T0] clocksource: arch_sys_counter: mask: 0x1ffffffffffffff max_cycles: 0x1cd42e208c, max_idle_ns: 881590405314 ns
[    0.000090][    T0] sched_clock: 57 bits at 63MHz, resolution 16ns, wraps every 4398046511096ns
[    0.003704][    T0] kfence: initialized - using 524288 bytes for 63 objects at 0x(____ptrval____)-0x(____ptrval____)
[    0.014890][    T0] Calibrating delay loop (skipped), value calculated using timer frequency.. 125.00 BogoMIPS (lpj=250000)
[    0.016231][    T0] pid_max: default: 32768 minimum: 301
[    0.018025][    T0] LSM: Security Framework initializing
[    0.021180][    T0] SELinux:  Initializing.
[    0.025164][    T0] Mount-cache hash table entries: 4096 (order: 3, 32768 bytes, linear)
[    0.025708][    T0] Mountpoint-cache hash table entries: 4096 (order: 3, 32768 bytes, linear)
[    0.092311][    T1] cacheinfo: Unable to detect cache hierarchy for CPU 0
[    0.107340][    T1] cblist_init_generic: Setting adjustable number of callback queues.
[    0.107960][    T1] cblist_init_generic: Setting shift to 1 and lim to 1.
[    0.109853][    T1] cblist_init_generic: Setting shift to 1 and lim to 1.
[    0.113524][    T1] rcu: Hierarchical SRCU implementation.
[    0.113906][    T1] rcu: 	Max phase no-delay instances is 1000.
[    0.135703][    T1] dyndbg: Ignore empty _ddebug table in a CONFIG_DYNAMIC_DEBUG_CORE build
[    0.136994][    T1] EFI services will not be available.
[    0.140819][    T1] smp: Bringing up secondary CPUs ...
[    0.148008][    T0] Detected PIPT I-cache on CPU1
[    0.149071][    T0] cacheinfo: Unable to detect cache hierarchy for CPU 1
[    0.149698][    T0] CPU1: Booted secondary processor 0x0000000001 [0x411fd070]
[    0.157741][    T1] smp: Brought up 1 node, 2 CPUs
[    0.159086][    T1] SMP: Total of 2 processors activated.
[    0.159450][    T1] CPU features: detected: 32-bit EL0 Support
[    0.159754][    T1] CPU features: detected: 32-bit EL1 Support
[    0.160103][    T1] CPU features: detected: CRC32 instructions
[    0.164289][    T1] CPU features: emulated: Privileged Access Never (PAN) using TTBR0_EL1 switching
[    0.165220][    T1] CPU: All CPU(s) started at EL1
[    0.165870][    T1] alternatives: applying system-wide alternatives
[    0.204299][    T1] Registered cp15_barrier emulation handler
[    0.204855][    T1] Registered setend emulation handler
[    0.206775][    T1] clocksource: jiffies: mask: 0xffffffff max_cycles: 0xffffffff, max_idle_ns: 7645041785100000 ns
[    0.207480][    T1] futex hash table entries: 512 (order: 3, 32768 bytes, linear)
[    0.214850][    T1] pinctrl core: initialized pinctrl subsystem
[    0.242289][    T1] NET: Registered PF_NETLINK/PF_ROUTE protocol family
[    0.268320][    T1] DMA: preallocated 256 KiB GFP_KERNEL pool for atomic allocations
[    0.269700][    T1] DMA: preallocated 256 KiB GFP_KERNEL|GFP_DMA32 pool for atomic allocations
[    0.270922][    T1] audit: initializing netlink subsys (disabled)
[    0.279361][   T30] audit: type=2000 audit(0.236:1): state=initialized audit_enabled=0 res=1
[    0.283028][    T1] thermal_sys: Registered thermal governor 'step_wise'
[    0.283116][    T1] thermal_sys: Registered thermal governor 'user_space'
[    0.283642][    T1] thermal_sys: Registered thermal governor 'power_allocator'
[    0.284647][    T1] cpuidle: using governor menu
[    0.287400][    T1] hw-breakpoint: found 6 breakpoint and 4 watchpoint registers.
[    0.288788][    T1] ASID allocator initialised with 65536 entries
[    0.290609][    T1] Serial: AMBA PL011 UART driver
[    0.330860][    T1] 9000000.pl011: ttyAMA0 at MMIO 0x9000000 (irq = 13, base_baud = 0) is a PL011 rev1
[    0.333261][    T1] printk: console [ttyAMA0] enabled
[    0.333261][    T1] printk: console [ttyAMA0] enabled
[    0.334030][    T1] printk: bootconsole [pl11] disabled
[    0.334030][    T1] printk: bootconsole [pl11] disabled
[    0.344572][    T1] KASLR disabled on command line
[    0.419490][    T1] iommu: Default domain type: Translated 
[    0.420184][    T1] iommu: DMA domain TLB invalidation policy: strict mode 
[    0.425493][    T1] SCSI subsystem initialized
[    0.427365][    T1] usbcore: registered new interface driver usbfs
[    0.428222][    T1] usbcore: registered new interface driver hub
[    0.428871][    T1] usbcore: registered new device driver usb
[    0.430634][    T1] mc: Linux media interface: v0.10
[    0.431145][    T1] videodev: Linux video capture interface: v2.00
[    0.432512][    T1] pps_core: LinuxPPS API ver. 1 registered
[    0.441187][    T1] pps_core: Software ver. 5.3.6 - Copyright 2005-2007 Rodolfo Giometti <giometti@linux.it>
[    0.441934][    T1] PTP clock support registered
[    0.442655][    T1] EDAC MC: Ver: 3.0.0
[    0.464825][    T1] Advanced Linux Sound Architecture Driver Initialized.
[    0.502270][    T1] clocksource: Switched to clocksource arch_sys_counter
[    0.511094][    T1] VFS: Disk quotas dquot_6.6.0
[    0.511851][    T1] VFS: Dquot-cache hash table entries: 512 (order 0, 4096 bytes)
[    0.526730][    T1] NET: Registered PF_INET protocol family
[    0.554288][    T1] IP idents hash table entries: 32768 (order: 6, 262144 bytes, linear)
[    0.584201][    T1] tcp_listen_portaddr_hash hash table entries: 1024 (order: 2, 16384 bytes, linear)
[    0.584991][    T1] Table-perturb hash table entries: 65536 (order: 6, 262144 bytes, linear)
[    0.585788][    T1] TCP established hash table entries: 16384 (order: 5, 131072 bytes, linear)
[    0.587480][    T1] TCP bind hash table entries: 16384 (order: 7, 524288 bytes, linear)
[    0.588164][    T1] TCP: Hash tables configured (established 16384 bind 16384)
[    0.599922][    T1] UDP hash table entries: 1024 (order: 3, 32768 bytes, linear)
[    0.601021][    T1] UDP-Lite hash table entries: 1024 (order: 3, 32768 bytes, linear)
[    0.603383][    T1] NET: Registered PF_UNIX/PF_LOCAL protocol family
[    0.604472][    T1] NET: Registered PF_XDP protocol family
[    0.604974][    T1] PCI: CLS 0 bytes, default 64
[    0.626392][   T41] Trying to unpack rootfs image as initramfs...
[    0.634258][    T1] hw perfevents: enabled with armv8_pmuv3 PMU driver, 7 counters available
[    0.635768][    T1] kvm [1]: HYP mode not available
[    0.669364][    T1] Initialise system trusted keyrings
[    0.679002][    T1] workingset: timestamp_bits=46 max_order=19 bucket_order=0
[    0.785711][    T1] fuse: init (API version 7.37)
[    0.980023][    T1] Key type asymmetric registered
[    0.980503][    T1] Asymmetric key parser 'x509' registered
[    0.981263][    T1] Block layer SCSI generic (bsg) driver version 0.4 loaded (major 239)
[    0.986525][    T1] io scheduler mq-deadline registered
[    0.986884][    T1] io scheduler kyber registered
[    0.988297][    T1] io scheduler bfq registered
[    1.023434][    T1] pl061_gpio 9030000.pl061: PL061 GPIO chip registered
[    1.026029][    T1] pci-host-generic 4010000000.pcie: host bridge /pcie@10000000 ranges:
[    1.027491][    T1] pci-host-generic 4010000000.pcie:       IO 0x003eff0000..0x003effffff -> 0x0000000000
[    1.028934][    T1] pci-host-generic 4010000000.pcie:      MEM 0x0010000000..0x003efeffff -> 0x0010000000
[    1.029555][    T1] pci-host-generic 4010000000.pcie:      MEM 0x8000000000..0xffffffffff -> 0x8000000000
[    1.033153][   T41] Freeing initrd memory: 14020K
[    1.034727][    T1] pci-host-generic 4010000000.pcie: Memory resource size exceeds max for 32 bits
[    1.035880][    T1] pci-host-generic 4010000000.pcie: ECAM at [mem 0x4010000000-0x401fffffff] for [bus 00-ff]
[    1.038385][    T1] pci-host-generic 4010000000.pcie: PCI host bridge to bus 0000:00
[    1.039130][    T1] pci_bus 0000:00: root bus resource [bus 00-ff]
[    1.039476][    T1] pci_bus 0000:00: root bus resource [io  0x0000-0xffff]
[    1.039780][    T1] pci_bus 0000:00: root bus resource [mem 0x10000000-0x3efeffff]
[    1.040063][    T1] pci_bus 0000:00: root bus resource [mem 0x8000000000-0xffffffffff]
[    1.043945][    T1] pci 0000:00:00.0: [1b36:0008] type 00 class 0x060000
[    1.050939][    T1] pci 0000:00:01.0: [1af4:1000] type 00 class 0x020000
[    1.051643][    T1] pci 0000:00:01.0: reg 0x10: [io  0x0000-0x001f]
[    1.052203][    T1] pci 0000:00:01.0: reg 0x14: [mem 0x00000000-0x00000fff]
[    1.052799][    T1] pci 0000:00:01.0: reg 0x20: [mem 0x00000000-0x00003fff 64bit pref]
[    1.053344][    T1] pci 0000:00:01.0: reg 0x30: [mem 0x00000000-0x0003ffff pref]
[    1.058798][    T1] pci 0000:00:01.0: BAR 6: assigned [mem 0x10000000-0x1003ffff pref]
[    1.059718][    T1] pci 0000:00:01.0: BAR 4: assigned [mem 0x8000000000-0x8000003fff 64bit pref]
[    1.060303][    T1] pci 0000:00:01.0: BAR 1: assigned [mem 0x10040000-0x10040fff]
[    1.060690][    T1] pci 0000:00:01.0: BAR 0: assigned [io  0x1000-0x101f]
[    1.072875][    T1] printk: console [ttynull0] enabled
[    1.075436][   T22] cacheinfo: Unable to detect cache hierarchy for CPU 0
[    1.122555][    T1] brd: module loaded
[    1.162647][    T1] loop: module loaded
[    1.171924][    T1] wireguard: WireGuard 1.0.0 loaded. See www.wireguard.com for information.
[    1.172344][    T1] wireguard: Copyright (C) 2015-2019 Jason A. Donenfeld <Jason@zx2c4.com>. All Rights Reserved.
[    1.176158][    T1] MACsec IEEE 802.1AE
[    1.180086][    T1] tun: Universal TUN/TAP device driver, 1.6
[    1.180866][    T1] usbcore: registered new interface driver rtl8150
[    1.181308][    T1] usbcore: registered new interface driver r8152
[    1.181727][    T1] usbcore: registered new interface driver asix
[    1.182254][    T1] usbcore: registered new interface driver ax88179_178a
[    1.182664][    T1] usbcore: registered new interface driver cdc_ether
[    1.183121][    T1] usbcore: registered new interface driver cdc_eem
[    1.183654][    T1] usbcore: registered new interface driver cdc_ncm
[    1.184061][    T1] usbcore: registered new interface driver aqc111
[    1.184445][    T1] usbcore: registered new interface driver r8153_ecm
[    1.188732][    T1] usbcore: registered new interface driver uas
[    1.191668][    T1] usbcore: registered new interface driver usb-storage
[    1.195869][    T1] usbcore: registered new interface driver xpad
[    1.204053][    T1] rtc-pl031 9010000.pl031: registered as rtc0
[    1.205475][    T1] rtc-pl031 9010000.pl031: setting system clock to 2026-09-07T19:48:29 UTC (1788810509)
[    1.207446][    T1] gspca_main: v2.14.0 registered
[    1.208168][    T1] usbcore: registered new interface driver uvcvideo
[    1.209996][    T1] device-mapper: uevent: version 1.0.3
[    1.211432][    T1] device-mapper: ioctl: 4.47.0-ioctl (2022-07-28) initialised: dm-devel@redhat.com
[    1.216646][    T1] sdhci: Secure Digital Host Controller Interface driver
[    1.216997][    T1] sdhci: Copyright(c) Pierre Ossman
[    1.217308][    T1] sdhci-pltfm: SDHCI platform and OF driver helper
[    1.220457][    T1] hid: raw HID events driver (C) Jiri Kosina
[    1.226671][    T1] usbcore: registered new interface driver usbhid
[    1.227006][    T1] usbhid: USB HID core driver
[    1.228283][    T1] ashmem: initialized
[    1.230901][    T1] gnss: GNSS driver registered with major 506
[    1.235445][    T1] usbcore: registered new interface driver snd-usb-audio
[    1.239218][    T1] GACT probability NOT on
[    1.240038][    T1] Mirror/redirect action on
[    1.241181][    T1] netem: version 1.3
[    1.241992][    T1] u32 classifier
[    1.242170][    T1]     input device check on
[    1.242346][    T1]     Actions configured
[    1.256999][    T1] xt_time: kernel timezone is -0000
[    1.257959][    T1] ipip: IPv4 and MPLS over IPv4 tunneling driver
[    1.261367][    T1] gre: GRE over IPv4 demultiplexor driver
[    1.261720][    T1] ip_gre: GRE over IPv4 tunneling driver
[    1.267033][    T1] IPv4 over IPsec tunneling driver
[    1.272624][    T1] Initializing XFRM netlink socket
[    1.273306][    T1] IPsec XFRM device driver
[    1.277459][    T1] NET: Registered PF_INET6 protocol family
[    1.299524][    T1] Segment Routing with IPv6
[    1.300053][    T1] In-situ OAM (IOAM) with IPv6
[    1.302639][    T1] mip6: Mobile IPv6
[    1.309051][    T1] sit: IPv6, IPv4 and MPLS over IPv4 tunneling driver
[    1.315790][    T1] ip6_gre: GRE over IPv6 tunneling driver
[    1.320014][    T1] NET: Registered PF_PACKET protocol family
[    1.321095][    T1] NET: Registered PF_KEY protocol family
[    1.323587][    T1] NET: Registered PF_VSOCK protocol family
[    1.328133][    T1] registered taskstats version 1
[    1.328848][    T1] Loading compiled-in X.509 certificates
[    1.366766][    T1] Loaded X.509 cert 'Build time autogenerated kernel key: 3d126cdde7d34f1fa54a4d10fe73f129512afbbc'
[    1.367915][    T1] page_owner is disabled
[    1.369212][    T1] Key type .fscrypt registered
[    1.369515][    T1] Key type fscrypt-provisioning registered
[    1.370709][   T54] cryptomgr_probe (54) used greatest stack depth: 14896 bytes left
[    1.392382][    T1] input: gpio-keys as /devices/platform/gpio-keys/input/input0
[    1.408980][    T1] ALSA device list:
[    1.409333][    T1]   No soundcards found.
[    1.416090][    T1] uart-pl011 9000000.pl011: no DMA platform data
[    1.519463][    T1] Freeing unused kernel memory: 1344K
[    1.523071][    T1] Run /init as init process
[    1.589167][    T1] request_module fs-devtmpfs succeeded, but still no fs?
[*] Init: Starting harness on /dev/console...
[*] Starting M4 Cleanup Test (Mode A)
[*] epA=3, epB=4. Triggering race by closing epB...
[*] RACE TRIGGERED. Waiting for RCU grace period...
[*] RCU grace period finished. Reading fdinfo...
[-] fdinfo read failed or returned wrong value (0).
[+] Mode A: Testing control. Calling close(epA) (EXPECT PANIC)...
[    3.675014][   T56] epoll_uaf: STRUCT FILE UAF DETECTED in __ep_remove! file=ffffff8002448900 (f_count=0, f_version=0xdeadf11e)
[    3.676304][   T56] Unable to handle kernel read from unreadable memory at virtual address 0000000000000000
[    3.676751][   T56] Mem abort info:
[    3.676941][   T56]   ESR = 0x0000000096000005
[    3.677190][   T56]   EC = 0x25: DABT (current EL), IL = 32 bits
[    3.677430][   T56]   SET = 0, FnV = 0
[    3.677584][   T56]   EA = 0, S1PTW = 0
[    3.677744][   T56]   FSC = 0x05: level 1 translation fault
[    3.678225][   T56] Data abort info:
[    3.678497][   T56]   ISV = 0, ISS = 0x00000005
[    3.678687][   T56]   CM = 0, WnR = 0
[    3.678925][   T56] user pgtable: 4k pages, 39-bit VAs, pgdp=0000000043f04000
[    3.679228][   T56] [0000000000000000] pgd=0000000000000000, p4d=0000000000000000, pud=0000000000000000
[    3.680052][   T56] Internal error: Oops: 0000000096000005 [#1] PREEMPT SMP
[    3.680722][   T56] Modules linked in:
[    3.681093][   T56] CPU: 0 PID: 56 Comm: harness Not tainted 6.1.23-android14-4-maybe-dirty #1
[    3.681518][   T56] Hardware name: linux,dummy-virt (DT)
[    3.681939][   T56] pstate: 60400005 (nZCv daif +PAN -UAO -TCO -DIT -SSBS BTYPE=--)
[    3.682320][   T56] pc : __ep_remove+0xe8/0x3d8
[    3.682694][   T56] lr : __ep_remove+0xc8/0x3d8
[    3.682884][   T56] sp : ffffffc009cdbc90
[    3.683070][   T56] x29: ffffffc009cdbc90 x28: 00000000000000c0 x27: 0000000000000020
[    3.683477][   T56] x26: 0000000000000000 x25: 0000000000000000 x24: 0000000000080007
[    3.683823][   T56] x23: 0000000000000000 x22: ffffff8002448930 x21: ffffff8002448900
[    3.684105][   T56] x20: ffffff8003f08480 x19: ffffff8003d80a80 x18: ffffffc009cd3048
[    3.684359][   T56] x17: 0000000010e2957a x16: ffffffffffffffff x15: 0000000000000004
[    3.684603][   T56] x14: ffffffc00976f700 x13: 0000000000000fff x12: 0000000000000003
[    3.684869][   T56] x11: 0000000000000000 x10: 0000000000000001 x9 : ffffff8003f084d0
[    3.685151][   T56] x8 : 0000000000000000 x7 : 205b5d3431303537 x6 : 362e33202020205b
[    3.685458][   T56] x5 : ffffffc00992628f x4 : ffffffc008855e74 x3 : 0000000000000000
[    3.685721][   T56] x2 : 0000000000000000 x1 : 0000000000000000 x0 : ffffff8002448930
[    3.686108][   T56] Call trace:
[    3.686282][   T56]  __ep_remove+0xe8/0x3d8
[    3.686530][   T56]  ep_clear_and_put+0xd0/0x1dc
[    3.686687][   T56]  ep_eventpoll_release+0x20/0x38
[    3.686853][   T56]  __fput+0xfc/0x2dc
[    3.686986][   T56]  ____fput+0x18/0x2c
[    3.687144][   T56]  task_work_run+0xd8/0x104
[    3.687380][   T56]  do_notify_resume+0x294/0x340
[    3.687535][   T56]  el0_svc+0x68/0xc4
[    3.687667][   T56]  el0t_64_sync_handler+0x8c/0xfc
[    3.687825][   T56]  el0t_64_sync+0x1a0/0x1a4
[    3.688336][   T56] Code: 9430e64e 1400008e f9406ab7 91014289 (f94002e8) 
[    3.688773][   T56] ---[ end trace 0000000000000000 ]---
[    3.689171][   T56] Kernel panic - not syncing: Oops: Fatal exception
[    3.689496][   T56] SMP: stopping secondary CPUs
[    3.690223][   T56] Kernel Offset: disabled
[    3.690403][   T56] CPU features: 0x22000,2023c080,0000421b
[    3.690790][   T56] Memory Limit: none
