[    0.000000] Booting Linux on physical CPU 0x0000000000 [0x411fd070]
[    0.000000] Linux version 6.12.67 (legion@hpelitebook840g5) (aarch64-linux-musl-gcc (GCC) 11.2.1 20211120, GNU ld (GNU Binutils) 2.37) #2 SMP PREEMPT_DYNAMIC Sat Sep  5 21:40:35 IST 2026
[    0.000000] KASLR disabled on command line
[    0.000000] random: crng init done
[    0.000000] Machine model: linux,dummy-virt
[    0.000000] earlycon: pl11 at MMIO 0x0000000009000000 (options '')
[    0.000000] printk: legacy bootconsole [pl11] enabled
[    0.000000] efi: UEFI not found.
[    0.000000] OF: reserved mem: Reserved memory: No reserved-memory node in the DT
[    0.000000] NUMA: Faking a node at [mem 0x0000000040000000-0x00000000bfffffff]
[    0.000000] NODE_DATA(0) allocated [mem 0xbfbf6680-0xbfbf9d3f]
[    0.000000] Zone ranges:
[    0.000000]   DMA      [mem 0x0000000040000000-0x00000000bfffffff]
[    0.000000]   DMA32    empty
[    0.000000]   Normal   empty
[    0.000000] Movable zone start for each node
[    0.000000] Early memory node ranges
[    0.000000]   node   0: [mem 0x0000000040000000-0x00000000bfffffff]
[    0.000000] Initmem setup node 0 [mem 0x0000000040000000-0x00000000bfffffff]
[    0.000000] psci: probing for conduit method from DT.
[    0.000000] psci: PSCIv1.1 detected in firmware.
[    0.000000] psci: Using standard PSCI v0.2 function IDs
[    0.000000] psci: Trusted OS migration not required
[    0.000000] psci: SMC Calling Convention v1.0
[    0.000000] percpu: Embedded 29 pages/cpu s79384 r8192 d31208 u118784
[    0.000000] Detected PIPT I-cache on CPU0
[    0.000000] CPU features: detected: Spectre-v2
[    0.000000] CPU features: detected: Spectre-v3a
[    0.000000] CPU features: detected: Spectre-v4
[    0.000000] CPU features: detected: Spectre-BHB
[    0.000000] CPU features: detected: ARM erratum 832075
[    0.000000] CPU features: detected: ARM errata 1165522, 1319367, or 1530923
[    0.000000] alternatives: applying boot alternatives
[    0.000000] Kernel command line: console=ttyAMA0 root=/dev/ram0 kasan=off nokaslr earlycon=pl011,0x09000000 printk.devkmsg=on isolcpus=1 nohz_full=1 rcu_nocbs=1 rw
[    0.000000] Housekeeping: nohz unsupported. Build with CONFIG_NO_HZ_FULL
[    0.000000] Unknown kernel command line parameters "kasan=off nohz_full=1 rcu_nocbs=1", will be passed to user space.
[    0.000000] Dentry cache hash table entries: 262144 (order: 9, 2097152 bytes, linear)
[    0.000000] Inode-cache hash table entries: 131072 (order: 8, 1048576 bytes, linear)
[    0.000000] Fallback order for Node 0: 0 
[    0.000000] Built 1 zonelists, mobility grouping on.  Total pages: 524288
[    0.000000] Policy zone: DMA
[    0.000000] mem auto-init: stack:off, heap alloc:off, heap free:off
[    0.000000] software IO TLB: SWIOTLB bounce buffer size adjusted to 2MB
[    0.000000] software IO TLB: area num 2.
[    0.000000] software IO TLB: mapped [mem 0x00000000bd600000-0x00000000bd800000] (2MB)
[    0.000000] SLUB: HWalign=64, Order=0-3, MinObjects=0, CPUs=2, Nodes=1
[    0.000000] Dynamic Preempt: voluntary
[    0.000000] rcu: Preemptible hierarchical RCU implementation.
[    0.000000] rcu: 	RCU event tracing is enabled.
[    0.000000] rcu: 	RCU restricting CPUs from NR_CPUS=64 to nr_cpu_ids=2.
[    0.000000] 	Trampoline variant of Tasks RCU enabled.
[    0.000000] rcu: RCU calculated value of scheduler-enlistment delay is 100 jiffies.
[    0.000000] rcu: Adjusting geometry for rcu_fanout_leaf=16, nr_cpu_ids=2
[    0.000000] RCU Tasks: Setting shift to 1 and lim to 1 rcu_task_cb_adjust=1 rcu_task_cpu_ids=2.
[    0.000000] NR_IRQS: 64, nr_irqs: 64, preallocated irqs: 0
[    0.000000] Root IRQ handler: gic_handle_irq
[    0.000000] GICv2m: range[mem 0x08020000-0x08020fff], SPI[80:143]
[    0.000000] rcu: srcu_init: Setting srcu_struct sizes based on contention.
[    0.000000] arch_timer: cp15 timer(s) running at 62.50MHz (virt).
[    0.000000] clocksource: arch_sys_counter: mask: 0x1ffffffffffffff max_cycles: 0x1cd42e208c, max_idle_ns: 881590405314 ns
[    0.000107] sched_clock: 57 bits at 63MHz, resolution 16ns, wraps every 4398046511096ns
[    0.013720] Console: colour dummy device 80x25
[    0.017796] Calibrating delay loop (skipped), value calculated using timer frequency.. 125.00 BogoMIPS (lpj=62500)
[    0.018305] pid_max: default: 32768 minimum: 301
[    0.022307] LSM: initializing lsm=capability,selinux
[    0.023246] SELinux:  Initializing.
[    0.028102] Mount-cache hash table entries: 4096 (order: 3, 32768 bytes, linear)
[    0.028434] Mountpoint-cache hash table entries: 4096 (order: 3, 32768 bytes, linear)
[    0.094018] rcu: Hierarchical SRCU implementation.
[    0.094607] rcu: 	Max phase no-delay instances is 400.
[    0.100499] Timer migration: 1 hierarchy levels; 8 children per group; 1 crossnode level
[    0.106473] EFI services will not be available.
[    0.107865] smp: Bringing up secondary CPUs ...
[    0.113063] Detected PIPT I-cache on CPU1
[    0.114339] CPU1: Booted secondary processor 0x0000000001 [0x411fd070]
[    0.120145] smp: Brought up 1 node, 2 CPUs
[    0.120769] SMP: Total of 2 processors activated.
[    0.121030] CPU: All CPU(s) started at EL1
[    0.121276] CPU features: detected: 32-bit EL0 Support
[    0.121661] CPU features: detected: CRC32 instructions
[    0.140224] alternatives: applying system-wide alternatives
[    0.176040] Memory: 2011024K/2097152K available (12992K kernel code, 2546K rwdata, 4600K rodata, 3648K init, 644K bss, 82068K reserved, 0K cma-reserved)
[    0.215203] devtmpfs: initialized
[    0.245255] clocksource: jiffies: mask: 0xffffffff max_cycles: 0xffffffff, max_idle_ns: 1911260446275000 ns
[    0.246970] futex hash table entries: 512 (order: 3, 32768 bytes, linear)
[    0.247789] 26608 pages in range for non-PLT usage
[    0.247932] 518128 pages in range for PLT usage
[    0.253313] DMI not present or invalid.
[    0.264272] NET: Registered PF_NETLINK/PF_ROUTE protocol family
[    0.271629] DMA: preallocated 256 KiB GFP_KERNEL pool for atomic allocations
[    0.272397] DMA: preallocated 256 KiB GFP_KERNEL|GFP_DMA pool for atomic allocations
[    0.272829] DMA: preallocated 256 KiB GFP_KERNEL|GFP_DMA32 pool for atomic allocations
[    0.273736] audit: initializing netlink subsys (disabled)
[    0.277036] audit: type=2000 audit(0.210:1): state=initialized audit_enabled=0 res=1
[    0.283082] thermal_sys: Registered thermal governor 'step_wise'
[    0.283149] thermal_sys: Registered thermal governor 'user_space'
[    0.285562] cpuidle: using governor menu
[    0.287445] hw-breakpoint: found 6 breakpoint and 4 watchpoint registers.
[    0.288963] ASID allocator initialised with 65536 entries
[    0.291318] Serial: AMBA PL011 UART driver
[    0.339371] 9000000.pl011: ttyAMA0 at MMIO 0x9000000 (irq = 13, base_baud = 0) is a PL011 rev1
[    0.342454] printk: legacy console [ttyAMA0] enabled
[    0.342454] printk: legacy console [ttyAMA0] enabled
[    0.343412] printk: legacy bootconsole [pl11] disabled
[    0.343412] printk: legacy bootconsole [pl11] disabled
[    0.368482] HugeTLB: registered 1.00 GiB page size, pre-allocated 0 pages
[    0.368773] HugeTLB: 0 KiB vmemmap can be freed for a 1.00 GiB page
[    0.368971] HugeTLB: registered 32.0 MiB page size, pre-allocated 0 pages
[    0.369219] HugeTLB: 0 KiB vmemmap can be freed for a 32.0 MiB page
[    0.369390] HugeTLB: registered 2.00 MiB page size, pre-allocated 0 pages
[    0.369606] HugeTLB: 0 KiB vmemmap can be freed for a 2.00 MiB page
[    0.369803] HugeTLB: registered 64.0 KiB page size, pre-allocated 0 pages
[    0.369976] HugeTLB: 0 KiB vmemmap can be freed for a 64.0 KiB page
[    0.391722] ACPI: Interpreter disabled.
[    0.394642] iommu: Default domain type: Translated
[    0.394854] iommu: DMA domain TLB invalidation policy: lazy mode
[    0.403447] SCSI subsystem initialized
[    0.409594] usbcore: registered new interface driver usbfs
[    0.413016] usbcore: registered new interface driver hub
[    0.413585] usbcore: registered new device driver usb
[    0.414333] pps_core: LinuxPPS API ver. 1 registered
[    0.414705] pps_core: Software ver. 5.3.6 - Copyright 2005-2007 Rodolfo Giometti <giometti@linux.it>
[    0.417018] PTP clock support registered
[    0.419741] Advanced Linux Sound Architecture Driver Initialized.
[    0.453825] NetLabel: Initializing
[    0.453993] NetLabel:  domain hash size = 128
[    0.454203] NetLabel:  protocols = UNLABELED CIPSOv4 CALIPSO
[    0.455867] NetLabel:  unlabeled traffic allowed by default
[    0.463113] vgaarb: loaded
[    0.466748] clocksource: Switched to clocksource arch_sys_counter
[    1.262243] VFS: Disk quotas dquot_6.6.0
[    1.262645] VFS: Dquot-cache hash table entries: 512 (order 0, 4096 bytes)
[    1.267654] pnp: PnP ACPI: disabled
[    1.298825] NET: Registered PF_INET protocol family
[    1.300837] IP idents hash table entries: 32768 (order: 6, 262144 bytes, linear)
[    1.312588] tcp_listen_portaddr_hash hash table entries: 1024 (order: 2, 16384 bytes, linear)
[    1.312986] Table-perturb hash table entries: 65536 (order: 6, 262144 bytes, linear)
[    1.313371] TCP established hash table entries: 16384 (order: 5, 131072 bytes, linear)
[    1.313956] TCP bind hash table entries: 16384 (order: 7, 524288 bytes, linear)
[    1.314906] TCP: Hash tables configured (established 16384 bind 16384)
[    1.316535] UDP hash table entries: 1024 (order: 3, 32768 bytes, linear)
[    1.317030] UDP-Lite hash table entries: 1024 (order: 3, 32768 bytes, linear)
[    1.319374] NET: Registered PF_UNIX/PF_LOCAL protocol family
[    1.323239] RPC: Registered named UNIX socket transport module.
[    1.323562] RPC: Registered udp transport module.
[    1.323713] RPC: Registered tcp transport module.
[    1.323844] RPC: Registered tcp-with-tls transport module.
[    1.323998] RPC: Registered tcp NFSv4.1 backchannel transport module.
[    1.329808] PCI: CLS 0 bytes, default 64
[    1.339207] Unpacking initramfs...
[    1.342183] Initialise system trusted keyrings
[    1.348637] workingset: timestamp_bits=56 max_order=19 bucket_order=0
[    1.359671] NFS: Registering the id_resolver key type
[    1.360231] Key type id_resolver registered
[    1.362699] Key type id_legacy registered
[    1.364835] 9p: Installing v9fs 9p2000 file system support
[    1.511885] Freeing initrd memory: 14036K
[    1.512653] NET: Registered PF_ALG protocol family
[    1.513035] Key type asymmetric registered
[    1.513290] Asymmetric key parser 'x509' registered
[    1.517725] Block layer SCSI generic (bsg) driver version 0.4 loaded (major 251)
[    1.518823] io scheduler mq-deadline registered
[    1.519037] io scheduler kyber registered
[    1.528532] kworker/R-acpi_ (47) used greatest stack depth: 15264 bytes left
[    1.531930] Serial: 8250/16550 driver, 4 ports, IRQ sharing enabled
[    1.564692] loop: module loaded
[    1.571513] e100: Intel(R) PRO/100 Network Driver
[    1.571748] e100: Copyright(c) 1999-2006 Intel Corporation
[    1.572099] e1000: Intel(R) PRO/1000 Network Driver
[    1.572266] e1000: Copyright (c) 1999-2006 Intel Corporation.
[    1.573015] e1000e: Intel(R) PRO/1000 Network Driver
[    1.573202] e1000e: Copyright(c) 1999 - 2015 Intel Corporation.
[    1.573778] sky2: driver version 1.30
[    1.577862] usbcore: registered new interface driver usblp
[    1.578342] usbcore: registered new interface driver usb-storage
[    1.581208] device-mapper: ioctl: 4.48.0-ioctl (2023-03-01) initialised: dm-devel@lists.linux.dev
[    1.582304] hid: raw HID events driver (C) Jiri Kosina
[    1.586229] usbcore: registered new interface driver usbhid
[    1.586530] usbhid: USB HID core driver
[    1.592906] hw perfevents: enabled with armv8_pmuv3 PMU driver, 7 (0,8000003f) counters available
[    1.608370] Initializing XFRM netlink socket
[    1.609178] NET: Registered PF_INET6 protocol family
[    1.619559] Segment Routing with IPv6
[    1.620019] In-situ OAM (IOAM) with IPv6
[    1.621875] sit: IPv6, IPv4 and MPLS over IPv4 tunneling driver
[    1.626491] NET: Registered PF_PACKET protocol family
[    1.628345] 9pnet: Installing 9P2000 support
[    1.628947] Key type dns_resolver registered
[    1.666043] registered taskstats version 1
[    1.666240] Loading compiled-in X.509 certificates
[    1.687171] Demotion targets for Node 0: null
[    1.692327] printk: legacy console [netcon0] enabled
[    1.692556] netconsole: network logging started
[    1.697630] cfg80211: Loading compiled-in X.509 certificates for regulatory database
[    1.706027] kworker/u8:1 (50) used greatest stack depth: 14688 bytes left
[    1.718184] Loaded X.509 cert 'sforshee: 00b28ddf47aef9cea7'
[    1.719481] Loaded X.509 cert 'wens: 61c038651aabdcf94bd0ac7ff06c7248db18c600'
[    1.722563] platform regulatory.0: Direct firmware load for regulatory.db failed with error -2
[    1.723549] cfg80211: failed to load regulatory.db
[    1.724909] clk: Disabling unused clocks
[    1.725424] ALSA device list:
[    1.725658]   No soundcards found.
[    1.798673] Freeing unused kernel memory: 3648K
[    1.864051] Checked W+X mappings: passed, no W+X pages found
[    1.866247] Run /init as init process
[*] Init: Starting harness on virtio console...
=== HYP-002: Kernel-Side Debugfs Counter Ground-Truth Test ===
[!] WARNING: Failed to mount debugfs. Kernel counters unavailable.
[*] Debugfs interface verified: /sys/kernel/debug/epoll_uaf/
[    2.942855] epoll_uaf: counters reset
[*] Counters reset to zero.
[*] Starting 5000 race iterations...
[    2.957025] harness (54) used greatest stack depth: 14384 bytes left
[    2.960056] harness (55) used greatest stack depth: 13872 bytes left
[*] Progress: 500/5000 | kernel_fep_cleared=500 | kernel_uaf=0 | oracle=0 | setup_fail=0
[*] Progress: 1000/5000 | kernel_fep_cleared=1000 | kernel_uaf=0 | oracle=0 | setup_fail=0
[*] Progress: 1500/5000 | kernel_fep_cleared=1500 | kernel_uaf=0 | oracle=0 | setup_fail=0
[*] Progress: 2000/5000 | kernel_fep_cleared=2000 | kernel_uaf=0 | oracle=0 | setup_fail=0
[*] Progress: 2500/5000 | kernel_fep_cleared=2500 | kernel_uaf=0 | oracle=0 | setup_fail=0
[*] Progress: 3000/5000 | kernel_fep_cleared=3000 | kernel_uaf=0 | oracle=0 | setup_fail=0
[*] Progress: 3500/5000 | kernel_fep_cleared=3500 | kernel_uaf=0 | oracle=0 | setup_fail=0
[*] Progress: 4000/5000 | kernel_fep_cleared=4000 | kernel_uaf=0 | oracle=0 | setup_fail=0
[*] Progress: 4500/5000 | kernel_fep_cleared=4500 | kernel_uaf=0 | oracle=0 | setup_fail=0
[*] Progress: 5000/5000 | kernel_fep_cleared=5000 | kernel_uaf=0 | oracle=0 | setup_fail=0

========================================
HYP-002 FINAL RESULTS
========================================
Iterations:              5000
Setup failures:          0
Kernel fep_cleared:      5000
Kernel uaf_detected:     0
Kernel epfree_called:    10000
Userspace oracle_hits:   0

>>> HYPOTHESIS 2 REJECTED: Race not firing under QEMU TCG.
>>> Both kernel and oracle agree: 0 hits.
>>> Action: Move to Hypothesis 1 (QEMU timerfd test).

--- Sanity Checks ---
[OK] fep_cleared=5000 (expected ~5000, one per iteration)
[OK] epfree_called=10000 (expected ~10000, outer+inner per iter)
========================================
HYP-002 test complete.
[   37.279565] reboot: Power down
