[    0.000000][    T0] Booting Linux on physical CPU 0x0000000000 [0x411fd070]
[    0.000000][    T0] Linux version 6.1.23-gcf24bd6cafa1 (legion@hpelitebook840g5) (aarch64-linux-musl-gcc (GCC) 11.2.1 20211120, GNU ld (GNU Binutils) 2.37) #2 SMP PREEMPT Sun Sep  6 12:58:57 IST 2026
[    0.000000][    T0] random: crng init done
[    0.000000][    T0] Machine model: linux,dummy-virt
[    0.000000][    T0] Stack Depot is disabled
[    0.000000][    T0] KVM is not available. Ignoring kvm-arm.mode
[    0.000000][    T0] earlycon: pl11 at MMIO 0x0000000009000000 (options '')
[    0.000000][    T0] printk: bootconsole [pl11] enabled
[    0.000000][    T0] efi: UEFI not found.
[    0.000000][    T0] Zone ranges:
[    0.000000][    T0]   DMA32    [mem 0x0000000040000000-0x00000000bfffffff]
[    0.000000][    T0]   Normal   empty
[    0.000000][    T0]   Device   empty
[    0.000000][    T0] Movable zone start for each node
[    0.000000][    T0] Early memory node ranges
[    0.000000][    T0]   node   0: [mem 0x0000000040000000-0x00000000bfffffff]
[    0.000000][    T0] Initmem setup node 0 [mem 0x0000000040000000-0x00000000bfffffff]
[    0.000000][    T0] cma: Reserved 16 MiB at 0x00000000bc800000
[    0.000000][    T0] psci: probing for conduit method from DT.
[    0.000000][    T0] psci: PSCIv1.1 detected in firmware.
[    0.000000][    T0] psci: Using standard PSCI v0.2 function IDs
[    0.000000][    T0] psci: Trusted OS migration not required
[    0.000000][    T0] psci: SMC Calling Convention v1.0
[    0.000000][    T0] 'bootconfig' found on command line, but no bootconfig found
[    0.000000][    T0] percpu: Embedded 29 pages/cpu s80808 r8192 d29784 u118784
[    0.000000][    T0] Detected PIPT I-cache on CPU0
[    0.000000][    T0] CPU features: SYS_ID_AA64MMFR1_EL1[11:8]: already set to 0
[    0.000000][    T0] CPU features: detected: Spectre-v2
[    0.000000][    T0] CPU features: detected: Spectre-v3a
[    0.000000][    T0] CPU features: detected: Spectre-v4
[    0.000000][    T0] CPU features: detected: Spectre-BHB
[    0.000000][    T0] CPU features: detected: ARM erratum 834220
[    0.000000][    T0] CPU features: detected: ARM erratum 1742098
[    0.000000][    T0] CPU features: detected: ARM erratum 832075
[    0.000000][    T0] CPU features: detected: ARM errata 1165522, 1319367, or 1530923
[    0.000000][    T0] alternatives: applying boot alternatives
[    0.000000][    T0] Built 1 zonelists, mobility grouping on.  Total pages: 516096
[    0.000000][    T0] Kernel command line: console=ttynull stack_depot_disable=on cgroup_disable=pressure kasan.page_alloc.sample=10 kasan.stacktrace=off kvm-arm.mode=protected bootconfig ioremap_guard console=ttyAMA0 root=/dev/ram0 kasan=off nokaslr earlycon=pl011,0x09000000 printk.devkmsg=on isolcpus=1 nohz_full=1 rcu_nocbs=1 rw
[    0.000000][    T0] cgroup: Disabling pressure control group feature
[    0.000000][    T0] Housekeeping: nohz unsupported. Build with CONFIG_NO_HZ_FULL
[    0.000000][    T0] Unknown kernel command line parameters "nokaslr nohz_full=1", will be passed to user space.
[    0.000000][    T0] Dentry cache hash table entries: 262144 (order: 9, 2097152 bytes, linear)
[    0.000000][    T0] Inode-cache hash table entries: 131072 (order: 8, 1048576 bytes, linear)
[    0.000000][    T0] mem auto-init: stack:off, heap alloc:on, heap free:off
[    0.000000][    T0] Memory: 1988884K/2097152K available (15360K kernel code, 1850K rwdata, 14860K rodata, 3136K init, 598K bss, 91884K reserved, 16384K cma-reserved)
[    0.000000][    T0] SLUB: HWalign=64, Order=0-3, MinObjects=0, CPUs=2, Nodes=1
[    0.000000][    T0] trace event string verifier disabled
[    0.000000][    T0] rcu: Preemptible hierarchical RCU implementation.
[    0.000000][    T0] rcu: 	RCU event tracing is enabled.
[    0.000000][    T0] rcu: 	RCU restricting CPUs from NR_CPUS=32 to nr_cpu_ids=2.
[    0.000000][    T0] rcu: 	RCU priority boosting: priority 1 delay 500 ms.
[    0.000000][    T0] 	Trampoline variant of Tasks RCU enabled.
[    0.000000][    T0] 	Tracing variant of Tasks RCU enabled.
[    0.000000][    T0] rcu: RCU calculated value of scheduler-enlistment delay is 25 jiffies.
[    0.000000][    T0] rcu: Adjusting geometry for rcu_fanout_leaf=16, nr_cpu_ids=2
[    0.000000][    T0] NR_IRQS: 64, nr_irqs: 64, preallocated irqs: 0
[    0.000000][    T0] Root IRQ handler: gic_handle_irq
[    0.000000][    T0] GICv2m: range[mem 0x08020000-0x08020fff], SPI[80:143]
[    0.000000][    T0] rcu: 	Offload RCU callbacks from CPUs: 1.
[    0.000000][    T0] rcu: srcu_init: Setting srcu_struct sizes based on contention.
[    0.000000][    T0] arch_timer: cp15 timer(s) running at 62.50MHz (virt).
[    0.000000][    T0] clocksource: arch_sys_counter: mask: 0x1ffffffffffffff max_cycles: 0x1cd42e208c, max_idle_ns: 881590405314 ns
[    0.000231][    T0] sched_clock: 57 bits at 63MHz, resolution 16ns, wraps every 4398046511096ns
[    0.004083][    T0] kfence: initialized - using 524288 bytes for 63 objects at 0x(____ptrval____)-0x(____ptrval____)
[    0.016562][    T0] Calibrating delay loop (skipped), value calculated using timer frequency.. 125.00 BogoMIPS (lpj=250000)
[    0.017825][    T0] pid_max: default: 32768 minimum: 301
[    0.019742][    T0] LSM: Security Framework initializing
[    0.021260][    T0] SELinux:  Initializing.
[    0.026215][    T0] Mount-cache hash table entries: 4096 (order: 3, 32768 bytes, linear)
[    0.026626][    T0] Mountpoint-cache hash table entries: 4096 (order: 3, 32768 bytes, linear)
[    0.094728][    T1] cacheinfo: Unable to detect cache hierarchy for CPU 0
[    0.123643][    T1] cblist_init_generic: Setting adjustable number of callback queues.
[    0.124343][    T1] cblist_init_generic: Setting shift to 1 and lim to 1.
[    0.126392][    T1] cblist_init_generic: Setting shift to 1 and lim to 1.
[    0.130092][    T1] rcu: Hierarchical SRCU implementation.
[    0.130424][    T1] rcu: 	Max phase no-delay instances is 1000.
[    0.148751][    T1] dyndbg: Ignore empty _ddebug table in a CONFIG_DYNAMIC_DEBUG_CORE build
[    0.150514][    T1] EFI services will not be available.
[    0.157472][    T1] smp: Bringing up secondary CPUs ...
[    0.164658][    T0] Detected PIPT I-cache on CPU1
[    0.165819][    T0] cacheinfo: Unable to detect cache hierarchy for CPU 1
[    0.166791][    T0] CPU1: Booted secondary processor 0x0000000001 [0x411fd070]
[    0.173054][    T1] smp: Brought up 1 node, 2 CPUs
[    0.174024][    T1] SMP: Total of 2 processors activated.
[    0.174382][    T1] CPU features: detected: 32-bit EL0 Support
[    0.174632][    T1] CPU features: detected: 32-bit EL1 Support
[    0.174927][    T1] CPU features: detected: CRC32 instructions
[    0.179593][    T1] CPU features: emulated: Privileged Access Never (PAN) using TTBR0_EL1 switching
[    0.180480][    T1] CPU: All CPU(s) started at EL1
[    0.181242][    T1] alternatives: applying system-wide alternatives
[    0.229718][    T1] Registered cp15_barrier emulation handler
[    0.230359][    T1] Registered setend emulation handler
[    0.232554][    T1] clocksource: jiffies: mask: 0xffffffff max_cycles: 0xffffffff, max_idle_ns: 7645041785100000 ns
[    0.233249][    T1] futex hash table entries: 512 (order: 3, 32768 bytes, linear)
[    0.241200][    T1] pinctrl core: initialized pinctrl subsystem
[    0.272520][    T1] NET: Registered PF_NETLINK/PF_ROUTE protocol family
[    0.329665][    T1] DMA: preallocated 256 KiB GFP_KERNEL pool for atomic allocations
[    0.331249][    T1] DMA: preallocated 256 KiB GFP_KERNEL|GFP_DMA32 pool for atomic allocations
[    0.332312][    T1] audit: initializing netlink subsys (disabled)
[    0.342005][   T30] audit: type=2000 audit(0.284:1): state=initialized audit_enabled=0 res=1
[    0.348685][    T1] thermal_sys: Registered thermal governor 'step_wise'
[    0.348800][    T1] thermal_sys: Registered thermal governor 'user_space'
[    0.349170][    T1] thermal_sys: Registered thermal governor 'power_allocator'
[    0.350350][    T1] cpuidle: using governor menu
[    0.353995][    T1] hw-breakpoint: found 6 breakpoint and 4 watchpoint registers.
[    0.355885][    T1] ASID allocator initialised with 65536 entries
[    0.358422][    T1] Serial: AMBA PL011 UART driver
[    0.438091][    T1] 9000000.pl011: ttyAMA0 at MMIO 0x9000000 (irq = 13, base_baud = 0) is a PL011 rev1
[    0.443445][    T1] printk: console [ttyAMA0] enabled
[    0.443445][    T1] printk: console [ttyAMA0] enabled
[    0.445090][    T1] printk: bootconsole [pl11] disabled
[    0.445090][    T1] printk: bootconsole [pl11] disabled
[    0.469598][    T1] KASLR disabled on command line
[    0.595129][    T1] iommu: Default domain type: Translated 
[    0.595714][    T1] iommu: DMA domain TLB invalidation policy: strict mode 
[    0.609638][    T1] SCSI subsystem initialized
[    0.624340][    T1] usbcore: registered new interface driver usbfs
[    0.626121][    T1] usbcore: registered new interface driver hub
[    0.627053][    T1] usbcore: registered new device driver usb
[    0.637731][    T1] mc: Linux media interface: v0.10
[    0.638222][    T1] videodev: Linux video capture interface: v2.00
[    0.640267][    T1] pps_core: LinuxPPS API ver. 1 registered
[    0.640846][    T1] pps_core: Software ver. 5.3.6 - Copyright 2005-2007 Rodolfo Giometti <giometti@linux.it>
[    0.642083][    T1] PTP clock support registered
[    0.643323][    T1] EDAC MC: Ver: 3.0.0
[    0.666467][    T1] Advanced Linux Sound Architecture Driver Initialized.
[    0.749174][    T1] clocksource: Switched to clocksource arch_sys_counter
[    1.109479][    T1] VFS: Disk quotas dquot_6.6.0
[    1.110605][    T1] VFS: Dquot-cache hash table entries: 512 (order 0, 4096 bytes)
[    1.124144][    T1] NET: Registered PF_INET protocol family
[    1.128947][    T1] IP idents hash table entries: 32768 (order: 6, 262144 bytes, linear)
[    1.149229][    T1] tcp_listen_portaddr_hash hash table entries: 1024 (order: 2, 16384 bytes, linear)
[    1.151094][    T1] Table-perturb hash table entries: 65536 (order: 6, 262144 bytes, linear)
[    1.153656][    T1] TCP established hash table entries: 16384 (order: 5, 131072 bytes, linear)
[    1.156656][    T1] TCP bind hash table entries: 16384 (order: 7, 524288 bytes, linear)
[    1.158553][    T1] TCP: Hash tables configured (established 16384 bind 16384)
[    1.163501][    T1] UDP hash table entries: 1024 (order: 3, 32768 bytes, linear)
[    1.165060][    T1] UDP-Lite hash table entries: 1024 (order: 3, 32768 bytes, linear)
[    1.169848][    T1] NET: Registered PF_UNIX/PF_LOCAL protocol family
[    1.172075][    T1] NET: Registered PF_XDP protocol family
[    1.173798][    T1] PCI: CLS 0 bytes, default 64
[    1.201203][    T1] hw perfevents: enabled with armv8_pmuv3 PMU driver, 7 counters available
[    1.203809][    T1] kvm [1]: HYP mode not available
[    1.210093][   T10] Trying to unpack rootfs image as initramfs...
[    1.227358][    T1] Initialise system trusted keyrings
[    1.253467][    T1] workingset: timestamp_bits=46 max_order=19 bucket_order=0
[    1.375414][    T1] fuse: init (API version 7.37)
[    1.565873][    T1] Key type asymmetric registered
[    1.566776][    T1] Asymmetric key parser 'x509' registered
[    1.570099][    T1] Block layer SCSI generic (bsg) driver version 0.4 loaded (major 239)
[    1.577906][    T1] io scheduler mq-deadline registered
[    1.578578][    T1] io scheduler kyber registered
[    1.581357][    T1] io scheduler bfq registered
[    1.622922][    T1] pl061_gpio 9030000.pl061: PL061 GPIO chip registered
[    1.626876][    T1] pci-host-generic 4010000000.pcie: host bridge /pcie@10000000 ranges:
[    1.637205][    T1] pci-host-generic 4010000000.pcie:       IO 0x003eff0000..0x003effffff -> 0x0000000000
[    1.638930][    T1] pci-host-generic 4010000000.pcie:      MEM 0x0010000000..0x003efeffff -> 0x0010000000
[    1.639616][    T1] pci-host-generic 4010000000.pcie:      MEM 0x8000000000..0xffffffffff -> 0x8000000000
[    1.644059][   T10] Freeing initrd memory: 14036K
[    1.646059][    T1] pci-host-generic 4010000000.pcie: Memory resource size exceeds max for 32 bits
[    1.647854][    T1] pci-host-generic 4010000000.pcie: ECAM at [mem 0x4010000000-0x401fffffff] for [bus 00-ff]
[    1.651944][    T1] pci-host-generic 4010000000.pcie: PCI host bridge to bus 0000:00
[    1.653066][    T1] pci_bus 0000:00: root bus resource [bus 00-ff]
[    1.653591][    T1] pci_bus 0000:00: root bus resource [io  0x0000-0xffff]
[    1.654014][    T1] pci_bus 0000:00: root bus resource [mem 0x10000000-0x3efeffff]
[    1.654385][    T1] pci_bus 0000:00: root bus resource [mem 0x8000000000-0xffffffffff]
[    1.658017][    T1] pci 0000:00:00.0: [1b36:0008] type 00 class 0x060000
[    1.671078][    T1] pci 0000:00:01.0: [1af4:1000] type 00 class 0x020000
[    1.672977][    T1] pci 0000:00:01.0: reg 0x10: [io  0x0000-0x001f]
[    1.673651][    T1] pci 0000:00:01.0: reg 0x14: [mem 0x00000000-0x00000fff]
[    1.674349][    T1] pci 0000:00:01.0: reg 0x20: [mem 0x00000000-0x00003fff 64bit pref]
[    1.675260][    T1] pci 0000:00:01.0: reg 0x30: [mem 0x00000000-0x0003ffff pref]
[    1.685049][    T1] pci 0000:00:01.0: BAR 6: assigned [mem 0x10000000-0x1003ffff pref]
[    1.686104][    T1] pci 0000:00:01.0: BAR 4: assigned [mem 0x8000000000-0x8000003fff 64bit pref]
[    1.686810][    T1] pci 0000:00:01.0: BAR 1: assigned [mem 0x10040000-0x10040fff]
[    1.687242][    T1] pci 0000:00:01.0: BAR 0: assigned [io  0x1000-0x101f]
[    1.700802][    T1] printk: console [ttynull0] enabled
[    1.703711][   T22] cacheinfo: Unable to detect cache hierarchy for CPU 0
[    1.794776][    T1] brd: module loaded
[    1.865260][    T1] loop: module loaded
[    1.879345][    T1] wireguard: WireGuard 1.0.0 loaded. See www.wireguard.com for information.
[    1.880041][    T1] wireguard: Copyright (C) 2015-2019 Jason A. Donenfeld <Jason@zx2c4.com>. All Rights Reserved.
[    1.888402][    T1] MACsec IEEE 802.1AE
[    1.897199][    T1] tun: Universal TUN/TAP device driver, 1.6
[    1.898242][    T1] usbcore: registered new interface driver rtl8150
[    1.898775][    T1] usbcore: registered new interface driver r8152
[    1.899403][    T1] usbcore: registered new interface driver asix
[    1.900029][    T1] usbcore: registered new interface driver ax88179_178a
[    1.901071][    T1] usbcore: registered new interface driver cdc_ether
[    1.901893][    T1] usbcore: registered new interface driver cdc_eem
[    1.902975][    T1] usbcore: registered new interface driver cdc_ncm
[    1.903550][    T1] usbcore: registered new interface driver aqc111
[    1.904125][    T1] usbcore: registered new interface driver r8153_ecm
[    1.911057][    T1] usbcore: registered new interface driver uas
[    1.912023][    T1] usbcore: registered new interface driver usb-storage
[    1.918868][    T1] usbcore: registered new interface driver xpad
[    1.928112][    T1] rtc-pl031 9010000.pl031: registered as rtc0
[    1.930587][    T1] rtc-pl031 9010000.pl031: setting system clock to 2026-09-06T07:37:56 UTC (1788680276)
[    1.933089][    T1] gspca_main: v2.14.0 registered
[    1.933863][    T1] usbcore: registered new interface driver uvcvideo
[    1.935808][    T1] device-mapper: uevent: version 1.0.3
[    1.938472][    T1] device-mapper: ioctl: 4.47.0-ioctl (2022-07-28) initialised: dm-devel@redhat.com
[    1.957552][    T1] sdhci: Secure Digital Host Controller Interface driver
[    1.958361][    T1] sdhci: Copyright(c) Pierre Ossman
[    1.958785][    T1] sdhci-pltfm: SDHCI platform and OF driver helper
[    1.963666][    T1] hid: raw HID events driver (C) Jiri Kosina
[    1.975415][    T1] usbcore: registered new interface driver usbhid
[    1.975892][    T1] usbhid: USB HID core driver
[    1.978243][    T1] ashmem: initialized
[    1.981476][    T1] gnss: GNSS driver registered with major 506
[    1.986129][    T1] usbcore: registered new interface driver snd-usb-audio
[    1.991411][    T1] GACT probability NOT on
[    1.992314][    T1] Mirror/redirect action on
[    1.993663][    T1] netem: version 1.3
[    1.994421][    T1] u32 classifier
[    1.994680][    T1]     input device check on
[    1.994899][    T1]     Actions configured
[    2.207851][    T1] xt_time: kernel timezone is -0000
[    2.209119][    T1] ipip: IPv4 and MPLS over IPv4 tunneling driver
[    2.217033][    T1] gre: GRE over IPv4 demultiplexor driver
[    2.217551][    T1] ip_gre: GRE over IPv4 tunneling driver
[    2.225881][    T1] IPv4 over IPsec tunneling driver
[    2.235859][    T1] Initializing XFRM netlink socket
[    2.237590][    T1] IPsec XFRM device driver
[    2.244016][    T1] NET: Registered PF_INET6 protocol family
[    2.274838][    T1] Segment Routing with IPv6
[    2.275455][    T1] In-situ OAM (IOAM) with IPv6
[    2.280870][    T1] mip6: Mobile IPv6
[    2.290837][    T1] sit: IPv6, IPv4 and MPLS over IPv4 tunneling driver
[    2.298217][    T1] ip6_gre: GRE over IPv6 tunneling driver
[    2.304427][    T1] NET: Registered PF_PACKET protocol family
[    2.305698][    T1] NET: Registered PF_KEY protocol family
[    2.309393][    T1] NET: Registered PF_VSOCK protocol family
[    2.320688][    T1] registered taskstats version 1
[    2.322035][    T1] Loading compiled-in X.509 certificates
[    2.362040][   T54] cryptomgr_probe (54) used greatest stack depth: 15024 bytes left
[    2.369346][    T1] Loaded X.509 cert 'Build time autogenerated kernel key: 14e41adaf06b936a10f02b8132e23651e6ae330c'
[    2.371161][    T1] page_owner is disabled
[    2.373951][    T1] Key type .fscrypt registered
[    2.374443][    T1] Key type fscrypt-provisioning registered
[    2.403329][    T1] input: gpio-keys as /devices/platform/gpio-keys/input/input0
[    2.424301][    T1] ALSA device list:
[    2.424853][    T1]   No soundcards found.
[    2.434562][    T1] uart-pl011 9000000.pl011: no DMA platform data
[    2.561672][    T1] Freeing unused kernel memory: 3136K
[    2.563419][    T1] Run /init as init process
[    2.639330][    T1] request_module fs-devtmpfs succeeded, but still no fs?
[*] Init: Starting harness on virtio console...
=== HYP-002: Kernel-Side Debugfs Counter Ground-Truth Test ===
[!] WARNING: Failed to mount debugfs. Kernel counters unavailable.
[*] Debugfs interface verified: /sys/kernel/debug/epoll_uaf/
[    3.692891][   T56] epoll_uaf: counters reset
[*] Counters reset to zero.
[*] Starting 5000 race iterations...
[    3.724950][   T58] harness (58) used greatest stack depth: 14160 bytes left
[    4.061226][   T85] harness (85) used greatest stack depth: 14112 bytes left
[*] Progress: 500/5000 | kernel_fep_cleared=500 | kernel_uaf=0 | oracle=0 | setup_fail=0
[   27.414407][ T1917] harness (1917) used greatest stack depth: 14080 bytes left
[*] Progress: 1000/5000 | kernel_fep_cleared=1000 | kernel_uaf=0 | oracle=0 | setup_fail=0
[*] Progress: 1500/5000 | kernel_fep_cleared=1500 | kernel_uaf=0 | oracle=0 | setup_fail=0
[   42.808127][ T3114] harness (3114) used greatest stack depth: 13952 bytes left
[*] Progress: 2000/5000 | kernel_fep_cleared=2000 | kernel_uaf=0 | oracle=0 | setup_fail=0
[*] Progress: 2500/5000 | kernel_fep_cleared=2500 | kernel_uaf=0 | oracle=0 | setup_fail=0
[*] Progress: 3000/5000 | kernel_fep_cleared=3000 | kernel_uaf=0 | oracle=0 | setup_fail=0
[*] Progress: 3500/5000 | kernel_fep_cleared=3500 | kernel_uaf=0 | oracle=0 | setup_fail=0
[*] Progress: 4000/5000 | kernel_fep_cleared=4000 | kernel_uaf=0 | oracle=0 | setup_fail=0
[*] Progress: 4500/5000 | kernel_fep_cleared=4500 | kernel_uaf=0 | oracle=0 | setup_fail=0
[*] Progress: 5000/5000 | kernel_fep_cleared=5000 | kernel_uaf=0 | oracle=0 | setup_fail=0

========================================
HYP-002 FINAL RESULTS
========================================
Iterations:              5000
Setup failures:          0
Kernel fep_cleared:      5000
Kernel uaf_detected:     0
Kernel epfree_called:    10000
Userspace oracle_hits:   0

>>> HYPOTHESIS 2 REJECTED: Race not firing under QEMU TCG.
>>> Both kernel and oracle agree: 0 hits.
>>> Action: Move to Hypothesis 1 (QEMU timerfd test).

--- Sanity Checks ---
[OK] fep_cleared=5000 (expected ~5000, one per iteration)
[OK] epfree_called=10000 (expected ~10000, outer+inner per iter)
========================================
HYP-002 test complete.
[  130.990312][   T56] reboot: Power down
