[    0.000000][    T0] Booting Linux on physical CPU 0x0000000000 [0x411fd070]
[    0.000000][    T0] Linux version 6.1.23-gcf24bd6cafa1 (legion@hpelitebook840g5) (aarch64-linux-musl-gcc (GCC) 11.2.1 20211120, GNU ld (GNU Binutils) 2.37) #2 SMP PREEMPT Sun Sep  6 12:58:57 IST 2026
[    0.000000][    T0] random: crng init done
[    0.000000][    T0] Machine model: linux,dummy-virt
[    0.000000][    T0] Stack Depot is disabled
[    0.000000][    T0] KVM is not available. Ignoring kvm-arm.mode
[    0.000000][    T0] earlycon: pl11 at MMIO 0x0000000009000000 (options '')
[    0.000000][    T0] printk: bootconsole [pl11] enabled
[    0.000000][    T0] efi: UEFI not found.
[    0.000000][    T0] Zone ranges:
[    0.000000][    T0]   DMA32    [mem 0x0000000040000000-0x00000000bfffffff]
[    0.000000][    T0]   Normal   empty
[    0.000000][    T0]   Device   empty
[    0.000000][    T0] Movable zone start for each node
[    0.000000][    T0] Early memory node ranges
[    0.000000][    T0]   node   0: [mem 0x0000000040000000-0x00000000bfffffff]
[    0.000000][    T0] Initmem setup node 0 [mem 0x0000000040000000-0x00000000bfffffff]
[    0.000000][    T0] cma: Reserved 16 MiB at 0x00000000bc800000
[    0.000000][    T0] psci: probing for conduit method from DT.
[    0.000000][    T0] psci: PSCIv1.1 detected in firmware.
[    0.000000][    T0] psci: Using standard PSCI v0.2 function IDs
[    0.000000][    T0] psci: Trusted OS migration not required
[    0.000000][    T0] psci: SMC Calling Convention v1.0
[    0.000000][    T0] 'bootconfig' found on command line, but no bootconfig found
[    0.000000][    T0] percpu: Embedded 29 pages/cpu s80808 r8192 d29784 u118784
[    0.000000][    T0] Detected PIPT I-cache on CPU0
[    0.000000][    T0] CPU features: SYS_ID_AA64MMFR1_EL1[11:8]: already set to 0
[    0.000000][    T0] CPU features: detected: Spectre-v2
[    0.000000][    T0] CPU features: detected: Spectre-v3a
[    0.000000][    T0] CPU features: detected: Spectre-v4
[    0.000000][    T0] CPU features: detected: Spectre-BHB
[    0.000000][    T0] CPU features: detected: ARM erratum 834220
[    0.000000][    T0] CPU features: detected: ARM erratum 1742098
[    0.000000][    T0] CPU features: detected: ARM erratum 832075
[    0.000000][    T0] CPU features: detected: ARM errata 1165522, 1319367, or 1530923
[    0.000000][    T0] alternatives: applying boot alternatives
[    0.000000][    T0] Built 1 zonelists, mobility grouping on.  Total pages: 516096
[    0.000000][    T0] Kernel command line: console=ttynull stack_depot_disable=on cgroup_disable=pressure kasan.page_alloc.sample=10 kasan.stacktrace=off kvm-arm.mode=protected bootconfig ioremap_guard console=ttyAMA0 root=/dev/ram0 kasan=off nokaslr earlycon=pl011,0x09000000 printk.devkmsg=on isolcpus=1 nohz_full=1 rcu_nocbs=1 rw
[    0.000000][    T0] cgroup: Disabling pressure control group feature
[    0.000000][    T0] Housekeeping: nohz unsupported. Build with CONFIG_NO_HZ_FULL
[    0.000000][    T0] Unknown kernel command line parameters "nokaslr nohz_full=1", will be passed to user space.
[    0.000000][    T0] Dentry cache hash table entries: 262144 (order: 9, 2097152 bytes, linear)
[    0.000000][    T0] Inode-cache hash table entries: 131072 (order: 8, 1048576 bytes, linear)
[    0.000000][    T0] mem auto-init: stack:off, heap alloc:on, heap free:off
[    0.000000][    T0] Memory: 1988884K/2097152K available (15360K kernel code, 1850K rwdata, 14860K rodata, 3136K init, 598K bss, 91884K reserved, 16384K cma-reserved)
[    0.000000][    T0] SLUB: HWalign=64, Order=0-3, MinObjects=0, CPUs=2, Nodes=1
[    0.000000][    T0] trace event string verifier disabled
[    0.000000][    T0] rcu: Preemptible hierarchical RCU implementation.
[    0.000000][    T0] rcu: 	RCU event tracing is enabled.
[    0.000000][    T0] rcu: 	RCU restricting CPUs from NR_CPUS=32 to nr_cpu_ids=2.
[    0.000000][    T0] rcu: 	RCU priority boosting: priority 1 delay 500 ms.
[    0.000000][    T0] 	Trampoline variant of Tasks RCU enabled.
[    0.000000][    T0] 	Tracing variant of Tasks RCU enabled.
[    0.000000][    T0] rcu: RCU calculated value of scheduler-enlistment delay is 25 jiffies.
[    0.000000][    T0] rcu: Adjusting geometry for rcu_fanout_leaf=16, nr_cpu_ids=2
[    0.000000][    T0] NR_IRQS: 64, nr_irqs: 64, preallocated irqs: 0
[    0.000000][    T0] Root IRQ handler: gic_handle_irq
[    0.000000][    T0] GICv2m: range[mem 0x08020000-0x08020fff], SPI[80:143]
[    0.000000][    T0] rcu: 	Offload RCU callbacks from CPUs: 1.
[    0.000000][    T0] rcu: srcu_init: Setting srcu_struct sizes based on contention.
[    0.000000][    T0] arch_timer: cp15 timer(s) running at 62.50MHz (virt).
[    0.000000][    T0] clocksource: arch_sys_counter: mask: 0x1ffffffffffffff max_cycles: 0x1cd42e208c, max_idle_ns: 881590405314 ns
[    0.000123][    T0] sched_clock: 57 bits at 63MHz, resolution 16ns, wraps every 4398046511096ns
[    0.004745][    T0] kfence: initialized - using 524288 bytes for 63 objects at 0x(____ptrval____)-0x(____ptrval____)
[    0.016600][    T0] Calibrating delay loop (skipped), value calculated using timer frequency.. 125.00 BogoMIPS (lpj=250000)
[    0.017920][    T0] pid_max: default: 32768 minimum: 301
[    0.019885][    T0] LSM: Security Framework initializing
[    0.021447][    T0] SELinux:  Initializing.
[    0.026283][    T0] Mount-cache hash table entries: 4096 (order: 3, 32768 bytes, linear)
[    0.026706][    T0] Mountpoint-cache hash table entries: 4096 (order: 3, 32768 bytes, linear)
[    0.088314][    T1] cacheinfo: Unable to detect cache hierarchy for CPU 0
[    0.105458][    T1] cblist_init_generic: Setting adjustable number of callback queues.
[    0.106151][    T1] cblist_init_generic: Setting shift to 1 and lim to 1.
[    0.108590][    T1] cblist_init_generic: Setting shift to 1 and lim to 1.
[    0.111914][    T1] rcu: Hierarchical SRCU implementation.
[    0.112245][    T1] rcu: 	Max phase no-delay instances is 1000.
[    0.130076][    T1] dyndbg: Ignore empty _ddebug table in a CONFIG_DYNAMIC_DEBUG_CORE build
[    0.131440][    T1] EFI services will not be available.
[    0.136266][    T1] smp: Bringing up secondary CPUs ...
[    0.146601][    T0] Detected PIPT I-cache on CPU1
[    0.147934][    T0] cacheinfo: Unable to detect cache hierarchy for CPU 1
[    0.148714][    T0] CPU1: Booted secondary processor 0x0000000001 [0x411fd070]
[    0.155905][    T1] smp: Brought up 1 node, 2 CPUs
[    0.157592][    T1] SMP: Total of 2 processors activated.
[    0.158168][    T1] CPU features: detected: 32-bit EL0 Support
[    0.158627][    T1] CPU features: detected: 32-bit EL1 Support
[    0.159090][    T1] CPU features: detected: CRC32 instructions
[    0.163669][    T1] CPU features: emulated: Privileged Access Never (PAN) using TTBR0_EL1 switching
[    0.164514][    T1] CPU: All CPU(s) started at EL1
[    0.165736][    T1] alternatives: applying system-wide alternatives
[    0.223254][    T1] Registered cp15_barrier emulation handler
[    0.223687][    T1] Registered setend emulation handler
[    0.226029][    T1] clocksource: jiffies: mask: 0xffffffff max_cycles: 0xffffffff, max_idle_ns: 7645041785100000 ns
[    0.227188][    T1] futex hash table entries: 512 (order: 3, 32768 bytes, linear)
[    0.236509][    T1] pinctrl core: initialized pinctrl subsystem
[    0.271129][    T1] NET: Registered PF_NETLINK/PF_ROUTE protocol family
[    0.323310][    T1] DMA: preallocated 256 KiB GFP_KERNEL pool for atomic allocations
[    0.324629][    T1] DMA: preallocated 256 KiB GFP_KERNEL|GFP_DMA32 pool for atomic allocations
[    0.325609][    T1] audit: initializing netlink subsys (disabled)
[    0.335525][   T30] audit: type=2000 audit(0.268:1): state=initialized audit_enabled=0 res=1
[    0.338982][    T1] thermal_sys: Registered thermal governor 'step_wise'
[    0.339055][    T1] thermal_sys: Registered thermal governor 'user_space'
[    0.339373][    T1] thermal_sys: Registered thermal governor 'power_allocator'
[    0.340102][    T1] cpuidle: using governor menu
[    0.342921][    T1] hw-breakpoint: found 6 breakpoint and 4 watchpoint registers.
[    0.344428][    T1] ASID allocator initialised with 65536 entries
[    0.346324][    T1] Serial: AMBA PL011 UART driver
[    0.388018][    T1] 9000000.pl011: ttyAMA0 at MMIO 0x9000000 (irq = 13, base_baud = 0) is a PL011 rev1
[    0.390535][    T1] printk: console [ttyAMA0] enabled
[    0.390535][    T1] printk: console [ttyAMA0] enabled
[    0.391254][    T1] printk: bootconsole [pl11] disabled
[    0.391254][    T1] printk: bootconsole [pl11] disabled
[    0.402779][    T1] KASLR disabled on command line
[    0.488051][    T1] iommu: Default domain type: Translated 
[    0.497242][    T1] iommu: DMA domain TLB invalidation policy: strict mode 
[    0.502480][    T1] SCSI subsystem initialized
[    0.504955][    T1] usbcore: registered new interface driver usbfs
[    0.514294][    T1] usbcore: registered new interface driver hub
[    0.514779][    T1] usbcore: registered new device driver usb
[    0.516239][    T1] mc: Linux media interface: v0.10
[    0.516701][    T1] videodev: Linux video capture interface: v2.00
[    0.518268][    T1] pps_core: LinuxPPS API ver. 1 registered
[    0.518566][    T1] pps_core: Software ver. 5.3.6 - Copyright 2005-2007 Rodolfo Giometti <giometti@linux.it>
[    0.519128][    T1] PTP clock support registered
[    0.519673][    T1] EDAC MC: Ver: 3.0.0
[    0.540839][    T1] Advanced Linux Sound Architecture Driver Initialized.
[    0.570446][    T1] clocksource: Switched to clocksource arch_sys_counter
[    0.577629][    T1] VFS: Disk quotas dquot_6.6.0
[    0.578705][    T1] VFS: Dquot-cache hash table entries: 512 (order 0, 4096 bytes)
[    0.599269][    T1] NET: Registered PF_INET protocol family
[    0.635118][    T1] IP idents hash table entries: 32768 (order: 6, 262144 bytes, linear)
[    0.653918][    T1] tcp_listen_portaddr_hash hash table entries: 1024 (order: 2, 16384 bytes, linear)
[    0.654745][    T1] Table-perturb hash table entries: 65536 (order: 6, 262144 bytes, linear)
[    0.655414][    T1] TCP established hash table entries: 16384 (order: 5, 131072 bytes, linear)
[    0.656506][    T1] TCP bind hash table entries: 16384 (order: 7, 524288 bytes, linear)
[    0.657201][    T1] TCP: Hash tables configured (established 16384 bind 16384)
[    0.667758][    T1] UDP hash table entries: 1024 (order: 3, 32768 bytes, linear)
[    0.668460][    T1] UDP-Lite hash table entries: 1024 (order: 3, 32768 bytes, linear)
[    0.671071][    T1] NET: Registered PF_UNIX/PF_LOCAL protocol family
[    0.672019][    T1] NET: Registered PF_XDP protocol family
[    0.672530][    T1] PCI: CLS 0 bytes, default 64
[    0.712666][   T10] Trying to unpack rootfs image as initramfs...
[    0.714819][    T1] hw perfevents: enabled with armv8_pmuv3 PMU driver, 7 counters available
[    0.716561][    T1] kvm [1]: HYP mode not available
[    0.739322][    T1] Initialise system trusted keyrings
[    0.787227][    T1] workingset: timestamp_bits=46 max_order=19 bucket_order=0
[    0.859000][    T1] fuse: init (API version 7.37)
[    1.028394][    T1] Key type asymmetric registered
[    1.028976][    T1] Asymmetric key parser 'x509' registered
[    1.029700][    T1] Block layer SCSI generic (bsg) driver version 0.4 loaded (major 239)
[    1.039060][    T1] io scheduler mq-deadline registered
[    1.039395][    T1] io scheduler kyber registered
[    1.041897][    T1] io scheduler bfq registered
[    1.064170][    T1] pl061_gpio 9030000.pl061: PL061 GPIO chip registered
[    1.076020][    T1] pci-host-generic 4010000000.pcie: host bridge /pcie@10000000 ranges:
[    1.077319][    T1] pci-host-generic 4010000000.pcie:       IO 0x003eff0000..0x003effffff -> 0x0000000000
[    1.078619][    T1] pci-host-generic 4010000000.pcie:      MEM 0x0010000000..0x003efeffff -> 0x0010000000
[    1.079153][    T1] pci-host-generic 4010000000.pcie:      MEM 0x8000000000..0xffffffffff -> 0x8000000000
[    1.080236][    T1] pci-host-generic 4010000000.pcie: Memory resource size exceeds max for 32 bits
[    1.081327][    T1] pci-host-generic 4010000000.pcie: ECAM at [mem 0x4010000000-0x401fffffff] for [bus 00-ff]
[    1.091776][    T1] pci-host-generic 4010000000.pcie: PCI host bridge to bus 0000:00
[    1.092430][    T1] pci_bus 0000:00: root bus resource [bus 00-ff]
[    1.092741][    T1] pci_bus 0000:00: root bus resource [io  0x0000-0xffff]
[    1.093059][    T1] pci_bus 0000:00: root bus resource [mem 0x10000000-0x3efeffff]
[    1.093325][    T1] pci_bus 0000:00: root bus resource [mem 0x8000000000-0xffffffffff]
[    1.106512][    T1] pci 0000:00:00.0: [1b36:0008] type 00 class 0x060000
[    1.114175][   T10] Freeing initrd memory: 14036K
[    1.120014][    T1] pci 0000:00:01.0: [1af4:1000] type 00 class 0x020000
[    1.120637][    T1] pci 0000:00:01.0: reg 0x10: [io  0x0000-0x001f]
[    1.120927][    T1] pci 0000:00:01.0: reg 0x14: [mem 0x00000000-0x00000fff]
[    1.121256][    T1] pci 0000:00:01.0: reg 0x20: [mem 0x00000000-0x00003fff 64bit pref]
[    1.121657][    T1] pci 0000:00:01.0: reg 0x30: [mem 0x00000000-0x0003ffff pref]
[    1.125696][    T1] pci 0000:00:01.0: BAR 6: assigned [mem 0x10000000-0x1003ffff pref]
[    1.126541][    T1] pci 0000:00:01.0: BAR 4: assigned [mem 0x8000000000-0x8000003fff 64bit pref]
[    1.127022][    T1] pci 0000:00:01.0: BAR 1: assigned [mem 0x10040000-0x10040fff]
[    1.127328][    T1] pci 0000:00:01.0: BAR 0: assigned [io  0x1000-0x101f]
[    1.137406][    T1] printk: console [ttynull0] enabled
[    1.139547][   T22] cacheinfo: Unable to detect cache hierarchy for CPU 0
[    1.196318][    T1] brd: module loaded
[    1.240068][    T1] loop: module loaded
[    1.247227][    T1] wireguard: WireGuard 1.0.0 loaded. See www.wireguard.com for information.
[    1.247568][    T1] wireguard: Copyright (C) 2015-2019 Jason A. Donenfeld <Jason@zx2c4.com>. All Rights Reserved.
[    1.251710][    T1] MACsec IEEE 802.1AE
[    1.255731][    T1] tun: Universal TUN/TAP device driver, 1.6
[    1.256434][    T1] usbcore: registered new interface driver rtl8150
[    1.256781][    T1] usbcore: registered new interface driver r8152
[    1.257156][    T1] usbcore: registered new interface driver asix
[    1.257463][    T1] usbcore: registered new interface driver ax88179_178a
[    1.257808][    T1] usbcore: registered new interface driver cdc_ether
[    1.258133][    T1] usbcore: registered new interface driver cdc_eem
[    1.258620][    T1] usbcore: registered new interface driver cdc_ncm
[    1.258946][    T1] usbcore: registered new interface driver aqc111
[    1.259281][    T1] usbcore: registered new interface driver r8153_ecm
[    1.263385][    T1] usbcore: registered new interface driver uas
[    1.263998][    T1] usbcore: registered new interface driver usb-storage
[    1.272186][    T1] usbcore: registered new interface driver xpad
[    1.280134][    T1] rtc-pl031 9010000.pl031: registered as rtc0
[    1.281785][    T1] rtc-pl031 9010000.pl031: setting system clock to 2026-09-06T08:19:34 UTC (1788682774)
[    1.284174][    T1] gspca_main: v2.14.0 registered
[    1.284835][    T1] usbcore: registered new interface driver uvcvideo
[    1.286440][    T1] device-mapper: uevent: version 1.0.3
[    1.287827][    T1] device-mapper: ioctl: 4.47.0-ioctl (2022-07-28) initialised: dm-devel@redhat.com
[    1.292301][    T1] sdhci: Secure Digital Host Controller Interface driver
[    1.292578][    T1] sdhci: Copyright(c) Pierre Ossman
[    1.292772][    T1] sdhci-pltfm: SDHCI platform and OF driver helper
[    1.294839][    T1] hid: raw HID events driver (C) Jiri Kosina
[    1.304845][    T1] usbcore: registered new interface driver usbhid
[    1.305155][    T1] usbhid: USB HID core driver
[    1.306697][    T1] ashmem: initialized
[    1.308717][    T1] gnss: GNSS driver registered with major 506
[    1.312236][    T1] usbcore: registered new interface driver snd-usb-audio
[    1.316215][    T1] GACT probability NOT on
[    1.316869][    T1] Mirror/redirect action on
[    1.317905][    T1] netem: version 1.3
[    1.318643][    T1] u32 classifier
[    1.318806][    T1]     input device check on
[    1.318991][    T1]     Actions configured
[    1.448031][    T1] xt_time: kernel timezone is -0000
[    1.448748][    T1] ipip: IPv4 and MPLS over IPv4 tunneling driver
[    1.452500][    T1] gre: GRE over IPv4 demultiplexor driver
[    1.452802][    T1] ip_gre: GRE over IPv4 tunneling driver
[    1.457894][    T1] IPv4 over IPsec tunneling driver
[    1.462630][    T1] Initializing XFRM netlink socket
[    1.463332][    T1] IPsec XFRM device driver
[    1.466064][    T1] NET: Registered PF_INET6 protocol family
[    1.487766][    T1] Segment Routing with IPv6
[    1.488228][    T1] In-situ OAM (IOAM) with IPv6
[    1.489937][    T1] mip6: Mobile IPv6
[    1.496033][    T1] sit: IPv6, IPv4 and MPLS over IPv4 tunneling driver
[    1.501796][    T1] ip6_gre: GRE over IPv6 tunneling driver
[    1.505250][    T1] NET: Registered PF_PACKET protocol family
[    1.505704][    T1] NET: Registered PF_KEY protocol family
[    1.507497][    T1] NET: Registered PF_VSOCK protocol family
[    1.511981][    T1] registered taskstats version 1
[    1.513051][    T1] Loading compiled-in X.509 certificates
[    1.536897][   T54] cryptomgr_probe (54) used greatest stack depth: 15152 bytes left
[    1.542694][    T1] Loaded X.509 cert 'Build time autogenerated kernel key: 14e41adaf06b936a10f02b8132e23651e6ae330c'
[    1.543631][    T1] page_owner is disabled
[    1.544746][    T1] Key type .fscrypt registered
[    1.544960][    T1] Key type fscrypt-provisioning registered
[    1.561974][    T1] input: gpio-keys as /devices/platform/gpio-keys/input/input0
[    1.579531][    T1] ALSA device list:
[    1.579823][    T1]   No soundcards found.
[    1.587915][    T1] uart-pl011 9000000.pl011: no DMA platform data
[    1.657174][    T1] Freeing unused kernel memory: 3136K
[    1.658764][    T1] Run /init as init process
[    1.726804][    T1] request_module fs-devtmpfs succeeded, but still no fs?
[*] Init: Starting harness on virtio console...
=== HYP-002: Kernel-Side Debugfs Counter Ground-Truth Test ===
[!] WARNING: Failed to mount debugfs. Kernel counters unavailable.
[*] Debugfs interface verified: /sys/kernel/debug/epoll_uaf/
[    2.795174][   T57] epoll_uaf: counters reset
[*] Counters reset to zero.
[*] Starting 20000 race iterations...
[    2.833224][   T59] harness (59) used greatest stack depth: 14160 bytes left
[    4.542947][  T186] harness (186) used greatest stack depth: 14080 bytes left
[*] Progress: 500/20000 | kernel_fep_cleared=500 | kernel_uaf=0 | oracle=0 | setup_fail=0
[   17.171440][ T1106] harness (1106) used greatest stack depth: 13920 bytes left
[*] Progress: 1000/20000 | kernel_fep_cleared=1000 | kernel_uaf=0 | oracle=0 | setup_fail=0
[*] Progress: 1500/20000 | kernel_fep_cleared=1500 | kernel_uaf=0 | oracle=0 | setup_fail=0
[*] Progress: 2000/20000 | kernel_fep_cleared=2000 | kernel_uaf=0 | oracle=0 | setup_fail=0
[*] Progress: 2500/20000 | kernel_fep_cleared=2500 | kernel_uaf=0 | oracle=0 | setup_fail=0
[*] Progress: 3000/20000 | kernel_fep_cleared=3000 | kernel_uaf=0 | oracle=0 | setup_fail=0
[*] Progress: 3500/20000 | kernel_fep_cleared=3500 | kernel_uaf=0 | oracle=0 | setup_fail=0
[*] Progress: 4000/20000 | kernel_fep_cleared=4000 | kernel_uaf=0 | oracle=0 | setup_fail=0
[*] Progress: 4500/20000 | kernel_fep_cleared=4500 | kernel_uaf=0 | oracle=0 | setup_fail=0
[*] Progress: 5000/20000 | kernel_fep_cleared=5000 | kernel_uaf=0 | oracle=0 | setup_fail=0
[*] Progress: 5500/20000 | kernel_fep_cleared=5500 | kernel_uaf=0 | oracle=0 | setup_fail=0
[*] Progress: 6000/20000 | kernel_fep_cleared=6000 | kernel_uaf=0 | oracle=0 | setup_fail=0
[*] Progress: 6500/20000 | kernel_fep_cleared=6500 | kernel_uaf=0 | oracle=0 | setup_fail=0
[*] Progress: 7000/20000 | kernel_fep_cleared=7000 | kernel_uaf=0 | oracle=0 | setup_fail=0
[*] Progress: 7500/20000 | kernel_fep_cleared=7500 | kernel_uaf=0 | oracle=0 | setup_fail=0
[*] Progress: 8000/20000 | kernel_fep_cleared=8000 | kernel_uaf=0 | oracle=0 | setup_fail=0
[*] Progress: 8500/20000 | kernel_fep_cleared=8500 | kernel_uaf=0 | oracle=0 | setup_fail=0
[*] Progress: 9000/20000 | kernel_fep_cleared=9000 | kernel_uaf=0 | oracle=0 | setup_fail=0
[*] Progress: 9500/20000 | kernel_fep_cleared=9500 | kernel_uaf=0 | oracle=0 | setup_fail=0
[*] Progress: 10000/20000 | kernel_fep_cleared=10000 | kernel_uaf=0 | oracle=0 | setup_fail=0
[*] Progress: 10500/20000 | kernel_fep_cleared=10500 | kernel_uaf=0 | oracle=0 | setup_fail=0
[*] Progress: 11000/20000 | kernel_fep_cleared=11000 | kernel_uaf=0 | oracle=0 | setup_fail=0
[*] Progress: 11500/20000 | kernel_fep_cleared=11500 | kernel_uaf=0 | oracle=0 | setup_fail=0
[*] Progress: 12000/20000 | kernel_fep_cleared=12000 | kernel_uaf=0 | oracle=0 | setup_fail=0
[*] Progress: 12500/20000 | kernel_fep_cleared=12500 | kernel_uaf=0 | oracle=0 | setup_fail=0
[*] Progress: 13000/20000 | kernel_fep_cleared=13000 | kernel_uaf=0 | oracle=0 | setup_fail=0
[*] Progress: 13500/20000 | kernel_fep_cleared=13500 | kernel_uaf=0 | oracle=0 | setup_fail=0
[*] Progress: 14000/20000 | kernel_fep_cleared=14000 | kernel_uaf=0 | oracle=0 | setup_fail=0
[*] Progress: 14500/20000 | kernel_fep_cleared=14500 | kernel_uaf=0 | oracle=0 | setup_fail=0
[*] Progress: 15000/20000 | kernel_fep_cleared=15000 | kernel_uaf=0 | oracle=0 | setup_fail=0
[*] Progress: 15500/20000 | kernel_fep_cleared=15500 | kernel_uaf=0 | oracle=0 | setup_fail=0
[*] Progress: 16000/20000 | kernel_fep_cleared=16000 | kernel_uaf=0 | oracle=0 | setup_fail=0
[*] Progress: 16500/20000 | kernel_fep_cleared=16500 | kernel_uaf=0 | oracle=0 | setup_fail=0
[*] Progress: 17000/20000 | kernel_fep_cleared=17000 | kernel_uaf=0 | oracle=0 | setup_fail=0
[*] Progress: 17500/20000 | kernel_fep_cleared=17500 | kernel_uaf=0 | oracle=0 | setup_fail=0
[*] Progress: 18000/20000 | kernel_fep_cleared=18000 | kernel_uaf=0 | oracle=0 | setup_fail=0
[*] Progress: 18500/20000 | kernel_fep_cleared=18500 | kernel_uaf=0 | oracle=0 | setup_fail=0
[*] Progress: 19000/20000 | kernel_fep_cleared=19000 | kernel_uaf=0 | oracle=0 | setup_fail=0
[*] Progress: 19500/20000 | kernel_fep_cleared=19500 | kernel_uaf=0 | oracle=0 | setup_fail=0
[*] Progress: 20000/20000 | kernel_fep_cleared=20000 | kernel_uaf=0 | oracle=0 | setup_fail=0

========================================
HYP-002 FINAL RESULTS
========================================
Iterations:              20000
Setup failures:          0
Kernel fep_cleared:      20000
Kernel uaf_detected:     0
Kernel epfree_called:    40000
Userspace oracle_hits:   0

>>> HYPOTHESIS 2 REJECTED: Race not firing under QEMU TCG.
>>> Both kernel and oracle agree: 0 hits.
>>> Action: Move to Hypothesis 1 (QEMU timerfd test).

--- Sanity Checks ---
[OK] fep_cleared=20000 (expected ~20000, one per iteration)
[OK] epfree_called=40000 (expected ~40000, outer+inner per iter)
========================================
HYP-002 test complete.
[  537.783763][   T57] reboot: Power down
