[    0.000000][    T0] Booting Linux on physical CPU 0x0000000000 [0x411fd070]
[    0.000000][    T0] Linux version 6.1.23-gf818e9d9e953-dirty (legion@hpelitebook840g5) (aarch64-linux-musl-gcc (GCC) 11.2.1 20211120, GNU ld (GNU Binutils) 2.37) #4 SMP PREEMPT Mon Sep  7 11:41:12 IST 2026
[    0.000000][    T0] random: crng init done
[    0.000000][    T0] Machine model: linux,dummy-virt
[    0.000000][    T0] Stack Depot is disabled
[    0.000000][    T0] KVM is not available. Ignoring kvm-arm.mode
[    0.000000][    T0] earlycon: pl11 at MMIO 0x0000000009000000 (options '')
[    0.000000][    T0] printk: bootconsole [pl11] enabled
[    0.000000][    T0] efi: UEFI not found.
[    0.000000][    T0] Zone ranges:
[    0.000000][    T0]   DMA32    [mem 0x0000000040000000-0x00000000bfffffff]
[    0.000000][    T0]   Normal   empty
[    0.000000][    T0]   Device   empty
[    0.000000][    T0] Movable zone start for each node
[    0.000000][    T0] Early memory node ranges
[    0.000000][    T0]   node   0: [mem 0x0000000040000000-0x00000000bfffffff]
[    0.000000][    T0] Initmem setup node 0 [mem 0x0000000040000000-0x00000000bfffffff]
[    0.000000][    T0] cma: Reserved 16 MiB at 0x00000000bc800000
[    0.000000][    T0] psci: probing for conduit method from DT.
[    0.000000][    T0] psci: PSCIv1.1 detected in firmware.
[    0.000000][    T0] psci: Using standard PSCI v0.2 function IDs
[    0.000000][    T0] psci: Trusted OS migration not required
[    0.000000][    T0] psci: SMC Calling Convention v1.0
[    0.000000][    T0] 'bootconfig' found on command line, but no bootconfig found
[    0.000000][    T0] percpu: Embedded 29 pages/cpu s80808 r8192 d29784 u118784
[    0.000000][    T0] Detected PIPT I-cache on CPU0
[    0.000000][    T0] CPU features: SYS_ID_AA64MMFR1_EL1[11:8]: already set to 0
[    0.000000][    T0] CPU features: detected: Spectre-v2
[    0.000000][    T0] CPU features: detected: Spectre-v3a
[    0.000000][    T0] CPU features: detected: Spectre-v4
[    0.000000][    T0] CPU features: detected: Spectre-BHB
[    0.000000][    T0] CPU features: detected: ARM erratum 834220
[    0.000000][    T0] CPU features: detected: ARM erratum 1742098
[    0.000000][    T0] CPU features: detected: ARM erratum 832075
[    0.000000][    T0] CPU features: detected: ARM errata 1165522, 1319367, or 1530923
[    0.000000][    T0] alternatives: applying boot alternatives
[    0.000000][    T0] Built 1 zonelists, mobility grouping on.  Total pages: 516096
[    0.000000][    T0] Kernel command line: console=ttynull stack_depot_disable=on cgroup_disable=pressure kasan.page_alloc.sample=10 kasan.stacktrace=off kvm-arm.mode=protected bootconfig ioremap_guard console=ttyAMA0 root=/dev/ram0 kasan=off nokaslr earlycon=pl011,0x09000000 printk.devkmsg=on isolcpus=1 nohz_full=1 rcu_nocbs=1 rw
[    0.000000][    T0] cgroup: Disabling pressure control group feature
[    0.000000][    T0] Housekeeping: nohz unsupported. Build with CONFIG_NO_HZ_FULL
[    0.000000][    T0] Unknown kernel command line parameters "nokaslr nohz_full=1", will be passed to user space.
[    0.000000][    T0] Dentry cache hash table entries: 262144 (order: 9, 2097152 bytes, linear)
[    0.000000][    T0] Inode-cache hash table entries: 131072 (order: 8, 1048576 bytes, linear)
[    0.000000][    T0] mem auto-init: stack:off, heap alloc:on, heap free:off
[    0.000000][    T0] Memory: 1988948K/2097152K available (15296K kernel code, 1850K rwdata, 14860K rodata, 3136K init, 598K bss, 91820K reserved, 16384K cma-reserved)
[    0.000000][    T0] SLUB: HWalign=64, Order=0-3, MinObjects=0, CPUs=2, Nodes=1
[    0.000000][    T0] trace event string verifier disabled
[    0.000000][    T0] rcu: Preemptible hierarchical RCU implementation.
[    0.000000][    T0] rcu: 	RCU event tracing is enabled.
[    0.000000][    T0] rcu: 	RCU restricting CPUs from NR_CPUS=32 to nr_cpu_ids=2.
[    0.000000][    T0] rcu: 	RCU priority boosting: priority 1 delay 500 ms.
[    0.000000][    T0] 	Trampoline variant of Tasks RCU enabled.
[    0.000000][    T0] 	Tracing variant of Tasks RCU enabled.
[    0.000000][    T0] rcu: RCU calculated value of scheduler-enlistment delay is 25 jiffies.
[    0.000000][    T0] rcu: Adjusting geometry for rcu_fanout_leaf=16, nr_cpu_ids=2
[    0.000000][    T0] NR_IRQS: 64, nr_irqs: 64, preallocated irqs: 0
[    0.000000][    T0] Root IRQ handler: gic_handle_irq
[    0.000000][    T0] GICv2m: range[mem 0x08020000-0x08020fff], SPI[80:143]
[    0.000000][    T0] rcu: 	Offload RCU callbacks from CPUs: 1.
[    0.000000][    T0] rcu: srcu_init: Setting srcu_struct sizes based on contention.
[    0.000000][    T0] arch_timer: cp15 timer(s) running at 62.50MHz (virt).
[    0.000000][    T0] clocksource: arch_sys_counter: mask: 0x1ffffffffffffff max_cycles: 0x1cd42e208c, max_idle_ns: 881590405314 ns
[    0.000179][    T0] sched_clock: 57 bits at 63MHz, resolution 16ns, wraps every 4398046511096ns
[    0.005945][    T0] kfence: initialized - using 524288 bytes for 63 objects at 0x(____ptrval____)-0x(____ptrval____)
[    0.018705][    T0] Calibrating delay loop (skipped), value calculated using timer frequency.. 125.00 BogoMIPS (lpj=250000)
[    0.019378][    T0] pid_max: default: 32768 minimum: 301
[    0.021521][    T0] LSM: Security Framework initializing
[    0.022917][    T0] SELinux:  Initializing.
[    0.028250][    T0] Mount-cache hash table entries: 4096 (order: 3, 32768 bytes, linear)
[    0.028812][    T0] Mountpoint-cache hash table entries: 4096 (order: 3, 32768 bytes, linear)
[    0.081116][    T1] cacheinfo: Unable to detect cache hierarchy for CPU 0
[    0.099997][    T1] cblist_init_generic: Setting adjustable number of callback queues.
[    0.100592][    T1] cblist_init_generic: Setting shift to 1 and lim to 1.
[    0.102397][    T1] cblist_init_generic: Setting shift to 1 and lim to 1.
[    0.105920][    T1] rcu: Hierarchical SRCU implementation.
[    0.106216][    T1] rcu: 	Max phase no-delay instances is 1000.
[    0.121293][    T1] dyndbg: Ignore empty _ddebug table in a CONFIG_DYNAMIC_DEBUG_CORE build
[    0.122463][    T1] EFI services will not be available.
[    0.130637][    T1] smp: Bringing up secondary CPUs ...
[    0.139310][    T0] Detected PIPT I-cache on CPU1
[    0.140532][    T0] cacheinfo: Unable to detect cache hierarchy for CPU 1
[    0.141196][    T0] CPU1: Booted secondary processor 0x0000000001 [0x411fd070]
[    0.145781][    T1] smp: Brought up 1 node, 2 CPUs
[    0.146598][    T1] SMP: Total of 2 processors activated.
[    0.146866][    T1] CPU features: detected: 32-bit EL0 Support
[    0.147087][    T1] CPU features: detected: 32-bit EL1 Support
[    0.147483][    T1] CPU features: detected: CRC32 instructions
[    0.150982][    T1] CPU features: emulated: Privileged Access Never (PAN) using TTBR0_EL1 switching
[    0.151654][    T1] CPU: All CPU(s) started at EL1
[    0.152036][    T1] alternatives: applying system-wide alternatives
[    0.192088][    T1] Registered cp15_barrier emulation handler
[    0.192569][    T1] Registered setend emulation handler
[    0.194531][    T1] clocksource: jiffies: mask: 0xffffffff max_cycles: 0xffffffff, max_idle_ns: 7645041785100000 ns
[    0.195193][    T1] futex hash table entries: 512 (order: 3, 32768 bytes, linear)
[    0.203302][    T1] pinctrl core: initialized pinctrl subsystem
[    0.228350][    T1] NET: Registered PF_NETLINK/PF_ROUTE protocol family
[    0.261448][    T1] DMA: preallocated 256 KiB GFP_KERNEL pool for atomic allocations
[    0.262982][    T1] DMA: preallocated 256 KiB GFP_KERNEL|GFP_DMA32 pool for atomic allocations
[    0.264043][    T1] audit: initializing netlink subsys (disabled)
[    0.272277][   T30] audit: type=2000 audit(0.224:1): state=initialized audit_enabled=0 res=1
[    0.275968][    T1] thermal_sys: Registered thermal governor 'step_wise'
[    0.276040][    T1] thermal_sys: Registered thermal governor 'user_space'
[    0.276327][    T1] thermal_sys: Registered thermal governor 'power_allocator'
[    0.277002][    T1] cpuidle: using governor menu
[    0.280103][    T1] hw-breakpoint: found 6 breakpoint and 4 watchpoint registers.
[    0.281385][    T1] ASID allocator initialised with 65536 entries
[    0.282937][    T1] Serial: AMBA PL011 UART driver
[    0.317767][    T1] 9000000.pl011: ttyAMA0 at MMIO 0x9000000 (irq = 13, base_baud = 0) is a PL011 rev1
[    0.319926][    T1] printk: console [ttyAMA0] enabled
[    0.319926][    T1] printk: console [ttyAMA0] enabled
[    0.320629][    T1] printk: bootconsole [pl11] disabled
[    0.320629][    T1] printk: bootconsole [pl11] disabled
[    0.331306][    T1] KASLR disabled on command line
[    0.425359][    T1] iommu: Default domain type: Translated 
[    0.425672][    T1] iommu: DMA domain TLB invalidation policy: strict mode 
[    0.430194][    T1] SCSI subsystem initialized
[    0.432152][    T1] usbcore: registered new interface driver usbfs
[    0.432711][    T1] usbcore: registered new interface driver hub
[    0.433142][    T1] usbcore: registered new device driver usb
[    0.434456][    T1] mc: Linux media interface: v0.10
[    0.434804][    T1] videodev: Linux video capture interface: v2.00
[    0.435998][    T1] pps_core: LinuxPPS API ver. 1 registered
[    0.436240][    T1] pps_core: Software ver. 5.3.6 - Copyright 2005-2007 Rodolfo Giometti <giometti@linux.it>
[    0.436659][    T1] PTP clock support registered
[    0.437163][    T1] EDAC MC: Ver: 3.0.0
[    0.466205][    T1] Advanced Linux Sound Architecture Driver Initialized.
[    0.489090][    T1] clocksource: Switched to clocksource arch_sys_counter
[    0.495523][    T1] VFS: Disk quotas dquot_6.6.0
[    0.496008][    T1] VFS: Dquot-cache hash table entries: 512 (order 0, 4096 bytes)
[    0.510105][    T1] NET: Registered PF_INET protocol family
[    0.533208][    T1] IP idents hash table entries: 32768 (order: 6, 262144 bytes, linear)
[    0.551963][    T1] tcp_listen_portaddr_hash hash table entries: 1024 (order: 2, 16384 bytes, linear)
[    0.552944][    T1] Table-perturb hash table entries: 65536 (order: 6, 262144 bytes, linear)
[    0.553564][    T1] TCP established hash table entries: 16384 (order: 5, 131072 bytes, linear)
[    0.554826][    T1] TCP bind hash table entries: 16384 (order: 7, 524288 bytes, linear)
[    0.555492][    T1] TCP: Hash tables configured (established 16384 bind 16384)
[    0.566210][    T1] UDP hash table entries: 1024 (order: 3, 32768 bytes, linear)
[    0.566834][    T1] UDP-Lite hash table entries: 1024 (order: 3, 32768 bytes, linear)
[    0.594956][    T1] NET: Registered PF_UNIX/PF_LOCAL protocol family
[    0.595910][    T1] NET: Registered PF_XDP protocol family
[    0.596428][    T1] PCI: CLS 0 bytes, default 64
[    0.607308][    T8] Trying to unpack rootfs image as initramfs...
[    0.629191][    T1] hw perfevents: enabled with armv8_pmuv3 PMU driver, 7 counters available
[    0.630642][    T1] kvm [1]: HYP mode not available
[    0.636285][    T1] Initialise system trusted keyrings
[    0.662026][    T1] workingset: timestamp_bits=46 max_order=19 bucket_order=0
[    0.741054][    T1] fuse: init (API version 7.37)
[    0.879923][    T1] Key type asymmetric registered
[    0.880426][    T1] Asymmetric key parser 'x509' registered
[    0.897214][    T1] Block layer SCSI generic (bsg) driver version 0.4 loaded (major 239)
[    0.913515][    T1] io scheduler mq-deadline registered
[    0.913860][    T1] io scheduler kyber registered
[    0.914866][    T1] io scheduler bfq registered
[    0.926890][    T1] pl061_gpio 9030000.pl061: PL061 GPIO chip registered
[    0.949972][    T1] pci-host-generic 4010000000.pcie: host bridge /pcie@10000000 ranges:
[    0.951283][    T1] pci-host-generic 4010000000.pcie:       IO 0x003eff0000..0x003effffff -> 0x0000000000
[    0.952268][    T1] pci-host-generic 4010000000.pcie:      MEM 0x0010000000..0x003efeffff -> 0x0010000000
[    0.952666][    T1] pci-host-generic 4010000000.pcie:      MEM 0x8000000000..0xffffffffff -> 0x8000000000
[    0.956477][    T1] pci-host-generic 4010000000.pcie: Memory resource size exceeds max for 32 bits
[    0.957591][    T1] pci-host-generic 4010000000.pcie: ECAM at [mem 0x4010000000-0x401fffffff] for [bus 00-ff]
[    0.959462][    T1] pci-host-generic 4010000000.pcie: PCI host bridge to bus 0000:00
[    0.960111][    T1] pci_bus 0000:00: root bus resource [bus 00-ff]
[    0.960424][    T1] pci_bus 0000:00: root bus resource [io  0x0000-0xffff]
[    0.960726][    T1] pci_bus 0000:00: root bus resource [mem 0x10000000-0x3efeffff]
[    0.963022][    T8] Freeing initrd memory: 14036K
[    0.963530][    T1] pci_bus 0000:00: root bus resource [mem 0x8000000000-0xffffffffff]
[    0.966145][    T1] pci 0000:00:00.0: [1b36:0008] type 00 class 0x060000
[    0.971532][    T1] pci 0000:00:01.0: [1af4:1000] type 00 class 0x020000
[    0.972131][    T1] pci 0000:00:01.0: reg 0x10: [io  0x0000-0x001f]
[    0.972405][    T1] pci 0000:00:01.0: reg 0x14: [mem 0x00000000-0x00000fff]
[    0.972723][    T1] pci 0000:00:01.0: reg 0x20: [mem 0x00000000-0x00003fff 64bit pref]
[    0.973256][    T1] pci 0000:00:01.0: reg 0x30: [mem 0x00000000-0x0003ffff pref]
[    0.977263][    T1] pci 0000:00:01.0: BAR 6: assigned [mem 0x10000000-0x1003ffff pref]
[    0.977948][    T1] pci 0000:00:01.0: BAR 4: assigned [mem 0x8000000000-0x8000003fff 64bit pref]
[    0.978403][    T1] pci 0000:00:01.0: BAR 1: assigned [mem 0x10040000-0x10040fff]
[    0.978683][    T1] pci 0000:00:01.0: BAR 0: assigned [io  0x1000-0x101f]
[    0.988032][    T1] printk: console [ttynull0] enabled
[    0.989936][   T22] cacheinfo: Unable to detect cache hierarchy for CPU 0
[    1.048163][    T1] brd: module loaded
[    1.087916][    T1] loop: module loaded
[    1.094389][    T1] wireguard: WireGuard 1.0.0 loaded. See www.wireguard.com for information.
[    1.094718][    T1] wireguard: Copyright (C) 2015-2019 Jason A. Donenfeld <Jason@zx2c4.com>. All Rights Reserved.
[    1.098164][    T1] MACsec IEEE 802.1AE
[    1.101910][    T1] tun: Universal TUN/TAP device driver, 1.6
[    1.102596][    T1] usbcore: registered new interface driver rtl8150
[    1.102951][    T1] usbcore: registered new interface driver r8152
[    1.103280][    T1] usbcore: registered new interface driver asix
[    1.103604][    T1] usbcore: registered new interface driver ax88179_178a
[    1.103930][    T1] usbcore: registered new interface driver cdc_ether
[    1.104242][    T1] usbcore: registered new interface driver cdc_eem
[    1.104617][    T1] usbcore: registered new interface driver cdc_ncm
[    1.105204][    T1] usbcore: registered new interface driver aqc111
[    1.105537][    T1] usbcore: registered new interface driver r8153_ecm
[    1.109034][    T1] usbcore: registered new interface driver uas
[    1.109634][    T1] usbcore: registered new interface driver usb-storage
[    1.113567][    T1] usbcore: registered new interface driver xpad
[    1.121251][    T1] rtc-pl031 9010000.pl031: registered as rtc0
[    1.122495][    T1] rtc-pl031 9010000.pl031: setting system clock to 2026-09-07T10:00:41 UTC (1788775241)
[    1.124487][    T1] gspca_main: v2.14.0 registered
[    1.125334][    T1] usbcore: registered new interface driver uvcvideo
[    1.126803][    T1] device-mapper: uevent: version 1.0.3
[    1.128274][    T1] device-mapper: ioctl: 4.47.0-ioctl (2022-07-28) initialised: dm-devel@redhat.com
[    1.132721][    T1] sdhci: Secure Digital Host Controller Interface driver
[    1.133135][    T1] sdhci: Copyright(c) Pierre Ossman
[    1.133336][    T1] sdhci-pltfm: SDHCI platform and OF driver helper
[    1.134981][    T1] hid: raw HID events driver (C) Jiri Kosina
[    1.140285][    T1] usbcore: registered new interface driver usbhid
[    1.140520][    T1] usbhid: USB HID core driver
[    1.141765][    T1] ashmem: initialized
[    1.143653][    T1] gnss: GNSS driver registered with major 506
[    1.146735][    T1] usbcore: registered new interface driver snd-usb-audio
[    1.150122][    T1] GACT probability NOT on
[    1.150649][    T1] Mirror/redirect action on
[    1.151375][    T1] netem: version 1.3
[    1.151862][    T1] u32 classifier
[    1.152004][    T1]     input device check on
[    1.152166][    T1]     Actions configured
[    1.335073][    T1] xt_time: kernel timezone is -0000
[    1.335695][    T1] ipip: IPv4 and MPLS over IPv4 tunneling driver
[    1.338664][    T1] gre: GRE over IPv4 demultiplexor driver
[    1.338925][    T1] ip_gre: GRE over IPv4 tunneling driver
[    1.343494][    T1] IPv4 over IPsec tunneling driver
[    1.348133][    T1] Initializing XFRM netlink socket
[    1.348673][    T1] IPsec XFRM device driver
[    1.351285][    T1] NET: Registered PF_INET6 protocol family
[    1.366505][    T1] Segment Routing with IPv6
[    1.366913][    T1] In-situ OAM (IOAM) with IPv6
[    1.368571][    T1] mip6: Mobile IPv6
[    1.372895][    T1] sit: IPv6, IPv4 and MPLS over IPv4 tunneling driver
[    1.377701][    T1] ip6_gre: GRE over IPv6 tunneling driver
[    1.380614][    T1] NET: Registered PF_PACKET protocol family
[    1.381276][    T1] NET: Registered PF_KEY protocol family
[    1.382717][    T1] NET: Registered PF_VSOCK protocol family
[    1.386773][    T1] registered taskstats version 1
[    1.387339][    T1] Loading compiled-in X.509 certificates
[    1.412448][    T1] Loaded X.509 cert 'Build time autogenerated kernel key: 14e41adaf06b936a10f02b8132e23651e6ae330c'
[    1.414701][   T55] cryptomgr_probe (55) used greatest stack depth: 15152 bytes left
[    1.415982][    T1] page_owner is disabled
[    1.417276][    T1] Key type .fscrypt registered
[    1.417489][    T1] Key type fscrypt-provisioning registered
[    1.440209][    T1] input: gpio-keys as /devices/platform/gpio-keys/input/input0
[    1.454969][    T1] ALSA device list:
[    1.455271][    T1]   No soundcards found.
[    1.460242][    T1] uart-pl011 9000000.pl011: no DMA platform data
[    1.523542][    T1] Freeing unused kernel memory: 3136K
[    1.525017][    T1] Run /init as init process
[    1.575523][    T1] request_module fs-devtmpfs succeeded, but still no fs?
[*] Init: Starting harness on virtio console...

========================================================
=== HYP-011 Part 0: Root-Cause Discriminator (Sandwich) ===
========================================================
[*] Initial /sys/kernel/slab/filp/slabs = 1
[*] Allocating background pressure files (4,000 eventfds)...
[*] Peak /sys/kernel/slab/filp/slabs after pressure = 251
[*] Sandwiched inner fd=4003 between Batch A (32 fds) and Batch B (32 fds)
[*] Closing victim inner epoll (triggering __fput in kernel)...
[*] Victim inner epoll closed.
[*] Freeing Batch A and Batch B enclosing files on victim's slab...
[*] Freeing background pressure files...
[*] Waiting 2.0s for RCU grace period and SLUB slab release...
[*] Post-drain /sys/kernel/slab/filp/slabs = 7 (drop: 251 -> 7, delta=244)
[HYP-011] Invoking prctl(0x1337, 251, 7)...
[*] Discriminator measurement finished. Powering off safely.
[    5.427145][   T57] reboot: Power down
