[    0.000000][    T0] Booting Linux on physical CPU 0x0000000000 [0x411fd070]
[    0.000000][    T0] Linux version 6.1.23-gcf24bd6cafa1 (legion@hpelitebook840g5) (aarch64-linux-musl-gcc (GCC) 11.2.1 20211120, GNU ld (GNU Binutils) 2.37) #2 SMP PREEMPT Sun Sep  6 12:58:57 IST 2026
[    0.000000][    T0] random: crng init done
[    0.000000][    T0] Machine model: linux,dummy-virt
[    0.000000][    T0] Stack Depot is disabled
[    0.000000][    T0] KVM is not available. Ignoring kvm-arm.mode
[    0.000000][    T0] earlycon: pl11 at MMIO 0x0000000009000000 (options '')
[    0.000000][    T0] printk: bootconsole [pl11] enabled
[    0.000000][    T0] efi: UEFI not found.
[    0.000000][    T0] Zone ranges:
[    0.000000][    T0]   DMA32    [mem 0x0000000040000000-0x00000000bfffffff]
[    0.000000][    T0]   Normal   empty
[    0.000000][    T0]   Device   empty
[    0.000000][    T0] Movable zone start for each node
[    0.000000][    T0] Early memory node ranges
[    0.000000][    T0]   node   0: [mem 0x0000000040000000-0x00000000bfffffff]
[    0.000000][    T0] Initmem setup node 0 [mem 0x0000000040000000-0x00000000bfffffff]
[    0.000000][    T0] cma: Reserved 16 MiB at 0x00000000bc800000
[    0.000000][    T0] psci: probing for conduit method from DT.
[    0.000000][    T0] psci: PSCIv1.1 detected in firmware.
[    0.000000][    T0] psci: Using standard PSCI v0.2 function IDs
[    0.000000][    T0] psci: Trusted OS migration not required
[    0.000000][    T0] psci: SMC Calling Convention v1.0
[    0.000000][    T0] 'bootconfig' found on command line, but no bootconfig found
[    0.000000][    T0] percpu: Embedded 29 pages/cpu s80808 r8192 d29784 u118784
[    0.000000][    T0] Detected PIPT I-cache on CPU0
[    0.000000][    T0] CPU features: SYS_ID_AA64MMFR1_EL1[11:8]: already set to 0
[    0.000000][    T0] CPU features: detected: Spectre-v2
[    0.000000][    T0] CPU features: detected: Spectre-v3a
[    0.000000][    T0] CPU features: detected: Spectre-v4
[    0.000000][    T0] CPU features: detected: Spectre-BHB
[    0.000000][    T0] CPU features: detected: ARM erratum 834220
[    0.000000][    T0] CPU features: detected: ARM erratum 1742098
[    0.000000][    T0] CPU features: detected: ARM erratum 832075
[    0.000000][    T0] CPU features: detected: ARM errata 1165522, 1319367, or 1530923
[    0.000000][    T0] alternatives: applying boot alternatives
[    0.000000][    T0] Built 1 zonelists, mobility grouping on.  Total pages: 516096
[    0.000000][    T0] Kernel command line: console=ttynull stack_depot_disable=on cgroup_disable=pressure kasan.page_alloc.sample=10 kasan.stacktrace=off kvm-arm.mode=protected bootconfig ioremap_guard console=ttyAMA0 root=/dev/ram0 kasan=off nokaslr earlycon=pl011,0x09000000 printk.devkmsg=on rw
[    0.000000][    T0] cgroup: Disabling pressure control group feature
[    0.000000][    T0] Unknown kernel command line parameters "nokaslr", will be passed to user space.
[    0.000000][    T0] Dentry cache hash table entries: 262144 (order: 9, 2097152 bytes, linear)
[    0.000000][    T0] Inode-cache hash table entries: 131072 (order: 8, 1048576 bytes, linear)
[    0.000000][    T0] mem auto-init: stack:off, heap alloc:on, heap free:off
[    0.000000][    T0] Memory: 1988892K/2097152K available (15360K kernel code, 1850K rwdata, 14860K rodata, 3136K init, 598K bss, 91876K reserved, 16384K cma-reserved)
[    0.000000][    T0] SLUB: HWalign=64, Order=0-3, MinObjects=0, CPUs=2, Nodes=1
[    0.000000][    T0] trace event string verifier disabled
[    0.000000][    T0] rcu: Preemptible hierarchical RCU implementation.
[    0.000000][    T0] rcu: 	RCU event tracing is enabled.
[    0.000000][    T0] rcu: 	RCU restricting CPUs from NR_CPUS=32 to nr_cpu_ids=2.
[    0.000000][    T0] rcu: 	RCU priority boosting: priority 1 delay 500 ms.
[    0.000000][    T0] 	Trampoline variant of Tasks RCU enabled.
[    0.000000][    T0] 	Tracing variant of Tasks RCU enabled.
[    0.000000][    T0] rcu: RCU calculated value of scheduler-enlistment delay is 25 jiffies.
[    0.000000][    T0] rcu: Adjusting geometry for rcu_fanout_leaf=16, nr_cpu_ids=2
[    0.000000][    T0] NR_IRQS: 64, nr_irqs: 64, preallocated irqs: 0
[    0.000000][    T0] Root IRQ handler: gic_handle_irq
[    0.000000][    T0] GICv2m: range[mem 0x08020000-0x08020fff], SPI[80:143]
[    0.000000][    T0] rcu: srcu_init: Setting srcu_struct sizes based on contention.
[    0.000000][    T0] arch_timer: cp15 timer(s) running at 62.50MHz (virt).
[    0.000000][    T0] clocksource: arch_sys_counter: mask: 0x1ffffffffffffff max_cycles: 0x1cd42e208c, max_idle_ns: 881590405314 ns
[    0.000136][    T0] sched_clock: 57 bits at 63MHz, resolution 16ns, wraps every 4398046511096ns
[    0.005428][    T0] kfence: initialized - using 524288 bytes for 63 objects at 0x(____ptrval____)-0x(____ptrval____)
[    0.018957][    T0] Calibrating delay loop (skipped), value calculated using timer frequency.. 125.00 BogoMIPS (lpj=250000)
[    0.019702][    T0] pid_max: default: 32768 minimum: 301
[    0.021609][    T0] LSM: Security Framework initializing
[    0.023642][    T0] SELinux:  Initializing.
[    0.028321][    T0] Mount-cache hash table entries: 4096 (order: 3, 32768 bytes, linear)
[    0.028883][    T0] Mountpoint-cache hash table entries: 4096 (order: 3, 32768 bytes, linear)
[    0.105639][    T1] cacheinfo: Unable to detect cache hierarchy for CPU 0
[    0.127984][    T1] cblist_init_generic: Setting adjustable number of callback queues.
[    0.129096][    T1] cblist_init_generic: Setting shift to 1 and lim to 1.
[    0.140486][    T1] cblist_init_generic: Setting shift to 1 and lim to 1.
[    0.146291][    T1] rcu: Hierarchical SRCU implementation.
[    0.146841][    T1] rcu: 	Max phase no-delay instances is 1000.
[    0.167998][    T1] dyndbg: Ignore empty _ddebug table in a CONFIG_DYNAMIC_DEBUG_CORE build
[    0.169679][    T1] EFI services will not be available.
[    0.174071][    T1] smp: Bringing up secondary CPUs ...
[    0.185710][    T0] Detected PIPT I-cache on CPU1
[    0.186915][    T0] cacheinfo: Unable to detect cache hierarchy for CPU 1
[    0.187636][    T0] CPU1: Booted secondary processor 0x0000000001 [0x411fd070]
[    0.193892][    T1] smp: Brought up 1 node, 2 CPUs
[    0.195427][    T1] SMP: Total of 2 processors activated.
[    0.196051][    T1] CPU features: detected: 32-bit EL0 Support
[    0.196325][    T1] CPU features: detected: 32-bit EL1 Support
[    0.196674][    T1] CPU features: detected: CRC32 instructions
[    0.202211][    T1] CPU features: emulated: Privileged Access Never (PAN) using TTBR0_EL1 switching
[    0.203064][    T1] CPU: All CPU(s) started at EL1
[    0.203808][    T1] alternatives: applying system-wide alternatives
[    0.256856][    T1] Registered cp15_barrier emulation handler
[    0.257526][    T1] Registered setend emulation handler
[    0.261161][    T1] clocksource: jiffies: mask: 0xffffffff max_cycles: 0xffffffff, max_idle_ns: 7645041785100000 ns
[    0.262458][    T1] futex hash table entries: 512 (order: 3, 32768 bytes, linear)
[    0.272007][    T1] pinctrl core: initialized pinctrl subsystem
[    0.310489][    T1] NET: Registered PF_NETLINK/PF_ROUTE protocol family
[    0.339091][    T1] DMA: preallocated 256 KiB GFP_KERNEL pool for atomic allocations
[    0.340984][    T1] DMA: preallocated 256 KiB GFP_KERNEL|GFP_DMA32 pool for atomic allocations
[    0.342514][    T1] audit: initializing netlink subsys (disabled)
[    0.348438][   T27] audit: type=2000 audit(0.308:1): state=initialized audit_enabled=0 res=1
[    0.363045][    T1] thermal_sys: Registered thermal governor 'step_wise'
[    0.363487][    T1] thermal_sys: Registered thermal governor 'user_space'
[    0.364056][    T1] thermal_sys: Registered thermal governor 'power_allocator'
[    0.365586][    T1] cpuidle: using governor menu
[    0.373699][    T1] hw-breakpoint: found 6 breakpoint and 4 watchpoint registers.
[    0.378788][    T1] ASID allocator initialised with 65536 entries
[    0.385264][    T1] Serial: AMBA PL011 UART driver
[    0.449984][    T1] 9000000.pl011: ttyAMA0 at MMIO 0x9000000 (irq = 13, base_baud = 0) is a PL011 rev1
[    0.453333][    T1] printk: console [ttyAMA0] enabled
[    0.453333][    T1] printk: console [ttyAMA0] enabled
[    0.454262][    T1] printk: bootconsole [pl11] disabled
[    0.454262][    T1] printk: bootconsole [pl11] disabled
[    0.468487][    T1] KASLR disabled on command line
[    0.533028][    T1] iommu: Default domain type: Translated 
[    0.533378][    T1] iommu: DMA domain TLB invalidation policy: strict mode 
[    0.539232][    T1] SCSI subsystem initialized
[    0.543074][    T1] usbcore: registered new interface driver usbfs
[    0.544497][    T1] usbcore: registered new interface driver hub
[    0.545502][    T1] usbcore: registered new device driver usb
[    0.547580][    T1] mc: Linux media interface: v0.10
[    0.548714][    T1] videodev: Linux video capture interface: v2.00
[    0.571065][    T1] pps_core: LinuxPPS API ver. 1 registered
[    0.571515][    T1] pps_core: Software ver. 5.3.6 - Copyright 2005-2007 Rodolfo Giometti <giometti@linux.it>
[    0.572443][    T1] PTP clock support registered
[    0.573208][    T1] EDAC MC: Ver: 3.0.0
[    0.585789][    T1] Advanced Linux Sound Architecture Driver Initialized.
[    0.606618][    T1] clocksource: Switched to clocksource arch_sys_counter
[    0.617012][    T1] VFS: Disk quotas dquot_6.6.0
[    0.617673][    T1] VFS: Dquot-cache hash table entries: 512 (order 0, 4096 bytes)
[    0.627127][    T1] NET: Registered PF_INET protocol family
[    0.633966][    T1] IP idents hash table entries: 32768 (order: 6, 262144 bytes, linear)
[    0.675382][    T1] tcp_listen_portaddr_hash hash table entries: 1024 (order: 2, 16384 bytes, linear)
[    0.676615][    T1] Table-perturb hash table entries: 65536 (order: 6, 262144 bytes, linear)
[    0.677394][    T1] TCP established hash table entries: 16384 (order: 5, 131072 bytes, linear)
[    0.680823][    T1] TCP bind hash table entries: 16384 (order: 7, 524288 bytes, linear)
[    0.682486][    T1] TCP: Hash tables configured (established 16384 bind 16384)
[    0.687304][    T1] UDP hash table entries: 1024 (order: 3, 32768 bytes, linear)
[    0.688236][    T1] UDP-Lite hash table entries: 1024 (order: 3, 32768 bytes, linear)
[    0.692291][    T1] NET: Registered PF_UNIX/PF_LOCAL protocol family
[    0.694626][    T1] NET: Registered PF_XDP protocol family
[    0.695623][    T1] PCI: CLS 0 bytes, default 64
[    0.717687][   T10] Trying to unpack rootfs image as initramfs...
[    0.723060][    T1] hw perfevents: enabled with armv8_pmuv3 PMU driver, 7 counters available
[    0.725953][    T1] kvm [1]: HYP mode not available
[    0.749031][    T1] Initialise system trusted keyrings
[    0.767614][    T1] workingset: timestamp_bits=46 max_order=19 bucket_order=0
[    0.898116][   T10] Freeing initrd memory: 14028K
[    0.908405][    T1] fuse: init (API version 7.37)
[    0.981501][    T1] Key type asymmetric registered
[    0.982704][    T1] Asymmetric key parser 'x509' registered
[    0.983982][    T1] Block layer SCSI generic (bsg) driver version 0.4 loaded (major 239)
[    0.985771][    T1] io scheduler mq-deadline registered
[    0.986171][    T1] io scheduler kyber registered
[    0.987696][    T1] io scheduler bfq registered
[    1.002972][    T1] pl061_gpio 9030000.pl061: PL061 GPIO chip registered
[    1.005916][    T1] pci-host-generic 4010000000.pcie: host bridge /pcie@10000000 ranges:
[    1.007749][    T1] pci-host-generic 4010000000.pcie:       IO 0x003eff0000..0x003effffff -> 0x0000000000
[    1.009098][    T1] pci-host-generic 4010000000.pcie:      MEM 0x0010000000..0x003efeffff -> 0x0010000000
[    1.009665][    T1] pci-host-generic 4010000000.pcie:      MEM 0x8000000000..0xffffffffff -> 0x8000000000
[    1.011157][    T1] pci-host-generic 4010000000.pcie: Memory resource size exceeds max for 32 bits
[    1.012458][    T1] pci-host-generic 4010000000.pcie: ECAM at [mem 0x4010000000-0x401fffffff] for [bus 00-ff]
[    1.015261][    T1] pci-host-generic 4010000000.pcie: PCI host bridge to bus 0000:00
[    1.016118][    T1] pci_bus 0000:00: root bus resource [bus 00-ff]
[    1.016659][    T1] pci_bus 0000:00: root bus resource [io  0x0000-0xffff]
[    1.017113][    T1] pci_bus 0000:00: root bus resource [mem 0x10000000-0x3efeffff]
[    1.017411][    T1] pci_bus 0000:00: root bus resource [mem 0x8000000000-0xffffffffff]
[    1.020665][    T1] pci 0000:00:00.0: [1b36:0008] type 00 class 0x060000
[    1.029887][    T1] pci 0000:00:01.0: [1af4:1000] type 00 class 0x020000
[    1.030862][    T1] pci 0000:00:01.0: reg 0x10: [io  0x0000-0x001f]
[    1.031270][    T1] pci 0000:00:01.0: reg 0x14: [mem 0x00000000-0x00000fff]
[    1.031703][    T1] pci 0000:00:01.0: reg 0x20: [mem 0x00000000-0x00003fff 64bit pref]
[    1.032222][    T1] pci 0000:00:01.0: reg 0x30: [mem 0x00000000-0x0003ffff pref]
[    1.038648][    T1] pci 0000:00:01.0: BAR 6: assigned [mem 0x10000000-0x1003ffff pref]
[    1.039934][    T1] pci 0000:00:01.0: BAR 4: assigned [mem 0x8000000000-0x8000003fff 64bit pref]
[    1.040940][    T1] pci 0000:00:01.0: BAR 1: assigned [mem 0x10040000-0x10040fff]
[    1.041680][    T1] pci 0000:00:01.0: BAR 0: assigned [io  0x1000-0x101f]
[    1.057793][    T1] printk: console [ttynull0] enabled
[    1.062947][   T20] cacheinfo: Unable to detect cache hierarchy for CPU 0
[    1.153291][    T1] brd: module loaded
[    1.223976][    T1] loop: module loaded
[    1.235503][    T1] wireguard: WireGuard 1.0.0 loaded. See www.wireguard.com for information.
[    1.236000][    T1] wireguard: Copyright (C) 2015-2019 Jason A. Donenfeld <Jason@zx2c4.com>. All Rights Reserved.
[    1.240188][    T1] MACsec IEEE 802.1AE
[    1.245672][    T1] tun: Universal TUN/TAP device driver, 1.6
[    1.247723][    T1] usbcore: registered new interface driver rtl8150
[    1.248552][    T1] usbcore: registered new interface driver r8152
[    1.249642][    T1] usbcore: registered new interface driver asix
[    1.251236][    T1] usbcore: registered new interface driver ax88179_178a
[    1.252221][    T1] usbcore: registered new interface driver cdc_ether
[    1.253121][    T1] usbcore: registered new interface driver cdc_eem
[    1.254438][    T1] usbcore: registered new interface driver cdc_ncm
[    1.255090][    T1] usbcore: registered new interface driver aqc111
[    1.255540][    T1] usbcore: registered new interface driver r8153_ecm
[    1.265486][    T1] usbcore: registered new interface driver uas
[    1.267312][    T1] usbcore: registered new interface driver usb-storage
[    1.279714][    T1] usbcore: registered new interface driver xpad
[    1.287413][    T1] rtc-pl031 9010000.pl031: registered as rtc0
[    1.289168][    T1] rtc-pl031 9010000.pl031: setting system clock to 2026-09-06T10:13:00 UTC (1788689580)
[    1.291559][    T1] gspca_main: v2.14.0 registered
[    1.292270][    T1] usbcore: registered new interface driver uvcvideo
[    1.293907][    T1] device-mapper: uevent: version 1.0.3
[    1.295725][    T1] device-mapper: ioctl: 4.47.0-ioctl (2022-07-28) initialised: dm-devel@redhat.com
[    1.302951][    T1] sdhci: Secure Digital Host Controller Interface driver
[    1.303308][    T1] sdhci: Copyright(c) Pierre Ossman
[    1.303544][    T1] sdhci-pltfm: SDHCI platform and OF driver helper
[    1.305610][    T1] hid: raw HID events driver (C) Jiri Kosina
[    1.312737][    T1] usbcore: registered new interface driver usbhid
[    1.313160][    T1] usbhid: USB HID core driver
[    1.315671][    T1] ashmem: initialized
[    1.318395][    T1] gnss: GNSS driver registered with major 506
[    1.321744][    T1] usbcore: registered new interface driver snd-usb-audio
[    1.326129][    T1] GACT probability NOT on
[    1.327256][    T1] Mirror/redirect action on
[    1.328321][    T1] netem: version 1.3
[    1.328984][    T1] u32 classifier
[    1.329175][    T1]     input device check on
[    1.329373][    T1]     Actions configured
[    1.588489][    T1] xt_time: kernel timezone is -0000
[    1.589237][    T1] ipip: IPv4 and MPLS over IPv4 tunneling driver
[    1.594548][    T1] gre: GRE over IPv4 demultiplexor driver
[    1.595169][    T1] ip_gre: GRE over IPv4 tunneling driver
[    1.603113][    T1] IPv4 over IPsec tunneling driver
[    1.608332][    T1] Initializing XFRM netlink socket
[    1.609561][    T1] IPsec XFRM device driver
[    1.615698][    T1] NET: Registered PF_INET6 protocol family
[    1.641845][    T1] Segment Routing with IPv6
[    1.643090][    T1] In-situ OAM (IOAM) with IPv6
[    1.646733][    T1] mip6: Mobile IPv6
[    1.654747][    T1] sit: IPv6, IPv4 and MPLS over IPv4 tunneling driver
[    1.663427][    T1] ip6_gre: GRE over IPv6 tunneling driver
[    1.668345][    T1] NET: Registered PF_PACKET protocol family
[    1.668957][    T1] NET: Registered PF_KEY protocol family
[    1.671006][    T1] NET: Registered PF_VSOCK protocol family
[    1.678013][    T1] registered taskstats version 1
[    1.679669][    T1] Loading compiled-in X.509 certificates
[    1.701200][   T53] cryptomgr_probe (53) used greatest stack depth: 14976 bytes left
[    1.710917][    T1] Loaded X.509 cert 'Build time autogenerated kernel key: 14e41adaf06b936a10f02b8132e23651e6ae330c'
[    1.711980][    T1] page_owner is disabled
[    1.713631][    T1] Key type .fscrypt registered
[    1.714104][    T1] Key type fscrypt-provisioning registered
[    1.736942][    T1] input: gpio-keys as /devices/platform/gpio-keys/input/input0
[    1.755581][    T1] ALSA device list:
[    1.756275][    T1]   No soundcards found.
[    1.770199][    T1] uart-pl011 9000000.pl011: no DMA platform data
[    1.911514][    T1] Freeing unused kernel memory: 3136K
[    1.914751][    T1] Run /init as init process
[    1.976881][    T1] request_module fs-devtmpfs succeeded, but still no fs?
[*] Init: Starting harness on virtio console...
=== HYP-005: Verify ep_show_fdinfo Read Primitive ===
[*] Watched pipe inode ino = 0x204a (8266)
[*] Dropped to unpriv UID 1000
[+] Read from /proc/self/fdinfo/3 (bytes=115):
pos:	0
flags:	02
mnt_id:	13
ino:	1076
tfd:        4 events:       19 data:                4  pos:0 ino:204a sdev:c

[+] HYP-005 CONFIRMED: ep_show_fdinfo exposes inode ino to unprivileged userspace!
[    3.075883][   T56] harness (56) used greatest stack depth: 13312 bytes left
[    3.087899][   T55] reboot: Power down
