[    0.000000][    T0] Booting Linux on physical CPU 0x0000000000 [0x411fd070]
[    0.000000][    T0] Linux version 6.6.102-android15-8-g3dff304da0a6-ab14202157-4k (kleaf@build-host) (Android (11368308, +pgo, +bolt, +lto, +mlgo, based on r510928) clang version 18.0.0 (https://android.googlesource.com/toolchain/llvm-project 477610d4d0d988e69dbc3fae4fe86bff3f07f2b5), LLD 18.0.0) #1 SMP PREEMPT Wed Oct  1 17:15:57 UTC 2025
[    0.000000][    T0] KASLR disabled on command line
[    0.000000][    T0] random: crng init done
[    0.000000][    T0] Machine model: linux,dummy-virt
[    0.000000][    T0] stackdepot: disabled
[    0.000000][    T0] KVM is not available. Ignoring kvm-arm.mode
[    0.000000][    T0] earlycon: pl11 at MMIO 0x0000000009000000 (options '')
[    0.000000][    T0] printk: bootconsole [pl11] enabled
[    0.000000][    T0] Enabling dynamic shadow call stack
[    0.000000][    T0] efi: UEFI not found.
[    0.000000][    T0] Zone ranges:
[    0.000000][    T0]   DMA32    [mem 0x0000000040000000-0x00000000bfffffff]
[    0.000000][    T0]   Normal   empty
[    0.000000][    T0] Movable zone start for each node
[    0.000000][    T0] NoSplit zone start for each node
[    0.000000][    T0] NoMerge zone start for each node
[    0.000000][    T0] Early memory node ranges
[    0.000000][    T0]   node   0: [mem 0x0000000040000000-0x00000000bfffffff]
[    0.000000][    T0] Initmem setup node 0 [mem 0x0000000040000000-0x00000000bfffffff]
[    0.000000][    T0] cma: Reserved 16 MiB at 0x00000000bca00000 on node -1
[    0.000000][    T0] psci: probing for conduit method from DT.
[    0.000000][    T0] psci: PSCIv1.1 detected in firmware.
[    0.000000][    T0] psci: Using standard PSCI v0.2 function IDs
[    0.000000][    T0] psci: Trusted OS migration not required
[    0.000000][    T0] psci: SMC Calling Convention v1.0
[    0.000000][    T0] 'bootconfig' found on command line, but no bootconfig found
[    0.000000][    T0] percpu: Embedded 31 pages/cpu s88296 r8192 d30488 u126976
[    0.000000][    T0] Detected PIPT I-cache on CPU0
[    0.000000][    T0] CPU features: SYS_ID_AA64MMFR1_EL1[11:8]: already set to 0
[    0.000000][    T0] CPU features: detected: Spectre-v2
[    0.000000][    T0] CPU features: detected: Spectre-v3a
[    0.000000][    T0] CPU features: detected: Spectre-v4
[    0.000000][    T0] CPU features: detected: Spectre-BHB
[    0.000000][    T0] CPU features: detected: ARM erratum 834220
[    0.000000][    T0] CPU features: detected: ARM erratum 1742098
[    0.000000][    T0] CPU features: detected: ARM erratum 832075
[    0.000000][    T0] CPU features: detected: ARM errata 1165522, 1319367, or 1530923
[    0.000000][    T0] alternatives: applying boot alternatives
[    0.000000][    T0] Kernel command line: console=ttynull stack_depot_disable=on cgroup_disable=pressure kasan.stacktrace=off kvm-arm.mode=protected bootconfig ioremap_guard console=ttyAMA0 root=/dev/ram0 kasan=off nokaslr earlycon=pl011,0x09000000 printk.devkmsg=on rw
[    0.000000][    T0] cgroup: Disabling pressure control group feature
[    0.000000][    T0] printk: log buffer data + meta data: 131072 + 458752 = 589824 bytes
[    0.000000][    T0] Dentry cache hash table entries: 262144 (order: 9, 2097152 bytes, linear)
[    0.000000][    T0] Inode-cache hash table entries: 131072 (order: 8, 1048576 bytes, linear)
[    0.000000][    T0] Built 1 zonelists, mobility grouping on.  Total pages: 516096
[    0.000000][    T0] mem auto-init: stack:all(zero), heap alloc:on, heap free:off
[    0.000000][    T0] software IO TLB: SWIOTLB bounce buffer size adjusted to 2MB
[    0.000000][    T0] software IO TLB: area num 2.
[    0.000000][    T0] software IO TLB: mapped [mem 0x00000000bc600000-0x00000000bc800000] (2MB)
[    0.000000][    T0] Memory: 2000096K/2097152K available (16896K kernel code, 2078K rwdata, 12504K rodata, 4160K init, 583K bss, 80672K reserved, 16384K cma-reserved)
[    0.000000][    T0] SLUB: HWalign=64, Order=0-3, MinObjects=0, CPUs=2, Nodes=1
[    0.000000][    T0] trace event string verifier disabled
[    0.000000][    T0] rcu: Preemptible hierarchical RCU implementation.
[    0.000000][    T0] rcu: 	RCU event tracing is enabled.
[    0.000000][    T0] rcu: 	RCU restricting CPUs from NR_CPUS=32 to nr_cpu_ids=2.
[    0.000000][    T0] rcu: 	RCU priority boosting: priority 1 delay 500 ms.
[    0.000000][    T0] 	Trampoline variant of Tasks RCU enabled.
[    0.000000][    T0] 	Tracing variant of Tasks RCU enabled.
[    0.000000][    T0] rcu: RCU calculated value of scheduler-enlistment delay is 25 jiffies.
[    0.000000][    T0] rcu: Adjusting geometry for rcu_fanout_leaf=16, nr_cpu_ids=2
[    0.000000][    T0] NR_IRQS: 64, nr_irqs: 64, preallocated irqs: 0
[    0.000000][    T0] Root IRQ handler: gic_handle_irq
[    0.000000][    T0] GICv2m: range[mem 0x08020000-0x08020fff], SPI[80:143]
[    0.000000][    T0] rcu: srcu_init: Setting srcu_struct sizes based on contention.
[    0.000000][    T0] arch_timer: cp15 timer(s) running at 62.50MHz (virt).
[    0.000000][    T0] clocksource: arch_sys_counter: mask: 0x1ffffffffffffff max_cycles: 0x1cd42e208c, max_idle_ns: 881590405314 ns
[    0.000090][    T0] sched_clock: 57 bits at 63MHz, resolution 16ns, wraps every 4398046511096ns
[    0.004431][    T0] kfence: initialized - using 524288 bytes for 63 objects at 0x(____ptrval____)-0x(____ptrval____)
[    0.016425][    T0] Calibrating delay loop (skipped), value calculated using timer frequency.. 125.00 BogoMIPS (lpj=250000)
[    0.017467][    T0] pid_max: default: 32768 minimum: 301
[    0.020023][    T0] LSM: initializing lsm=capability,selinux,bpf,integrity
[    0.021383][    T0] SELinux:  Initializing.
[    0.022528][    T0] LSM support for eBPF active
[    0.024969][    T0] Mount-cache hash table entries: 4096 (order: 3, 32768 bytes, linear)
[    0.025358][    T0] Mountpoint-cache hash table entries: 4096 (order: 3, 32768 bytes, linear)
[    0.095154][    T1] RCU Tasks: Setting shift to 1 and lim to 1 rcu_task_cb_adjust=1.
[    0.096164][    T1] RCU Tasks Trace: Setting shift to 1 and lim to 1 rcu_task_cb_adjust=1.
[    0.100257][    T1] rcu: Hierarchical SRCU implementation.
[    0.100531][    T1] rcu: 	Max phase no-delay instances is 1000.
[    0.115975][    T1] dyndbg: Ignore empty _ddebug table in a CONFIG_DYNAMIC_DEBUG_CORE build
[    0.117840][    T1] EFI services will not be available.
[    0.121613][    T1] smp: Bringing up secondary CPUs ...
[    0.128300][    T0] Detected PIPT I-cache on CPU1
[    0.129944][    T0] CPU1: Booted secondary processor 0x0000000001 [0x411fd070]
[    0.136121][    T1] smp: Brought up 1 node, 2 CPUs
[    0.136653][    T1] SMP: Total of 2 processors activated.
[    0.137071][    T1] CPU features: detected: 32-bit EL0 Support
[    0.137266][    T1] CPU features: detected: 32-bit EL1 Support
[    0.137494][    T1] CPU features: detected: CRC32 instructions
[    0.140335][    T1] CPU features: emulated: Privileged Access Never (PAN) using TTBR0_EL1 switching
[    0.140998][    T1] CPU: All CPU(s) started at EL1
[    0.141422][    T1] alternatives: applying system-wide alternatives
[    0.193341][    T1] clocksource: jiffies: mask: 0xffffffff max_cycles: 0xffffffff, max_idle_ns: 7645041785100000 ns
[    0.194294][    T1] futex hash table entries: 512 (order: 3, 32768 bytes, linear)
[    0.203240][    T1] pinctrl core: initialized pinctrl subsystem
[    0.228810][    T1] NET: Registered PF_NETLINK/PF_ROUTE protocol family
[    0.246727][    T1] DMA: preallocated 256 KiB GFP_KERNEL pool for atomic allocations
[    0.248383][    T1] DMA: preallocated 256 KiB GFP_KERNEL|GFP_DMA32 pool for atomic allocations
[    0.249390][    T1] audit: initializing netlink subsys (disabled)
[    0.252732][   T32] audit: type=2000 audit(0.224:1): state=initialized audit_enabled=0 res=1
[    0.259052][    T1] thermal_sys: Registered thermal governor 'bang_bang'
[    0.259173][    T1] thermal_sys: Registered thermal governor 'step_wise'
[    0.259473][    T1] thermal_sys: Registered thermal governor 'user_space'
[    0.259972][    T1] thermal_sys: Registered thermal governor 'power_allocator'
[    0.262293][    T1] cpuidle: using governor menu
[    0.269722][    T1] hw-breakpoint: found 6 breakpoint and 4 watchpoint registers.
[    0.271528][    T1] ASID allocator initialised with 65536 entries
[    0.274192][    T1] Serial: AMBA PL011 UART driver
[    0.317441][    T1] 9000000.pl011: ttyAMA0 at MMIO 0x9000000 (irq = 13, base_baud = 0) is a PL011 rev1
[    0.320206][    T1] printk: console [ttyAMA0] enabled
[    0.320206][    T1] printk: console [ttyAMA0] enabled
[    0.320921][    T1] printk: bootconsole [pl11] disabled
[    0.320921][    T1] printk: bootconsole [pl11] disabled
[    0.335152][    T1] Modules: 23664 pages in range for non-PLT usage
[    0.335213][    T1] Modules: 515184 pages in range for PLT usage
[    0.369205][    T1] iommu: Default domain type: Translated
[    0.370049][    T1] iommu: DMA domain TLB invalidation policy: strict mode
[    0.376072][    T1] SCSI subsystem initialized
[    0.378854][    T1] usbcore: registered new interface driver usbfs
[    0.379821][    T1] usbcore: registered new interface driver hub
[    0.380506][    T1] usbcore: registered new device driver usb
[    0.382590][    T1] mc: Linux media interface: v0.10
[    0.383260][    T1] videodev: Linux video capture interface: v2.00
[    0.385009][    T1] EDAC MC: Ver: 3.0.0
[    0.389065][    T1] scmi_core: SCMI protocol bus registered
[    0.393057][    T1] Advanced Linux Sound Architecture Driver Initialized.
[    0.419018][    T1] clocksource: Switched to clocksource arch_sys_counter
[    0.430325][    T1] VFS: Disk quotas dquot_6.6.0
[    0.431056][    T1] VFS: Dquot-cache hash table entries: 512 (order 0, 4096 bytes)
[    0.437820][    T1] NET: Registered PF_INET protocol family
[    0.445353][    T1] IP idents hash table entries: 32768 (order: 6, 262144 bytes, linear)
[    0.462234][    T1] tcp_listen_portaddr_hash hash table entries: 1024 (order: 2, 16384 bytes, linear)
[    0.463401][    T1] Table-perturb hash table entries: 65536 (order: 6, 262144 bytes, linear)
[    0.464461][    T1] TCP established hash table entries: 16384 (order: 5, 131072 bytes, linear)
[    0.467393][    T1] TCP bind hash table entries: 16384 (order: 7, 524288 bytes, linear)
[    0.468320][    T1] TCP: Hash tables configured (established 16384 bind 16384)
[    0.471866][    T1] UDP hash table entries: 1024 (order: 3, 32768 bytes, linear)
[    0.473181][    T1] UDP-Lite hash table entries: 1024 (order: 3, 32768 bytes, linear)
[    0.477805][    T1] NET: Registered PF_UNIX/PF_LOCAL protocol family
[    0.479893][    T1] NET: Registered PF_XDP protocol family
[    0.481078][    T1] PCI: CLS 0 bytes, default 64
[    0.490313][    T1] kvm [1]: HYP mode not available
[    0.499387][    T1] Initialise system trusted keyrings
[    0.500742][   T30] Trying to unpack rootfs image as initramfs...
[    0.502221][    T1] workingset: timestamp_bits=46 max_order=19 bucket_order=0
[    0.509115][    T1] fuse: init (API version 7.39)
[    0.520210][   T30] Freeing initrd memory: 280K
[    0.569667][    T1] Key type asymmetric registered
[    0.570113][    T1] Asymmetric key parser 'x509' registered
[    0.570873][    T1] Block layer SCSI generic (bsg) driver version 0.4 loaded (major 241)
[    0.572777][    T1] io scheduler mq-deadline registered
[    0.573070][    T1] io scheduler kyber registered
[    0.573517][    T1] io scheduler bfq registered
[    0.583316][    T1] pl061_gpio 9030000.pl061: PL061 GPIO chip registered
[    0.586009][    T1] pci-host-generic 4010000000.pcie: host bridge /pcie@10000000 ranges:
[    0.587653][    T1] pci-host-generic 4010000000.pcie:       IO 0x003eff0000..0x003effffff -> 0x0000000000
[    0.588706][    T1] pci-host-generic 4010000000.pcie:      MEM 0x0010000000..0x003efeffff -> 0x0010000000
[    0.589057][    T1] pci-host-generic 4010000000.pcie:      MEM 0x8000000000..0xffffffffff -> 0x8000000000
[    0.589923][    T1] pci-host-generic 4010000000.pcie: Memory resource size exceeds max for 32 bits
[    0.591063][    T1] pci-host-generic 4010000000.pcie: ECAM at [mem 0x4010000000-0x401fffffff] for [bus 00-ff]
[    0.593167][    T1] pci-host-generic 4010000000.pcie: PCI host bridge to bus 0000:00
[    0.594148][    T1] pci_bus 0000:00: root bus resource [bus 00-ff]
[    0.594536][    T1] pci_bus 0000:00: root bus resource [io  0x0000-0xffff]
[    0.595190][    T1] pci_bus 0000:00: root bus resource [mem 0x10000000-0x3efeffff]
[    0.595415][    T1] pci_bus 0000:00: root bus resource [mem 0x8000000000-0xffffffffff]
[    0.598239][    T1] pci 0000:00:00.0: [1b36:0008] type 00 class 0x060000
[    0.604884][    T1] pci 0000:00:01.0: [1af4:1000] type 00 class 0x020000
[    0.605452][    T1] pci 0000:00:01.0: reg 0x10: [io  0x0000-0x001f]
[    0.605716][    T1] pci 0000:00:01.0: reg 0x14: [mem 0x00000000-0x00000fff]
[    0.606005][    T1] pci 0000:00:01.0: reg 0x20: [mem 0x00000000-0x00003fff 64bit pref]
[    0.606372][    T1] pci 0000:00:01.0: reg 0x30: [mem 0x00000000-0x0003ffff pref]
[    0.611181][    T1] pci 0000:00:01.0: BAR 6: assigned [mem 0x10000000-0x1003ffff pref]
[    0.611820][    T1] pci 0000:00:01.0: BAR 4: assigned [mem 0x8000000000-0x8000003fff 64bit pref]
[    0.612333][    T1] pci 0000:00:01.0: BAR 1: assigned [mem 0x10040000-0x10040fff]
[    0.612599][    T1] pci 0000:00:01.0: BAR 0: assigned [io  0x1000-0x101f]
[    0.613258][    T1] pci_bus 0000:00: resource 4 [io  0x0000-0xffff]
[    0.613545][    T1] pci_bus 0000:00: resource 5 [mem 0x10000000-0x3efeffff]
[    0.613779][    T1] pci_bus 0000:00: resource 6 [mem 0x8000000000-0xffffffffff]
[    0.624950][    T1] printk: console [ttynull0] enabled
[    0.682360][    T1] brd: module loaded
[    0.721292][    T1] loop: module loaded
[    0.732363][    T1] wireguard: WireGuard 1.0.0 loaded. See www.wireguard.com for information.
[    0.732714][    T1] wireguard: Copyright (C) 2015-2019 Jason A. Donenfeld <Jason@zx2c4.com>. All Rights Reserved.
[    0.740124][    T1] tun: Universal TUN/TAP device driver, 1.6
[    0.744132][    T1] usbcore: registered new interface driver uas
[    0.744768][    T1] usbcore: registered new interface driver usb-storage
[    0.749572][    T1] usbcore: registered new interface driver xpad
[    0.760347][    T1] rtc-pl031 9010000.pl031: registered as rtc0
[    0.761489][    T1] rtc-pl031 9010000.pl031: setting system clock to 2026-09-13T07:31:30 UTC (1789284690)
[    0.763846][    T1] gspca_main: v2.14.0 registered
[    0.764609][    T1] usbcore: registered new interface driver uvcvideo
[    0.765936][    T1] device-mapper: uevent: version 1.0.3
[    0.767798][    T1] device-mapper: ioctl: 4.48.0-ioctl (2023-03-01) initialised: dm-devel@redhat.com
[    0.772774][    T1] sdhci: Secure Digital Host Controller Interface driver
[    0.773039][    T1] sdhci: Copyright(c) Pierre Ossman
[    0.773220][    T1] sdhci-pltfm: SDHCI platform and OF driver helper
[    0.776332][    T1] hid: raw HID events driver (C) Jiri Kosina
[    0.784081][    T1] usbcore: registered new interface driver usbhid
[    0.784348][    T1] usbhid: USB HID core driver
[    0.785394][    T1] ashmem: initialized
[    0.792539][    T1] hw perfevents: enabled with armv8_pmuv3 PMU driver, 7 counters available
[    0.793937][    T7] watchdog: Delayed init of the lockup detector failed: -19
[    0.794218][    T7] watchdog: Hard watchdog permanently disabled
[    0.795910][    T1] gnss: GNSS driver registered with major 506
[    0.799944][    T1] usbcore: registered new interface driver snd-usb-audio
[    0.803891][    T1] GACT probability NOT on
[    0.804447][    T1] Mirror/redirect action on
[    0.805093][    T1] netem: version 1.3
[    0.805448][    T1] u32 classifier
[    0.805578][    T1]     input device check on
[    0.805711][    T1]     Actions configured
[    0.938448][    T1] xt_time: kernel timezone is -0000
[    0.939527][    T1] ipip: IPv4 and MPLS over IPv4 tunneling driver
[    0.942839][    T1] gre: GRE over IPv4 demultiplexor driver
[    0.943127][    T1] ip_gre: GRE over IPv4 tunneling driver
[    0.948992][    T1] IPv4 over IPsec tunneling driver
[    0.954126][    T1] Initializing XFRM netlink socket
[    0.954781][    T1] IPsec XFRM device driver
[    0.956270][    T1] NET: Registered PF_INET6 protocol family
[    0.974033][    T1] Segment Routing with IPv6
[    0.974518][    T1] In-situ OAM (IOAM) with IPv6
[    0.976355][    T1] mip6: Mobile IPv6
[    0.981788][    T1] sit: IPv6, IPv4 and MPLS over IPv4 tunneling driver
[    0.988099][    T1] ip6_gre: GRE over IPv6 tunneling driver
[    0.990815][    T1] NET: Registered PF_PACKET protocol family
[    0.991270][    T1] NET: Registered PF_KEY protocol family
[    0.993296][    T1] NET: Registered PF_VSOCK protocol family
[    1.035250][    T1] registered taskstats version 1
[    1.038201][    T1] Loading compiled-in X.509 certificates
[    1.064515][    T1] Loaded X.509 cert 'Build time autogenerated kernel key: 786258764a0e35ecbbff881ba6ca2cf2c59c7727'
[    1.108048][    T1] page_owner is disabled
[    1.109125][    T1] Key type .fscrypt registered
[    1.109318][    T1] Key type fscrypt-provisioning registered
[    1.126088][    T1] input: gpio-keys as /devices/platform/gpio-keys/input/input0
[    1.137786][    T1] clk: Disabling unused clocks
[    1.138946][    T1] ALSA device list:
[    1.139222][    T1]   No soundcards found.
[    1.144372][    T1] uart-pl011 9000000.pl011: no DMA platform data
[    1.231493][    T1] Freeing unused kernel memory: 4160K
[    1.233480][    T1] Run /init as init process
[INIT] Starting init process for Linux 6.6.102 Phase 3...
[    1.298400][    T1] request_module fs-devtmpfs succeeded, but still no fs?
[INIT] /sys/class/dma_heap/system/dev not found: No such file or directory
object_size: 264
[INIT] Harness exited with status 0. Powering off.
[    1.341769][    T1] reboot: Power down
