[    0.000000][    T0] Booting Linux on physical CPU 0x0000000000 [0x411fd070]
[    0.000000][    T0] Linux version 6.1.23-gcf24bd6cafa1 (legion@hpelitebook840g5) (aarch64-linux-musl-gcc (GCC) 11.2.1 20211120, GNU ld (GNU Binutils) 2.37) #2 SMP PREEMPT Sun Sep  6 12:58:57 IST 2026
[    0.000000][    T0] random: crng init done
[    0.000000][    T0] Machine model: linux,dummy-virt
[    0.000000][    T0] Stack Depot is disabled
[    0.000000][    T0] KVM is not available. Ignoring kvm-arm.mode
[    0.000000][    T0] earlycon: pl11 at MMIO 0x0000000009000000 (options '')
[    0.000000][    T0] printk: bootconsole [pl11] enabled
[    0.000000][    T0] efi: UEFI not found.
[    0.000000][    T0] Zone ranges:
[    0.000000][    T0]   DMA32    [mem 0x0000000040000000-0x00000000bfffffff]
[    0.000000][    T0]   Normal   empty
[    0.000000][    T0]   Device   empty
[    0.000000][    T0] Movable zone start for each node
[    0.000000][    T0] Early memory node ranges
[    0.000000][    T0]   node   0: [mem 0x0000000040000000-0x00000000bfffffff]
[    0.000000][    T0] Initmem setup node 0 [mem 0x0000000040000000-0x00000000bfffffff]
[    0.000000][    T0] cma: Reserved 16 MiB at 0x00000000bc800000
[    0.000000][    T0] psci: probing for conduit method from DT.
[    0.000000][    T0] psci: PSCIv1.1 detected in firmware.
[    0.000000][    T0] psci: Using standard PSCI v0.2 function IDs
[    0.000000][    T0] psci: Trusted OS migration not required
[    0.000000][    T0] psci: SMC Calling Convention v1.0
[    0.000000][    T0] 'bootconfig' found on command line, but no bootconfig found
[    0.000000][    T0] percpu: Embedded 29 pages/cpu s80808 r8192 d29784 u118784
[    0.000000][    T0] Detected PIPT I-cache on CPU0
[    0.000000][    T0] CPU features: SYS_ID_AA64MMFR1_EL1[11:8]: already set to 0
[    0.000000][    T0] CPU features: detected: Spectre-v2
[    0.000000][    T0] CPU features: detected: Spectre-v3a
[    0.000000][    T0] CPU features: detected: Spectre-v4
[    0.000000][    T0] CPU features: detected: Spectre-BHB
[    0.000000][    T0] CPU features: detected: ARM erratum 834220
[    0.000000][    T0] CPU features: detected: ARM erratum 1742098
[    0.000000][    T0] CPU features: detected: ARM erratum 832075
[    0.000000][    T0] CPU features: detected: ARM errata 1165522, 1319367, or 1530923
[    0.000000][    T0] alternatives: applying boot alternatives
[    0.000000][    T0] Built 1 zonelists, mobility grouping on.  Total pages: 516096
[    0.000000][    T0] Kernel command line: console=ttynull stack_depot_disable=on cgroup_disable=pressure kasan.page_alloc.sample=10 kasan.stacktrace=off kvm-arm.mode=protected bootconfig ioremap_guard console=ttyAMA0 root=/dev/ram0 kasan=off nokaslr earlycon=pl011,0x09000000 printk.devkmsg=on isolcpus=1 nohz_full=1 rcu_nocbs=1 rw
[    0.000000][    T0] cgroup: Disabling pressure control group feature
[    0.000000][    T0] Housekeeping: nohz unsupported. Build with CONFIG_NO_HZ_FULL
[    0.000000][    T0] Unknown kernel command line parameters "nokaslr nohz_full=1", will be passed to user space.
[    0.000000][    T0] Dentry cache hash table entries: 262144 (order: 9, 2097152 bytes, linear)
[    0.000000][    T0] Inode-cache hash table entries: 131072 (order: 8, 1048576 bytes, linear)
[    0.000000][    T0] mem auto-init: stack:off, heap alloc:on, heap free:off
[    0.000000][    T0] Memory: 1988880K/2097152K available (15360K kernel code, 1850K rwdata, 14860K rodata, 3136K init, 598K bss, 91888K reserved, 16384K cma-reserved)
[    0.000000][    T0] SLUB: HWalign=64, Order=0-3, MinObjects=0, CPUs=2, Nodes=1
[    0.000000][    T0] trace event string verifier disabled
[    0.000000][    T0] rcu: Preemptible hierarchical RCU implementation.
[    0.000000][    T0] rcu: 	RCU event tracing is enabled.
[    0.000000][    T0] rcu: 	RCU restricting CPUs from NR_CPUS=32 to nr_cpu_ids=2.
[    0.000000][    T0] rcu: 	RCU priority boosting: priority 1 delay 500 ms.
[    0.000000][    T0] 	Trampoline variant of Tasks RCU enabled.
[    0.000000][    T0] 	Tracing variant of Tasks RCU enabled.
[    0.000000][    T0] rcu: RCU calculated value of scheduler-enlistment delay is 25 jiffies.
[    0.000000][    T0] rcu: Adjusting geometry for rcu_fanout_leaf=16, nr_cpu_ids=2
[    0.000000][    T0] NR_IRQS: 64, nr_irqs: 64, preallocated irqs: 0
[    0.000000][    T0] Root IRQ handler: gic_handle_irq
[    0.000000][    T0] GICv2m: range[mem 0x08020000-0x08020fff], SPI[80:143]
[    0.000000][    T0] rcu: 	Offload RCU callbacks from CPUs: 1.
[    0.000000][    T0] rcu: srcu_init: Setting srcu_struct sizes based on contention.
[    0.000000][    T0] arch_timer: cp15 timer(s) running at 62.50MHz (virt).
[    0.000000][    T0] clocksource: arch_sys_counter: mask: 0x1ffffffffffffff max_cycles: 0x1cd42e208c, max_idle_ns: 881590405314 ns
[    0.000253][    T0] sched_clock: 57 bits at 63MHz, resolution 16ns, wraps every 4398046511096ns
[    0.005548][    T0] kfence: initialized - using 524288 bytes for 63 objects at 0x(____ptrval____)-0x(____ptrval____)
[    0.024590][    T0] Calibrating delay loop (skipped), value calculated using timer frequency.. 125.00 BogoMIPS (lpj=250000)
[    0.026765][    T0] pid_max: default: 32768 minimum: 301
[    0.029717][    T0] LSM: Security Framework initializing
[    0.032781][    T0] SELinux:  Initializing.
[    0.039020][    T0] Mount-cache hash table entries: 4096 (order: 3, 32768 bytes, linear)
[    0.039695][    T0] Mountpoint-cache hash table entries: 4096 (order: 3, 32768 bytes, linear)
[    0.115080][    T1] cacheinfo: Unable to detect cache hierarchy for CPU 0
[    0.136594][    T1] cblist_init_generic: Setting adjustable number of callback queues.
[    0.137308][    T1] cblist_init_generic: Setting shift to 1 and lim to 1.
[    0.144841][    T1] cblist_init_generic: Setting shift to 1 and lim to 1.
[    0.152828][    T1] rcu: Hierarchical SRCU implementation.
[    0.153478][    T1] rcu: 	Max phase no-delay instances is 1000.
[    0.175773][    T1] dyndbg: Ignore empty _ddebug table in a CONFIG_DYNAMIC_DEBUG_CORE build
[    0.177186][    T1] EFI services will not be available.
[    0.184469][    T1] smp: Bringing up secondary CPUs ...
[    0.194695][    T0] Detected PIPT I-cache on CPU1
[    0.196716][    T0] cacheinfo: Unable to detect cache hierarchy for CPU 1
[    0.198000][    T0] CPU1: Booted secondary processor 0x0000000001 [0x411fd070]
[    0.205588][    T1] smp: Brought up 1 node, 2 CPUs
[    0.206798][    T1] SMP: Total of 2 processors activated.
[    0.207184][    T1] CPU features: detected: 32-bit EL0 Support
[    0.207452][    T1] CPU features: detected: 32-bit EL1 Support
[    0.207864][    T1] CPU features: detected: CRC32 instructions
[    0.213711][    T1] CPU features: emulated: Privileged Access Never (PAN) using TTBR0_EL1 switching
[    0.214855][    T1] CPU: All CPU(s) started at EL1
[    0.215667][    T1] alternatives: applying system-wide alternatives
[    0.303021][    T1] Registered cp15_barrier emulation handler
[    0.305180][    T1] Registered setend emulation handler
[    0.310206][    T1] clocksource: jiffies: mask: 0xffffffff max_cycles: 0xffffffff, max_idle_ns: 7645041785100000 ns
[    0.311571][    T1] futex hash table entries: 512 (order: 3, 32768 bytes, linear)
[    0.327856][    T1] pinctrl core: initialized pinctrl subsystem
[    0.381816][    T1] NET: Registered PF_NETLINK/PF_ROUTE protocol family
[    0.423292][    T1] DMA: preallocated 256 KiB GFP_KERNEL pool for atomic allocations
[    0.425798][    T1] DMA: preallocated 256 KiB GFP_KERNEL|GFP_DMA32 pool for atomic allocations
[    0.427536][    T1] audit: initializing netlink subsys (disabled)
[    0.440877][   T30] audit: type=2000 audit(0.364:1): state=initialized audit_enabled=0 res=1
[    0.455580][    T1] thermal_sys: Registered thermal governor 'step_wise'
[    0.455678][    T1] thermal_sys: Registered thermal governor 'user_space'
[    0.456031][    T1] thermal_sys: Registered thermal governor 'power_allocator'
[    0.457237][    T1] cpuidle: using governor menu
[    0.461357][    T1] hw-breakpoint: found 6 breakpoint and 4 watchpoint registers.
[    0.463485][    T1] ASID allocator initialised with 65536 entries
[    0.465532][    T1] Serial: AMBA PL011 UART driver
[    0.521655][    T1] 9000000.pl011: ttyAMA0 at MMIO 0x9000000 (irq = 13, base_baud = 0) is a PL011 rev1
[    0.526099][    T1] printk: console [ttyAMA0] enabled
[    0.526099][    T1] printk: console [ttyAMA0] enabled
[    0.527789][    T1] printk: bootconsole [pl11] disabled
[    0.527789][    T1] printk: bootconsole [pl11] disabled
[    0.549957][    T1] KASLR disabled on command line
[    0.666375][    T1] iommu: Default domain type: Translated 
[    0.666712][    T1] iommu: DMA domain TLB invalidation policy: strict mode 
[    0.680797][    T1] SCSI subsystem initialized
[    0.683112][    T1] usbcore: registered new interface driver usbfs
[    0.684128][    T1] usbcore: registered new interface driver hub
[    0.684723][    T1] usbcore: registered new device driver usb
[    0.695364][    T1] mc: Linux media interface: v0.10
[    0.695826][    T1] videodev: Linux video capture interface: v2.00
[    0.697364][    T1] pps_core: LinuxPPS API ver. 1 registered
[    0.697634][    T1] pps_core: Software ver. 5.3.6 - Copyright 2005-2007 Rodolfo Giometti <giometti@linux.it>
[    0.699472][    T1] PTP clock support registered
[    0.700602][    T1] EDAC MC: Ver: 3.0.0
[    0.731576][    T1] Advanced Linux Sound Architecture Driver Initialized.
[    0.781137][    T1] clocksource: Switched to clocksource arch_sys_counter
[    0.995266][    T1] VFS: Disk quotas dquot_6.6.0
[    0.996161][    T1] VFS: Dquot-cache hash table entries: 512 (order 0, 4096 bytes)
[    1.008121][    T1] NET: Registered PF_INET protocol family
[    1.012389][    T1] IP idents hash table entries: 32768 (order: 6, 262144 bytes, linear)
[    1.032898][    T1] tcp_listen_portaddr_hash hash table entries: 1024 (order: 2, 16384 bytes, linear)
[    1.034240][    T1] Table-perturb hash table entries: 65536 (order: 6, 262144 bytes, linear)
[    1.035709][    T1] TCP established hash table entries: 16384 (order: 5, 131072 bytes, linear)
[    1.038520][    T1] TCP bind hash table entries: 16384 (order: 7, 524288 bytes, linear)
[    1.039366][    T1] TCP: Hash tables configured (established 16384 bind 16384)
[    1.044653][    T1] UDP hash table entries: 1024 (order: 3, 32768 bytes, linear)
[    1.045646][    T1] UDP-Lite hash table entries: 1024 (order: 3, 32768 bytes, linear)
[    1.048315][    T1] NET: Registered PF_UNIX/PF_LOCAL protocol family
[    1.049664][    T1] NET: Registered PF_XDP protocol family
[    1.050336][    T1] PCI: CLS 0 bytes, default 64
[    1.073018][    T1] hw perfevents: enabled with armv8_pmuv3 PMU driver, 7 counters available
[    1.075005][    T1] kvm [1]: HYP mode not available
[    1.082059][   T10] Trying to unpack rootfs image as initramfs...
[    1.094675][    T1] Initialise system trusted keyrings
[    1.106436][    T1] workingset: timestamp_bits=46 max_order=19 bucket_order=0
[    1.188985][    T1] fuse: init (API version 7.37)
[    1.349104][    T1] Key type asymmetric registered
[    1.349702][    T1] Asymmetric key parser 'x509' registered
[    1.350598][    T1] Block layer SCSI generic (bsg) driver version 0.4 loaded (major 239)
[    1.357366][    T1] io scheduler mq-deadline registered
[    1.373820][    T1] io scheduler kyber registered
[    1.375299][    T1] io scheduler bfq registered
[    1.397499][    T1] pl061_gpio 9030000.pl061: PL061 GPIO chip registered
[    1.401281][    T1] pci-host-generic 4010000000.pcie: host bridge /pcie@10000000 ranges:
[    1.404254][    T1] pci-host-generic 4010000000.pcie:       IO 0x003eff0000..0x003effffff -> 0x0000000000
[    1.406136][    T1] pci-host-generic 4010000000.pcie:      MEM 0x0010000000..0x003efeffff -> 0x0010000000
[    1.406662][    T1] pci-host-generic 4010000000.pcie:      MEM 0x8000000000..0xffffffffff -> 0x8000000000
[    1.407932][    T1] pci-host-generic 4010000000.pcie: Memory resource size exceeds max for 32 bits
[    1.413296][   T10] Freeing initrd memory: 14040K
[    1.414684][    T1] pci-host-generic 4010000000.pcie: ECAM at [mem 0x4010000000-0x401fffffff] for [bus 00-ff]
[    1.417464][    T1] pci-host-generic 4010000000.pcie: PCI host bridge to bus 0000:00
[    1.418726][    T1] pci_bus 0000:00: root bus resource [bus 00-ff]
[    1.419459][    T1] pci_bus 0000:00: root bus resource [io  0x0000-0xffff]
[    1.420211][    T1] pci_bus 0000:00: root bus resource [mem 0x10000000-0x3efeffff]
[    1.420820][    T1] pci_bus 0000:00: root bus resource [mem 0x8000000000-0xffffffffff]
[    1.423959][    T1] pci 0000:00:00.0: [1b36:0008] type 00 class 0x060000
[    1.433599][    T1] pci 0000:00:01.0: [1af4:1000] type 00 class 0x020000
[    1.435098][    T1] pci 0000:00:01.0: reg 0x10: [io  0x0000-0x001f]
[    1.435553][    T1] pci 0000:00:01.0: reg 0x14: [mem 0x00000000-0x00000fff]
[    1.436000][    T1] pci 0000:00:01.0: reg 0x20: [mem 0x00000000-0x00003fff 64bit pref]
[    1.437190][    T1] pci 0000:00:01.0: reg 0x30: [mem 0x00000000-0x0003ffff pref]
[    1.443306][    T1] pci 0000:00:01.0: BAR 6: assigned [mem 0x10000000-0x1003ffff pref]
[    1.444363][    T1] pci 0000:00:01.0: BAR 4: assigned [mem 0x8000000000-0x8000003fff 64bit pref]
[    1.445238][    T1] pci 0000:00:01.0: BAR 1: assigned [mem 0x10040000-0x10040fff]
[    1.445591][    T1] pci 0000:00:01.0: BAR 0: assigned [io  0x1000-0x101f]
[    1.457835][    T1] printk: console [ttynull0] enabled
[    1.461057][   T22] cacheinfo: Unable to detect cache hierarchy for CPU 0
[    1.537003][    T1] brd: module loaded
[    1.607859][    T1] loop: module loaded
[    1.616037][    T1] wireguard: WireGuard 1.0.0 loaded. See www.wireguard.com for information.
[    1.616457][    T1] wireguard: Copyright (C) 2015-2019 Jason A. Donenfeld <Jason@zx2c4.com>. All Rights Reserved.
[    1.626594][    T1] MACsec IEEE 802.1AE
[    1.631939][    T1] tun: Universal TUN/TAP device driver, 1.6
[    1.633097][    T1] usbcore: registered new interface driver rtl8150
[    1.633633][    T1] usbcore: registered new interface driver r8152
[    1.634329][    T1] usbcore: registered new interface driver asix
[    1.635285][    T1] usbcore: registered new interface driver ax88179_178a
[    1.636011][    T1] usbcore: registered new interface driver cdc_ether
[    1.637037][    T1] usbcore: registered new interface driver cdc_eem
[    1.637600][    T1] usbcore: registered new interface driver cdc_ncm
[    1.637971][    T1] usbcore: registered new interface driver aqc111
[    1.638410][    T1] usbcore: registered new interface driver r8153_ecm
[    1.643340][    T1] usbcore: registered new interface driver uas
[    1.644026][    T1] usbcore: registered new interface driver usb-storage
[    1.649606][    T1] usbcore: registered new interface driver xpad
[    1.658290][    T1] rtc-pl031 9010000.pl031: registered as rtc0
[    1.659591][    T1] rtc-pl031 9010000.pl031: setting system clock to 2026-09-06T09:00:25 UTC (1788685225)
[    1.662095][    T1] gspca_main: v2.14.0 registered
[    1.662737][    T1] usbcore: registered new interface driver uvcvideo
[    1.664721][    T1] device-mapper: uevent: version 1.0.3
[    1.666161][    T1] device-mapper: ioctl: 4.47.0-ioctl (2022-07-28) initialised: dm-devel@redhat.com
[    1.673210][    T1] sdhci: Secure Digital Host Controller Interface driver
[    1.673554][    T1] sdhci: Copyright(c) Pierre Ossman
[    1.673779][    T1] sdhci-pltfm: SDHCI platform and OF driver helper
[    1.675909][    T1] hid: raw HID events driver (C) Jiri Kosina
[    1.686742][    T1] usbcore: registered new interface driver usbhid
[    1.687167][    T1] usbhid: USB HID core driver
[    1.689311][    T1] ashmem: initialized
[    1.692188][    T1] gnss: GNSS driver registered with major 506
[    1.695893][    T1] usbcore: registered new interface driver snd-usb-audio
[    1.700341][    T1] GACT probability NOT on
[    1.702154][    T1] Mirror/redirect action on
[    1.704151][    T1] netem: version 1.3
[    1.705303][    T1] u32 classifier
[    1.705549][    T1]     input device check on
[    1.705770][    T1]     Actions configured
[    1.876669][    T1] xt_time: kernel timezone is -0000
[    1.877434][    T1] ipip: IPv4 and MPLS over IPv4 tunneling driver
[    1.887901][    T1] gre: GRE over IPv4 demultiplexor driver
[    1.888679][    T1] ip_gre: GRE over IPv4 tunneling driver
[    1.895109][    T1] IPv4 over IPsec tunneling driver
[    1.900822][    T1] Initializing XFRM netlink socket
[    1.902074][    T1] IPsec XFRM device driver
[    1.905913][    T1] NET: Registered PF_INET6 protocol family
[    1.933354][    T1] Segment Routing with IPv6
[    1.933910][    T1] In-situ OAM (IOAM) with IPv6
[    1.936821][    T1] mip6: Mobile IPv6
[    1.943476][    T1] sit: IPv6, IPv4 and MPLS over IPv4 tunneling driver
[    1.950434][    T1] ip6_gre: GRE over IPv6 tunneling driver
[    1.955030][    T1] NET: Registered PF_PACKET protocol family
[    1.955631][    T1] NET: Registered PF_KEY protocol family
[    1.958355][    T1] NET: Registered PF_VSOCK protocol family
[    1.964255][    T1] registered taskstats version 1
[    1.965949][    T1] Loading compiled-in X.509 certificates
[    2.003598][   T54] cryptomgr_probe (54) used greatest stack depth: 14880 bytes left
[    2.006430][    T1] Loaded X.509 cert 'Build time autogenerated kernel key: 14e41adaf06b936a10f02b8132e23651e6ae330c'
[    2.007548][    T1] page_owner is disabled
[    2.009363][    T1] Key type .fscrypt registered
[    2.009647][    T1] Key type fscrypt-provisioning registered
[    2.039430][    T1] input: gpio-keys as /devices/platform/gpio-keys/input/input0
[    2.064247][    T1] ALSA device list:
[    2.064890][    T1]   No soundcards found.
[    2.072316][    T1] uart-pl011 9000000.pl011: no DMA platform data
[    2.165179][    T1] Freeing unused kernel memory: 3136K
[    2.166825][    T1] Run /init as init process
[    2.247833][    T1] request_module fs-devtmpfs succeeded, but still no fs?
[*] Init: Starting harness on virtio console...
================================================================
HYP-001: Timerfd Interrupt Widening Characterization under QEMU TCG
================================================================

[*] Interrupt snapshot (BASELINE):
     11:        601        131 GIC-0  27 Level     arch_timer
    IPI0:         3          1       Rescheduling interrupts
    IPI1:         4         14       Function call interrupts
    IPI2:         0          0       CPU stop interrupts
    IPI3:         0          0       CPU stop (for crash dump) interrupts
    IPI4:         0          0       Timer broadcast interrupts
    IPI5:         6          0       IRQ work interrupts
    IPI6:         0          0       CPU wake-up interrupts

--- PART 1: Latency & Jitter vs Target Interval (N=1000 per tier) ---
target_us | samples | min_us     | max_us     | mean_us    | stddev_us  | median_us  | p99_us     | coalesced_ticks | expansion_ratio
----------+---------+------------+------------+------------+------------+------------+------------+-----------------+----------------
        1 |    1000 |      85.58 |    3714.94 |     256.69 |     199.57 |     212.18 |     788.27 |          256871 |          256.69x
       10 |    1000 |      94.38 |    7834.72 |     291.32 |     337.50 |     251.78 |     711.14 |           29118 |           29.13x
       50 |    1000 |      99.06 |    1941.79 |     260.98 |     129.80 |     222.05 |     750.13 |            5217 |            5.22x
      100 |    1000 |      98.74 |    3096.70 |     304.45 |     222.36 |     267.52 |    1246.24 |            3042 |            3.04x
      500 |    1000 |     114.30 |    4234.22 |     561.07 |     327.53 |     519.38 |    1956.77 |            1122 |            1.12x
     1000 |    1000 |     175.30 |    4354.56 |    1023.82 |     275.77 |    1003.60 |    2010.14 |            1024 |            1.02x
     5000 |    1000 |     303.76 |   17515.10 |    5085.25 |    1269.56 |    5011.46 |   10703.18 |            1017 |            1.02x
    10000 |    1000 |     258.78 |   24271.31 |   10039.79 |    1968.63 |    9985.44 |   16523.31 |            1004 |            1.00x
[*] Interrupt snapshot (AFTER_PART1):
     11:       9260        136 GIC-0  27 Level     arch_timer
    IPI0:         3          1       Rescheduling interrupts
    IPI1:         4         14       Function call interrupts
    IPI2:         0          0       CPU stop interrupts
    IPI3:         0          0       CPU stop (for crash dump) interrupts
    IPI4:         0          0       Timer broadcast interrupts
    IPI5:        12          0       IRQ work interrupts
    IPI6:         0          0       CPU wake-up interrupts

--- PART 2: NAT-001 Timer Storm Replication on Critical Section ---
[*] Simulating ~500-cycle critical window on CPU 0 (10,000 trials)...
[*] Running Baseline (No Storm on CPU 1)...
[BASELINE] Critical Window: min=304.0ns | max=867040.0ns | mean=596.8ns | stddev=9211.3ns | p50=384.0ns | p99=1136.0ns | widened (>2x p50): 735/10000 (7.35%)
[*] Running With Active NAT-001 Timer Storm (100 timerfds @ 1us on CPU 1)...
[   21.727061][   T57] harness (57) used greatest stack depth: 13584 bytes left
[STORM]    Critical Window: min=320.0ns | max=330992.0ns | mean=867.5ns | stddev=5011.8ns | p50=512.0ns | p99=10096.0ns | widened (>2x p50): 559/10000 (5.59%)
[*] Storm Activity (CPU 1): wakeups=100, total_expirations=8816424, coalescing_ratio=88164.24 ticks/wakeup
[*] Interrupt snapshot (FINAL):
     11:       9467        339 GIC-0  27 Level     arch_timer
    IPI0:         3          2       Rescheduling interrupts
    IPI1:         9         16       Function call interrupts
    IPI2:         0          0       CPU stop interrupts
    IPI3:         0          0       CPU stop (for crash dump) interrupts
    IPI4:         0          0       Timer broadcast interrupts
    IPI5:        12          0       IRQ work interrupts
    IPI6:         0          0       CPU wake-up interrupts

================================================================
HYP-001 SUMMARY & CONCLUSION
================================================================
Target 1us delivery under QEMU TCG: mean=256.69us, min=85.58us, stddev=199.57us (Expansion: 256.7x)
Critical section mean duration delta under storm: 270.7ns (Baseline: 596.8ns -> Storm: 867.5ns)
[+] HYP-001 CONFIRMED: QEMU TCG cannot deliver microsecond-scale timerfd interrupts.
    The 1us timer storm requested in NAT-001 is quantized/delayed by orders of magnitude,
    demonstrating that timerfd-based interrupt widening is ineffective under TCG.
================================================================
[   21.885674][   T56] reboot: Power down
