[    0.000000][    T0] Booting Linux on physical CPU 0x0000000000 [0x411fd070]
[    0.000000][    T0] Linux version 6.1.23-android14-4-maybe-dirty (build-user@build-host) (Android (10087095, +pgo, +bolt, +lto, -mlgo, based on r487747c) clang version 17.0.2 (https://android.googlesource.com/toolchain/llvm-project d9f89f4d16663d5012e5c09495f3b30ece3d2362), LLD 17.0.2) #1 SMP PREEMPT Thu Jan  1 00:00:00 UTC 1970
[    0.000000][    T0] random: crng init done
[    0.000000][    T0] Machine model: linux,dummy-virt
[    0.000000][    T0] Stack Depot is disabled
[    0.000000][    T0] KVM is not available. Ignoring kvm-arm.mode
[    0.000000][    T0] earlycon: pl11 at MMIO 0x0000000009000000 (options '')
[    0.000000][    T0] printk: bootconsole [pl11] enabled
[    0.000000][    T0] efi: UEFI not found.
[    0.000000][    T0] Zone ranges:
[    0.000000][    T0]   DMA32    [mem 0x0000000040000000-0x00000000bfffffff]
[    0.000000][    T0]   Normal   empty
[    0.000000][    T0]   Device   empty
[    0.000000][    T0] Movable zone start for each node
[    0.000000][    T0] Early memory node ranges
[    0.000000][    T0]   node   0: [mem 0x0000000040000000-0x00000000bfffffff]
[    0.000000][    T0] Initmem setup node 0 [mem 0x0000000040000000-0x00000000bfffffff]
[    0.000000][    T0] cma: Reserved 16 MiB at 0x00000000bc800000
[    0.000000][    T0] psci: probing for conduit method from DT.
[    0.000000][    T0] psci: PSCIv1.1 detected in firmware.
[    0.000000][    T0] psci: Using standard PSCI v0.2 function IDs
[    0.000000][    T0] psci: Trusted OS migration not required
[    0.000000][    T0] psci: SMC Calling Convention v1.0
[    0.000000][    T0] 'bootconfig' found on command line, but no bootconfig found
[    0.000000][    T0] percpu: Embedded 29 pages/cpu s80936 r8192 d29656 u118784
[    0.000000][    T0] Detected PIPT I-cache on CPU0
[    0.000000][    T0] CPU features: SYS_ID_AA64MMFR1_EL1[11:8]: already set to 0
[    0.000000][    T0] CPU features: detected: Spectre-v2
[    0.000000][    T0] CPU features: detected: Spectre-v3a
[    0.000000][    T0] CPU features: detected: Spectre-v4
[    0.000000][    T0] CPU features: detected: Spectre-BHB
[    0.000000][    T0] CPU features: detected: ARM erratum 834220
[    0.000000][    T0] CPU features: detected: ARM erratum 1742098
[    0.000000][    T0] CPU features: detected: ARM erratum 832075
[    0.000000][    T0] CPU features: detected: ARM errata 1165522, 1319367, or 1530923
[    0.000000][    T0] alternatives: applying boot alternatives
[    0.000000][    T0] Built 1 zonelists, mobility grouping on.  Total pages: 516096
[    0.000000][    T0] Kernel command line: console=ttynull stack_depot_disable=on cgroup_disable=pressure kasan.page_alloc.sample=10 kasan.stacktrace=off kvm-arm.mode=protected bootconfig ioremap_guard console=ttyAMA0 root=/dev/ram0 kasan=off nokaslr earlycon=pl011,0x09000000 printk.devkmsg=on isolcpus=1 nohz_full=1 rcu_nocbs=1 rw
[    0.000000][    T0] cgroup: Disabling pressure control group feature
[    0.000000][    T0] Housekeeping: nohz unsupported. Build with CONFIG_NO_HZ_FULL
[    0.000000][    T0] Unknown kernel command line parameters "nokaslr nohz_full=1", will be passed to user space.
[    0.000000][    T0] Dentry cache hash table entries: 262144 (order: 9, 2097152 bytes, linear)
[    0.000000][    T0] Inode-cache hash table entries: 131072 (order: 8, 1048576 bytes, linear)
[    0.000000][    T0] mem auto-init: stack:all(zero), heap alloc:on, heap free:off
[    0.000000][    T0] Memory: 1998744K/2097152K available (16768K kernel code, 1878K rwdata, 5432K rodata, 1344K init, 600K bss, 82024K reserved, 16384K cma-reserved)
[    0.000000][    T0] SLUB: HWalign=64, Order=0-3, MinObjects=0, CPUs=2, Nodes=1
[    0.000000][    T0] trace event string verifier disabled
[    0.000000][    T0] rcu: Preemptible hierarchical RCU implementation.
[    0.000000][    T0] rcu: 	RCU event tracing is enabled.
[    0.000000][    T0] rcu: 	RCU restricting CPUs from NR_CPUS=32 to nr_cpu_ids=2.
[    0.000000][    T0] rcu: 	RCU priority boosting: priority 1 delay 500 ms.
[    0.000000][    T0] 	Trampoline variant of Tasks RCU enabled.
[    0.000000][    T0] 	Tracing variant of Tasks RCU enabled.
[    0.000000][    T0] rcu: RCU calculated value of scheduler-enlistment delay is 25 jiffies.
[    0.000000][    T0] rcu: Adjusting geometry for rcu_fanout_leaf=16, nr_cpu_ids=2
[    0.000000][    T0] NR_IRQS: 64, nr_irqs: 64, preallocated irqs: 0
[    0.000000][    T0] Root IRQ handler: gic_handle_irq
[    0.000000][    T0] GICv2m: range[mem 0x08020000-0x08020fff], SPI[80:143]
[    0.000000][    T0] rcu: 	Offload RCU callbacks from CPUs: 1.
[    0.000000][    T0] rcu: srcu_init: Setting srcu_struct sizes based on contention.
[    0.000000][    T0] arch_timer: cp15 timer(s) running at 62.50MHz (virt).
[    0.000000][    T0] clocksource: arch_sys_counter: mask: 0x1ffffffffffffff max_cycles: 0x1cd42e208c, max_idle_ns: 881590405314 ns
[    0.000150][    T0] sched_clock: 57 bits at 63MHz, resolution 16ns, wraps every 4398046511096ns
[    0.006881][    T0] kfence: initialized - using 524288 bytes for 63 objects at 0x(____ptrval____)-0x(____ptrval____)
[    0.027418][    T0] Calibrating delay loop (skipped), value calculated using timer frequency.. 125.00 BogoMIPS (lpj=250000)
[    0.028445][    T0] pid_max: default: 32768 minimum: 301
[    0.030730][    T0] LSM: Security Framework initializing
[    0.035774][    T0] SELinux:  Initializing.
[    0.041635][    T0] Mount-cache hash table entries: 4096 (order: 3, 32768 bytes, linear)
[    0.042427][    T0] Mountpoint-cache hash table entries: 4096 (order: 3, 32768 bytes, linear)
[    0.119069][    T1] cacheinfo: Unable to detect cache hierarchy for CPU 0
[    0.139783][    T1] cblist_init_generic: Setting adjustable number of callback queues.
[    0.141515][    T1] cblist_init_generic: Setting shift to 1 and lim to 1.
[    0.142869][    T1] cblist_init_generic: Setting shift to 1 and lim to 1.
[    0.147154][    T1] rcu: Hierarchical SRCU implementation.
[    0.147673][    T1] rcu: 	Max phase no-delay instances is 1000.
[    0.174408][    T1] dyndbg: Ignore empty _ddebug table in a CONFIG_DYNAMIC_DEBUG_CORE build
[    0.175913][    T1] EFI services will not be available.
[    0.180769][    T1] smp: Bringing up secondary CPUs ...
[    0.191569][    T0] Detected PIPT I-cache on CPU1
[    0.193627][    T0] cacheinfo: Unable to detect cache hierarchy for CPU 1
[    0.194907][    T0] CPU1: Booted secondary processor 0x0000000001 [0x411fd070]
[    0.205016][    T1] smp: Brought up 1 node, 2 CPUs
[    0.206603][    T1] SMP: Total of 2 processors activated.
[    0.207002][    T1] CPU features: detected: 32-bit EL0 Support
[    0.207300][    T1] CPU features: detected: 32-bit EL1 Support
[    0.208007][    T1] CPU features: detected: CRC32 instructions
[    0.214660][    T1] CPU features: emulated: Privileged Access Never (PAN) using TTBR0_EL1 switching
[    0.215724][    T1] CPU: All CPU(s) started at EL1
[    0.216351][    T1] alternatives: applying system-wide alternatives
[    0.266066][    T1] Registered cp15_barrier emulation handler
[    0.267084][    T1] Registered setend emulation handler
[    0.270090][    T1] clocksource: jiffies: mask: 0xffffffff max_cycles: 0xffffffff, max_idle_ns: 7645041785100000 ns
[    0.271321][    T1] futex hash table entries: 512 (order: 3, 32768 bytes, linear)
[    0.281499][    T1] pinctrl core: initialized pinctrl subsystem
[    0.315041][    T1] NET: Registered PF_NETLINK/PF_ROUTE protocol family
[    0.342941][    T1] DMA: preallocated 256 KiB GFP_KERNEL pool for atomic allocations
[    0.344454][    T1] DMA: preallocated 256 KiB GFP_KERNEL|GFP_DMA32 pool for atomic allocations
[    0.345788][    T1] audit: initializing netlink subsys (disabled)
[    0.356323][   T30] audit: type=2000 audit(0.288:1): state=initialized audit_enabled=0 res=1
[    0.362618][    T1] thermal_sys: Registered thermal governor 'step_wise'
[    0.362779][    T1] thermal_sys: Registered thermal governor 'user_space'
[    0.363153][    T1] thermal_sys: Registered thermal governor 'power_allocator'
[    0.364396][    T1] cpuidle: using governor menu
[    0.367925][    T1] hw-breakpoint: found 6 breakpoint and 4 watchpoint registers.
[    0.369989][    T1] ASID allocator initialised with 65536 entries
[    0.372482][    T1] Serial: AMBA PL011 UART driver
[    0.421727][    T1] 9000000.pl011: ttyAMA0 at MMIO 0x9000000 (irq = 13, base_baud = 0) is a PL011 rev1
[    0.424386][    T1] printk: console [ttyAMA0] enabled
[    0.424386][    T1] printk: console [ttyAMA0] enabled
[    0.425523][    T1] printk: bootconsole [pl11] disabled
[    0.425523][    T1] printk: bootconsole [pl11] disabled
[    0.438733][    T1] KASLR disabled on command line
[    0.529155][    T1] iommu: Default domain type: Translated 
[    0.529541][    T1] iommu: DMA domain TLB invalidation policy: strict mode 
[    0.536169][    T1] SCSI subsystem initialized
[    0.538168][    T1] usbcore: registered new interface driver usbfs
[    0.539180][    T1] usbcore: registered new interface driver hub
[    0.539772][    T1] usbcore: registered new device driver usb
[    0.541573][    T1] mc: Linux media interface: v0.10
[    0.542065][    T1] videodev: Linux video capture interface: v2.00
[    0.552293][    T1] pps_core: LinuxPPS API ver. 1 registered
[    0.552824][    T1] pps_core: Software ver. 5.3.6 - Copyright 2005-2007 Rodolfo Giometti <giometti@linux.it>
[    0.553476][    T1] PTP clock support registered
[    0.554112][    T1] EDAC MC: Ver: 3.0.0
[    0.571374][    T1] Advanced Linux Sound Architecture Driver Initialized.
[    0.619617][    T1] clocksource: Switched to clocksource arch_sys_counter
[    0.660546][    T1] VFS: Disk quotas dquot_6.6.0
[    0.670211][    T1] VFS: Dquot-cache hash table entries: 512 (order 0, 4096 bytes)
[    0.702396][    T1] NET: Registered PF_INET protocol family
[    0.711232][    T1] IP idents hash table entries: 32768 (order: 6, 262144 bytes, linear)
[    0.776503][    T1] tcp_listen_portaddr_hash hash table entries: 1024 (order: 2, 16384 bytes, linear)
[    0.786780][    T1] Table-perturb hash table entries: 65536 (order: 6, 262144 bytes, linear)
[    0.788398][    T1] TCP established hash table entries: 16384 (order: 5, 131072 bytes, linear)
[    0.792776][    T1] TCP bind hash table entries: 16384 (order: 7, 524288 bytes, linear)
[    0.803167][    T1] TCP: Hash tables configured (established 16384 bind 16384)
[    0.818442][    T1] UDP hash table entries: 1024 (order: 3, 32768 bytes, linear)
[    0.820376][    T1] UDP-Lite hash table entries: 1024 (order: 3, 32768 bytes, linear)
[    0.838521][    T1] NET: Registered PF_UNIX/PF_LOCAL protocol family
[    0.850272][    T1] NET: Registered PF_XDP protocol family
[    0.851627][    T1] PCI: CLS 0 bytes, default 64
[    0.902186][    T1] hw perfevents: enabled with armv8_pmuv3 PMU driver, 7 counters available
[    0.911263][    T8] Trying to unpack rootfs image as initramfs...
[    0.923769][    T1] kvm [1]: HYP mode not available
[    0.959736][    T1] Initialise system trusted keyrings
[    0.974482][    T1] workingset: timestamp_bits=46 max_order=19 bucket_order=0
[    1.148122][    T1] fuse: init (API version 7.37)
[    1.450013][    T1] Key type asymmetric registered
[    1.450715][    T1] Asymmetric key parser 'x509' registered
[    1.452264][    T1] Block layer SCSI generic (bsg) driver version 0.4 loaded (major 239)
[    1.462316][    T1] io scheduler mq-deadline registered
[    1.462737][    T1] io scheduler kyber registered
[    1.464048][    T1] io scheduler bfq registered
[    1.511551][    T8] Freeing initrd memory: 14020K
[    1.518523][    T1] pl061_gpio 9030000.pl061: PL061 GPIO chip registered
[    1.524129][    T1] pci-host-generic 4010000000.pcie: host bridge /pcie@10000000 ranges:
[    1.527158][    T1] pci-host-generic 4010000000.pcie:       IO 0x003eff0000..0x003effffff -> 0x0000000000
[    1.529856][    T1] pci-host-generic 4010000000.pcie:      MEM 0x0010000000..0x003efeffff -> 0x0010000000
[    1.530820][    T1] pci-host-generic 4010000000.pcie:      MEM 0x8000000000..0xffffffffff -> 0x8000000000
[    1.533006][    T1] pci-host-generic 4010000000.pcie: Memory resource size exceeds max for 32 bits
[    1.535777][    T1] pci-host-generic 4010000000.pcie: ECAM at [mem 0x4010000000-0x401fffffff] for [bus 00-ff]
[    1.541842][    T1] pci-host-generic 4010000000.pcie: PCI host bridge to bus 0000:00
[    1.543342][    T1] pci_bus 0000:00: root bus resource [bus 00-ff]
[    1.544132][    T1] pci_bus 0000:00: root bus resource [io  0x0000-0xffff]
[    1.544775][    T1] pci_bus 0000:00: root bus resource [mem 0x10000000-0x3efeffff]
[    1.545992][    T1] pci_bus 0000:00: root bus resource [mem 0x8000000000-0xffffffffff]
[    1.554410][    T1] pci 0000:00:00.0: [1b36:0008] type 00 class 0x060000
[    1.570996][    T1] pci 0000:00:01.0: [1af4:1000] type 00 class 0x020000
[    1.572569][    T1] pci 0000:00:01.0: reg 0x10: [io  0x0000-0x001f]
[    1.573802][    T1] pci 0000:00:01.0: reg 0x14: [mem 0x00000000-0x00000fff]
[    1.574673][    T1] pci 0000:00:01.0: reg 0x20: [mem 0x00000000-0x00003fff 64bit pref]
[    1.575723][    T1] pci 0000:00:01.0: reg 0x30: [mem 0x00000000-0x0003ffff pref]
[    1.588647][    T1] pci 0000:00:01.0: BAR 6: assigned [mem 0x10000000-0x1003ffff pref]
[    1.590633][    T1] pci 0000:00:01.0: BAR 4: assigned [mem 0x8000000000-0x8000003fff 64bit pref]
[    1.591891][    T1] pci 0000:00:01.0: BAR 1: assigned [mem 0x10040000-0x10040fff]
[    1.592696][    T1] pci 0000:00:01.0: BAR 0: assigned [io  0x1000-0x101f]
[    1.623086][    T1] printk: console [ttynull0] enabled
[    1.630132][   T22] cacheinfo: Unable to detect cache hierarchy for CPU 0
[    1.785726][    T1] brd: module loaded
[    1.847734][    T1] loop: module loaded
[    1.867262][    T1] wireguard: WireGuard 1.0.0 loaded. See www.wireguard.com for information.
[    1.867789][    T1] wireguard: Copyright (C) 2015-2019 Jason A. Donenfeld <Jason@zx2c4.com>. All Rights Reserved.
[    1.873904][    T1] MACsec IEEE 802.1AE
[    1.879974][    T1] tun: Universal TUN/TAP device driver, 1.6
[    1.881236][    T1] usbcore: registered new interface driver rtl8150
[    1.882168][    T1] usbcore: registered new interface driver r8152
[    1.883109][    T1] usbcore: registered new interface driver asix
[    1.884137][    T1] usbcore: registered new interface driver ax88179_178a
[    1.884755][    T1] usbcore: registered new interface driver cdc_ether
[    1.885298][    T1] usbcore: registered new interface driver cdc_eem
[    1.886136][    T1] usbcore: registered new interface driver cdc_ncm
[    1.886680][    T1] usbcore: registered new interface driver aqc111
[    1.887153][    T1] usbcore: registered new interface driver r8153_ecm
[    1.896453][    T1] usbcore: registered new interface driver uas
[    1.900217][    T1] usbcore: registered new interface driver usb-storage
[    1.908007][    T1] usbcore: registered new interface driver xpad
[    1.916844][    T1] rtc-pl031 9010000.pl031: registered as rtc0
[    1.918995][    T1] rtc-pl031 9010000.pl031: setting system clock to 2026-09-07T19:55:26 UTC (1788810926)
[    1.921777][    T1] gspca_main: v2.14.0 registered
[    1.922678][    T1] usbcore: registered new interface driver uvcvideo
[    1.924875][    T1] device-mapper: uevent: version 1.0.3
[    1.926944][    T1] device-mapper: ioctl: 4.47.0-ioctl (2022-07-28) initialised: dm-devel@redhat.com
[    1.934105][    T1] sdhci: Secure Digital Host Controller Interface driver
[    1.934528][    T1] sdhci: Copyright(c) Pierre Ossman
[    1.934830][    T1] sdhci-pltfm: SDHCI platform and OF driver helper
[    1.937845][    T1] hid: raw HID events driver (C) Jiri Kosina
[    1.946521][    T1] usbcore: registered new interface driver usbhid
[    1.946913][    T1] usbhid: USB HID core driver
[    1.949113][    T1] ashmem: initialized
[    1.956070][    T1] gnss: GNSS driver registered with major 506
[    1.961779][    T1] usbcore: registered new interface driver snd-usb-audio
[    1.966866][    T1] GACT probability NOT on
[    1.967793][    T1] Mirror/redirect action on
[    1.969028][    T1] netem: version 1.3
[    1.970002][    T1] u32 classifier
[    1.970248][    T1]     input device check on
[    1.970474][    T1]     Actions configured
[    1.993731][    T1] xt_time: kernel timezone is -0000
[    1.994784][    T1] ipip: IPv4 and MPLS over IPv4 tunneling driver
[    1.999415][    T1] gre: GRE over IPv4 demultiplexor driver
[    1.999841][    T1] ip_gre: GRE over IPv4 tunneling driver
[    2.007094][    T1] IPv4 over IPsec tunneling driver
[    2.014153][    T1] Initializing XFRM netlink socket
[    2.015070][    T1] IPsec XFRM device driver
[    2.019021][    T1] NET: Registered PF_INET6 protocol family
[    2.043366][    T1] Segment Routing with IPv6
[    2.043914][    T1] In-situ OAM (IOAM) with IPv6
[    2.046345][    T1] mip6: Mobile IPv6
[    2.056647][    T1] sit: IPv6, IPv4 and MPLS over IPv4 tunneling driver
[    2.065985][    T1] ip6_gre: GRE over IPv6 tunneling driver
[    2.070567][    T1] NET: Registered PF_PACKET protocol family
[    2.071278][    T1] NET: Registered PF_KEY protocol family
[    2.073792][    T1] NET: Registered PF_VSOCK protocol family
[    2.078722][    T1] registered taskstats version 1
[    2.079522][    T1] Loading compiled-in X.509 certificates
[    2.108815][   T55] cryptomgr_probe (55) used greatest stack depth: 15136 bytes left
[    2.115916][    T1] Loaded X.509 cert 'Build time autogenerated kernel key: 3d126cdde7d34f1fa54a4d10fe73f129512afbbc'
[    2.117165][    T1] page_owner is disabled
[    2.118999][    T1] Key type .fscrypt registered
[    2.119282][    T1] Key type fscrypt-provisioning registered
[    2.142861][    T1] input: gpio-keys as /devices/platform/gpio-keys/input/input0
[    2.166065][    T1] ALSA device list:
[    2.166464][    T1]   No soundcards found.
[    2.174256][    T1] uart-pl011 9000000.pl011: no DMA platform data
[    2.264891][    T1] Freeing unused kernel memory: 1344K
[    2.272206][    T1] Run /init as init process
[    2.350810][    T1] request_module fs-devtmpfs succeeded, but still no fs?
[*] Init: Starting harness on /dev/console...
[*] Starting M4 Cleanup Test (Mode A)
[*] epA=3, epB=4. Triggering race by closing epB...
[*] RACE TRIGGERED. Waiting for RCU grace period...
[*] RCU grace period finished. Reading fdinfo...
[-] fdinfo read failed or returned wrong value (0).
[+] Mode A: Testing control. Calling close(epA) (EXPECT PANIC)...
[    4.429295][   T57] epoll_uaf: STRUCT FILE UAF DETECTED in __ep_remove! file=ffffff8002452900 (f_count=0, f_version=0xdeadf11e)
[    4.430783][   T57] Unable to handle kernel read from unreadable memory at virtual address 0000000000000000
[    4.431230][   T57] Mem abort info:
[    4.431384][   T57]   ESR = 0x0000000096000005
[    4.431640][   T57]   EC = 0x25: DABT (current EL), IL = 32 bits
[    4.431856][   T57]   SET = 0, FnV = 0
[    4.432045][   T57]   EA = 0, S1PTW = 0
[    4.432181][   T57]   FSC = 0x05: level 1 translation fault
[    4.432366][   T57] Data abort info:
[    4.432490][   T57]   ISV = 0, ISS = 0x00000005
[    4.432639][   T57]   CM = 0, WnR = 0
[    4.432838][   T57] user pgtable: 4k pages, 39-bit VAs, pgdp=0000000043f09000
[    4.433130][   T57] [0000000000000000] pgd=0000000000000000, p4d=0000000000000000, pud=0000000000000000
[    4.434048][   T57] Internal error: Oops: 0000000096000005 [#1] PREEMPT SMP
[    4.434537][   T57] Modules linked in:
[    4.434871][   T57] CPU: 0 PID: 57 Comm: harness Not tainted 6.1.23-android14-4-maybe-dirty #1
[    4.435249][   T57] Hardware name: linux,dummy-virt (DT)
[    4.435740][   T57] pstate: 60400005 (nZCv daif +PAN -UAO -TCO -DIT -SSBS BTYPE=--)
[    4.439265][   T57] pc : __ep_remove+0xe8/0x3d8
[    4.440091][   T57] lr : __ep_remove+0xc8/0x3d8
[    4.440672][   T57] sp : ffffffc009ce3c90
[    4.441203][   T57] x29: ffffffc009ce3c90 x28: 00000000000000c0 x27: 0000000000000020
[    4.443086][   T57] x26: 0000000000000000 x25: 0000000000000000 x24: 0000000000080007
[    4.443616][   T57] x23: 0000000000000000 x22: ffffff8002452930 x21: ffffff8002452900
[    4.446139][   T57] x20: ffffff8003f48980 x19: ffffff8003d85d80 x18: ffffffc009cdb048
[    4.446845][   T57] x17: 0000000010e2957a x16: ffffffffffffffff x15: 0000000000000004
[    4.447486][   T57] x14: ffffffc00976f700 x13: 0000000000000fff x12: 0000000000000003
[    4.451645][   T57] x11: 0000000000000000 x10: 0000000000000001 x9 : ffffff8003f489d0
[    4.452505][   T57] x8 : 0000000000000000 x7 : 205b5d3539323932 x6 : 342e34202020205b
[    4.453242][   T57] x5 : ffffffc00992628f x4 : ffffffc008855e74 x3 : 0000000000000000
[    4.453834][   T57] x2 : 0000000000000000 x1 : 0000000000000000 x0 : ffffff8002452930
[    4.455653][   T57] Call trace:
[    4.458025][   T57]  __ep_remove+0xe8/0x3d8
[    4.458593][   T57]  ep_clear_and_put+0xd0/0x1dc
[    4.458908][   T57]  ep_eventpoll_release+0x20/0x38
[    4.459217][   T57]  __fput+0xfc/0x2dc
[    4.459485][   T57]  ____fput+0x18/0x2c
[    4.462700][   T57]  task_work_run+0xd8/0x104
[    4.463141][   T57]  do_notify_resume+0x294/0x340
[    4.463435][   T57]  el0_svc+0x68/0xc4
[    4.463717][   T57]  el0t_64_sync_handler+0x8c/0xfc
[    4.464091][   T57]  el0t_64_sync+0x1a0/0x1a4
[    4.465085][   T57] Code: 9430e64e 1400008e f9406ab7 91014289 (f94002e8) 
[    4.465909][   T57] ---[ end trace 0000000000000000 ]---
[    4.466545][   T57] Kernel panic - not syncing: Oops: Fatal exception
[    4.466923][   T57] SMP: stopping secondary CPUs
[    4.467822][   T57] Kernel Offset: disabled
[    4.468061][   T57] CPU features: 0x22000,2023c080,0000421b
[    4.468522][   T57] Memory Limit: none
