[    0.000000][    T0] Booting Linux on physical CPU 0x0000000000 [0x411fd070]
[    0.000000][    T0] Linux version 6.1.23-android14-4-00257-g7e35917775b8-ab9964412 (build-user@build-host) (Android (9796371, based on r487747) clang version 17.0.0 (https://android.googlesource.com/toolchain/llvm-project d9f89f4d16663d5012e5c09495f3b30ece3d2362), LLD 17.0.0) #1 SMP PREEMPT Mon Apr 17 20:50:58 UTC 2023
[    0.000000][    T0] random: crng init done
[    0.000000][    T0] Machine model: linux,dummy-virt
[    0.000000][    T0] Stack Depot is disabled
[    0.000000][    T0] KVM is not available. Ignoring kvm-arm.mode
[    0.000000][    T0] earlycon: pl11 at MMIO 0x0000000009000000 (options '')
[    0.000000][    T0] printk: bootconsole [pl11] enabled
[    0.000000][    T0] efi: UEFI not found.
[    0.000000][    T0] Zone ranges:
[    0.000000][    T0]   DMA32    [mem 0x0000000040000000-0x00000000bfffffff]
[    0.000000][    T0]   Normal   empty
[    0.000000][    T0]   Device   empty
[    0.000000][    T0] Movable zone start for each node
[    0.000000][    T0] Early memory node ranges
[    0.000000][    T0]   node   0: [mem 0x0000000040000000-0x00000000bfffffff]
[    0.000000][    T0] Initmem setup node 0 [mem 0x0000000040000000-0x00000000bfffffff]
[    0.000000][    T0] cma: Reserved 16 MiB at 0x00000000bc800000
[    0.000000][    T0] psci: probing for conduit method from DT.
[    0.000000][    T0] psci: PSCIv1.1 detected in firmware.
[    0.000000][    T0] psci: Using standard PSCI v0.2 function IDs
[    0.000000][    T0] psci: Trusted OS migration not required
[    0.000000][    T0] psci: SMC Calling Convention v1.0
[    0.000000][    T0] 'bootconfig' found on command line, but no bootconfig found
[    0.000000][    T0] percpu: Embedded 29 pages/cpu s80936 r8192 d29656 u118784
[    0.000000][    T0] Detected PIPT I-cache on CPU0
[    0.000000][    T0] CPU features: SYS_ID_AA64MMFR1_EL1[11:8]: already set to 0
[    0.000000][    T0] CPU features: detected: Spectre-v2
[    0.000000][    T0] CPU features: detected: Spectre-v3a
[    0.000000][    T0] CPU features: detected: Spectre-v4
[    0.000000][    T0] CPU features: detected: Spectre-BHB
[    0.000000][    T0] CPU features: kernel page table isolation forced ON by KASLR
[    0.000000][    T0] CPU features: detected: Kernel page table isolation (KPTI)
[    0.000000][    T0] CPU features: detected: ARM erratum 834220
[    0.000000][    T0] CPU features: detected: ARM erratum 1742098
[    0.000000][    T0] CPU features: detected: ARM erratum 832075
[    0.000000][    T0] CPU features: detected: ARM errata 1165522, 1319367, or 1530923
[    0.000000][    T0] alternatives: applying boot alternatives
[    0.000000][    T0] Built 1 zonelists, mobility grouping on.  Total pages: 516096
[    0.000000][    T0] Kernel command line: console=ttynull stack_depot_disable=on cgroup_disable=pressure kasan.page_alloc.sample=10 kasan.stacktrace=off kvm-arm.mode=protected bootconfig ioremap_guard console=ttyAMA0 earlycon=pl011,0x9000000
[    0.000000][    T0] cgroup: Disabling pressure control group feature
[    0.000000][    T0] Dentry cache hash table entries: 262144 (order: 9, 2097152 bytes, linear)
[    0.000000][    T0] Inode-cache hash table entries: 131072 (order: 8, 1048576 bytes, linear)
[    0.000000][    T0] mem auto-init: stack:all(zero), heap alloc:on, heap free:off
[    0.000000][    T0] Memory: 2005780K/2097152K available (16768K kernel code, 1878K rwdata, 10648K rodata, 1344K init, 600K bss, 74988K reserved, 16384K cma-reserved)
[    0.000000][    T0] SLUB: HWalign=64, Order=0-3, MinObjects=0, CPUs=2, Nodes=1
[    0.000000][    T0] trace event string verifier disabled
[    0.000000][    T0] rcu: Preemptible hierarchical RCU implementation.
[    0.000000][    T0] rcu: 	RCU event tracing is enabled.
[    0.000000][    T0] rcu: 	RCU restricting CPUs from NR_CPUS=32 to nr_cpu_ids=2.
[    0.000000][    T0] rcu: 	RCU priority boosting: priority 1 delay 500 ms.
[    0.000000][    T0] 	Trampoline variant of Tasks RCU enabled.
[    0.000000][    T0] 	Tracing variant of Tasks RCU enabled.
[    0.000000][    T0] rcu: RCU calculated value of scheduler-enlistment delay is 25 jiffies.
[    0.000000][    T0] rcu: Adjusting geometry for rcu_fanout_leaf=16, nr_cpu_ids=2
[    0.000000][    T0] NR_IRQS: 64, nr_irqs: 64, preallocated irqs: 0
[    0.000000][    T0] Root IRQ handler: gic_handle_irq
[    0.000000][    T0] GICv2m: range[mem 0x08020000-0x08020fff], SPI[80:143]
[    0.000000][    T0] rcu: srcu_init: Setting srcu_struct sizes based on contention.
[    0.000000][    T0] arch_timer: cp15 timer(s) running at 62.50MHz (virt).
[    0.000000][    T0] clocksource: arch_sys_counter: mask: 0x1ffffffffffffff max_cycles: 0x1cd42e208c, max_idle_ns: 881590405314 ns
[    0.000105][    T0] sched_clock: 57 bits at 63MHz, resolution 16ns, wraps every 4398046511096ns
[    0.004257][    T0] kfence: initialized - using 524288 bytes for 63 objects at 0x(____ptrval____)-0x(____ptrval____)
[    0.020477][    T0] Calibrating delay loop (skipped), value calculated using timer frequency.. 125.00 BogoMIPS (lpj=250000)
[    0.021709][    T0] pid_max: default: 32768 minimum: 301
[    0.023659][    T0] LSM: Security Framework initializing
[    0.027056][    T0] SELinux:  Initializing.
[    0.031149][    T0] Mount-cache hash table entries: 4096 (order: 3, 32768 bytes, linear)
[    0.031572][    T0] Mountpoint-cache hash table entries: 4096 (order: 3, 32768 bytes, linear)
[    0.095013][    T1] cacheinfo: Unable to detect cache hierarchy for CPU 0
[    0.113826][    T1] cblist_init_generic: Setting adjustable number of callback queues.
[    0.114405][    T1] cblist_init_generic: Setting shift to 1 and lim to 1.
[    0.115398][    T1] cblist_init_generic: Setting shift to 1 and lim to 1.
[    0.118840][    T1] rcu: Hierarchical SRCU implementation.
[    0.119136][    T1] rcu: 	Max phase no-delay instances is 1000.
[    0.137650][    T1] dyndbg: Ignore empty _ddebug table in a CONFIG_DYNAMIC_DEBUG_CORE build
[    0.138961][    T1] EFI services will not be available.
[    0.144193][    T1] smp: Bringing up secondary CPUs ...
[    0.152132][    T0] Detected PIPT I-cache on CPU1
[    0.153177][    T0] cacheinfo: Unable to detect cache hierarchy for CPU 1
[    0.153929][    T0] CPU1: Booted secondary processor 0x0000000001 [0x411fd070]
[    0.160149][    T1] smp: Brought up 1 node, 2 CPUs
[    0.161490][    T1] SMP: Total of 2 processors activated.
[    0.161797][    T1] CPU features: detected: 32-bit EL0 Support
[    0.162037][    T1] CPU features: detected: 32-bit EL1 Support
[    0.162408][    T1] CPU features: detected: CRC32 instructions
[    0.166914][    T1] CPU features: emulated: Privileged Access Never (PAN) using TTBR0_EL1 switching
[    0.167751][    T1] CPU: All CPU(s) started at EL1
[    0.168211][    T1] alternatives: applying system-wide alternatives
[    0.211793][    T1] Registered cp15_barrier emulation handler
[    0.212249][    T1] Registered setend emulation handler
[    0.214255][    T1] clocksource: jiffies: mask: 0xffffffff max_cycles: 0xffffffff, max_idle_ns: 7645041785100000 ns
[    0.215214][    T1] futex hash table entries: 512 (order: 3, 32768 bytes, linear)
[    0.225100][    T1] pinctrl core: initialized pinctrl subsystem
[    0.253458][    T1] NET: Registered PF_NETLINK/PF_ROUTE protocol family
[    0.277098][    T1] DMA: preallocated 256 KiB GFP_KERNEL pool for atomic allocations
[    0.278660][    T1] DMA: preallocated 256 KiB GFP_KERNEL|GFP_DMA32 pool for atomic allocations
[    0.279483][    T1] audit: initializing netlink subsys (disabled)
[    0.282841][   T27] audit: type=2000 audit(0.240:1): state=initialized audit_enabled=0 res=1
[    0.288874][    T1] thermal_sys: Registered thermal governor 'step_wise'
[    0.288963][    T1] thermal_sys: Registered thermal governor 'user_space'
[    0.289259][    T1] thermal_sys: Registered thermal governor 'power_allocator'
[    0.290145][    T1] cpuidle: using governor menu
[    0.294170][    T1] hw-breakpoint: found 6 breakpoint and 4 watchpoint registers.
[    0.296123][    T1] ASID allocator initialised with 32768 entries
[    0.298918][    T1] Serial: AMBA PL011 UART driver
[    0.340069][    T1] 9000000.pl011: ttyAMA0 at MMIO 0x9000000 (irq = 13, base_baud = 0) is a PL011 rev1
[    0.343824][    T1] printk: console [ttyAMA0] enabled
[    0.343824][    T1] printk: console [ttyAMA0] enabled
[    0.345175][    T1] printk: bootconsole [pl11] disabled
[    0.345175][    T1] printk: bootconsole [pl11] disabled
[    0.356809][    T1] KASLR enabled
[    0.416597][    T1] iommu: Default domain type: Translated 
[    0.416969][    T1] iommu: DMA domain TLB invalidation policy: strict mode 
[    0.425365][    T1] SCSI subsystem initialized
[    0.430038][    T1] usbcore: registered new interface driver usbfs
[    0.431313][    T1] usbcore: registered new interface driver hub
[    0.431893][    T1] usbcore: registered new device driver usb
[    0.433719][    T1] mc: Linux media interface: v0.10
[    0.434163][    T1] videodev: Linux video capture interface: v2.00
[    0.435621][    T1] pps_core: LinuxPPS API ver. 1 registered
[    0.435880][    T1] pps_core: Software ver. 5.3.6 - Copyright 2005-2007 Rodolfo Giometti <giometti@linux.it>
[    0.436396][    T1] PTP clock support registered
[    0.437035][    T1] EDAC MC: Ver: 3.0.0
[    0.446953][    T1] Advanced Linux Sound Architecture Driver Initialized.
[    0.467614][    T1] clocksource: Switched to clocksource arch_sys_counter
[    0.474060][    T1] VFS: Disk quotas dquot_6.6.0
[    0.474721][    T1] VFS: Dquot-cache hash table entries: 512 (order 0, 4096 bytes)
[    0.482059][    T1] NET: Registered PF_INET protocol family
[    0.485674][    T1] IP idents hash table entries: 32768 (order: 6, 262144 bytes, linear)
[    0.500509][    T1] tcp_listen_portaddr_hash hash table entries: 1024 (order: 2, 16384 bytes, linear)
[    0.501321][    T1] Table-perturb hash table entries: 65536 (order: 6, 262144 bytes, linear)
[    0.501943][    T1] TCP established hash table entries: 16384 (order: 5, 131072 bytes, linear)
[    0.503446][    T1] TCP bind hash table entries: 16384 (order: 7, 524288 bytes, linear)
[    0.504553][    T1] TCP: Hash tables configured (established 16384 bind 16384)
[    0.508115][    T1] UDP hash table entries: 1024 (order: 3, 32768 bytes, linear)
[    0.509082][    T1] UDP-Lite hash table entries: 1024 (order: 3, 32768 bytes, linear)
[    0.512506][    T1] NET: Registered PF_UNIX/PF_LOCAL protocol family
[    0.513831][    T1] NET: Registered PF_XDP protocol family
[    0.514543][    T1] PCI: CLS 0 bytes, default 64
[    0.531868][    T1] hw perfevents: enabled with armv8_pmuv3 PMU driver, 7 counters available
[    0.533625][    T1] kvm [1]: HYP mode not available
[    0.540360][    T1] Initialise system trusted keyrings
[    0.545228][   T10] Trying to unpack rootfs image as initramfs...
[    0.548414][    T1] workingset: timestamp_bits=46 max_order=19 bucket_order=0
[    0.629455][    T1] fuse: init (API version 7.37)
[    0.701080][   T10] Freeing initrd memory: 1748K
[    0.718004][    T1] Key type asymmetric registered
[    0.718441][    T1] Asymmetric key parser 'x509' registered
[    0.719195][    T1] Block layer SCSI generic (bsg) driver version 0.4 loaded (major 239)
[    0.721123][    T1] io scheduler mq-deadline registered
[    0.721477][    T1] io scheduler kyber registered
[    0.722584][    T1] io scheduler bfq registered
[    0.736587][    T1] pl061_gpio 9030000.pl061: PL061 GPIO chip registered
[    0.738885][    T1] pci-host-generic 4010000000.pcie: host bridge /pcie@10000000 ranges:
[    0.740430][    T1] pci-host-generic 4010000000.pcie:       IO 0x003eff0000..0x003effffff -> 0x0000000000
[    0.741627][    T1] pci-host-generic 4010000000.pcie:      MEM 0x0010000000..0x003efeffff -> 0x0010000000
[    0.742410][    T1] pci-host-generic 4010000000.pcie:      MEM 0x8000000000..0xffffffffff -> 0x8000000000
[    0.744428][    T1] pci-host-generic 4010000000.pcie: Memory resource size exceeds max for 32 bits
[    0.745406][    T1] pci-host-generic 4010000000.pcie: ECAM at [mem 0x4010000000-0x401fffffff] for [bus 00-ff]
[    0.747347][    T1] pci-host-generic 4010000000.pcie: PCI host bridge to bus 0000:00
[    0.748093][    T1] pci_bus 0000:00: root bus resource [bus 00-ff]
[    0.748358][    T1] pci_bus 0000:00: root bus resource [io  0x0000-0xffff]
[    0.748666][    T1] pci_bus 0000:00: root bus resource [mem 0x10000000-0x3efeffff]
[    0.748923][    T1] pci_bus 0000:00: root bus resource [mem 0x8000000000-0xffffffffff]
[    0.751480][    T1] pci 0000:00:00.0: [1b36:0008] type 00 class 0x060000
[    0.759098][    T1] pci 0000:00:01.0: [1af4:1000] type 00 class 0x020000
[    0.761000][    T1] pci 0000:00:01.0: reg 0x10: [io  0x0000-0x001f]
[    0.761419][    T1] pci 0000:00:01.0: reg 0x14: [mem 0x00000000-0x00000fff]
[    0.761819][    T1] pci 0000:00:01.0: reg 0x20: [mem 0x00000000-0x00003fff 64bit pref]
[    0.762257][    T1] pci 0000:00:01.0: reg 0x30: [mem 0x00000000-0x0003ffff pref]
[    0.766488][    T1] pci 0000:00:01.0: BAR 6: assigned [mem 0x10000000-0x1003ffff pref]
[    0.767328][    T1] pci 0000:00:01.0: BAR 4: assigned [mem 0x8000000000-0x8000003fff 64bit pref]
[    0.767756][    T1] pci 0000:00:01.0: BAR 1: assigned [mem 0x10040000-0x10040fff]
[    0.767997][    T1] pci 0000:00:01.0: BAR 0: assigned [io  0x1000-0x101f]
[    0.779742][    T1] printk: console [ttynull0] enabled
[    0.781894][   T20] cacheinfo: Unable to detect cache hierarchy for CPU 0
[    0.828377][    T1] brd: module loaded
[    0.865084][    T1] loop: module loaded
[    0.877503][    T1] wireguard: WireGuard 1.0.0 loaded. See www.wireguard.com for information.
[    0.878308][    T1] wireguard: Copyright (C) 2015-2019 Jason A. Donenfeld <Jason@zx2c4.com>. All Rights Reserved.
[    0.881893][    T1] MACsec IEEE 802.1AE
[    0.885498][    T1] tun: Universal TUN/TAP device driver, 1.6
[    0.886209][    T1] usbcore: registered new interface driver rtl8150
[    0.886515][    T1] usbcore: registered new interface driver r8152
[    0.886830][    T1] usbcore: registered new interface driver asix
[    0.887200][    T1] usbcore: registered new interface driver ax88179_178a
[    0.887660][    T1] usbcore: registered new interface driver cdc_ether
[    0.887930][    T1] usbcore: registered new interface driver cdc_eem
[    0.888255][    T1] usbcore: registered new interface driver cdc_ncm
[    0.888542][    T1] usbcore: registered new interface driver aqc111
[    0.888922][    T1] usbcore: registered new interface driver r8153_ecm
[    0.894020][    T1] usbcore: registered new interface driver uas
[    0.894729][    T1] usbcore: registered new interface driver usb-storage
[    0.898853][    T1] usbcore: registered new interface driver xpad
[    0.904675][    T1] rtc-pl031 9010000.pl031: registered as rtc0
[    0.906041][    T1] rtc-pl031 9010000.pl031: setting system clock to 2026-07-13T19:31:48 UTC (1783971108)
[    0.909130][    T1] gspca_main: v2.14.0 registered
[    0.910330][    T1] usbcore: registered new interface driver uvcvideo
[    0.912057][    T1] device-mapper: uevent: version 1.0.3
[    0.913634][    T1] device-mapper: ioctl: 4.47.0-ioctl (2022-07-28) initialised: dm-devel@redhat.com
[    0.917962][    T1] sdhci: Secure Digital Host Controller Interface driver
[    0.918352][    T1] sdhci: Copyright(c) Pierre Ossman
[    0.918659][    T1] sdhci-pltfm: SDHCI platform and OF driver helper
[    0.920511][    T1] hid: raw HID events driver (C) Jiri Kosina
[    0.927653][    T1] usbcore: registered new interface driver usbhid
[    0.928099][    T1] usbhid: USB HID core driver
[    0.929653][    T1] ashmem: initialized
[    0.932358][    T1] gnss: GNSS driver registered with major 506
[    0.935441][    T1] usbcore: registered new interface driver snd-usb-audio
[    0.938747][    T1] GACT probability NOT on
[    0.939475][    T1] Mirror/redirect action on
[    0.940386][    T1] netem: version 1.3
[    0.940962][    T1] u32 classifier
[    0.941134][    T1]     input device check on
[    0.941330][    T1]     Actions configured
[    1.084455][    T1] xt_time: kernel timezone is -0000
[    1.085281][    T1] ipip: IPv4 and MPLS over IPv4 tunneling driver
[    1.089280][    T1] gre: GRE over IPv4 demultiplexor driver
[    1.089761][    T1] ip_gre: GRE over IPv4 tunneling driver
[    1.096994][    T1] IPv4 over IPsec tunneling driver
[    1.103482][    T1] Initializing XFRM netlink socket
[    1.104110][    T1] IPsec XFRM device driver
[    1.108242][    T1] NET: Registered PF_INET6 protocol family
[    1.131466][    T1] Segment Routing with IPv6
[    1.131960][    T1] In-situ OAM (IOAM) with IPv6
[    1.133715][    T1] mip6: Mobile IPv6
[    1.140426][    T1] sit: IPv6, IPv4 and MPLS over IPv4 tunneling driver
[    1.146887][    T1] ip6_gre: GRE over IPv6 tunneling driver
[    1.150588][    T1] NET: Registered PF_PACKET protocol family
[    1.151165][    T1] NET: Registered PF_KEY protocol family
[    1.153879][    T1] NET: Registered PF_VSOCK protocol family
[    1.160647][    T1] registered taskstats version 1
[    1.161716][    T1] Loading compiled-in X.509 certificates
[    1.189227][   T52] cryptomgr_probe (52) used greatest stack depth: 14832 bytes left
[    1.200546][    T1] Loaded X.509 cert 'Build time autogenerated kernel key: f7e9a977d9884f65708844afed698b29f6bfb848'
[    1.202083][    T1] page_owner is disabled
[    1.203808][    T1] Key type .fscrypt registered
[    1.204059][    T1] Key type fscrypt-provisioning registered
[    1.232986][    T1] input: gpio-keys as /devices/platform/gpio-keys/input/input0
[    1.247541][    T1] ALSA device list:
[    1.248078][    T1]   No soundcards found.
[    1.254230][    T1] uart-pl011 9000000.pl011: no DMA platform data
[    1.332486][    T1] Freeing unused kernel memory: 1344K
[    1.334911][    T1] Run /init as init process
[    1.549973][    T1] init: init first stage started!
[    1.585331][    T1] init: Loading module /lib/modules/virtio_blk.ko with args ''
[    1.594781][    T1] virtio_blk: module verification failed: signature and/or required key missing - tainting kernel
[    1.604189][    T1] Kernel module BTF mismatch detected, BTF debug info may be unavailable for some modules
[    1.609741][    T1] init: Loaded kernel module /lib/modules/virtio_blk.ko
[    1.612425][    T1] init: Loading module /lib/modules/virtio_console.ko with args ''
[    1.618951][    T1] init: Loaded kernel module /lib/modules/virtio_console.ko
[    1.620857][    T1] init: Loading module /lib/modules/virtio_dma_buf.ko with args ''
[    1.625386][    T1] init: Loaded kernel module /lib/modules/virtio_dma_buf.ko
[    1.627521][    T1] init: Loading module /lib/modules/virtio_mmio.ko with args ''
[    1.638061][    T1] init: Loaded kernel module /lib/modules/virtio_mmio.ko
[    1.640949][    T1] init: Loading module /lib/modules/virtio_pci_modern_dev.ko with args ''
[    1.658985][    T1] virtio-pci 0000:00:01.0: enabling device (0000 -> 0003)
qemu-system-aarch64: terminating on signal 15 from pid 27237 ()
