[NAT-005] Starting Upgraded Harness (isolcpus=1 + 4MB Cache Eviction, Target: 2330 cycles, freq: 62500000 Hz)
[NAT-005] Phase 1: Executing Fine-Grained Sweep Centered on 2,330 Cycles (2180..2480, step=10)...
[NAT-005] Calibrated Window Delay=2180 cycles: 2800 iterations complete | best_alignment_err=3 cycles
[NAT-005] Calibrated Window Delay=2190 cycles: 5600 iterations complete | best_alignment_err=24 cycles
[NAT-005] Calibrated Window Delay=2200 cycles: 8400 iterations complete | best_alignment_err=17 cycles
[NAT-005] Calibrated Window Delay=2210 cycles: 11200 iterations complete | best_alignment_err=28 cycles
[NAT-005] Calibrated Window Delay=2220 cycles: 14000 iterations complete | best_alignment_err=105 cycles
[NAT-005] Calibrated Window Delay=2230 cycles: 16800 iterations complete | best_alignment_err=18 cycles
[NAT-005] Calibrated Window Delay=2240 cycles: 19600 iterations complete | best_alignment_err=8 cycles
[NAT-005] Calibrated Window Delay=2250 cycles: 22400 iterations complete | best_alignment_err=80 cycles
[NAT-005] Calibrated Window Delay=2260 cycles: 25200 iterations complete | best_alignment_err=165 cycles
[NAT-005] Calibrated Window Delay=2270 cycles: 28000 iterations complete | best_alignment_err=28 cycles
[NAT-005] Calibrated Window Delay=2280 cycles: 30800 iterations complete | best_alignment_err=216 cycles
[NAT-005] Calibrated Window Delay=2290 cycles: 33600 iterations complete | best_alignment_err=11 cycles
[NAT-005] Calibrated Window Delay=2300 cycles: 36400 iterations complete | best_alignment_err=11 cycles
[NAT-005] Calibrated Window Delay=2310 cycles: 39200 iterations complete | best_alignment_err=15 cycles
[NAT-005] Calibrated Window Delay=2320 cycles: 42000 iterations complete | best_alignment_err=64 cycles
[NAT-005] Calibrated Window Delay=2330 cycles: 44800 iterations complete | best_alignment_err=65 cycles
[NAT-005] Calibrated Window Delay=2340 cycles: 47600 iterations complete | best_alignment_err=95 cycles
[NAT-005] Calibrated Window Delay=2350 cycles: 50400 iterations complete | best_alignment_err=60 cycles
[NAT-005] Calibrated Window Delay=2360 cycles: 53200 iterations complete | best_alignment_err=27 cycles
[NAT-005] Calibrated Window Delay=2370 cycles: 56000 iterations complete | best_alignment_err=95 cycles
[NAT-005] Calibrated Window Delay=2380 cycles: 58800 iterations complete | best_alignment_err=13 cycles
[NAT-005] Calibrated Window Delay=2390 cycles: 61600 iterations complete | best_alignment_err=138 cycles
[NAT-005] Calibrated Window Delay=2400 cycles: 64400 iterations complete | best_alignment_err=13 cycles
[NAT-005] Calibrated Window Delay=2410 cycles: 67200 iterations complete | best_alignment_err=12 cycles
[NAT-005] Calibrated Window Delay=2420 cycles: 70000 iterations complete | best_alignment_err=112 cycles
[NAT-005] Calibrated Window Delay=2430 cycles: 72800 iterations complete | best_alignment_err=15 cycles
[NAT-005] Calibrated Window Delay=2440 cycles: 75600 iterations complete | best_alignment_err=26 cycles
[NAT-005] Calibrated Window Delay=2450 cycles: 78400 iterations complete | best_alignment_err=21 cycles
[NAT-005] Calibrated Window Delay=2460 cycles: 81200 iterations complete | best_alignment_err=106 cycles
[NAT-005] Calibrated Window Delay=2470 cycles: 84000 iterations complete | best_alignment_err=12 cycles
[NAT-005] Calibrated Window Delay=2480 cycles: 86800 iterations complete | best_alignment_err=22 cycles
[NAT-005] Phase 2: Executing Outer Boundary Sweep (2000..2160 and 2500..2660 cycles, step=20)...
[NAT-005] Upgraded Closed-Loop Search FINAL RESULT:
  - Total Iterations: 92740 / 100000
  - Technique Upgrades: isolcpus=1 + 4MB Cache Eviction Sweeper
  - Empirically Calibrated Target: 2330 cycles
  - Critical Window Focus: 2180-2480 cycles (step=10, 86.8% budget)
  - Best Delay Alignment Setting: 2180 cycles
  - Closest Near-Miss Alignment Error: 3 cycles
  - Total UAF Hits: 0