[    0.000000][    T0] Booting Linux on physical CPU 0x0000000000 [0x411fd070]
[    0.000000][    T0] Linux version 6.1.23-android14-4-maybe-dirty (build-user@build-host) (Android (10087095, +pgo, +bolt, +lto, -mlgo, based on r487747c) clang version 17.0.2 (https://android.googlesource.com/toolchain/llvm-project d9f89f4d16663d5012e5c09495f3b30ece3d2362), LLD 17.0.2) #1 SMP PREEMPT Thu Jan  1 00:00:00 UTC 1970
[    0.000000][    T0] random: crng init done
[    0.000000][    T0] Machine model: linux,dummy-virt
[    0.000000][    T0] Stack Depot is disabled
[    0.000000][    T0] KVM is not available. Ignoring kvm-arm.mode
[    0.000000][    T0] earlycon: pl11 at MMIO 0x0000000009000000 (options '')
[    0.000000][    T0] printk: bootconsole [pl11] enabled
[    0.000000][    T0] efi: UEFI not found.
[    0.000000][    T0] Zone ranges:
[    0.000000][    T0]   DMA32    [mem 0x0000000040000000-0x00000000bfffffff]
[    0.000000][    T0]   Normal   empty
[    0.000000][    T0]   Device   empty
[    0.000000][    T0] Movable zone start for each node
[    0.000000][    T0] Early memory node ranges
[    0.000000][    T0]   node   0: [mem 0x0000000040000000-0x00000000bfffffff]
[    0.000000][    T0] Initmem setup node 0 [mem 0x0000000040000000-0x00000000bfffffff]
[    0.000000][    T0] cma: Reserved 16 MiB at 0x00000000bc800000
[    0.000000][    T0] psci: probing for conduit method from DT.
[    0.000000][    T0] psci: PSCIv1.1 detected in firmware.
[    0.000000][    T0] psci: Using standard PSCI v0.2 function IDs
[    0.000000][    T0] psci: Trusted OS migration not required
[    0.000000][    T0] psci: SMC Calling Convention v1.0
[    0.000000][    T0] 'bootconfig' found on command line, but no bootconfig found
[    0.000000][    T0] percpu: Embedded 29 pages/cpu s80936 r8192 d29656 u118784
[    0.000000][    T0] Detected PIPT I-cache on CPU0
[    0.000000][    T0] CPU features: SYS_ID_AA64MMFR1_EL1[11:8]: already set to 0
[    0.000000][    T0] CPU features: detected: Spectre-v2
[    0.000000][    T0] CPU features: detected: Spectre-v3a
[    0.000000][    T0] CPU features: detected: Spectre-v4
[    0.000000][    T0] CPU features: detected: Spectre-BHB
[    0.000000][    T0] CPU features: detected: ARM erratum 834220
[    0.000000][    T0] CPU features: detected: ARM erratum 1742098
[    0.000000][    T0] CPU features: detected: ARM erratum 832075
[    0.000000][    T0] CPU features: detected: ARM errata 1165522, 1319367, or 1530923
[    0.000000][    T0] alternatives: applying boot alternatives
[    0.000000][    T0] Built 1 zonelists, mobility grouping on.  Total pages: 516096
[    0.000000][    T0] Kernel command line: console=ttynull stack_depot_disable=on cgroup_disable=pressure kasan.page_alloc.sample=10 kasan.stacktrace=off kvm-arm.mode=protected bootconfig ioremap_guard console=ttyAMA0 root=/dev/ram0 kasan=off nokaslr earlycon=pl011,0x09000000 printk.devkmsg=on isolcpus=1 nohz_full=1 rcu_nocbs=1 rw
[    0.000000][    T0] cgroup: Disabling pressure control group feature
[    0.000000][    T0] Housekeeping: nohz unsupported. Build with CONFIG_NO_HZ_FULL
[    0.000000][    T0] Unknown kernel command line parameters "nokaslr nohz_full=1", will be passed to user space.
[    0.000000][    T0] Dentry cache hash table entries: 262144 (order: 9, 2097152 bytes, linear)
[    0.000000][    T0] Inode-cache hash table entries: 131072 (order: 8, 1048576 bytes, linear)
[    0.000000][    T0] mem auto-init: stack:all(zero), heap alloc:on, heap free:off
[    0.000000][    T0] Memory: 1998656K/2097152K available (16768K kernel code, 1878K rwdata, 5432K rodata, 1344K init, 600K bss, 82112K reserved, 16384K cma-reserved)
[    0.000000][    T0] SLUB: HWalign=64, Order=0-3, MinObjects=0, CPUs=2, Nodes=1
[    0.000000][    T0] trace event string verifier disabled
[    0.000000][    T0] rcu: Preemptible hierarchical RCU implementation.
[    0.000000][    T0] rcu: 	RCU event tracing is enabled.
[    0.000000][    T0] rcu: 	RCU restricting CPUs from NR_CPUS=32 to nr_cpu_ids=2.
[    0.000000][    T0] rcu: 	RCU priority boosting: priority 1 delay 500 ms.
[    0.000000][    T0] 	Trampoline variant of Tasks RCU enabled.
[    0.000000][    T0] 	Tracing variant of Tasks RCU enabled.
[    0.000000][    T0] rcu: RCU calculated value of scheduler-enlistment delay is 25 jiffies.
[    0.000000][    T0] rcu: Adjusting geometry for rcu_fanout_leaf=16, nr_cpu_ids=2
[    0.000000][    T0] NR_IRQS: 64, nr_irqs: 64, preallocated irqs: 0
[    0.000000][    T0] Root IRQ handler: gic_handle_irq
[    0.000000][    T0] GICv2m: range[mem 0x08020000-0x08020fff], SPI[80:143]
[    0.000000][    T0] rcu: 	Offload RCU callbacks from CPUs: 1.
[    0.000000][    T0] rcu: srcu_init: Setting srcu_struct sizes based on contention.
[    0.000000][    T0] arch_timer: cp15 timer(s) running at 62.50MHz (virt).
[    0.000000][    T0] clocksource: arch_sys_counter: mask: 0x1ffffffffffffff max_cycles: 0x1cd42e208c, max_idle_ns: 881590405314 ns
[    0.000131][    T0] sched_clock: 57 bits at 63MHz, resolution 16ns, wraps every 4398046511096ns
[    0.005133][    T0] kfence: initialized - using 524288 bytes for 63 objects at 0x(____ptrval____)-0x(____ptrval____)
[    0.021321][    T0] Calibrating delay loop (skipped), value calculated using timer frequency.. 125.00 BogoMIPS (lpj=250000)
[    0.022274][    T0] pid_max: default: 32768 minimum: 301
[    0.024286][    T0] LSM: Security Framework initializing
[    0.026782][    T0] SELinux:  Initializing.
[    0.034275][    T0] Mount-cache hash table entries: 4096 (order: 3, 32768 bytes, linear)
[    0.034805][    T0] Mountpoint-cache hash table entries: 4096 (order: 3, 32768 bytes, linear)
[    0.110498][    T1] cacheinfo: Unable to detect cache hierarchy for CPU 0
[    0.140961][    T1] cblist_init_generic: Setting adjustable number of callback queues.
[    0.141630][    T1] cblist_init_generic: Setting shift to 1 and lim to 1.
[    0.144434][    T1] cblist_init_generic: Setting shift to 1 and lim to 1.
[    0.149275][    T1] rcu: Hierarchical SRCU implementation.
[    0.149743][    T1] rcu: 	Max phase no-delay instances is 1000.
[    0.180185][    T1] dyndbg: Ignore empty _ddebug table in a CONFIG_DYNAMIC_DEBUG_CORE build
[    0.182257][    T1] EFI services will not be available.
[    0.188160][    T1] smp: Bringing up secondary CPUs ...
[    0.199003][    T0] Detected PIPT I-cache on CPU1
[    0.200531][    T0] cacheinfo: Unable to detect cache hierarchy for CPU 1
[    0.201537][    T0] CPU1: Booted secondary processor 0x0000000001 [0x411fd070]
[    0.208183][    T1] smp: Brought up 1 node, 2 CPUs
[    0.209658][    T1] SMP: Total of 2 processors activated.
[    0.210185][    T1] CPU features: detected: 32-bit EL0 Support
[    0.210510][    T1] CPU features: detected: 32-bit EL1 Support
[    0.210875][    T1] CPU features: detected: CRC32 instructions
[    0.218011][    T1] CPU features: emulated: Privileged Access Never (PAN) using TTBR0_EL1 switching
[    0.219164][    T1] CPU: All CPU(s) started at EL1
[    0.219782][    T1] alternatives: applying system-wide alternatives
[    0.269151][    T1] Registered cp15_barrier emulation handler
[    0.269855][    T1] Registered setend emulation handler
[    0.274375][    T1] clocksource: jiffies: mask: 0xffffffff max_cycles: 0xffffffff, max_idle_ns: 7645041785100000 ns
[    0.275160][    T1] futex hash table entries: 512 (order: 3, 32768 bytes, linear)
[    0.286905][    T1] pinctrl core: initialized pinctrl subsystem
[    0.322573][    T1] NET: Registered PF_NETLINK/PF_ROUTE protocol family
[    0.349679][    T1] DMA: preallocated 256 KiB GFP_KERNEL pool for atomic allocations
[    0.351510][    T1] DMA: preallocated 256 KiB GFP_KERNEL|GFP_DMA32 pool for atomic allocations
[    0.352747][    T1] audit: initializing netlink subsys (disabled)
[    0.362069][   T30] audit: type=2000 audit(0.300:1): state=initialized audit_enabled=0 res=1
[    0.368435][    T1] thermal_sys: Registered thermal governor 'step_wise'
[    0.368534][    T1] thermal_sys: Registered thermal governor 'user_space'
[    0.368887][    T1] thermal_sys: Registered thermal governor 'power_allocator'
[    0.370061][    T1] cpuidle: using governor menu
[    0.373120][    T1] hw-breakpoint: found 6 breakpoint and 4 watchpoint registers.
[    0.374842][    T1] ASID allocator initialised with 65536 entries
[    0.376867][    T1] Serial: AMBA PL011 UART driver
[    0.426879][    T1] 9000000.pl011: ttyAMA0 at MMIO 0x9000000 (irq = 13, base_baud = 0) is a PL011 rev1
[    0.429720][    T1] printk: console [ttyAMA0] enabled
[    0.429720][    T1] printk: console [ttyAMA0] enabled
[    0.430978][    T1] printk: bootconsole [pl11] disabled
[    0.430978][    T1] printk: bootconsole [pl11] disabled
[    0.444260][    T1] KASLR disabled on command line
[    0.525427][    T1] iommu: Default domain type: Translated 
[    0.525767][    T1] iommu: DMA domain TLB invalidation policy: strict mode 
[    0.539726][    T1] SCSI subsystem initialized
[    0.541710][    T1] usbcore: registered new interface driver usbfs
[    0.542459][    T1] usbcore: registered new interface driver hub
[    0.542953][    T1] usbcore: registered new device driver usb
[    0.544782][    T1] mc: Linux media interface: v0.10
[    0.545354][    T1] videodev: Linux video capture interface: v2.00
[    0.555679][    T1] pps_core: LinuxPPS API ver. 1 registered
[    0.555972][    T1] pps_core: Software ver. 5.3.6 - Copyright 2005-2007 Rodolfo Giometti <giometti@linux.it>
[    0.556504][    T1] PTP clock support registered
[    0.557086][    T1] EDAC MC: Ver: 3.0.0
[    0.574077][    T1] Advanced Linux Sound Architecture Driver Initialized.
[    0.610216][    T1] clocksource: Switched to clocksource arch_sys_counter
[    0.842946][    T1] VFS: Disk quotas dquot_6.6.0
[    0.843549][    T1] VFS: Dquot-cache hash table entries: 512 (order 0, 4096 bytes)
[    0.856102][    T1] NET: Registered PF_INET protocol family
[    0.859342][    T1] IP idents hash table entries: 32768 (order: 6, 262144 bytes, linear)
[    0.875540][    T1] tcp_listen_portaddr_hash hash table entries: 1024 (order: 2, 16384 bytes, linear)
[    0.876470][    T1] Table-perturb hash table entries: 65536 (order: 6, 262144 bytes, linear)
[    0.877244][    T1] TCP established hash table entries: 16384 (order: 5, 131072 bytes, linear)
[    0.879052][    T1] TCP bind hash table entries: 16384 (order: 7, 524288 bytes, linear)
[    0.880063][    T1] TCP: Hash tables configured (established 16384 bind 16384)
[    0.884726][    T1] UDP hash table entries: 1024 (order: 3, 32768 bytes, linear)
[    0.885804][    T1] UDP-Lite hash table entries: 1024 (order: 3, 32768 bytes, linear)
[    0.889592][    T1] NET: Registered PF_UNIX/PF_LOCAL protocol family
[    0.891249][    T1] NET: Registered PF_XDP protocol family
[    0.891891][    T1] PCI: CLS 0 bytes, default 64
[    0.914470][    T1] hw perfevents: enabled with armv8_pmuv3 PMU driver, 7 counters available
[    0.917149][    T1] kvm [1]: HYP mode not available
[    0.924268][   T10] Trying to unpack rootfs image as initramfs...
[    0.938370][    T1] Initialise system trusted keyrings
[    0.947818][    T1] workingset: timestamp_bits=46 max_order=19 bucket_order=0
[    1.030279][    T1] fuse: init (API version 7.37)
[    1.167059][   T10] Freeing initrd memory: 14108K
[    1.167896][    T1] Key type asymmetric registered
[    1.168496][    T1] Asymmetric key parser 'x509' registered
[    1.169325][    T1] Block layer SCSI generic (bsg) driver version 0.4 loaded (major 239)
[    1.171124][    T1] io scheduler mq-deadline registered
[    1.171702][    T1] io scheduler kyber registered
[    1.172890][    T1] io scheduler bfq registered
[    1.184760][    T1] pl061_gpio 9030000.pl061: PL061 GPIO chip registered
[    1.188173][    T1] pci-host-generic 4010000000.pcie: host bridge /pcie@10000000 ranges:
[    1.189758][    T1] pci-host-generic 4010000000.pcie:       IO 0x003eff0000..0x003effffff -> 0x0000000000
[    1.191406][    T1] pci-host-generic 4010000000.pcie:      MEM 0x0010000000..0x003efeffff -> 0x0010000000
[    1.191959][    T1] pci-host-generic 4010000000.pcie:      MEM 0x8000000000..0xffffffffff -> 0x8000000000
[    1.193300][    T1] pci-host-generic 4010000000.pcie: Memory resource size exceeds max for 32 bits
[    1.195026][    T1] pci-host-generic 4010000000.pcie: ECAM at [mem 0x4010000000-0x401fffffff] for [bus 00-ff]
[    1.198025][    T1] pci-host-generic 4010000000.pcie: PCI host bridge to bus 0000:00
[    1.199031][    T1] pci_bus 0000:00: root bus resource [bus 00-ff]
[    1.199536][    T1] pci_bus 0000:00: root bus resource [io  0x0000-0xffff]
[    1.199893][    T1] pci_bus 0000:00: root bus resource [mem 0x10000000-0x3efeffff]
[    1.200329][    T1] pci_bus 0000:00: root bus resource [mem 0x8000000000-0xffffffffff]
[    1.204323][    T1] pci 0000:00:00.0: [1b36:0008] type 00 class 0x060000
[    1.211854][    T1] pci 0000:00:01.0: [1af4:1000] type 00 class 0x020000
[    1.212855][    T1] pci 0000:00:01.0: reg 0x10: [io  0x0000-0x001f]
[    1.213498][    T1] pci 0000:00:01.0: reg 0x14: [mem 0x00000000-0x00000fff]
[    1.214085][    T1] pci 0000:00:01.0: reg 0x20: [mem 0x00000000-0x00003fff 64bit pref]
[    1.214646][    T1] pci 0000:00:01.0: reg 0x30: [mem 0x00000000-0x0003ffff pref]
[    1.223376][    T1] pci 0000:00:01.0: BAR 6: assigned [mem 0x10000000-0x1003ffff pref]
[    1.224186][    T1] pci 0000:00:01.0: BAR 4: assigned [mem 0x8000000000-0x8000003fff 64bit pref]
[    1.224770][    T1] pci 0000:00:01.0: BAR 1: assigned [mem 0x10040000-0x10040fff]
[    1.225123][    T1] pci 0000:00:01.0: BAR 0: assigned [io  0x1000-0x101f]
[    1.240380][    T1] printk: console [ttynull0] enabled
[    1.242734][   T22] cacheinfo: Unable to detect cache hierarchy for CPU 0
[    1.302347][    T1] brd: module loaded
[    1.350079][    T1] loop: module loaded
[    1.359864][    T1] wireguard: WireGuard 1.0.0 loaded. See www.wireguard.com for information.
[    1.360274][    T1] wireguard: Copyright (C) 2015-2019 Jason A. Donenfeld <Jason@zx2c4.com>. All Rights Reserved.
[    1.366417][    T1] MACsec IEEE 802.1AE
[    1.371534][    T1] tun: Universal TUN/TAP device driver, 1.6
[    1.372423][    T1] usbcore: registered new interface driver rtl8150
[    1.372892][    T1] usbcore: registered new interface driver r8152
[    1.373302][    T1] usbcore: registered new interface driver asix
[    1.373677][    T1] usbcore: registered new interface driver ax88179_178a
[    1.374225][    T1] usbcore: registered new interface driver cdc_ether
[    1.374640][    T1] usbcore: registered new interface driver cdc_eem
[    1.375091][    T1] usbcore: registered new interface driver cdc_ncm
[    1.375488][    T1] usbcore: registered new interface driver aqc111
[    1.375860][    T1] usbcore: registered new interface driver r8153_ecm
[    1.381534][    T1] usbcore: registered new interface driver uas
[    1.382745][    T1] usbcore: registered new interface driver usb-storage
[    1.390760][    T1] usbcore: registered new interface driver xpad
[    1.400938][    T1] rtc-pl031 9010000.pl031: registered as rtc0
[    1.403318][    T1] rtc-pl031 9010000.pl031: setting system clock to 2026-09-07T20:26:04 UTC (1788812764)
[    1.405337][    T1] gspca_main: v2.14.0 registered
[    1.406095][    T1] usbcore: registered new interface driver uvcvideo
[    1.407718][    T1] device-mapper: uevent: version 1.0.3
[    1.409140][    T1] device-mapper: ioctl: 4.47.0-ioctl (2022-07-28) initialised: dm-devel@redhat.com
[    1.415630][    T1] sdhci: Secure Digital Host Controller Interface driver
[    1.416079][    T1] sdhci: Copyright(c) Pierre Ossman
[    1.416524][    T1] sdhci-pltfm: SDHCI platform and OF driver helper
[    1.419981][    T1] hid: raw HID events driver (C) Jiri Kosina
[    1.426817][    T1] usbcore: registered new interface driver usbhid
[    1.427127][    T1] usbhid: USB HID core driver
[    1.428576][    T1] ashmem: initialized
[    1.432427][    T1] gnss: GNSS driver registered with major 506
[    1.436536][    T1] usbcore: registered new interface driver snd-usb-audio
[    1.440400][    T1] GACT probability NOT on
[    1.441024][    T1] Mirror/redirect action on
[    1.442006][    T1] netem: version 1.3
[    1.442577][    T1] u32 classifier
[    1.442747][    T1]     input device check on
[    1.442932][    T1]     Actions configured
[    1.460102][    T1] xt_time: kernel timezone is -0000
[    1.460899][    T1] ipip: IPv4 and MPLS over IPv4 tunneling driver
[    1.465721][    T1] gre: GRE over IPv4 demultiplexor driver
[    1.466422][    T1] ip_gre: GRE over IPv4 tunneling driver
[    1.472648][    T1] IPv4 over IPsec tunneling driver
[    1.478253][    T1] Initializing XFRM netlink socket
[    1.479048][    T1] IPsec XFRM device driver
[    1.483097][    T1] NET: Registered PF_INET6 protocol family
[    1.507622][    T1] Segment Routing with IPv6
[    1.508084][    T1] In-situ OAM (IOAM) with IPv6
[    1.510016][    T1] mip6: Mobile IPv6
[    1.517715][    T1] sit: IPv6, IPv4 and MPLS over IPv4 tunneling driver
[    1.524371][    T1] ip6_gre: GRE over IPv6 tunneling driver
[    1.527849][    T1] NET: Registered PF_PACKET protocol family
[    1.528521][    T1] NET: Registered PF_KEY protocol family
[    1.531111][    T1] NET: Registered PF_VSOCK protocol family
[    1.536589][    T1] registered taskstats version 1
[    1.537585][    T1] Loading compiled-in X.509 certificates
[    1.565459][   T53] cryptomgr_probe (53) used greatest stack depth: 15136 bytes left
[    1.571795][    T1] Loaded X.509 cert 'Build time autogenerated kernel key: 3d126cdde7d34f1fa54a4d10fe73f129512afbbc'
[    1.572874][    T1] page_owner is disabled
[    1.574948][    T1] Key type .fscrypt registered
[    1.575184][    T1] Key type fscrypt-provisioning registered
[    1.596340][    T1] input: gpio-keys as /devices/platform/gpio-keys/input/input0
[    1.617840][    T1] ALSA device list:
[    1.618614][    T1]   No soundcards found.
[    1.625213][    T1] uart-pl011 9000000.pl011: no DMA platform data
[    1.732244][    T1] Freeing unused kernel memory: 1344K
[    1.741713][    T1] Run /init as init process
[    1.824254][    T1] request_module fs-devtmpfs succeeded, but still no fs?
[*] Init: Starting harness on /dev/console...
[*] Starting M5: Adjudicated ->poll Dispatch
[*] Found swaps_poll at 0xffffffc0083585f8
[*] Baseline ep_dbg_fep_cleared: 1
[*] epA=3, inner=4. Waiting for GDB...
[*] Triggering race by closing inner...
[*] RACE TRIGGERED. Waiting for RCU...
[*] RCU finished. Triggering GDB injection...
fdinfo read returned 127. buffer: pos:	0
flags:	02
mnt_id:	12
ino:	7306
tfd:        4 events:       19 data:                4  pos:0 ino:2f72657070617773 sdev:0

[+] GATED CHECK PASSED: 'swapper/' read.
[*] Firing swaps_poll via epoll_wait...
[+] Result ep_dbg_fep_cleared: 0 (before: 1)
[+] PASS: Counter was successfully overwritten to 0!
[    5.155649][   T55] epoll_uaf: STRUCT FILE UAF DETECTED in __ep_remove! file=ffffff800281de00 (f_count=0, f_version=0xdeadf11e)
[    5.156806][   T55] Unable to handle kernel read from unreadable memory at virtual address 0000000000000000
[    5.157419][   T55] Mem abort info:
[    5.157589][   T55]   ESR = 0x0000000096000005
[    5.157820][   T55]   EC = 0x25: DABT (current EL), IL = 32 bits
[    5.158309][   T55]   SET = 0, FnV = 0
[    5.158451][   T55]   EA = 0, S1PTW = 0
[    5.158583][   T55]   FSC = 0x05: level 1 translation fault
[    5.158761][   T55] Data abort info:
[    5.158879][   T55]   ISV = 0, ISS = 0x00000005
[    5.159034][   T55]   CM = 0, WnR = 0
[    5.159235][   T55] user pgtable: 4k pages, 39-bit VAs, pgdp=0000000043f4e000
[    5.159457][   T55] [0000000000000000] pgd=0000000000000000, p4d=0000000000000000, pud=0000000000000000
[    5.160338][   T55] Internal error: Oops: 0000000096000005 [#1] PREEMPT SMP
[    5.160818][   T55] Modules linked in:
[    5.161153][   T55] CPU: 0 PID: 55 Comm: harness Not tainted 6.1.23-android14-4-maybe-dirty #1
[    5.161463][   T55] Hardware name: linux,dummy-virt (DT)
[    5.161817][   T55] pstate: 60400005 (nZCv daif +PAN -UAO -TCO -DIT -SSBS BTYPE=--)
[    5.162111][   T55] pc : __ep_remove+0xe8/0x3d8
[    5.162372][   T55] lr : __ep_remove+0xc8/0x3d8
[    5.162530][   T55] sp : ffffffc009cd3c90
[    5.162666][   T55] x29: ffffffc009cd3c90 x28: 00000000000000c0 x27: 0000000000000020
[    5.163029][   T55] x26: 0000000000000000 x25: 0000000000000000 x24: 0000000000080007
[    5.163270][   T55] x23: 0000000000000000 x22: ffffff800281de30 x21: ffffff800281de00
[    5.163504][   T55] x20: ffffff8003f57200 x19: ffffff8003ddb180 x18: ffffffc009ccb048
[    5.163737][   T55] x17: 0000000010e2957a x16: ffffffffffffffff x15: 0000000000000004
[    5.164018][   T55] x14: ffffffc00976f700 x13: 0000000000000fff x12: 0000000000000003
[    5.164252][   T55] x11: 0000000000000000 x10: 0000000000000001 x9 : ffffff8003f57250
[    5.164519][   T55] x8 : 0000000000000000 x7 : 205b5d3934363535 x6 : 312e35202020205b
[    5.164750][   T55] x5 : ffffffc00992628f x4 : ffffffc008855e74 x3 : 0000000000000000
[    5.164988][   T55] x2 : 0000000000000000 x1 : 0000000000000000 x0 : ffffff800281de30
[    5.165338][   T55] Call trace:
[    5.165493][   T55]  __ep_remove+0xe8/0x3d8
[    5.165681][   T55]  ep_clear_and_put+0xd0/0x1dc
[    5.165828][   T55]  ep_eventpoll_release+0x20/0x38
[    5.165987][   T55]  __fput+0xfc/0x2dc
[    5.166115][   T55]  ____fput+0x18/0x2c
[    5.166239][   T55]  task_work_run+0xd8/0x104
[    5.166422][   T55]  do_notify_resume+0x294/0x340
[    5.166599][   T55]  el0_svc+0x68/0xc4
[    5.166807][   T55]  el0t_64_sync_handler+0x8c/0xfc
[    5.167006][   T55]  el0t_64_sync+0x1a0/0x1a4
[    5.167666][   T55] Code: 9430e64e 1400008e f9406ab7 91014289 (f94002e8) 
[    5.168324][   T55] ---[ end trace 0000000000000000 ]---
[    5.168780][   T55] Kernel panic - not syncing: Oops: Fatal exception
[    5.169200][   T55] SMP: stopping secondary CPUs
[    5.169977][   T55] Kernel Offset: disabled
[    5.170208][   T55] CPU features: 0x22000,2023c080,0000421b
[    5.170763][   T55] Memory Limit: none
